Creating architecture: Gemmini with coupling: dims: MKN, in_coupling: [K][N], w_coupling: W0: [M][K],, out_coupling: [M][N]
Creating architecture: Gemmini (conv) with coupling: dims: NMPQCRS, in_coupling: [N][C][Pstride*P+Rdilation*R][Qstride*Q+Sdilation*S], w_coupling: W0: [M][C][R][S],, out_coupling: [N][M][P][Q]
Creating architecture: Eyeriss with coupling: dims: MKN, in_coupling: [K][N], w_coupling: W0: [M][K],, out_coupling: [M][N]
Creating architecture: Eyeriss (conv) with coupling: dims: NMPQCRS, in_coupling: [N][C][Pstride*P+Rdilation*R][Qstride*Q+Sdilation*S], w_coupling: W0: [M][C][R][S],, out_coupling: [N][M][P][Q]
Creating architecture: Simba with coupling: dims: MKN, in_coupling: [K][N], w_coupling: W0: [M][K],, out_coupling: [M][N]
Creating architecture: Simba (conv) with coupling: dims: NMPQCRS, in_coupling: [N][C][Pstride*P+Rdilation*R][Qstride*Q+Sdilation*S], w_coupling: W0: [M][C][R][S],, out_coupling: [N][M][P][Q]
Creating architecture: TPUv1 with coupling: dims: MKN, in_coupling: [K][N], w_coupling: W0: [M][K],, out_coupling: [M][N]
Creating architecture: TPUv1 (conv) with coupling: dims: NMPQCRS, in_coupling: [N][C][Pstride*P+Rdilation*R][Qstride*Q+Sdilation*S], w_coupling: W0: [M][C][R][S],, out_coupling: [N][M][P][Q]

==========================================================================================
FUSION COMPARISON CASE STUDIES: FSRCNN
==========================================================================================
Architecture: DepFiN, FMEM=1056KB, WMEM=524KB, PE=16x128
Tile size: auto-detected per fusion level
==========================================================================================

--- FULL FUSION: fsrcnn/full/8layer ---
------ loading Accelergy ------
ACCELERGY PLUG-INS: ['Library', 'dummy', 'ADC Plug-In', 'DEPRECATED table-based-plug-ins. Use the Library plug-in instead.', 'Neurosim Plug-In', 'Aladdin_table', 'CactiCache', 'CactiDRAM', 'CactiSRAM']
Creating architecture: Thesis_8Layers_1081344KB_FMEM_16x128_PEs with coupling: dims: C0Y0X0R0S0Z0C1R1S1Y1X1Z1C2R2S2Y2X2Z2C3R3S3Y3X3Z3C4R4S4Y4X4Z4C5R5S5Y5X5Z5C6R6S6Y6X6Z6C7R7S7PQZ7, in_coupling: [C0][Y0+R0][X0+S0], w_coupling: W0: [Z0][C0][R0][S0],W1: [Z1][C1][R1][S1],W2: [Z2][C2][R2][S2],W3: [Z3][C3][R3][S3],W4: [Z4][C4][R4][S4],W5: [Z5][C5][R5][S5],W6: [Z6][C6][R6][S6],W7: [Z7][C7][R7][S7],, out_coupling: [Z7][P][Q]
final_layer_dims: {'Q', 'Z7', 'X0', 'R7', 'C7', 'S0', 'Y0', 'R0', 'S7', 'P', 'C0'}, coupling.dims: ['C0', 'Y0', 'X0', 'R0', 'S0', 'Z0', 'C1', 'R1', 'S1', 'Y1', 'X1', 'Z1', 'C2', 'R2', 'S2', 'Y2', 'X2', 'Z2', 'C3', 'R3', 'S3', 'Y3', 'X3', 'Z3', 'C4', 'R4', 'S4', 'Y4', 'X4', 'Z4', 'C5', 'R5', 'S5', 'Y5', 'X5', 'Z5', 'C6', 'R6', 'S6', 'Y6', 'X6', 'Z6', 'C7', 'R7', 'S7', 'P', 'Q', 'Z7']
INFO: Arch: Thesis_8Layers_1081344KB_FMEM_16x128_PEs: identified intermediate dimensions: {'R2', 'Z6', 'R5', 'Y6', 'X2', 'S4', 'S1', 'Z2', 'X5', 'Z1', 'C2', 'Z0', 'R3', 'Y3', 'S6', 'R6', 'C5', 'X4', 'C3', 'Z4', 'X3', 'S3', 'Y2', 'C1', 'Y1', 'S5', 'C4', 'S2', 'Y5', 'R1', 'C6', 'X6', 'Y4', 'Z5', 'X1', 'Z3', 'R4'}
INFO: Added high constraint for intermediate dimension P in level WeightRegister
INFO: Added high constraint for intermediate dimension R1 in level WeightRegister
INFO: Added high constraint for intermediate dimension P in level AccumulationIntermediateOutputRegister
INFO: Added high constraint for intermediate dimension R1 in level AccumulationIntermediateOutputRegister
INFO: Added high constraint for intermediate dimension P in level AccumulationOutputRegister
INFO: Added high constraint for intermediate dimension R1 in level AccumulationOutputRegister
  ✓ Energy: 1.498e+04 μJ, Latency: 6.122e+06 cc, EDP: 1.39e+05, MOPs: (20447581032, 9938246400)

--- CS1: NON-FUSED (single layers) ---
Creating architecture: Thesis_1Layer_1081344B_FMEM_16x128_PEs with coupling: dims: MPQCRS, in_coupling: [C][P+R][Q+S], w_coupling: W0: [M][C][R][S],, out_coupling: [M][P][Q]
  ✓ L0_feature_extraction: E=1.174e+03 μJ, L=2.419e+06 cc, MOPs=(235858920, 60912000)
Creating architecture: Thesis_1Layer_1081344B_FMEM_16x128_PEs with coupling: dims: MPQCRS, in_coupling: [C][P+R][Q+S], w_coupling: W0: [M][C][R][S],, out_coupling: [M][P][Q]
  ✓ L1_shrinking: E=1.189e+03 μJ, L=2.419e+06 cc, MOPs=(73885632, 41713920)
Creating architecture: Thesis_1Layer_1081344B_FMEM_16x128_PEs with coupling: dims: MPQCRS, in_coupling: [C][P+R][Q+S], w_coupling: W0: [M][C][R][S],, out_coupling: [M][P][Q]
  ✓ L2_mapping1: E=4.646e+02 μJ, L=5.185e+05 cc, MOPs=(81178416, 19128960)
Creating architecture: Thesis_1Layer_1081344B_FMEM_16x128_PEs with coupling: dims: MPQCRS, in_coupling: [C][P+R][Q+S], w_coupling: W0: [M][C][R][S],, out_coupling: [M][P][Q]
  ✓ L3_mapping2: E=4.646e+02 μJ, L=5.185e+05 cc, MOPs=(81178416, 19128960)
Creating architecture: Thesis_1Layer_1081344B_FMEM_16x128_PEs with coupling: dims: MPQCRS, in_coupling: [C][P+R][Q+S], w_coupling: W0: [M][C][R][S],, out_coupling: [M][P][Q]
  ✓ L4_mapping3: E=4.646e+02 μJ, L=5.185e+05 cc, MOPs=(81178416, 19128960)
Creating architecture: Thesis_1Layer_1081344B_FMEM_16x128_PEs with coupling: dims: MPQCRS, in_coupling: [C][P+R][Q+S], w_coupling: W0: [M][C][R][S],, out_coupling: [M][P][Q]
  ✓ L5_mapping4: E=4.646e+02 μJ, L=5.185e+05 cc, MOPs=(81178416, 19128960)
Creating architecture: Thesis_1Layer_1081344B_FMEM_16x128_PEs with coupling: dims: MPQCRS, in_coupling: [C][P+R][Q+S], w_coupling: W0: [M][C][R][S],, out_coupling: [M][P][Q]
  ✓ L6_expanding: E=1.208e+03 μJ, L=2.419e+06 cc, MOPs=(92465952, 64488960)
Creating architecture: Thesis_1Layer_1081344B_FMEM_16x128_PEs with coupling: dims: MPQCRS, in_coupling: [C][P+R][Q+S], w_coupling: W0: [M][C][R][S],, out_coupling: [M][P][Q]
  ✓ L7_output: E=1.474e+03 μJ, L=2.420e+06 cc, MOPs=(346087584, 47796480)

--- CS2: INTERMEDIATE FUSION (3layer) ---
Creating architecture: Thesis_3Layers_1081344KB_FMEM_16x128_PEs with coupling: dims: C0Y0X0R0S0Z0C1R1S1Y1X1Z1C2R2S2PQZ2, in_coupling: [C0][Y0+R0][X0+S0], w_coupling: W0: [Z0][C0][R0][S0],W1: [Z1][C1][R1][S1],W2: [Z2][C2][R2][S2],, out_coupling: [Z2][P][Q]
final_layer_dims: {'R2', 'Q', 'S2', 'X0', 'S0', 'Y0', 'R0', 'Z2', 'P', 'C0', 'C2'}, coupling.dims: ['C0', 'Y0', 'X0', 'R0', 'S0', 'Z0', 'C1', 'R1', 'S1', 'Y1', 'X1', 'Z1', 'C2', 'R2', 'S2', 'P', 'Q', 'Z2']
INFO: Arch: Thesis_3Layers_1081344KB_FMEM_16x128_PEs: identified intermediate dimensions: {'C1', 'Y1', 'Z0', 'R1', 'X1', 'S1', 'Z1'}
INFO: Added high constraint for intermediate dimension P in level WeightRegister
INFO: Added high constraint for intermediate dimension R1 in level WeightRegister
INFO: Added high constraint for intermediate dimension P in level AccumulationIntermediateOutputRegister
INFO: Added high constraint for intermediate dimension R1 in level AccumulationIntermediateOutputRegister
INFO: Added high constraint for intermediate dimension P in level AccumulationOutputRegister
INFO: Added high constraint for intermediate dimension R1 in level AccumulationOutputRegister
  ✓ L0_L1_L2 (3L): E=5.092e+03 μJ, L=2.095e+06 cc, MOPs=(6740450328, 3281990400)
Creating architecture: Thesis_3Layers_1081344KB_FMEM_16x128_PEs with coupling: dims: C0Y0X0R0S0Z0C1R1S1Y1X1Z1C2R2S2PQZ2, in_coupling: [C0][Y0+R0][X0+S0], w_coupling: W0: [Z0][C0][R0][S0],W1: [Z1][C1][R1][S1],W2: [Z2][C2][R2][S2],, out_coupling: [Z2][P][Q]
final_layer_dims: {'R2', 'Q', 'S2', 'X0', 'S0', 'Y0', 'R0', 'Z2', 'P', 'C0', 'C2'}, coupling.dims: ['C0', 'Y0', 'X0', 'R0', 'S0', 'Z0', 'C1', 'R1', 'S1', 'Y1', 'X1', 'Z1', 'C2', 'R2', 'S2', 'P', 'Q', 'Z2']
INFO: Arch: Thesis_3Layers_1081344KB_FMEM_16x128_PEs: identified intermediate dimensions: {'C1', 'Y1', 'Z0', 'R1', 'X1', 'S1', 'Z1'}
INFO: Added high constraint for intermediate dimension P in level WeightRegister
INFO: Added high constraint for intermediate dimension R1 in level WeightRegister
INFO: Added high constraint for intermediate dimension P in level AccumulationIntermediateOutputRegister
INFO: Added high constraint for intermediate dimension R1 in level AccumulationIntermediateOutputRegister
INFO: Added high constraint for intermediate dimension P in level AccumulationOutputRegister
INFO: Added high constraint for intermediate dimension R1 in level AccumulationOutputRegister
  ✓ L3_L4_L5 (3L): E=3.452e+03 μJ, L=1.508e+06 cc, MOPs=(4253164848, 2059084800)
Creating architecture: Thesis_2Layers_1081344KB_FMEM_16x128_PEs with coupling: dims: C0Y0X0R0S0Z0C1R1S1Z1PQ, in_coupling: [C0][Y0+R0][X0+S0], w_coupling: W0: [Z0][C0][R0][S0],W1: [Z1][C1][R1][S1],, out_coupling: [Z1][P][Q]
final_layer_dims: {'C1', 'Q', 'X0', 'R1', 'C0', 'S0', 'Y0', 'R0', 'S1', 'P', 'Z1'}, coupling.dims: ['C0', 'Y0', 'X0', 'R0', 'S0', 'Z0', 'C1', 'R1', 'S1', 'Z1', 'P', 'Q']
INFO: Arch: Thesis_2Layers_1081344KB_FMEM_16x128_PEs: identified intermediate dimensions: {'Z0'}
INFO: Added high constraint for intermediate dimension P in level WeightRegister
INFO: Added high constraint for intermediate dimension R1 in level WeightRegister
INFO: Added high constraint for intermediate dimension P in level AccumulationIntermediateOutputRegister
INFO: Added high constraint for intermediate dimension R1 in level AccumulationIntermediateOutputRegister
INFO: Added high constraint for intermediate dimension P in level AccumulationOutputRegister
INFO: Added high constraint for intermediate dimension R1 in level AccumulationOutputRegister
  ✓ L6_L7_expanding_output (2L): E=7.240e+03 μJ, L=2.710e+06 cc, MOPs=(9453965856, 4609612800)

====================================================================================================
FUSION COMPARISON RESULTS: FSRCNN (DEPFIN)
====================================================================================================
Level                        Energy (μJ)   Latency (cc)            EDP       DRAM Reads      DRAM Writes
----------------------------------------------------------------------------------------------------
Full Fusion                    1.498e+04      6.122e+06       1.39e+05        1,573,992        8,294,400
Σ Singles (CS1)                6.904e+03      1.175e+07       8.11e+10       90,738,792       97,459,200
Σ Intermediate (CS2)           1.578e+04      6.313e+06       9.96e+10       14,015,592       20,736,000

────────────────────────────────────────────────────────────────────────────────────────────────────
RATIOS (Full Fusion / Baseline) — values < 1.0 mean fusion wins
────────────────────────────────────────────────────────────────────────────────────────────────────
Comparison                              Energy    Latency            EDP   DRAM Rds   DRAM Wrs
----------------------------------------------------------------------------------------------------
CS1: Full / Σ Singles                   2.1702     0.5210         0.0000     0.0173     0.0851
    → Savings (%)                      -117.0%     +47.9%        +100.0%     +98.3%     +91.5%
CS2: Full / Σ Intermediate              0.9492     0.9697         0.0000     0.1123     0.4000
    → Savings (%)                        +5.1%      +3.0%        +100.0%     +88.8%     +60.0%

──────────────────────────────────────────────────────────────────────────────────────────
CS1 vs CS2: Intermediate fusion captures how much of full fusion benefit?
  Latency: intermediate captures 96.6% of full fusion benefit
====================================================================================================

Results exported to: results/results_20260212_124545.csv

================================================================================
EXPERIMENT SUMMARY
================================================================================

Total experiments: 12
Successful: 12
Failed: 0

────────────────────────────────────────────────────────────────────────────────
Results by workload:
────────────────────────────────────────────────────────────────────────────────

FSRCNN:
  full/8layer, fmem_size: 1056kB, wmem_size: 524kB, pe_rows: 16, pe_cols: 128 -> E=1.50e+04μJ, L=6.12e+06cc, EDP=1.39e+05
  single/L0_feature_extraction, fmem_size: 1056kB, wmem_size: 524kB, pe_rows: 16, pe_cols: 128 -> E=1.17e+03μJ, L=2.42e+06cc, EDP=2.88e+03
  single/L1_shrinking, fmem_size: 1056kB, wmem_size: 524kB, pe_rows: 16, pe_cols: 128 -> E=1.19e+03μJ, L=2.42e+06cc, EDP=2.88e+03
  single/L2_mapping1, fmem_size: 1056kB, wmem_size: 524kB, pe_rows: 16, pe_cols: 128 -> E=4.65e+02μJ, L=5.19e+05cc, EDP=2.43e+02
  single/L3_mapping2, fmem_size: 1056kB, wmem_size: 524kB, pe_rows: 16, pe_cols: 128 -> E=4.65e+02μJ, L=5.19e+05cc, EDP=2.43e+02
  single/L4_mapping3, fmem_size: 1056kB, wmem_size: 524kB, pe_rows: 16, pe_cols: 128 -> E=4.65e+02μJ, L=5.19e+05cc, EDP=2.43e+02
  single/L5_mapping4, fmem_size: 1056kB, wmem_size: 524kB, pe_rows: 16, pe_cols: 128 -> E=4.65e+02μJ, L=5.19e+05cc, EDP=2.43e+02
  single/L6_expanding, fmem_size: 1056kB, wmem_size: 524kB, pe_rows: 16, pe_cols: 128 -> E=1.21e+03μJ, L=2.42e+06cc, EDP=2.93e+03
  single/L7_output, fmem_size: 1056kB, wmem_size: 524kB, pe_rows: 16, pe_cols: 128 -> E=1.47e+03μJ, L=2.42e+06cc, EDP=3.63e+03
  3layer/L0_L1_L2, fmem_size: 1056kB, wmem_size: 524kB, pe_rows: 16, pe_cols: 128 -> E=5.09e+03μJ, L=2.10e+06cc, EDP=1.60e+04
  3layer/L3_L4_L5, fmem_size: 1056kB, wmem_size: 524kB, pe_rows: 16, pe_cols: 128 -> E=3.45e+03μJ, L=1.51e+06cc, EDP=7.61e+03
  3layer/L6_L7_expanding_output, fmem_size: 1056kB, wmem_size: 524kB, pe_rows: 16, pe_cols: 128 -> E=7.24e+03μJ, L=2.71e+06cc, EDP=2.93e+04
