Creating architecture: Gemmini with coupling: dims: MKN, in_coupling: [K][N], w_coupling: W0: [M][K],, out_coupling: [M][N]
Creating architecture: Gemmini (conv) with coupling: dims: NMPQCRS, in_coupling: [N][C][Pstride*P+Rdilation*R][Qstride*Q+Sdilation*S], w_coupling: W0: [M][C][R][S],, out_coupling: [N][M][P][Q]
Creating architecture: Eyeriss with coupling: dims: MKN, in_coupling: [K][N], w_coupling: W0: [M][K],, out_coupling: [M][N]
Creating architecture: Eyeriss (conv) with coupling: dims: NMPQCRS, in_coupling: [N][C][Pstride*P+Rdilation*R][Qstride*Q+Sdilation*S], w_coupling: W0: [M][C][R][S],, out_coupling: [N][M][P][Q]
Creating architecture: Simba with coupling: dims: MKN, in_coupling: [K][N], w_coupling: W0: [M][K],, out_coupling: [M][N]
Creating architecture: Simba (conv) with coupling: dims: NMPQCRS, in_coupling: [N][C][Pstride*P+Rdilation*R][Qstride*Q+Sdilation*S], w_coupling: W0: [M][C][R][S],, out_coupling: [N][M][P][Q]
Creating architecture: TPUv1 with coupling: dims: MKN, in_coupling: [K][N], w_coupling: W0: [M][K],, out_coupling: [M][N]
Creating architecture: TPUv1 (conv) with coupling: dims: NMPQCRS, in_coupling: [N][C][Pstride*P+Rdilation*R][Qstride*Q+Sdilation*S], w_coupling: W0: [M][C][R][S],, out_coupling: [N][M][P][Q]

======================================================================
TILE SIZE SWEEP CASE STUDY
======================================================================
Workload: fsrcnn/full/8layer (8 layers)
Architecture: DepFiN, FMEM=1056KB, WMEM=524KB, PE=16x128
Bandwidth scaling: ENABLED (base=128)
Tile sizes to test: [120, 64, 32, 16, 8]
Total: 5 configurations
======================================================================

[1/5] Tile size: 120 (PE utilization: 93.8%)
------ loading Accelergy ------
ACCELERGY PLUG-INS: ['Library', 'dummy', 'ADC Plug-In', 'DEPRECATED table-based-plug-ins. Use the Library plug-in instead.', 'Neurosim Plug-In', 'Aladdin_table', 'CactiCache', 'CactiDRAM', 'CactiSRAM']
[Tile Size Override] tile_size=120, scale_bandwidth=True, fmem_bw=(123, 120)
Creating architecture: Thesis_8Layers_1081344KB_FMEM_16x128_PEs with coupling: dims: C0Y0X0R0S0Z0C1R1S1Y1X1Z1C2R2S2Y2X2Z2C3R3S3Y3X3Z3C4R4S4Y4X4Z4C5R5S5Y5X5Z5C6R6S6Y6X6Z6C7R7S7PQZ7, in_coupling: [C0][Y0+R0][X0+S0], w_coupling: W0: [Z0][C0][R0][S0],W1: [Z1][C1][R1][S1],W2: [Z2][C2][R2][S2],W3: [Z3][C3][R3][S3],W4: [Z4][C4][R4][S4],W5: [Z5][C5][R5][S5],W6: [Z6][C6][R6][S6],W7: [Z7][C7][R7][S7],, out_coupling: [Z7][P][Q]
final_layer_dims: {'C7', 'S0', 'R7', 'P', 'C0', 'Y0', 'Q', 'Z7', 'X0', 'S7', 'R0'}, coupling.dims: ['C0', 'Y0', 'X0', 'R0', 'S0', 'Z0', 'C1', 'R1', 'S1', 'Y1', 'X1', 'Z1', 'C2', 'R2', 'S2', 'Y2', 'X2', 'Z2', 'C3', 'R3', 'S3', 'Y3', 'X3', 'Z3', 'C4', 'R4', 'S4', 'Y4', 'X4', 'Z4', 'C5', 'R5', 'S5', 'Y5', 'X5', 'Z5', 'C6', 'R6', 'S6', 'Y6', 'X6', 'Z6', 'C7', 'R7', 'S7', 'P', 'Q', 'Z7']
INFO: Arch: Thesis_8Layers_1081344KB_FMEM_16x128_PEs: identified intermediate dimensions: {'C5', 'Z2', 'X1', 'Z6', 'R4', 'Y5', 'R6', 'X6', 'C3', 'X2', 'C6', 'C4', 'S3', 'S6', 'S1', 'R1', 'C1', 'R3', 'X3', 'Y4', 'X4', 'Y6', 'Y1', 'C2', 'Z1', 'Z5', 'Z0', 'S2', 'Y2', 'R2', 'Y3', 'Z3', 'S5', 'S4', 'Z4', 'X5', 'R5'}
INFO: Added high constraint for intermediate dimension P in level WeightRegister
INFO: Added high constraint for intermediate dimension R1 in level WeightRegister
INFO: Added high constraint for intermediate dimension P in level AccumulationIntermediateOutputRegister
INFO: Added high constraint for intermediate dimension R1 in level AccumulationIntermediateOutputRegister
INFO: Added high constraint for intermediate dimension P in level AccumulationOutputRegister
INFO: Added high constraint for intermediate dimension R1 in level AccumulationOutputRegister
  ✓ Energy: 1.498e+04 μJ, Latency: 6.156e+06 cc, EDP: 1.40e+05, Util: 10.8%
[2/5] Tile size: 64 (PE utilization: 50.0%)
[Tile Size Override] tile_size=64, scale_bandwidth=True, fmem_bw=(66, 64)
Creating architecture: Thesis_8Layers_1081344KB_FMEM_16x128_PEs with coupling: dims: C0Y0X0R0S0Z0C1R1S1Y1X1Z1C2R2S2Y2X2Z2C3R3S3Y3X3Z3C4R4S4Y4X4Z4C5R5S5Y5X5Z5C6R6S6Y6X6Z6C7R7S7PQZ7, in_coupling: [C0][Y0+R0][X0+S0], w_coupling: W0: [Z0][C0][R0][S0],W1: [Z1][C1][R1][S1],W2: [Z2][C2][R2][S2],W3: [Z3][C3][R3][S3],W4: [Z4][C4][R4][S4],W5: [Z5][C5][R5][S5],W6: [Z6][C6][R6][S6],W7: [Z7][C7][R7][S7],, out_coupling: [Z7][P][Q]
final_layer_dims: {'C7', 'S0', 'R7', 'P', 'C0', 'Y0', 'Q', 'Z7', 'X0', 'S7', 'R0'}, coupling.dims: ['C0', 'Y0', 'X0', 'R0', 'S0', 'Z0', 'C1', 'R1', 'S1', 'Y1', 'X1', 'Z1', 'C2', 'R2', 'S2', 'Y2', 'X2', 'Z2', 'C3', 'R3', 'S3', 'Y3', 'X3', 'Z3', 'C4', 'R4', 'S4', 'Y4', 'X4', 'Z4', 'C5', 'R5', 'S5', 'Y5', 'X5', 'Z5', 'C6', 'R6', 'S6', 'Y6', 'X6', 'Z6', 'C7', 'R7', 'S7', 'P', 'Q', 'Z7']
INFO: Arch: Thesis_8Layers_1081344KB_FMEM_16x128_PEs: identified intermediate dimensions: {'C5', 'Z2', 'X1', 'Z6', 'R4', 'Y5', 'R6', 'X6', 'C3', 'X2', 'C6', 'C4', 'S3', 'S6', 'S1', 'R1', 'C1', 'R3', 'X3', 'Y4', 'X4', 'Y6', 'Y1', 'C2', 'Z1', 'Z5', 'Z0', 'S2', 'Y2', 'R2', 'Y3', 'Z3', 'S5', 'S4', 'Z4', 'X5', 'R5'}
INFO: Added high constraint for intermediate dimension P in level WeightRegister
INFO: Added high constraint for intermediate dimension R1 in level WeightRegister
INFO: Added high constraint for intermediate dimension P in level AccumulationIntermediateOutputRegister
INFO: Added high constraint for intermediate dimension R1 in level AccumulationIntermediateOutputRegister
INFO: Added high constraint for intermediate dimension P in level AccumulationOutputRegister
INFO: Added high constraint for intermediate dimension R1 in level AccumulationOutputRegister
  ✓ Energy: 1.504e+04 μJ, Latency: 1.154e+07 cc, EDP: 2.63e+05, Util: 0.1%
[3/5] Tile size: 32 (PE utilization: 25.0%)
[Tile Size Override] tile_size=32, scale_bandwidth=True, fmem_bw=(33, 32)
Creating architecture: Thesis_8Layers_1081344KB_FMEM_16x128_PEs with coupling: dims: C0Y0X0R0S0Z0C1R1S1Y1X1Z1C2R2S2Y2X2Z2C3R3S3Y3X3Z3C4R4S4Y4X4Z4C5R5S5Y5X5Z5C6R6S6Y6X6Z6C7R7S7PQZ7, in_coupling: [C0][Y0+R0][X0+S0], w_coupling: W0: [Z0][C0][R0][S0],W1: [Z1][C1][R1][S1],W2: [Z2][C2][R2][S2],W3: [Z3][C3][R3][S3],W4: [Z4][C4][R4][S4],W5: [Z5][C5][R5][S5],W6: [Z6][C6][R6][S6],W7: [Z7][C7][R7][S7],, out_coupling: [Z7][P][Q]
final_layer_dims: {'C7', 'S0', 'R7', 'P', 'C0', 'Y0', 'Q', 'Z7', 'X0', 'S7', 'R0'}, coupling.dims: ['C0', 'Y0', 'X0', 'R0', 'S0', 'Z0', 'C1', 'R1', 'S1', 'Y1', 'X1', 'Z1', 'C2', 'R2', 'S2', 'Y2', 'X2', 'Z2', 'C3', 'R3', 'S3', 'Y3', 'X3', 'Z3', 'C4', 'R4', 'S4', 'Y4', 'X4', 'Z4', 'C5', 'R5', 'S5', 'Y5', 'X5', 'Z5', 'C6', 'R6', 'S6', 'Y6', 'X6', 'Z6', 'C7', 'R7', 'S7', 'P', 'Q', 'Z7']
INFO: Arch: Thesis_8Layers_1081344KB_FMEM_16x128_PEs: identified intermediate dimensions: {'C5', 'Z2', 'X1', 'Z6', 'R4', 'Y5', 'R6', 'X6', 'C3', 'X2', 'C6', 'C4', 'S3', 'S6', 'S1', 'R1', 'C1', 'R3', 'X3', 'Y4', 'X4', 'Y6', 'Y1', 'C2', 'Z1', 'Z5', 'Z0', 'S2', 'Y2', 'R2', 'Y3', 'Z3', 'S5', 'S4', 'Z4', 'X5', 'R5'}
INFO: Added high constraint for intermediate dimension P in level WeightRegister
INFO: Added high constraint for intermediate dimension R1 in level WeightRegister
INFO: Added high constraint for intermediate dimension P in level AccumulationIntermediateOutputRegister
INFO: Added high constraint for intermediate dimension R1 in level AccumulationIntermediateOutputRegister
INFO: Added high constraint for intermediate dimension P in level AccumulationOutputRegister
INFO: Added high constraint for intermediate dimension R1 in level AccumulationOutputRegister
  ✓ Energy: 1.516e+04 μJ, Latency: 2.308e+07 cc, EDP: 5.28e+05, Util: 0.0%
[4/5] Tile size: 16 (PE utilization: 12.5%)
[Tile Size Override] tile_size=16, scale_bandwidth=True, fmem_bw=(16, 16)
Creating architecture: Thesis_8Layers_1081344KB_FMEM_16x128_PEs with coupling: dims: C0Y0X0R0S0Z0C1R1S1Y1X1Z1C2R2S2Y2X2Z2C3R3S3Y3X3Z3C4R4S4Y4X4Z4C5R5S5Y5X5Z5C6R6S6Y6X6Z6C7R7S7PQZ7, in_coupling: [C0][Y0+R0][X0+S0], w_coupling: W0: [Z0][C0][R0][S0],W1: [Z1][C1][R1][S1],W2: [Z2][C2][R2][S2],W3: [Z3][C3][R3][S3],W4: [Z4][C4][R4][S4],W5: [Z5][C5][R5][S5],W6: [Z6][C6][R6][S6],W7: [Z7][C7][R7][S7],, out_coupling: [Z7][P][Q]
final_layer_dims: {'C7', 'S0', 'R7', 'P', 'C0', 'Y0', 'Q', 'Z7', 'X0', 'S7', 'R0'}, coupling.dims: ['C0', 'Y0', 'X0', 'R0', 'S0', 'Z0', 'C1', 'R1', 'S1', 'Y1', 'X1', 'Z1', 'C2', 'R2', 'S2', 'Y2', 'X2', 'Z2', 'C3', 'R3', 'S3', 'Y3', 'X3', 'Z3', 'C4', 'R4', 'S4', 'Y4', 'X4', 'Z4', 'C5', 'R5', 'S5', 'Y5', 'X5', 'Z5', 'C6', 'R6', 'S6', 'Y6', 'X6', 'Z6', 'C7', 'R7', 'S7', 'P', 'Q', 'Z7']
INFO: Arch: Thesis_8Layers_1081344KB_FMEM_16x128_PEs: identified intermediate dimensions: {'C5', 'Z2', 'X1', 'Z6', 'R4', 'Y5', 'R6', 'X6', 'C3', 'X2', 'C6', 'C4', 'S3', 'S6', 'S1', 'R1', 'C1', 'R3', 'X3', 'Y4', 'X4', 'Y6', 'Y1', 'C2', 'Z1', 'Z5', 'Z0', 'S2', 'Y2', 'R2', 'Y3', 'Z3', 'S5', 'S4', 'Z4', 'X5', 'R5'}
INFO: Added high constraint for intermediate dimension P in level WeightRegister
INFO: Added high constraint for intermediate dimension R1 in level WeightRegister
INFO: Added high constraint for intermediate dimension P in level AccumulationIntermediateOutputRegister
INFO: Added high constraint for intermediate dimension R1 in level AccumulationIntermediateOutputRegister
INFO: Added high constraint for intermediate dimension P in level AccumulationOutputRegister
INFO: Added high constraint for intermediate dimension R1 in level AccumulationOutputRegister
  ✓ Energy: 1.540e+04 μJ, Latency: 4.622e+07 cc, EDP: 1.07e+06, Util: 0.0%
[5/5] Tile size: 8 (PE utilization: 6.2%)
[Tile Size Override] tile_size=8, scale_bandwidth=True, fmem_bw=(8, 8)
Creating architecture: Thesis_8Layers_1081344KB_FMEM_16x128_PEs with coupling: dims: C0Y0X0R0S0Z0C1R1S1Y1X1Z1C2R2S2Y2X2Z2C3R3S3Y3X3Z3C4R4S4Y4X4Z4C5R5S5Y5X5Z5C6R6S6Y6X6Z6C7R7S7PQZ7, in_coupling: [C0][Y0+R0][X0+S0], w_coupling: W0: [Z0][C0][R0][S0],W1: [Z1][C1][R1][S1],W2: [Z2][C2][R2][S2],W3: [Z3][C3][R3][S3],W4: [Z4][C4][R4][S4],W5: [Z5][C5][R5][S5],W6: [Z6][C6][R6][S6],W7: [Z7][C7][R7][S7],, out_coupling: [Z7][P][Q]
final_layer_dims: {'C7', 'S0', 'R7', 'P', 'C0', 'Y0', 'Q', 'Z7', 'X0', 'S7', 'R0'}, coupling.dims: ['C0', 'Y0', 'X0', 'R0', 'S0', 'Z0', 'C1', 'R1', 'S1', 'Y1', 'X1', 'Z1', 'C2', 'R2', 'S2', 'Y2', 'X2', 'Z2', 'C3', 'R3', 'S3', 'Y3', 'X3', 'Z3', 'C4', 'R4', 'S4', 'Y4', 'X4', 'Z4', 'C5', 'R5', 'S5', 'Y5', 'X5', 'Z5', 'C6', 'R6', 'S6', 'Y6', 'X6', 'Z6', 'C7', 'R7', 'S7', 'P', 'Q', 'Z7']
INFO: Arch: Thesis_8Layers_1081344KB_FMEM_16x128_PEs: identified intermediate dimensions: {'C5', 'Z2', 'X1', 'Z6', 'R4', 'Y5', 'R6', 'X6', 'C3', 'X2', 'C6', 'C4', 'S3', 'S6', 'S1', 'R1', 'C1', 'R3', 'X3', 'Y4', 'X4', 'Y6', 'Y1', 'C2', 'Z1', 'Z5', 'Z0', 'S2', 'Y2', 'R2', 'Y3', 'Z3', 'S5', 'S4', 'Z4', 'X5', 'R5'}
INFO: Added high constraint for intermediate dimension P in level WeightRegister
INFO: Added high constraint for intermediate dimension R1 in level WeightRegister
INFO: Added high constraint for intermediate dimension P in level AccumulationIntermediateOutputRegister
INFO: Added high constraint for intermediate dimension R1 in level AccumulationIntermediateOutputRegister
INFO: Added high constraint for intermediate dimension P in level AccumulationOutputRegister
INFO: Added high constraint for intermediate dimension R1 in level AccumulationOutputRegister
  ✓ Energy: 1.588e+04 μJ, Latency: 9.244e+07 cc, EDP: 2.18e+06, Util: 0.0%

======================================================================
TILE SIZE SWEEP SUMMARY
======================================================================
  Tile  PE Util   Energy(μJ)    Latency(cc)          EDP     Util
----------------------------------------------------------------------
   120    93.8%    1.498e+04      6.156e+06     1.40e+05   10.8%
    64    50.0%    1.504e+04      1.154e+07     2.63e+05    0.1%
    32    25.0%    1.516e+04      2.308e+07     5.28e+05    0.0%
    16    12.5%    1.540e+04      4.622e+07     1.07e+06    0.0%
     8     6.2%    1.588e+04      9.244e+07     2.18e+06    0.0%

Best EDP: tile_size=120, EDP=1.40e+05
Results exported to: results/results_20260210_094001.csv

================================================================================
EXPERIMENT SUMMARY
================================================================================

Total experiments: 5
Successful: 5
Failed: 0

────────────────────────────────────────────────────────────────────────────────
Results by workload:
────────────────────────────────────────────────────────────────────────────────

FSRCNN:
  full/8layer, fmem_size: 1056kB, wmem_size: 524kB, pe_rows: 16, pe_cols: 128 -> E=1.50e+04μJ, L=6.16e+06cc, EDP=1.40e+05
  full/8layer, fmem_size: 1056kB, wmem_size: 524kB, pe_rows: 16, pe_cols: 128 -> E=1.50e+04μJ, L=1.15e+07cc, EDP=2.63e+05
  full/8layer, fmem_size: 1056kB, wmem_size: 524kB, pe_rows: 16, pe_cols: 128 -> E=1.52e+04μJ, L=2.31e+07cc, EDP=5.28e+05
  full/8layer, fmem_size: 1056kB, wmem_size: 524kB, pe_rows: 16, pe_cols: 128 -> E=1.54e+04μJ, L=4.62e+07cc, EDP=1.07e+06
  full/8layer, fmem_size: 1056kB, wmem_size: 524kB, pe_rows: 16, pe_cols: 128 -> E=1.59e+04μJ, L=9.24e+07cc, EDP=2.18e+06
