Creating architecture: Gemmini with coupling: dims: MKN, in_coupling: [K][N], w_coupling: W0: [M][K],, out_coupling: [M][N]
Creating architecture: Gemmini (conv) with coupling: dims: NMPQCRS, in_coupling: [N][C][Pstride*P+Rdilation*R][Qstride*Q+Sdilation*S], w_coupling: W0: [M][C][R][S],, out_coupling: [N][M][P][Q]
Creating architecture: Eyeriss with coupling: dims: MKN, in_coupling: [K][N], w_coupling: W0: [M][K],, out_coupling: [M][N]
Creating architecture: Eyeriss (conv) with coupling: dims: NMPQCRS, in_coupling: [N][C][Pstride*P+Rdilation*R][Qstride*Q+Sdilation*S], w_coupling: W0: [M][C][R][S],, out_coupling: [N][M][P][Q]
Creating architecture: Simba with coupling: dims: MKN, in_coupling: [K][N], w_coupling: W0: [M][K],, out_coupling: [M][N]
Creating architecture: Simba (conv) with coupling: dims: NMPQCRS, in_coupling: [N][C][Pstride*P+Rdilation*R][Qstride*Q+Sdilation*S], w_coupling: W0: [M][C][R][S],, out_coupling: [N][M][P][Q]
Creating architecture: TPUv1 with coupling: dims: MKN, in_coupling: [K][N], w_coupling: W0: [M][K],, out_coupling: [M][N]
Creating architecture: TPUv1 (conv) with coupling: dims: NMPQCRS, in_coupling: [N][C][Pstride*P+Rdilation*R][Qstride*Q+Sdilation*S], w_coupling: W0: [M][C][R][S],, out_coupling: [N][M][P][Q]

====================================================================================================
FIXED-CONFIG FUSION COMPARISON: FSRCNN -- Sum PARTIAL FUSION vs Sum SINGLES
====================================================================================================
Architecture: DepFiN, PE=16x128 (2,048 total)
  FMEM=248KB, WMEM=9KB
  Tile size override: 120
  ALL experiments use IDENTICAL architecture (fair comparison)
====================================================================================================

  Per-block tile sizes (from full fusion stride propagation):
    L0_L1_L2: tile=120
    L3_L4_L5: tile=120
    L6_L7_expanding_output: tile=120
--- PARTIAL FUSION (3layer) ---
------ loading Accelergy ------
WARNING: Accelergy package not found or incompatible, trying a manual import from ACCELERGY_PATH.
ACCELERGY PLUG-INS: ['Library', 'dummy', 'ADC Plug-In', 'DEPRECATED table-based-plug-ins. Use the Library plug-in instead.', 'Neurosim Plug-In', 'Aladdin_table', 'CactiCache', 'CactiDRAM', 'CactiSRAM']
[Tile Size Override] tile_size=120, scale_bandwidth=True, fmem_bw=(123, 120)
Creating architecture: Thesis_3Layers_253952KB_FMEM_16x128_PEs with coupling: dims: C0Y0X0R0S0Z0C1R1S1Y1X1Z1C2R2S2PQZ2, in_coupling: [C0][Y0+R0][X0+S0], w_coupling: W0: [Z0][C0][R0][S0],W1: [Z1][C1][R1][S1],W2: [Z2][C2][R2][S2],, out_coupling: [Z2][P][Q]
final_layer_dims: {'C0', 'Q', 'Z2', 'C2', 'S2', 'Y0', 'R2', 'P', 'R0', 'X0', 'S0'}, coupling.dims: ['C0', 'Y0', 'X0', 'R0', 'S0', 'Z0', 'C1', 'R1', 'S1', 'Y1', 'X1', 'Z1', 'C2', 'R2', 'S2', 'P', 'Q', 'Z2']
INFO: Arch: Thesis_3Layers_253952KB_FMEM_16x128_PEs: identified intermediate dimensions: {'S1', 'R1', 'Y1', 'C1', 'Z0', 'X1', 'Z1'}
INFO: Added high constraint for intermediate dimension P in level WeightRegister
INFO: Added high constraint for intermediate dimension R1 in level WeightRegister
INFO: Added high constraint for intermediate dimension P in level AccumulationIntermediateOutputRegister
INFO: Added high constraint for intermediate dimension R1 in level AccumulationIntermediateOutputRegister
INFO: Added high constraint for intermediate dimension P in level AccumulationOutputRegister
INFO: Added high constraint for intermediate dimension R1 in level AccumulationOutputRegister
  OK L0_L1_L2 (3L, tile=120): E=2.694e+03 uJ, L=2.095e+06 cc, EDP=6.28e+03
[Tile Size Override] tile_size=120, scale_bandwidth=True, fmem_bw=(123, 120)
Creating architecture: Thesis_3Layers_253952KB_FMEM_16x128_PEs with coupling: dims: C0Y0X0R0S0Z0C1R1S1Y1X1Z1C2R2S2PQZ2, in_coupling: [C0][Y0+R0][X0+S0], w_coupling: W0: [Z0][C0][R0][S0],W1: [Z1][C1][R1][S1],W2: [Z2][C2][R2][S2],, out_coupling: [Z2][P][Q]
final_layer_dims: {'C0', 'Q', 'Z2', 'C2', 'S2', 'Y0', 'R2', 'P', 'R0', 'X0', 'S0'}, coupling.dims: ['C0', 'Y0', 'X0', 'R0', 'S0', 'Z0', 'C1', 'R1', 'S1', 'Y1', 'X1', 'Z1', 'C2', 'R2', 'S2', 'P', 'Q', 'Z2']
INFO: Arch: Thesis_3Layers_253952KB_FMEM_16x128_PEs: identified intermediate dimensions: {'S1', 'R1', 'Y1', 'C1', 'Z0', 'X1', 'Z1'}
INFO: Added high constraint for intermediate dimension P in level WeightRegister
INFO: Added high constraint for intermediate dimension R1 in level WeightRegister
INFO: Added high constraint for intermediate dimension P in level AccumulationIntermediateOutputRegister
INFO: Added high constraint for intermediate dimension R1 in level AccumulationIntermediateOutputRegister
INFO: Added high constraint for intermediate dimension P in level AccumulationOutputRegister
INFO: Added high constraint for intermediate dimension R1 in level AccumulationOutputRegister
  OK L3_L4_L5 (3L, tile=120): E=1.938e+03 uJ, L=1.508e+06 cc, EDP=3.21e+03
[Tile Size Override] tile_size=120, scale_bandwidth=True, fmem_bw=(123, 120)
Creating architecture: Thesis_2Layers_253952KB_FMEM_16x128_PEs with coupling: dims: C0Y0X0R0S0Z0C1R1S1Z1PQ, in_coupling: [C0][Y0+R0][X0+S0], w_coupling: W0: [Z0][C0][R0][S0],W1: [Z1][C1][R1][S1],, out_coupling: [Z1][P][Q]
final_layer_dims: {'R1', 'C0', 'Q', 'Y0', 'P', 'R0', 'X0', 'C1', 'S0', 'S1', 'Z1'}, coupling.dims: ['C0', 'Y0', 'X0', 'R0', 'S0', 'Z0', 'C1', 'R1', 'S1', 'Z1', 'P', 'Q']
INFO: Arch: Thesis_2Layers_253952KB_FMEM_16x128_PEs: identified intermediate dimensions: {'Z0'}
INFO: Added high constraint for intermediate dimension P in level WeightRegister
INFO: Added high constraint for intermediate dimension R1 in level WeightRegister
INFO: Added high constraint for intermediate dimension P in level AccumulationIntermediateOutputRegister
INFO: Added high constraint for intermediate dimension R1 in level AccumulationIntermediateOutputRegister
INFO: Added high constraint for intermediate dimension P in level AccumulationOutputRegister
INFO: Added high constraint for intermediate dimension R1 in level AccumulationOutputRegister
  OK L6_L7_expanding_output (2L, tile=120): E=3.887e+03 uJ, L=2.748e+06 cc, EDP=1.19e+04

--- BASELINE: SINGLE LAYERS ---
Creating architecture: Thesis_1Layer_253952B_FMEM_16x128_PEs with coupling: dims: MPQCRS, in_coupling: [C][P+R][Q+S], w_coupling: W0: [M][C][R][S],, out_coupling: [M][P][Q]
  OK L0_feature_extraction: E=1.061e+03 uJ, L=2.419e+06 cc, EDP=2.57e+03
Creating architecture: Thesis_1Layer_253952B_FMEM_16x128_PEs with coupling: dims: MPQCRS, in_coupling: [C][P+R][Q+S], w_coupling: W0: [M][C][R][S],, out_coupling: [M][P][Q]
  OK L1_shrinking: E=1.154e+03 uJ, L=2.419e+06 cc, EDP=2.79e+03
Creating architecture: Thesis_1Layer_253952B_FMEM_16x128_PEs with coupling: dims: MPQCRS, in_coupling: [C][P+R][Q+S], w_coupling: W0: [M][C][R][S],, out_coupling: [M][P][Q]
  OK L2_mapping1: E=4.259e+02 uJ, L=5.185e+05 cc, EDP=2.21e+02
Creating architecture: Thesis_1Layer_253952B_FMEM_16x128_PEs with coupling: dims: MPQCRS, in_coupling: [C][P+R][Q+S], w_coupling: W0: [M][C][R][S],, out_coupling: [M][P][Q]
  OK L3_mapping2: E=4.259e+02 uJ, L=5.185e+05 cc, EDP=2.21e+02
Creating architecture: Thesis_1Layer_253952B_FMEM_16x128_PEs with coupling: dims: MPQCRS, in_coupling: [C][P+R][Q+S], w_coupling: W0: [M][C][R][S],, out_coupling: [M][P][Q]
  OK L4_mapping3: E=4.259e+02 uJ, L=5.185e+05 cc, EDP=2.21e+02
Creating architecture: Thesis_1Layer_253952B_FMEM_16x128_PEs with coupling: dims: MPQCRS, in_coupling: [C][P+R][Q+S], w_coupling: W0: [M][C][R][S],, out_coupling: [M][P][Q]
  OK L5_mapping4: E=4.259e+02 uJ, L=5.185e+05 cc, EDP=2.21e+02
Creating architecture: Thesis_1Layer_253952B_FMEM_16x128_PEs with coupling: dims: MPQCRS, in_coupling: [C][P+R][Q+S], w_coupling: W0: [M][C][R][S],, out_coupling: [M][P][Q]
  OK L6_expanding: E=1.165e+03 uJ, L=2.419e+06 cc, EDP=2.82e+03
Creating architecture: Thesis_1Layer_253952B_FMEM_16x128_PEs with coupling: dims: MPQCRS, in_coupling: [C][P+R][Q+S], w_coupling: W0: [M][C][R][S],, out_coupling: [M][P][Q]
  OK L7_output: E=1.306e+03 uJ, L=2.420e+06 cc, EDP=3.17e+03

====================================================================================================
COMPARISON RESULTS: FSRCNN -- Sum PARTIAL FUSION vs Sum SINGLES
====================================================================================================
  Architecture: DepFiN 16x128, FMEM=248KB, WMEM=9KB
====================================================================================================
Level                        Energy (uJ)   Latency (cc)            EDP       DRAM Reads      DRAM Writes
----------------------------------------------------------------------------------------------------
Sum Partial Fusion (3 ok)      8.519e+03      6.351e+06       5.41e+04       14,015,592       20,736,000
Sum Singles (8 ok)             6.390e+03      1.175e+07       7.51e+04       90,738,792       97,459,200

----------------------------------------------------------------------------------------------------
RATIOS (Sum Partial Fusion / Sum Singles) -- values < 1.0 mean fusion wins
----------------------------------------------------------------------------------------------------
Metric                    Ratio      Savings
---------------------------------------------
Energy                   1.3331       -33.3%
Latency                  0.5404       +46.0%
EDP                      0.7204       +28.0%
DRAM Reads               0.1545       +84.6%
DRAM Writes              0.2128       +78.7%

----------------------------------------------------------------------------------------------------
BASELINE DETAIL (Sum Singles):
----------------------------------------------------------------------------------------------------
Layer/Segment                     Energy (uJ)   Latency (cc)            EDP     Status
-------------------------------------------------------------------------------------
L0_feature_extraction               1.061e+03      2.419e+06       2.57e+03         OK
L1_shrinking                        1.154e+03      2.419e+06       2.79e+03         OK
L2_mapping1                         4.259e+02      5.185e+05       2.21e+02         OK
L3_mapping2                         4.259e+02      5.185e+05       2.21e+02         OK
L4_mapping3                         4.259e+02      5.185e+05       2.21e+02         OK
L5_mapping4                         4.259e+02      5.185e+05       2.21e+02         OK
L6_expanding                        1.165e+03      2.419e+06       2.82e+03         OK
L7_output                           1.306e+03      2.420e+06       3.17e+03         OK

----------------------------------------------------------------------------------------------------
FUSED-SIDE SEGMENT DETAIL (Sum Partial Fusion):
----------------------------------------------------------------------------------------------------
Segment                           Energy (uJ)   Latency (cc)            EDP     Status
-------------------------------------------------------------------------------------
3layer/L0_L1_L2                     2.694e+03      2.095e+06       6.28e+03         OK
3layer/L3_L4_L5                     1.938e+03      1.508e+06       3.21e+03         OK
3layer/L6_L7_expanding_output       3.887e+03      2.748e+06       1.19e+04         OK

====================================================================================================

Results exported to: results/results_20260219_211334.csv

================================================================================
EXPERIMENT SUMMARY
================================================================================

Total experiments: 11
Successful: 11
Failed: 0

────────────────────────────────────────────────────────────────────────────────
Results by workload:
────────────────────────────────────────────────────────────────────────────────

FSRCNN:
  3layer/L0_L1_L2, fmem_size: 248kB, wmem_size: 9kB, pe_rows: 16, pe_cols: 128 -> E=2.69e+03μJ, L=2.10e+06cc, EDP=6.28e+03
  3layer/L3_L4_L5, fmem_size: 248kB, wmem_size: 9kB, pe_rows: 16, pe_cols: 128 -> E=1.94e+03μJ, L=1.51e+06cc, EDP=3.21e+03
  3layer/L6_L7_expanding_output, fmem_size: 248kB, wmem_size: 9kB, pe_rows: 16, pe_cols: 128 -> E=3.89e+03μJ, L=2.75e+06cc, EDP=1.19e+04
  single/L0_feature_extraction, fmem_size: 248kB, wmem_size: 9kB, pe_rows: 16, pe_cols: 128 -> E=1.06e+03μJ, L=2.42e+06cc, EDP=2.57e+03
  single/L1_shrinking, fmem_size: 248kB, wmem_size: 9kB, pe_rows: 16, pe_cols: 128 -> E=1.15e+03μJ, L=2.42e+06cc, EDP=2.79e+03
  single/L2_mapping1, fmem_size: 248kB, wmem_size: 9kB, pe_rows: 16, pe_cols: 128 -> E=4.26e+02μJ, L=5.19e+05cc, EDP=2.21e+02
  single/L3_mapping2, fmem_size: 248kB, wmem_size: 9kB, pe_rows: 16, pe_cols: 128 -> E=4.26e+02μJ, L=5.19e+05cc, EDP=2.21e+02
  single/L4_mapping3, fmem_size: 248kB, wmem_size: 9kB, pe_rows: 16, pe_cols: 128 -> E=4.26e+02μJ, L=5.19e+05cc, EDP=2.21e+02
  single/L5_mapping4, fmem_size: 248kB, wmem_size: 9kB, pe_rows: 16, pe_cols: 128 -> E=4.26e+02μJ, L=5.19e+05cc, EDP=2.21e+02
  single/L6_expanding, fmem_size: 248kB, wmem_size: 9kB, pe_rows: 16, pe_cols: 128 -> E=1.16e+03μJ, L=2.42e+06cc, EDP=2.82e+03
  single/L7_output, fmem_size: 248kB, wmem_size: 9kB, pe_rows: 16, pe_cols: 128 -> E=1.31e+03μJ, L=2.42e+06cc, EDP=3.17e+03
