Creating architecture: Gemmini with coupling: dims: MKN, in_coupling: [K][N], w_coupling: W0: [M][K],, out_coupling: [M][N]
Creating architecture: Gemmini (conv) with coupling: dims: NMPQCRS, in_coupling: [N][C][Pstride*P+Rdilation*R][Qstride*Q+Sdilation*S], w_coupling: W0: [M][C][R][S],, out_coupling: [N][M][P][Q]
Creating architecture: Eyeriss with coupling: dims: MKN, in_coupling: [K][N], w_coupling: W0: [M][K],, out_coupling: [M][N]
Creating architecture: Eyeriss (conv) with coupling: dims: NMPQCRS, in_coupling: [N][C][Pstride*P+Rdilation*R][Qstride*Q+Sdilation*S], w_coupling: W0: [M][C][R][S],, out_coupling: [N][M][P][Q]
Creating architecture: Simba with coupling: dims: MKN, in_coupling: [K][N], w_coupling: W0: [M][K],, out_coupling: [M][N]
Creating architecture: Simba (conv) with coupling: dims: NMPQCRS, in_coupling: [N][C][Pstride*P+Rdilation*R][Qstride*Q+Sdilation*S], w_coupling: W0: [M][C][R][S],, out_coupling: [N][M][P][Q]
Creating architecture: TPUv1 with coupling: dims: MKN, in_coupling: [K][N], w_coupling: W0: [M][K],, out_coupling: [M][N]
Creating architecture: TPUv1 (conv) with coupling: dims: NMPQCRS, in_coupling: [N][C][Pstride*P+Rdilation*R][Qstride*Q+Sdilation*S], w_coupling: W0: [M][C][R][S],, out_coupling: [N][M][P][Q]

====================================================================================================
FIXED-CONFIG FUSION COMPARISON: FSRCNN -- FULL FUSION vs Sum SINGLES
====================================================================================================
Architecture: DepFiN, PE=16x128 (2,048 total)
  FMEM=576KB, WMEM=19KB
  Tile size override: 120
  ALL experiments use IDENTICAL architecture (fair comparison)
====================================================================================================

  Per-block tile sizes (from full fusion stride propagation):
    L0_L1_L2: tile=120
    L3_L4_L5: tile=120
    L6_L7_expanding_output: tile=120
--- FULL FUSION: fsrcnn/full/8layer ---
------ loading Accelergy ------
WARNING: Accelergy package not found or incompatible, trying a manual import from ACCELERGY_PATH.
ACCELERGY PLUG-INS: ['Library', 'dummy', 'ADC Plug-In', 'DEPRECATED table-based-plug-ins. Use the Library plug-in instead.', 'Neurosim Plug-In', 'Aladdin_table', 'CactiCache', 'CactiDRAM', 'CactiSRAM']
[Tile Size Override] tile_size=120, scale_bandwidth=True, fmem_bw=(123, 120)
Creating architecture: Thesis_8Layers_589824KB_FMEM_16x128_PEs with coupling: dims: C0Y0X0R0S0Z0C1R1S1Y1X1Z1C2R2S2Y2X2Z2C3R3S3Y3X3Z3C4R4S4Y4X4Z4C5R5S5Y5X5Z5C6R6S6Y6X6Z6C7R7S7PQZ7, in_coupling: [C0][Y0+R0][X0+S0], w_coupling: W0: [Z0][C0][R0][S0],W1: [Z1][C1][R1][S1],W2: [Z2][C2][R2][S2],W3: [Z3][C3][R3][S3],W4: [Z4][C4][R4][S4],W5: [Z5][C5][R5][S5],W6: [Z6][C6][R6][S6],W7: [Z7][C7][R7][S7],, out_coupling: [Z7][P][Q]
final_layer_dims: {'R7', 'S7', 'X0', 'C0', 'S0', 'P', 'Q', 'R0', 'Z7', 'Y0', 'C7'}, coupling.dims: ['C0', 'Y0', 'X0', 'R0', 'S0', 'Z0', 'C1', 'R1', 'S1', 'Y1', 'X1', 'Z1', 'C2', 'R2', 'S2', 'Y2', 'X2', 'Z2', 'C3', 'R3', 'S3', 'Y3', 'X3', 'Z3', 'C4', 'R4', 'S4', 'Y4', 'X4', 'Z4', 'C5', 'R5', 'S5', 'Y5', 'X5', 'Z5', 'C6', 'R6', 'S6', 'Y6', 'X6', 'Z6', 'C7', 'R7', 'S7', 'P', 'Q', 'Z7']
INFO: Arch: Thesis_8Layers_589824KB_FMEM_16x128_PEs: identified intermediate dimensions: {'C2', 'C6', 'Y3', 'Y5', 'S4', 'X2', 'R1', 'R3', 'X4', 'Z5', 'Y2', 'S3', 'X1', 'Z1', 'Z4', 'X5', 'C4', 'R6', 'R5', 'S1', 'X6', 'C3', 'Z3', 'Z2', 'R4', 'S2', 'C1', 'C5', 'Y4', 'S5', 'Y1', 'S6', 'Z0', 'R2', 'X3', 'Y6', 'Z6'}
INFO: Added high constraint for intermediate dimension P in level WeightRegister
INFO: Added high constraint for intermediate dimension R1 in level WeightRegister
INFO: Added high constraint for intermediate dimension P in level AccumulationIntermediateOutputRegister
INFO: Added high constraint for intermediate dimension R1 in level AccumulationIntermediateOutputRegister
INFO: Added high constraint for intermediate dimension P in level AccumulationOutputRegister
INFO: Added high constraint for intermediate dimension R1 in level AccumulationOutputRegister
  OK Energy: 8.352e+03 uJ, Latency: 6.156e+06 cc, EDP: 6.01e+04

--- BASELINE: SINGLE LAYERS ---
Creating architecture: Thesis_1Layer_589824B_FMEM_16x128_PEs with coupling: dims: MPQCRS, in_coupling: [C][P+R][Q+S], w_coupling: W0: [M][C][R][S],, out_coupling: [M][P][Q]
  OK L0_feature_extraction: E=1.093e+03 uJ, L=2.419e+06 cc, EDP=2.65e+03
Creating architecture: Thesis_1Layer_589824B_FMEM_16x128_PEs with coupling: dims: MPQCRS, in_coupling: [C][P+R][Q+S], w_coupling: W0: [M][C][R][S],, out_coupling: [M][P][Q]
  OK L1_shrinking: E=1.164e+03 uJ, L=2.419e+06 cc, EDP=2.82e+03
Creating architecture: Thesis_1Layer_589824B_FMEM_16x128_PEs with coupling: dims: MPQCRS, in_coupling: [C][P+R][Q+S], w_coupling: W0: [M][C][R][S],, out_coupling: [M][P][Q]
  OK L2_mapping1: E=4.369e+02 uJ, L=5.185e+05 cc, EDP=2.27e+02
Creating architecture: Thesis_1Layer_589824B_FMEM_16x128_PEs with coupling: dims: MPQCRS, in_coupling: [C][P+R][Q+S], w_coupling: W0: [M][C][R][S],, out_coupling: [M][P][Q]
  OK L3_mapping2: E=4.369e+02 uJ, L=5.185e+05 cc, EDP=2.27e+02
Creating architecture: Thesis_1Layer_589824B_FMEM_16x128_PEs with coupling: dims: MPQCRS, in_coupling: [C][P+R][Q+S], w_coupling: W0: [M][C][R][S],, out_coupling: [M][P][Q]
  OK L4_mapping3: E=4.369e+02 uJ, L=5.185e+05 cc, EDP=2.27e+02
Creating architecture: Thesis_1Layer_589824B_FMEM_16x128_PEs with coupling: dims: MPQCRS, in_coupling: [C][P+R][Q+S], w_coupling: W0: [M][C][R][S],, out_coupling: [M][P][Q]
  OK L5_mapping4: E=4.369e+02 uJ, L=5.185e+05 cc, EDP=2.27e+02
Creating architecture: Thesis_1Layer_589824B_FMEM_16x128_PEs with coupling: dims: MPQCRS, in_coupling: [C][P+R][Q+S], w_coupling: W0: [M][C][R][S],, out_coupling: [M][P][Q]
  OK L6_expanding: E=1.178e+03 uJ, L=2.419e+06 cc, EDP=2.85e+03
Creating architecture: Thesis_1Layer_589824B_FMEM_16x128_PEs with coupling: dims: MPQCRS, in_coupling: [C][P+R][Q+S], w_coupling: W0: [M][C][R][S],, out_coupling: [M][P][Q]
  OK L7_output: E=1.352e+03 uJ, L=2.420e+06 cc, EDP=3.29e+03

====================================================================================================
COMPARISON RESULTS: FSRCNN -- FULL FUSION vs Sum SINGLES
====================================================================================================
  Architecture: DepFiN 16x128, FMEM=576KB, WMEM=19KB
====================================================================================================
Level                        Energy (uJ)   Latency (cc)            EDP       DRAM Reads      DRAM Writes
----------------------------------------------------------------------------------------------------
Full Fusion (1 ok)             8.352e+03      6.156e+06       5.14e+04        1,573,992        8,294,400
Sum Singles (8 ok)             6.536e+03      1.175e+07       7.68e+04       90,738,792       97,459,200

----------------------------------------------------------------------------------------------------
RATIOS (Full Fusion / Sum Singles) -- values < 1.0 mean fusion wins
----------------------------------------------------------------------------------------------------
Metric                    Ratio      Savings
---------------------------------------------
Energy                   1.2780       -27.8%
Latency                  0.5238       +47.6%
EDP                      0.6695       +33.1%
DRAM Reads               0.0173       +98.3%
DRAM Writes              0.0851       +91.5%

----------------------------------------------------------------------------------------------------
BASELINE DETAIL (Sum Singles):
----------------------------------------------------------------------------------------------------
Layer/Segment                     Energy (uJ)   Latency (cc)            EDP     Status
-------------------------------------------------------------------------------------
L0_feature_extraction               1.093e+03      2.419e+06       2.65e+03         OK
L1_shrinking                        1.164e+03      2.419e+06       2.82e+03         OK
L2_mapping1                         4.369e+02      5.185e+05       2.27e+02         OK
L3_mapping2                         4.369e+02      5.185e+05       2.27e+02         OK
L4_mapping3                         4.369e+02      5.185e+05       2.27e+02         OK
L5_mapping4                         4.369e+02      5.185e+05       2.27e+02         OK
L6_expanding                        1.178e+03      2.419e+06       2.85e+03         OK
L7_output                           1.352e+03      2.420e+06       3.29e+03         OK

====================================================================================================

Results exported to: results/results_20260219_223817.csv

================================================================================
EXPERIMENT SUMMARY
================================================================================

Total experiments: 9
Successful: 9
Failed: 0

────────────────────────────────────────────────────────────────────────────────
Results by workload:
────────────────────────────────────────────────────────────────────────────────

FSRCNN:
  full/8layer, fmem_size: 576kB, wmem_size: 19kB, pe_rows: 16, pe_cols: 128 -> E=8.35e+03μJ, L=6.16e+06cc, EDP=6.01e+04
  single/L0_feature_extraction, fmem_size: 576kB, wmem_size: 19kB, pe_rows: 16, pe_cols: 128 -> E=1.09e+03μJ, L=2.42e+06cc, EDP=2.65e+03
  single/L1_shrinking, fmem_size: 576kB, wmem_size: 19kB, pe_rows: 16, pe_cols: 128 -> E=1.16e+03μJ, L=2.42e+06cc, EDP=2.82e+03
  single/L2_mapping1, fmem_size: 576kB, wmem_size: 19kB, pe_rows: 16, pe_cols: 128 -> E=4.37e+02μJ, L=5.19e+05cc, EDP=2.27e+02
  single/L3_mapping2, fmem_size: 576kB, wmem_size: 19kB, pe_rows: 16, pe_cols: 128 -> E=4.37e+02μJ, L=5.19e+05cc, EDP=2.27e+02
  single/L4_mapping3, fmem_size: 576kB, wmem_size: 19kB, pe_rows: 16, pe_cols: 128 -> E=4.37e+02μJ, L=5.19e+05cc, EDP=2.27e+02
  single/L5_mapping4, fmem_size: 576kB, wmem_size: 19kB, pe_rows: 16, pe_cols: 128 -> E=4.37e+02μJ, L=5.19e+05cc, EDP=2.27e+02
  single/L6_expanding, fmem_size: 576kB, wmem_size: 19kB, pe_rows: 16, pe_cols: 128 -> E=1.18e+03μJ, L=2.42e+06cc, EDP=2.85e+03
  single/L7_output, fmem_size: 576kB, wmem_size: 19kB, pe_rows: 16, pe_cols: 128 -> E=1.35e+03μJ, L=2.42e+06cc, EDP=3.29e+03
