Creating architecture: Gemmini with coupling: dims: MKN, in_coupling: [K][N], w_coupling: W0: [M][K],, out_coupling: [M][N]
Creating architecture: Gemmini (conv) with coupling: dims: NMPQCRS, in_coupling: [N][C][Pstride*P+Rdilation*R][Qstride*Q+Sdilation*S], w_coupling: W0: [M][C][R][S],, out_coupling: [N][M][P][Q]
Creating architecture: Eyeriss with coupling: dims: MKN, in_coupling: [K][N], w_coupling: W0: [M][K],, out_coupling: [M][N]
Creating architecture: Eyeriss (conv) with coupling: dims: NMPQCRS, in_coupling: [N][C][Pstride*P+Rdilation*R][Qstride*Q+Sdilation*S], w_coupling: W0: [M][C][R][S],, out_coupling: [N][M][P][Q]
Creating architecture: Simba with coupling: dims: MKN, in_coupling: [K][N], w_coupling: W0: [M][K],, out_coupling: [M][N]
Creating architecture: Simba (conv) with coupling: dims: NMPQCRS, in_coupling: [N][C][Pstride*P+Rdilation*R][Qstride*Q+Sdilation*S], w_coupling: W0: [M][C][R][S],, out_coupling: [N][M][P][Q]
Creating architecture: TPUv1 with coupling: dims: MKN, in_coupling: [K][N], w_coupling: W0: [M][K],, out_coupling: [M][N]
Creating architecture: TPUv1 (conv) with coupling: dims: NMPQCRS, in_coupling: [N][C][Pstride*P+Rdilation*R][Qstride*Q+Sdilation*S], w_coupling: W0: [M][C][R][S],, out_coupling: [N][M][P][Q]

====================================================================================================
FIXED-CONFIG FUSION COMPARISON: MCCNN -- FULL FUSION vs Sum PARTIAL FUSION
====================================================================================================
Architecture: DepFiN, PE=8x256 (2,048 total)
  FMEM=522KB, WMEM=32KB
  Tile size override: 207
  ALL experiments use IDENTICAL architecture (fair comparison)
====================================================================================================

  Per-block tile sizes (from full fusion stride propagation):
    L0_L1: tile=207
    L2_L3: tile=207
--- FULL FUSION: mccnn/full/4layer ---
------ loading Accelergy ------
WARNING: Accelergy package not found or incompatible, trying a manual import from ACCELERGY_PATH.
ACCELERGY PLUG-INS: ['Library', 'dummy', 'ADC Plug-In', 'DEPRECATED table-based-plug-ins. Use the Library plug-in instead.', 'Neurosim Plug-In', 'Aladdin_table', 'CactiCache', 'CactiDRAM', 'CactiSRAM']
[Tile Size Override] tile_size=207, scale_bandwidth=True, fmem_bw=(213, 207)
Creating architecture: Thesis_4Layers_534528KB_FMEM_8x256_PEs with coupling: dims: C0Y0X0R0S0Z0C1R1S1Y1X1Z1C2R2S2Y2X2Z2C3R3S3PQZ3, in_coupling: [C0][Y0+R0][X0+S0], w_coupling: W0: [Z0][C0][R0][S0],W1: [Z1][C1][R1][S1],W2: [Z2][C2][R2][S2],W3: [Z3][C3][R3][S3],, out_coupling: [Z3][P][Q]
final_layer_dims: {'Q', 'R3', 'Y0', 'R0', 'Z3', 'P', 'S0', 'C3', 'S3', 'C0', 'X0'}, coupling.dims: ['C0', 'Y0', 'X0', 'R0', 'S0', 'Z0', 'C1', 'R1', 'S1', 'Y1', 'X1', 'Z1', 'C2', 'R2', 'S2', 'Y2', 'X2', 'Z2', 'C3', 'R3', 'S3', 'P', 'Q', 'Z3']
INFO: Arch: Thesis_4Layers_534528KB_FMEM_8x256_PEs: identified intermediate dimensions: {'Z2', 'X1', 'Y1', 'R2', 'S1', 'X2', 'Z0', 'R1', 'S2', 'Z1', 'C2', 'C1', 'Y2'}
INFO: Added high constraint for intermediate dimension P in level WeightRegister
INFO: Added high constraint for intermediate dimension R1 in level WeightRegister
INFO: Added high constraint for intermediate dimension P in level AccumulationIntermediateOutputRegister
INFO: Added high constraint for intermediate dimension R1 in level AccumulationIntermediateOutputRegister
INFO: Added high constraint for intermediate dimension P in level AccumulationOutputRegister
INFO: Added high constraint for intermediate dimension R1 in level AccumulationOutputRegister
  OK Energy: 1.177e+04 uJ, Latency: 7.975e+06 cc, EDP: 1.12e+05

--- BASELINE: PARTIAL FUSION (2layer) ---
[Tile Size Override] tile_size=207, scale_bandwidth=True, fmem_bw=(213, 207)
Creating architecture: Thesis_2Layers_534528KB_FMEM_8x256_PEs with coupling: dims: C0Y0X0R0S0Z0C1R1S1Z1PQ, in_coupling: [C0][Y0+R0][X0+S0], w_coupling: W0: [Z0][C0][R0][S0],W1: [Z1][C1][R1][S1],, out_coupling: [Z1][P][Q]
final_layer_dims: {'Q', 'Y0', 'S1', 'P', 'R1', 'Z1', 'C1', 'S0', 'R0', 'C0', 'X0'}, coupling.dims: ['C0', 'Y0', 'X0', 'R0', 'S0', 'Z0', 'C1', 'R1', 'S1', 'Z1', 'P', 'Q']
INFO: Arch: Thesis_2Layers_534528KB_FMEM_8x256_PEs: identified intermediate dimensions: {'Z0'}
INFO: Added high constraint for intermediate dimension P in level WeightRegister
INFO: Added high constraint for intermediate dimension R1 in level WeightRegister
INFO: Added high constraint for intermediate dimension P in level AccumulationIntermediateOutputRegister
INFO: Added high constraint for intermediate dimension R1 in level AccumulationIntermediateOutputRegister
INFO: Added high constraint for intermediate dimension P in level AccumulationOutputRegister
INFO: Added high constraint for intermediate dimension R1 in level AccumulationOutputRegister
  OK L0_L1 (2L, tile=207): E=4.339e+03 uJ, L=2.759e+06 cc, EDP=1.41e+04
[Tile Size Override] tile_size=207, scale_bandwidth=True, fmem_bw=(213, 207)
Creating architecture: Thesis_2Layers_534528KB_FMEM_8x256_PEs with coupling: dims: C0Y0X0R0S0Z0C1R1S1Z1PQ, in_coupling: [C0][Y0+R0][X0+S0], w_coupling: W0: [Z0][C0][R0][S0],W1: [Z1][C1][R1][S1],, out_coupling: [Z1][P][Q]
final_layer_dims: {'Q', 'Y0', 'S1', 'P', 'R1', 'Z1', 'C1', 'S0', 'R0', 'C0', 'X0'}, coupling.dims: ['C0', 'Y0', 'X0', 'R0', 'S0', 'Z0', 'C1', 'R1', 'S1', 'Z1', 'P', 'Q']
INFO: Arch: Thesis_2Layers_534528KB_FMEM_8x256_PEs: identified intermediate dimensions: {'Z0'}
INFO: Added high constraint for intermediate dimension P in level WeightRegister
INFO: Added high constraint for intermediate dimension R1 in level WeightRegister
INFO: Added high constraint for intermediate dimension P in level AccumulationIntermediateOutputRegister
INFO: Added high constraint for intermediate dimension R1 in level AccumulationIntermediateOutputRegister
INFO: Added high constraint for intermediate dimension P in level AccumulationOutputRegister
INFO: Added high constraint for intermediate dimension R1 in level AccumulationOutputRegister
  OK L2_L3 (2L, tile=207): E=8.390e+03 uJ, L=5.216e+06 cc, EDP=5.14e+04

====================================================================================================
COMPARISON RESULTS: MCCNN -- FULL FUSION vs Sum PARTIAL FUSION
====================================================================================================
  Architecture: DepFiN 8x256, FMEM=522KB, WMEM=32KB
====================================================================================================
Level                        Energy (uJ)   Latency (cc)            EDP       DRAM Reads      DRAM Writes
----------------------------------------------------------------------------------------------------
Full Fusion (1 ok)             1.177e+04      7.975e+06       9.39e+04          494,928       14,943,744
Sum Partial Fusion (2 ok)      1.273e+04      7.975e+06       1.02e+05       15,438,672       29,887,488

----------------------------------------------------------------------------------------------------
RATIOS (Full Fusion / Sum Partial Fusion) -- values < 1.0 mean fusion wins
----------------------------------------------------------------------------------------------------
Metric                    Ratio      Savings
---------------------------------------------
Energy                   0.9248        +7.5%
Latency                  1.0000        +0.0%
EDP                      0.9248        +7.5%
DRAM Reads               0.0321       +96.8%
DRAM Writes              0.5000       +50.0%

----------------------------------------------------------------------------------------------------
BASELINE DETAIL (Sum Partial Fusion):
----------------------------------------------------------------------------------------------------
Layer/Segment                     Energy (uJ)   Latency (cc)            EDP     Status
-------------------------------------------------------------------------------------
2layer/L0_L1                        4.339e+03      2.759e+06       1.41e+04         OK
2layer/L2_L3                        8.390e+03      5.216e+06       5.14e+04         OK

====================================================================================================

Results exported to: results/results_20260219_222237.csv

================================================================================
EXPERIMENT SUMMARY
================================================================================

Total experiments: 3
Successful: 3
Failed: 0

────────────────────────────────────────────────────────────────────────────────
Results by workload:
────────────────────────────────────────────────────────────────────────────────

MCCNN:
  full/4layer, fmem_size: 522kB, wmem_size: 32kB, pe_rows: 8, pe_cols: 256 -> E=1.18e+04μJ, L=7.98e+06cc, EDP=1.12e+05
  2layer/L0_L1, fmem_size: 522kB, wmem_size: 32kB, pe_rows: 8, pe_cols: 256 -> E=4.34e+03μJ, L=2.76e+06cc, EDP=1.41e+04
  2layer/L2_L3, fmem_size: 522kB, wmem_size: 32kB, pe_rows: 8, pe_cols: 256 -> E=8.39e+03μJ, L=5.22e+06cc, EDP=5.14e+04
