Creating architecture: Gemmini with coupling: dims: MKN, in_coupling: [K][N], w_coupling: W0: [M][K],, out_coupling: [M][N]
Creating architecture: Gemmini (conv) with coupling: dims: NMPQCRS, in_coupling: [N][C][Pstride*P+Rdilation*R][Qstride*Q+Sdilation*S], w_coupling: W0: [M][C][R][S],, out_coupling: [N][M][P][Q]
Creating architecture: Eyeriss with coupling: dims: MKN, in_coupling: [K][N], w_coupling: W0: [M][K],, out_coupling: [M][N]
Creating architecture: Eyeriss (conv) with coupling: dims: NMPQCRS, in_coupling: [N][C][Pstride*P+Rdilation*R][Qstride*Q+Sdilation*S], w_coupling: W0: [M][C][R][S],, out_coupling: [N][M][P][Q]
Creating architecture: Simba with coupling: dims: MKN, in_coupling: [K][N], w_coupling: W0: [M][K],, out_coupling: [M][N]
Creating architecture: Simba (conv) with coupling: dims: NMPQCRS, in_coupling: [N][C][Pstride*P+Rdilation*R][Qstride*Q+Sdilation*S], w_coupling: W0: [M][C][R][S],, out_coupling: [N][M][P][Q]
Creating architecture: TPUv1 with coupling: dims: MKN, in_coupling: [K][N], w_coupling: W0: [M][K],, out_coupling: [M][N]
Creating architecture: TPUv1 (conv) with coupling: dims: NMPQCRS, in_coupling: [N][C][Pstride*P+Rdilation*R][Qstride*Q+Sdilation*S], w_coupling: W0: [M][C][R][S],, out_coupling: [N][M][P][Q]

====================================================================================================
FIXED-CONFIG FUSION COMPARISON: RESNET18 -- FULL FUSION vs Sum PARTIAL FUSION
====================================================================================================
Architecture: DepFiN, PE=16x128 (2,048 total)
  FMEM=266KB, WMEM=10738KB
  Tile size override: 7
  ALL experiments use IDENTICAL architecture (fair comparison)
====================================================================================================

  Per-block tile sizes (from full fusion stride propagation):
    s1b1: tile=56
    s1b2: tile=56
    s2b1: tile=28
    s2b2: tile=28
    s3b1: tile=14
    s3b2: tile=14
    s4b1: tile=7
    s4b2: tile=7
--- FULL FUSION: resnet18/full/17layer ---
------ loading Accelergy ------
ACCELERGY PLUG-INS: ['Library', 'dummy', 'ADC Plug-In', 'DEPRECATED table-based-plug-ins. Use the Library plug-in instead.', 'Neurosim Plug-In', 'Aladdin_table', 'CactiCache', 'CactiDRAM', 'CactiSRAM']
[Stride-Aware Tiling] output_tile=7, cumulative_stride=16x16
  Input tile (X0): 112, Output tile (Q): 7
[Tile Size Override] tile_size=7, scale_bandwidth=False, fmem_bw=(132, 128)
Creating architecture: Thesis_17Layers_272384KB_FMEM_16x128_PEs with coupling: dims: C0Y0X0R0S0Z0C1R1S1Y1X1Z1C2R2S2Y2X2Z2C3R3S3Y3X3Z3C4R4S4Y4X4Z4C5R5S5Y5X5Z5C6R6S6Y6X6Z6C7R7S7Y7X7Z7C8R8S8Y8X8Z8C9R9S9Y9X9Z9C10R10S10Y10X10Z10C11R11S11Y11X11Z11C12R12S12Y12X12Z12C13R13S13Y13X13Z13C14R14S14Y14X14Z14C15R15S15Y15X15Z15C16R16S16PQZ16, in_coupling: [C0][Y0+R0][X0+S0], w_coupling: W0: [Z0][C0][R0][S0],W1: [Z1][C1][R1][S1],W2: [Z2][C2][R2][S2],W3: [Z3][C3][R3][S3],W4: [Z4][C4][R4][S4],W5: [Z5][C5][R5][S5],W6: [Z6][C6][R6][S6],W7: [Z7][C7][R7][S7],W8: [Z8][C8][R8][S8],W9: [Z9][C9][R9][S9],W10: [Z10][C10][R10][S10],W11: [Z11][C11][R11][S11],W12: [Z12][C12][R12][S12],W13: [Z13][C13][R13][S13],W14: [Z14][C14][R14][S14],W15: [Z15][C15][R15][S15],W16: [Z16][C16][R16][S16],, out_coupling: [Z16][P][Q]
final_layer_dims: {'Y0', 'R16', 'X0', 'R0', 'P', 'S16', 'C0', 'C16', 'S0', 'Z16', 'Q'}, coupling.dims: ['C0', 'Y0', 'X0', 'R0', 'S0', 'Z0', 'C1', 'R1', 'S1', 'Y1', 'X1', 'Z1', 'C2', 'R2', 'S2', 'Y2', 'X2', 'Z2', 'C3', 'R3', 'S3', 'Y3', 'X3', 'Z3', 'C4', 'R4', 'S4', 'Y4', 'X4', 'Z4', 'C5', 'R5', 'S5', 'Y5', 'X5', 'Z5', 'C6', 'R6', 'S6', 'Y6', 'X6', 'Z6', 'C7', 'R7', 'S7', 'Y7', 'X7', 'Z7', 'C8', 'R8', 'S8', 'Y8', 'X8', 'Z8', 'C9', 'R9', 'S9', 'Y9', 'X9', 'Z9', 'C10', 'R10', 'S10', 'Y10', 'X10', 'Z10', 'C11', 'R11', 'S11', 'Y11', 'X11', 'Z11', 'C12', 'R12', 'S12', 'Y12', 'X12', 'Z12', 'C13', 'R13', 'S13', 'Y13', 'X13', 'Z13', 'C14', 'R14', 'S14', 'Y14', 'X14', 'Z14', 'C15', 'R15', 'S15', 'Y15', 'X15', 'Z15', 'C16', 'R16', 'S16', 'P', 'Q', 'Z16']
INFO: Arch: Thesis_17Layers_272384KB_FMEM_16x128_PEs: identified intermediate dimensions: {'S3', 'X5', 'Z11', 'S6', 'X1', 'Y7', 'S1', 'C2', 'C8', 'X2', 'Z12', 'S15', 'Y1', 'C6', 'Z13', 'X6', 'Z0', 'X11', 'S8', 'S4', 'C13', 'R1', 'Z5', 'R3', 'R11', 'S9', 'X12', 'S13', 'R2', 'Z15', 'Y6', 'C9', 'S7', 'Y14', 'R14', 'C1', 'S2', 'Y10', 'S12', 'C7', 'Y15', 'X15', 'R15', 'Y13', 'X14', 'R5', 'Z9', 'C12', 'Y12', 'X3', 'X4', 'Y8', 'Z1', 'C3', 'Y2', 'X13', 'Y9', 'C11', 'X9', 'C4', 'R10', 'R6', 'S5', 'C5', 'Z6', 'S11', 'C10', 'X7', 'R8', 'R4', 'Z14', 'Y4', 'R13', 'X10', 'R7', 'Z3', 'Z7', 'Y3', 'R9', 'S14', 'C15', 'X8', 'Z10', 'C14', 'Z2', 'Z8', 'Y11', 'Z4', 'S10', 'R12', 'Y5'}
INFO: Added high constraint for intermediate dimension P in level WeightRegister
INFO: Added high constraint for intermediate dimension R1 in level WeightRegister
INFO: Added high constraint for intermediate dimension P in level AccumulationIntermediateOutputRegister
INFO: Added high constraint for intermediate dimension R1 in level AccumulationIntermediateOutputRegister
INFO: Added high constraint for intermediate dimension P in level AccumulationOutputRegister
INFO: Added high constraint for intermediate dimension R1 in level AccumulationOutputRegister
  OK Energy: 1.083e+04 uJ, Latency: 7.812e+06 cc, EDP: 1.51e+05

--- BASELINE: PARTIAL FUSION (2layer) ---
[Stride-Aware Tiling] output_tile=56, cumulative_stride=2x2
  Input tile (X0): 112, Output tile (Q): 56
[Tile Size Override] tile_size=56, scale_bandwidth=False, fmem_bw=(132, 128)
Creating architecture: Thesis_2Layers_272384KB_FMEM_16x128_PEs with coupling: dims: C0Y0X0R0S0Z0C1R1S1Z1PQ, in_coupling: [C0][Y0+R0][X0+S0], w_coupling: W0: [Z0][C0][R0][S0],W1: [Z1][C1][R1][S1],, out_coupling: [Z1][P][Q]
final_layer_dims: {'C1', 'Y0', 'R1', 'Z1', 'X0', 'S1', 'P', 'R0', 'C0', 'S0', 'Q'}, coupling.dims: ['C0', 'Y0', 'X0', 'R0', 'S0', 'Z0', 'C1', 'R1', 'S1', 'Z1', 'P', 'Q']
INFO: Arch: Thesis_2Layers_272384KB_FMEM_16x128_PEs: identified intermediate dimensions: {'Z0'}
INFO: Added high constraint for intermediate dimension P in level WeightRegister
INFO: Added high constraint for intermediate dimension R1 in level WeightRegister
INFO: Added high constraint for intermediate dimension P in level AccumulationIntermediateOutputRegister
INFO: Added high constraint for intermediate dimension R1 in level AccumulationIntermediateOutputRegister
INFO: Added high constraint for intermediate dimension P in level AccumulationOutputRegister
INFO: Added high constraint for intermediate dimension R1 in level AccumulationOutputRegister
  OK s1b1 (2L, tile=56): E=1.033e+03 uJ, L=1.958e+05 cc, EDP=3.70e+02
[Tile Size Override] tile_size=56, scale_bandwidth=False, fmem_bw=(132, 128)
Creating architecture: Thesis_3Layers_272384KB_FMEM_16x128_PEs with coupling: dims: C0Y0X0R0S0Z0C1R1S1Y1X1Z1C2R2S2PQZ2, in_coupling: [C0][Y0+R0][X0+S0], w_coupling: W0: [Z0][C0][R0][S0],W1: [Z1][C1][R1][S1],W2: [Z2][C2][R2][S2],, out_coupling: [Z2][P][Q]
final_layer_dims: {'R2', 'S2', 'Z2', 'Y0', 'X0', 'R0', 'P', 'C2', 'C0', 'S0', 'Q'}, coupling.dims: ['C0', 'Y0', 'X0', 'R0', 'S0', 'Z0', 'C1', 'R1', 'S1', 'Y1', 'X1', 'Z1', 'C2', 'R2', 'S2', 'P', 'Q', 'Z2']
INFO: Arch: Thesis_3Layers_272384KB_FMEM_16x128_PEs: identified intermediate dimensions: {'C1', 'Z0', 'X1', 'Z1', 'R1', 'S1', 'Y1'}
INFO: Added high constraint for intermediate dimension P in level WeightRegister
INFO: Added high constraint for intermediate dimension R1 in level WeightRegister
INFO: Added high constraint for intermediate dimension P in level AccumulationIntermediateOutputRegister
INFO: Added high constraint for intermediate dimension R1 in level AccumulationIntermediateOutputRegister
INFO: Added high constraint for intermediate dimension P in level AccumulationOutputRegister
INFO: Added high constraint for intermediate dimension R1 in level AccumulationOutputRegister
  OK s1b2 (3L, tile=56): E=1.541e+03 uJ, L=3.877e+05 cc, EDP=1.09e+03
[Stride-Aware Tiling] output_tile=28, cumulative_stride=2x2
  Input tile (X0): 56, Output tile (Q): 28
[Tile Size Override] tile_size=28, scale_bandwidth=False, fmem_bw=(132, 128)
Creating architecture: Thesis_2Layers_272384KB_FMEM_16x128_PEs with coupling: dims: C0Y0X0R0S0Z0C1R1S1Z1PQ, in_coupling: [C0][Y0+R0][X0+S0], w_coupling: W0: [Z0][C0][R0][S0],W1: [Z1][C1][R1][S1],, out_coupling: [Z1][P][Q]
final_layer_dims: {'C1', 'Y0', 'R1', 'Z1', 'X0', 'S1', 'P', 'R0', 'C0', 'S0', 'Q'}, coupling.dims: ['C0', 'Y0', 'X0', 'R0', 'S0', 'Z0', 'C1', 'R1', 'S1', 'Z1', 'P', 'Q']
INFO: Arch: Thesis_2Layers_272384KB_FMEM_16x128_PEs: identified intermediate dimensions: {'Z0'}
INFO: Added high constraint for intermediate dimension P in level WeightRegister
INFO: Added high constraint for intermediate dimension R1 in level WeightRegister
INFO: Added high constraint for intermediate dimension P in level AccumulationIntermediateOutputRegister
INFO: Added high constraint for intermediate dimension R1 in level AccumulationIntermediateOutputRegister
INFO: Added high constraint for intermediate dimension P in level AccumulationOutputRegister
INFO: Added high constraint for intermediate dimension R1 in level AccumulationOutputRegister
  OK s2b1 (2L, tile=28): E=1.548e+03 uJ, L=5.170e+05 cc, EDP=1.46e+03
[Tile Size Override] tile_size=28, scale_bandwidth=False, fmem_bw=(132, 128)
Creating architecture: Thesis_2Layers_272384KB_FMEM_16x128_PEs with coupling: dims: C0Y0X0R0S0Z0C1R1S1Z1PQ, in_coupling: [C0][Y0+R0][X0+S0], w_coupling: W0: [Z0][C0][R0][S0],W1: [Z1][C1][R1][S1],, out_coupling: [Z1][P][Q]
final_layer_dims: {'C1', 'Y0', 'R1', 'Z1', 'X0', 'S1', 'P', 'R0', 'C0', 'S0', 'Q'}, coupling.dims: ['C0', 'Y0', 'X0', 'R0', 'S0', 'Z0', 'C1', 'R1', 'S1', 'Z1', 'P', 'Q']
INFO: Arch: Thesis_2Layers_272384KB_FMEM_16x128_PEs: identified intermediate dimensions: {'Z0'}
INFO: Added high constraint for intermediate dimension P in level WeightRegister
INFO: Added high constraint for intermediate dimension R1 in level WeightRegister
INFO: Added high constraint for intermediate dimension P in level AccumulationIntermediateOutputRegister
INFO: Added high constraint for intermediate dimension R1 in level AccumulationIntermediateOutputRegister
INFO: Added high constraint for intermediate dimension P in level AccumulationOutputRegister
INFO: Added high constraint for intermediate dimension R1 in level AccumulationOutputRegister
  OK s2b2 (2L, tile=28): E=1.047e+03 uJ, L=5.165e+05 cc, EDP=9.80e+02
[Stride-Aware Tiling] output_tile=14, cumulative_stride=2x2
  Input tile (X0): 28, Output tile (Q): 14
[Tile Size Override] tile_size=14, scale_bandwidth=False, fmem_bw=(132, 128)
Creating architecture: Thesis_2Layers_272384KB_FMEM_16x128_PEs with coupling: dims: C0Y0X0R0S0Z0C1R1S1Z1PQ, in_coupling: [C0][Y0+R0][X0+S0], w_coupling: W0: [Z0][C0][R0][S0],W1: [Z1][C1][R1][S1],, out_coupling: [Z1][P][Q]
final_layer_dims: {'C1', 'Y0', 'R1', 'Z1', 'X0', 'S1', 'P', 'R0', 'C0', 'S0', 'Q'}, coupling.dims: ['C0', 'Y0', 'X0', 'R0', 'S0', 'Z0', 'C1', 'R1', 'S1', 'Z1', 'P', 'Q']
INFO: Arch: Thesis_2Layers_272384KB_FMEM_16x128_PEs: identified intermediate dimensions: {'Z0'}
INFO: Added high constraint for intermediate dimension P in level WeightRegister
INFO: Added high constraint for intermediate dimension R1 in level WeightRegister
INFO: Added high constraint for intermediate dimension P in level AccumulationIntermediateOutputRegister
INFO: Added high constraint for intermediate dimension R1 in level AccumulationIntermediateOutputRegister
INFO: Added high constraint for intermediate dimension P in level AccumulationOutputRegister
INFO: Added high constraint for intermediate dimension R1 in level AccumulationOutputRegister
  OK s3b1 (2L, tile=14): E=1.595e+03 uJ, L=1.033e+06 cc, EDP=2.97e+03
[Tile Size Override] tile_size=14, scale_bandwidth=False, fmem_bw=(132, 128)
Creating architecture: Thesis_2Layers_272384KB_FMEM_16x128_PEs with coupling: dims: C0Y0X0R0S0Z0C1R1S1Z1PQ, in_coupling: [C0][Y0+R0][X0+S0], w_coupling: W0: [Z0][C0][R0][S0],W1: [Z1][C1][R1][S1],, out_coupling: [Z1][P][Q]
final_layer_dims: {'C1', 'Y0', 'R1', 'Z1', 'X0', 'S1', 'P', 'R0', 'C0', 'S0', 'Q'}, coupling.dims: ['C0', 'Y0', 'X0', 'R0', 'S0', 'Z0', 'C1', 'R1', 'S1', 'Z1', 'P', 'Q']
INFO: Arch: Thesis_2Layers_272384KB_FMEM_16x128_PEs: identified intermediate dimensions: {'Z0'}
INFO: Added high constraint for intermediate dimension P in level WeightRegister
INFO: Added high constraint for intermediate dimension R1 in level WeightRegister
INFO: Added high constraint for intermediate dimension P in level AccumulationIntermediateOutputRegister
INFO: Added high constraint for intermediate dimension R1 in level AccumulationIntermediateOutputRegister
INFO: Added high constraint for intermediate dimension P in level AccumulationOutputRegister
INFO: Added high constraint for intermediate dimension R1 in level AccumulationOutputRegister
  OK s3b2 (2L, tile=14): E=1.102e+03 uJ, L=1.033e+06 cc, EDP=2.02e+03
[Stride-Aware Tiling] output_tile=7, cumulative_stride=2x2
  Input tile (X0): 14, Output tile (Q): 7
[Tile Size Override] tile_size=7, scale_bandwidth=False, fmem_bw=(132, 128)
Creating architecture: Thesis_2Layers_272384KB_FMEM_16x128_PEs with coupling: dims: C0Y0X0R0S0Z0C1R1S1Z1PQ, in_coupling: [C0][Y0+R0][X0+S0], w_coupling: W0: [Z0][C0][R0][S0],W1: [Z1][C1][R1][S1],, out_coupling: [Z1][P][Q]
final_layer_dims: {'C1', 'Y0', 'R1', 'Z1', 'X0', 'S1', 'P', 'R0', 'C0', 'S0', 'Q'}, coupling.dims: ['C0', 'Y0', 'X0', 'R0', 'S0', 'Z0', 'C1', 'R1', 'S1', 'Z1', 'P', 'Q']
INFO: Arch: Thesis_2Layers_272384KB_FMEM_16x128_PEs: identified intermediate dimensions: {'Z0'}
INFO: Added high constraint for intermediate dimension P in level WeightRegister
INFO: Added high constraint for intermediate dimension R1 in level WeightRegister
INFO: Added high constraint for intermediate dimension P in level AccumulationIntermediateOutputRegister
INFO: Added high constraint for intermediate dimension R1 in level AccumulationIntermediateOutputRegister
INFO: Added high constraint for intermediate dimension P in level AccumulationOutputRegister
INFO: Added high constraint for intermediate dimension R1 in level AccumulationOutputRegister
  OK s4b1 (2L, tile=7): E=1.738e+03 uJ, L=2.065e+06 cc, EDP=6.25e+03
[Tile Size Override] tile_size=7, scale_bandwidth=False, fmem_bw=(132, 128)
Creating architecture: Thesis_2Layers_272384KB_FMEM_16x128_PEs with coupling: dims: C0Y0X0R0S0Z0C1R1S1Z1PQ, in_coupling: [C0][Y0+R0][X0+S0], w_coupling: W0: [Z0][C0][R0][S0],W1: [Z1][C1][R1][S1],, out_coupling: [Z1][P][Q]
final_layer_dims: {'C1', 'Y0', 'R1', 'Z1', 'X0', 'S1', 'P', 'R0', 'C0', 'S0', 'Q'}, coupling.dims: ['C0', 'Y0', 'X0', 'R0', 'S0', 'Z0', 'C1', 'R1', 'S1', 'Z1', 'P', 'Q']
INFO: Arch: Thesis_2Layers_272384KB_FMEM_16x128_PEs: identified intermediate dimensions: {'Z0'}
INFO: Added high constraint for intermediate dimension P in level WeightRegister
INFO: Added high constraint for intermediate dimension R1 in level WeightRegister
INFO: Added high constraint for intermediate dimension P in level AccumulationIntermediateOutputRegister
INFO: Added high constraint for intermediate dimension R1 in level AccumulationIntermediateOutputRegister
INFO: Added high constraint for intermediate dimension P in level AccumulationOutputRegister
INFO: Added high constraint for intermediate dimension R1 in level AccumulationOutputRegister
  OK s4b2 (2L, tile=7): E=1.275e+03 uJ, L=2.065e+06 cc, EDP=4.42e+03

====================================================================================================
COMPARISON RESULTS: RESNET18 -- FULL FUSION vs Sum PARTIAL FUSION
====================================================================================================
  Architecture: DepFiN 16x128, FMEM=266KB, WMEM=10738KB
====================================================================================================
Level                        Energy (uJ)   Latency (cc)            EDP       DRAM Reads      DRAM Writes
----------------------------------------------------------------------------------------------------
Full Fusion (1 ok)             1.083e+04      7.812e+06       8.46e+04       11,032,512           25,088
Sum Partial Fusion (8 ok)      1.088e+04      7.813e+06       8.50e+04       11,760,064          752,640

----------------------------------------------------------------------------------------------------
RATIOS (Full Fusion / Sum Partial Fusion) -- values < 1.0 mean fusion wins
----------------------------------------------------------------------------------------------------
Metric                    Ratio      Savings
---------------------------------------------
Energy                   0.9957        +0.4%
Latency                  0.9999        +0.0%
EDP                      0.9956        +0.4%
DRAM Reads               0.9381        +6.2%
DRAM Writes              0.0333       +96.7%

----------------------------------------------------------------------------------------------------
BASELINE DETAIL (Sum Partial Fusion):
----------------------------------------------------------------------------------------------------
Layer/Segment                     Energy (uJ)   Latency (cc)            EDP     Status
-------------------------------------------------------------------------------------
2layer/s1b1                         1.033e+03      1.958e+05       3.70e+02         OK
2layer/s1b2                         1.541e+03      3.877e+05       1.09e+03         OK
2layer/s2b1                         1.548e+03      5.170e+05       1.46e+03         OK
2layer/s2b2                         1.047e+03      5.165e+05       9.80e+02         OK
2layer/s3b1                         1.595e+03      1.033e+06       2.97e+03         OK
2layer/s3b2                         1.102e+03      1.033e+06       2.02e+03         OK
2layer/s4b1                         1.738e+03      2.065e+06       6.25e+03         OK
2layer/s4b2                         1.275e+03      2.065e+06       4.42e+03         OK

====================================================================================================

Results exported to: results/results_20260219_124358.csv

================================================================================
EXPERIMENT SUMMARY
================================================================================

Total experiments: 9
Successful: 9
Failed: 0

────────────────────────────────────────────────────────────────────────────────
Results by workload:
────────────────────────────────────────────────────────────────────────────────

RESNET18:
  full/17layer, fmem_size: 266kB, wmem_size: 10738kB, pe_rows: 16, pe_cols: 128 -> E=1.08e+04μJ, L=7.81e+06cc, EDP=1.51e+05
  2layer/s1b1, fmem_size: 266kB, wmem_size: 10738kB, pe_rows: 16, pe_cols: 128 -> E=1.03e+03μJ, L=1.96e+05cc, EDP=3.70e+02
  2layer/s1b2, fmem_size: 266kB, wmem_size: 10738kB, pe_rows: 16, pe_cols: 128 -> E=1.54e+03μJ, L=3.88e+05cc, EDP=1.09e+03
  2layer/s2b1, fmem_size: 266kB, wmem_size: 10738kB, pe_rows: 16, pe_cols: 128 -> E=1.55e+03μJ, L=5.17e+05cc, EDP=1.46e+03
  2layer/s2b2, fmem_size: 266kB, wmem_size: 10738kB, pe_rows: 16, pe_cols: 128 -> E=1.05e+03μJ, L=5.17e+05cc, EDP=9.80e+02
  2layer/s3b1, fmem_size: 266kB, wmem_size: 10738kB, pe_rows: 16, pe_cols: 128 -> E=1.59e+03μJ, L=1.03e+06cc, EDP=2.97e+03
  2layer/s3b2, fmem_size: 266kB, wmem_size: 10738kB, pe_rows: 16, pe_cols: 128 -> E=1.10e+03μJ, L=1.03e+06cc, EDP=2.02e+03
  2layer/s4b1, fmem_size: 266kB, wmem_size: 10738kB, pe_rows: 16, pe_cols: 128 -> E=1.74e+03μJ, L=2.07e+06cc, EDP=6.25e+03
  2layer/s4b2, fmem_size: 266kB, wmem_size: 10738kB, pe_rows: 16, pe_cols: 128 -> E=1.27e+03μJ, L=2.06e+06cc, EDP=4.42e+03
