Creating architecture: Gemmini with coupling: dims: MKN, in_coupling: [K][N], w_coupling: W0: [M][K],, out_coupling: [M][N]
Creating architecture: Gemmini (conv) with coupling: dims: NMPQCRS, in_coupling: [N][C][Pstride*P+Rdilation*R][Qstride*Q+Sdilation*S], w_coupling: W0: [M][C][R][S],, out_coupling: [N][M][P][Q]
Creating architecture: Eyeriss with coupling: dims: MKN, in_coupling: [K][N], w_coupling: W0: [M][K],, out_coupling: [M][N]
Creating architecture: Eyeriss (conv) with coupling: dims: NMPQCRS, in_coupling: [N][C][Pstride*P+Rdilation*R][Qstride*Q+Sdilation*S], w_coupling: W0: [M][C][R][S],, out_coupling: [N][M][P][Q]
Creating architecture: Simba with coupling: dims: MKN, in_coupling: [K][N], w_coupling: W0: [M][K],, out_coupling: [M][N]
Creating architecture: Simba (conv) with coupling: dims: NMPQCRS, in_coupling: [N][C][Pstride*P+Rdilation*R][Qstride*Q+Sdilation*S], w_coupling: W0: [M][C][R][S],, out_coupling: [N][M][P][Q]
Creating architecture: TPUv1 with coupling: dims: MKN, in_coupling: [K][N], w_coupling: W0: [M][K],, out_coupling: [M][N]
Creating architecture: TPUv1 (conv) with coupling: dims: NMPQCRS, in_coupling: [N][C][Pstride*P+Rdilation*R][Qstride*Q+Sdilation*S], w_coupling: W0: [M][C][R][S],, out_coupling: [N][M][P][Q]

====================================================================================================
FIXED-CONFIG FUSION COMPARISON: VGG16 -- FULL FUSION vs Sum PARTIAL FUSION
====================================================================================================
Architecture: DepFiN, PE=16x128 (2,048 total)
  FMEM=568KB, WMEM=14366KB
  Tile size override: 14
  ALL experiments use IDENTICAL architecture (fair comparison)
====================================================================================================

  Per-block tile sizes (from full fusion stride propagation):
    block1: tile=128
    block2: tile=112
    block3: tile=56
    L6: tile=56
    block4: tile=28
    L9: tile=28
    block5: tile=14
    L12: tile=14
--- FULL FUSION: vgg16/full/13layer ---
------ loading Accelergy ------
WARNING: Accelergy package not found or incompatible, trying a manual import from ACCELERGY_PATH.
ACCELERGY PLUG-INS: ['Library', 'dummy', 'ADC Plug-In', 'DEPRECATED table-based-plug-ins. Use the Library plug-in instead.', 'Neurosim Plug-In', 'Aladdin_table', 'CactiCache', 'CactiDRAM', 'CactiSRAM']
[Stride-Aware Tiling] output_tile=14, cumulative_stride=16x16
  Input tile (X0): 128, Output tile (Q): 14
Warning: stride-aware tile 28 for X10 is not valid for dim_size 14 (must divide evenly and be <= 128). Using GCD fallback.
Warning: stride-aware tile 56 for X7 is not valid for dim_size 28 (must divide evenly and be <= 128). Using GCD fallback.
Warning: stride-aware tile 112 for X4 is not valid for dim_size 56 (must divide evenly and be <= 128). Using GCD fallback.
Warning: stride-aware tile 128 for X2 is not valid for dim_size 112 (must divide evenly and be <= 128). Using GCD fallback.
Warning: stride-aware tile 128 for X1 is not valid for dim_size 224 (must divide evenly and be <= 128). Using GCD fallback.
Warning: stride-aware tile 128 for X0 is not valid for dim_size 224 (must divide evenly and be <= 128). Using GCD fallback.
[Tile Size Override] tile_size=14, scale_bandwidth=True, fmem_bw=(14, 14)
Creating architecture: Thesis_13Layers_581632KB_FMEM_16x128_PEs with coupling: dims: C0Y0X0R0S0Z0C1R1S1Y1X1Z1C2R2S2Y2X2Z2C3R3S3Y3X3Z3C4R4S4Y4X4Z4C5R5S5Y5X5Z5C6R6S6Y6X6Z6C7R7S7Y7X7Z7C8R8S8Y8X8Z8C9R9S9Y9X9Z9C10R10S10Y10X10Z10C11R11S11Y11X11Z11C12R12S12PQZ12, in_coupling: [C0][Y0+R0][X0+S0], w_coupling: W0: [Z0][C0][R0][S0],W1: [Z1][C1][R1][S1],W2: [Z2][C2][R2][S2],W3: [Z3][C3][R3][S3],W4: [Z4][C4][R4][S4],W5: [Z5][C5][R5][S5],W6: [Z6][C6][R6][S6],W7: [Z7][C7][R7][S7],W8: [Z8][C8][R8][S8],W9: [Z9][C9][R9][S9],W10: [Z10][C10][R10][S10],W11: [Z11][C11][R11][S11],W12: [Z12][C12][R12][S12],, out_coupling: [Z12][P][Q]
final_layer_dims: {'S12', 'S0', 'Q', 'C0', 'R12', 'X0', 'Y0', 'Z12', 'C12', 'P', 'R0'}, coupling.dims: ['C0', 'Y0', 'X0', 'R0', 'S0', 'Z0', 'C1', 'R1', 'S1', 'Y1', 'X1', 'Z1', 'C2', 'R2', 'S2', 'Y2', 'X2', 'Z2', 'C3', 'R3', 'S3', 'Y3', 'X3', 'Z3', 'C4', 'R4', 'S4', 'Y4', 'X4', 'Z4', 'C5', 'R5', 'S5', 'Y5', 'X5', 'Z5', 'C6', 'R6', 'S6', 'Y6', 'X6', 'Z6', 'C7', 'R7', 'S7', 'Y7', 'X7', 'Z7', 'C8', 'R8', 'S8', 'Y8', 'X8', 'Z8', 'C9', 'R9', 'S9', 'Y9', 'X9', 'Z9', 'C10', 'R10', 'S10', 'Y10', 'X10', 'Z10', 'C11', 'R11', 'S11', 'Y11', 'X11', 'Z11', 'C12', 'R12', 'S12', 'P', 'Q', 'Z12']
INFO: Arch: Thesis_13Layers_581632KB_FMEM_16x128_PEs: identified intermediate dimensions: {'C2', 'Y3', 'Z10', 'Z3', 'C7', 'Z2', 'Y11', 'C4', 'C9', 'Z11', 'S7', 'R3', 'Y6', 'Z6', 'Y1', 'R7', 'R4', 'Z0', 'Y7', 'R1', 'R5', 'Z5', 'S1', 'S3', 'R8', 'S2', 'Z1', 'C3', 'X4', 'C11', 'Y10', 'C6', 'R10', 'Y9', 'S5', 'Z7', 'R6', 'Z8', 'Z4', 'R11', 'S11', 'Y2', 'C1', 'X8', 'C10', 'X7', 'X6', 'S10', 'C8', 'X3', 'S4', 'X2', 'R9', 'R2', 'S9', 'Y8', 'X5', 'X11', 'X10', 'C5', 'S8', 'X1', 'X9', 'S6', 'Z9', 'Y5', 'Y4'}
INFO: Added high constraint for intermediate dimension P in level WeightRegister
INFO: Added high constraint for intermediate dimension R1 in level WeightRegister
INFO: Added high constraint for intermediate dimension P in level AccumulationIntermediateOutputRegister
INFO: Added high constraint for intermediate dimension R1 in level AccumulationIntermediateOutputRegister
INFO: Added high constraint for intermediate dimension P in level AccumulationOutputRegister
INFO: Added high constraint for intermediate dimension R1 in level AccumulationOutputRegister
  OK Energy: 7.609e+04 uJ, Latency: 2.728e+07 cc, EDP: 3.82e+06

--- BASELINE: PARTIAL FUSION (block) ---
Warning: stride-aware tile 128 for Q is not valid for dim_size 224 (must divide evenly and be <= 128). Using GCD fallback.
Warning: stride-aware tile 128 for X0 is not valid for dim_size 224 (must divide evenly and be <= 128). Using GCD fallback.
[Tile Size Override] tile_size=128, scale_bandwidth=True, fmem_bw=(132, 128)
Creating architecture: Thesis_2Layers_581632KB_FMEM_16x128_PEs with coupling: dims: C0Y0X0R0S0Z0C1R1S1Z1PQ, in_coupling: [C0][Y0+R0][X0+S0], w_coupling: W0: [Z0][C0][R0][S0],W1: [Z1][C1][R1][S1],, out_coupling: [Z1][P][Q]
final_layer_dims: {'S1', 'S0', 'Y0', 'Q', 'R1', 'C0', 'X0', 'C1', 'Z1', 'P', 'R0'}, coupling.dims: ['C0', 'Y0', 'X0', 'R0', 'S0', 'Z0', 'C1', 'R1', 'S1', 'Z1', 'P', 'Q']
INFO: Arch: Thesis_2Layers_581632KB_FMEM_16x128_PEs: identified intermediate dimensions: {'Z0'}
INFO: Added high constraint for intermediate dimension P in level WeightRegister
INFO: Added high constraint for intermediate dimension R1 in level WeightRegister
INFO: Added high constraint for intermediate dimension P in level AccumulationIntermediateOutputRegister
INFO: Added high constraint for intermediate dimension R1 in level AccumulationIntermediateOutputRegister
INFO: Added high constraint for intermediate dimension P in level AccumulationOutputRegister
INFO: Added high constraint for intermediate dimension R1 in level AccumulationOutputRegister
  OK block1 (2L, tile=128): E=9.523e+03 uJ, L=1.091e+06 cc, EDP=1.92e+04
[Stride-Aware Tiling] output_tile=112, cumulative_stride=2x2
  Input tile (X0): 128, Output tile (Q): 112
Warning: stride-aware tile 128 for X0 is not valid for dim_size 112 (must divide evenly and be <= 128). Using GCD fallback.
[Tile Size Override] tile_size=112, scale_bandwidth=True, fmem_bw=(115, 112)
Creating architecture: Thesis_2Layers_581632KB_FMEM_16x128_PEs with coupling: dims: C0Y0X0R0S0Z0C1R1S1Z1PQ, in_coupling: [C0][Y0+R0][X0+S0], w_coupling: W0: [Z0][C0][R0][S0],W1: [Z1][C1][R1][S1],, out_coupling: [Z1][P][Q]
final_layer_dims: {'S1', 'S0', 'Y0', 'Q', 'R1', 'C0', 'X0', 'C1', 'Z1', 'P', 'R0'}, coupling.dims: ['C0', 'Y0', 'X0', 'R0', 'S0', 'Z0', 'C1', 'R1', 'S1', 'Z1', 'P', 'Q']
INFO: Arch: Thesis_2Layers_581632KB_FMEM_16x128_PEs: identified intermediate dimensions: {'Z0'}
INFO: Added high constraint for intermediate dimension P in level WeightRegister
INFO: Added high constraint for intermediate dimension R1 in level WeightRegister
INFO: Added high constraint for intermediate dimension P in level AccumulationIntermediateOutputRegister
INFO: Added high constraint for intermediate dimension R1 in level AccumulationIntermediateOutputRegister
INFO: Added high constraint for intermediate dimension P in level AccumulationOutputRegister
INFO: Added high constraint for intermediate dimension R1 in level AccumulationOutputRegister
  OK block2 (2L, tile=112): E=1.357e+04 uJ, L=1.550e+06 cc, EDP=3.89e+04
[Stride-Aware Tiling] output_tile=56, cumulative_stride=2x2
  Input tile (X0): 112, Output tile (Q): 56
Warning: stride-aware tile 112 for X0 is not valid for dim_size 56 (must divide evenly and be <= 128). Using GCD fallback.
[Tile Size Override] tile_size=56, scale_bandwidth=True, fmem_bw=(57, 56)
Creating architecture: Thesis_2Layers_581632KB_FMEM_16x128_PEs with coupling: dims: C0Y0X0R0S0Z0C1R1S1Z1PQ, in_coupling: [C0][Y0+R0][X0+S0], w_coupling: W0: [Z0][C0][R0][S0],W1: [Z1][C1][R1][S1],, out_coupling: [Z1][P][Q]
final_layer_dims: {'S1', 'S0', 'Y0', 'Q', 'R1', 'C0', 'X0', 'C1', 'Z1', 'P', 'R0'}, coupling.dims: ['C0', 'Y0', 'X0', 'R0', 'S0', 'Z0', 'C1', 'R1', 'S1', 'Z1', 'P', 'Q']
INFO: Arch: Thesis_2Layers_581632KB_FMEM_16x128_PEs: identified intermediate dimensions: {'Z0'}
INFO: Added high constraint for intermediate dimension P in level WeightRegister
INFO: Added high constraint for intermediate dimension R1 in level WeightRegister
INFO: Added high constraint for intermediate dimension P in level AccumulationIntermediateOutputRegister
INFO: Added high constraint for intermediate dimension R1 in level AccumulationIntermediateOutputRegister
INFO: Added high constraint for intermediate dimension P in level AccumulationOutputRegister
INFO: Added high constraint for intermediate dimension R1 in level AccumulationOutputRegister
  OK block3 (2L, tile=56): E=1.365e+04 uJ, L=3.098e+06 cc, EDP=7.81e+04
Creating architecture: Thesis_1Layer_581632B_FMEM_16x128_PEs with coupling: dims: MPQCRS, in_coupling: [C][P+R][Q+S], w_coupling: W0: [M][C][R][S],, out_coupling: [M][P][Q]
  OK L6 (1L, tile=56): E=2.747e+02 uJ, L=2.064e+06 cc, EDP=8.56e+02
[Stride-Aware Tiling] output_tile=28, cumulative_stride=2x2
  Input tile (X0): 56, Output tile (Q): 28
Warning: stride-aware tile 56 for X0 is not valid for dim_size 28 (must divide evenly and be <= 128). Using GCD fallback.
[Tile Size Override] tile_size=28, scale_bandwidth=True, fmem_bw=(28, 28)
Creating architecture: Thesis_2Layers_581632KB_FMEM_16x128_PEs with coupling: dims: C0Y0X0R0S0Z0C1R1S1Z1PQ, in_coupling: [C0][Y0+R0][X0+S0], w_coupling: W0: [Z0][C0][R0][S0],W1: [Z1][C1][R1][S1],, out_coupling: [Z1][P][Q]
final_layer_dims: {'S1', 'S0', 'Y0', 'Q', 'R1', 'C0', 'X0', 'C1', 'Z1', 'P', 'R0'}, coupling.dims: ['C0', 'Y0', 'X0', 'R0', 'S0', 'Z0', 'C1', 'R1', 'S1', 'Z1', 'P', 'Q']
INFO: Arch: Thesis_2Layers_581632KB_FMEM_16x128_PEs: identified intermediate dimensions: {'Z0'}
INFO: Added high constraint for intermediate dimension P in level WeightRegister
INFO: Added high constraint for intermediate dimension R1 in level WeightRegister
INFO: Added high constraint for intermediate dimension P in level AccumulationIntermediateOutputRegister
INFO: Added high constraint for intermediate dimension R1 in level AccumulationIntermediateOutputRegister
INFO: Added high constraint for intermediate dimension P in level AccumulationOutputRegister
INFO: Added high constraint for intermediate dimension R1 in level AccumulationOutputRegister
  OK block4 (2L, tile=28): E=1.392e+04 uJ, L=6.195e+06 cc, EDP=1.58e+05
Creating architecture: Thesis_1Layer_581632B_FMEM_16x128_PEs with coupling: dims: MPQCRS, in_coupling: [C][P+R][Q+S], w_coupling: W0: [M][C][R][S],, out_coupling: [M][P][Q]
  OK L9 (1L, tile=28): E=4.523e+02 uJ, L=4.129e+06 cc, EDP=3.04e+03
[Stride-Aware Tiling] output_tile=14, cumulative_stride=2x2
  Input tile (X0): 28, Output tile (Q): 14
Warning: stride-aware tile 28 for X0 is not valid for dim_size 14 (must divide evenly and be <= 128). Using GCD fallback.
[Tile Size Override] tile_size=14, scale_bandwidth=True, fmem_bw=(14, 14)
Creating architecture: Thesis_2Layers_581632KB_FMEM_16x128_PEs with coupling: dims: C0Y0X0R0S0Z0C1R1S1Z1PQ, in_coupling: [C0][Y0+R0][X0+S0], w_coupling: W0: [Z0][C0][R0][S0],W1: [Z1][C1][R1][S1],, out_coupling: [Z1][P][Q]
final_layer_dims: {'S1', 'S0', 'Y0', 'Q', 'R1', 'C0', 'X0', 'C1', 'Z1', 'P', 'R0'}, coupling.dims: ['C0', 'Y0', 'X0', 'R0', 'S0', 'Z0', 'C1', 'R1', 'S1', 'Z1', 'P', 'Q']
INFO: Arch: Thesis_2Layers_581632KB_FMEM_16x128_PEs: identified intermediate dimensions: {'Z0'}
INFO: Added high constraint for intermediate dimension P in level WeightRegister
INFO: Added high constraint for intermediate dimension R1 in level WeightRegister
INFO: Added high constraint for intermediate dimension P in level AccumulationIntermediateOutputRegister
INFO: Added high constraint for intermediate dimension R1 in level AccumulationIntermediateOutputRegister
INFO: Added high constraint for intermediate dimension P in level AccumulationOutputRegister
INFO: Added high constraint for intermediate dimension R1 in level AccumulationOutputRegister
  OK block5 (2L, tile=14): E=4.891e+03 uJ, L=4.130e+06 cc, EDP=3.62e+04
Creating architecture: Thesis_1Layer_581632B_FMEM_16x128_PEs with coupling: dims: MPQCRS, in_coupling: [C][P+R][Q+S], w_coupling: W0: [M][C][R][S],, out_coupling: [M][P][Q]
  OK L12 (1L, tile=14): E=2.433e+02 uJ, L=2.064e+06 cc, EDP=8.06e+02

====================================================================================================
COMPARISON RESULTS: VGG16 -- FULL FUSION vs Sum PARTIAL FUSION
====================================================================================================
  Architecture: DepFiN 16x128, FMEM=568KB, WMEM=14366KB
====================================================================================================
Level                        Energy (uJ)   Latency (cc)            EDP       DRAM Reads      DRAM Writes
----------------------------------------------------------------------------------------------------
Full Fusion (1 ok)             7.609e+04      2.728e+07       2.08e+06       14,860,992          100,352
Sum Partial Fusion (8 ok)      5.652e+04      2.432e+07       1.37e+06       17,670,848        7,426,048

----------------------------------------------------------------------------------------------------
RATIOS (Full Fusion / Sum Partial Fusion) -- values < 1.0 mean fusion wins
----------------------------------------------------------------------------------------------------
Metric                    Ratio      Savings
---------------------------------------------
Energy                   1.3463       -34.6%
Latency                  1.1215       -12.1%
EDP                      1.5098       -51.0%
DRAM Reads               0.8410       +15.9%
DRAM Writes              0.0135       +98.6%

----------------------------------------------------------------------------------------------------
BASELINE DETAIL (Sum Partial Fusion):
----------------------------------------------------------------------------------------------------
Layer/Segment                     Energy (uJ)   Latency (cc)            EDP     Status
-------------------------------------------------------------------------------------
block/block1                        9.523e+03      1.091e+06       1.92e+04         OK
block/block2                        1.357e+04      1.550e+06       3.89e+04         OK
block/block3                        1.365e+04      3.098e+06       7.81e+04         OK
block/L6                            2.747e+02      2.064e+06       8.56e+02         OK
block/block4                        1.392e+04      6.195e+06       1.58e+05         OK
block/L9                            4.523e+02      4.129e+06       3.04e+03         OK
block/block5                        4.891e+03      4.130e+06       3.62e+04         OK
block/L12                           2.433e+02      2.064e+06       8.06e+02         OK

====================================================================================================

Results exported to: results/results_20260219_212316.csv

================================================================================
EXPERIMENT SUMMARY
================================================================================

Total experiments: 9
Successful: 9
Failed: 0

────────────────────────────────────────────────────────────────────────────────
Results by workload:
────────────────────────────────────────────────────────────────────────────────

VGG16:
  full/13layer, fmem_size: 568kB, wmem_size: 14366kB, pe_rows: 16, pe_cols: 128 -> E=7.61e+04μJ, L=2.73e+07cc, EDP=3.82e+06
  block/block1, fmem_size: 568kB, wmem_size: 14366kB, pe_rows: 16, pe_cols: 128 -> E=9.52e+03μJ, L=1.09e+06cc, EDP=1.92e+04
  block/block2, fmem_size: 568kB, wmem_size: 14366kB, pe_rows: 16, pe_cols: 128 -> E=1.36e+04μJ, L=1.55e+06cc, EDP=3.89e+04
  block/block3, fmem_size: 568kB, wmem_size: 14366kB, pe_rows: 16, pe_cols: 128 -> E=1.36e+04μJ, L=3.10e+06cc, EDP=7.81e+04
  block/L6, fmem_size: 568kB, wmem_size: 14366kB, pe_rows: 16, pe_cols: 128 -> E=2.75e+02μJ, L=2.06e+06cc, EDP=8.56e+02
  block/block4, fmem_size: 568kB, wmem_size: 14366kB, pe_rows: 16, pe_cols: 128 -> E=1.39e+04μJ, L=6.19e+06cc, EDP=1.58e+05
  block/L9, fmem_size: 568kB, wmem_size: 14366kB, pe_rows: 16, pe_cols: 128 -> E=4.52e+02μJ, L=4.13e+06cc, EDP=3.04e+03
  block/block5, fmem_size: 568kB, wmem_size: 14366kB, pe_rows: 16, pe_cols: 128 -> E=4.89e+03μJ, L=4.13e+06cc, EDP=3.62e+04
  block/L12, fmem_size: 568kB, wmem_size: 14366kB, pe_rows: 16, pe_cols: 128 -> E=2.43e+02μJ, L=2.06e+06cc, EDP=8.06e+02
