Creating architecture: Gemmini with coupling: dims: MKN, in_coupling: [K][N], w_coupling: W0: [M][K],, out_coupling: [M][N]
Creating architecture: Gemmini (conv) with coupling: dims: NMPQCRS, in_coupling: [N][C][Pstride*P+Rdilation*R][Qstride*Q+Sdilation*S], w_coupling: W0: [M][C][R][S],, out_coupling: [N][M][P][Q]
Creating architecture: Eyeriss with coupling: dims: MKN, in_coupling: [K][N], w_coupling: W0: [M][K],, out_coupling: [M][N]
Creating architecture: Eyeriss (conv) with coupling: dims: NMPQCRS, in_coupling: [N][C][Pstride*P+Rdilation*R][Qstride*Q+Sdilation*S], w_coupling: W0: [M][C][R][S],, out_coupling: [N][M][P][Q]
Creating architecture: Simba with coupling: dims: MKN, in_coupling: [K][N], w_coupling: W0: [M][K],, out_coupling: [M][N]
Creating architecture: Simba (conv) with coupling: dims: NMPQCRS, in_coupling: [N][C][Pstride*P+Rdilation*R][Qstride*Q+Sdilation*S], w_coupling: W0: [M][C][R][S],, out_coupling: [N][M][P][Q]
Creating architecture: TPUv1 with coupling: dims: MKN, in_coupling: [K][N], w_coupling: W0: [M][K],, out_coupling: [M][N]
Creating architecture: TPUv1 (conv) with coupling: dims: NMPQCRS, in_coupling: [N][C][Pstride*P+Rdilation*R][Qstride*Q+Sdilation*S], w_coupling: W0: [M][C][R][S],, out_coupling: [N][M][P][Q]

====================================================================================================
FIXED-CONFIG FUSION COMPARISON: VGG16 -- Sum PARTIAL FUSION vs Sum SINGLES
====================================================================================================
Architecture: DepFiN, PE=16x128 (2,048 total)
  FMEM=110KB, WMEM=4608KB
  Tile size override: 14
  ALL experiments use IDENTICAL architecture (fair comparison)
====================================================================================================

  Per-block tile sizes (from full fusion stride propagation):
    block1: tile=128
    block2: tile=112
    block3: tile=56
    L6: tile=56
    block4: tile=28
    L9: tile=28
    block5: tile=14
    L12: tile=14
--- PARTIAL FUSION (block) ---
------ loading Accelergy ------
WARNING: Accelergy package not found or incompatible, trying a manual import from ACCELERGY_PATH.
ACCELERGY PLUG-INS: ['Library', 'dummy', 'ADC Plug-In', 'DEPRECATED table-based-plug-ins. Use the Library plug-in instead.', 'Neurosim Plug-In', 'Aladdin_table', 'CactiCache', 'CactiDRAM', 'CactiSRAM']
Warning: stride-aware tile 128 for Q is not valid for dim_size 224 (must divide evenly and be <= 128). Using GCD fallback.
Warning: stride-aware tile 128 for X0 is not valid for dim_size 224 (must divide evenly and be <= 128). Using GCD fallback.
[Tile Size Override] tile_size=128, scale_bandwidth=True, fmem_bw=(132, 128)
Creating architecture: Thesis_2Layers_112640KB_FMEM_16x128_PEs with coupling: dims: C0Y0X0R0S0Z0C1R1S1Z1PQ, in_coupling: [C0][Y0+R0][X0+S0], w_coupling: W0: [Z0][C0][R0][S0],W1: [Z1][C1][R1][S1],, out_coupling: [Z1][P][Q]
final_layer_dims: {'C1', 'Q', 'R0', 'X0', 'R1', 'S1', 'Z1', 'S0', 'Y0', 'P', 'C0'}, coupling.dims: ['C0', 'Y0', 'X0', 'R0', 'S0', 'Z0', 'C1', 'R1', 'S1', 'Z1', 'P', 'Q']
INFO: Arch: Thesis_2Layers_112640KB_FMEM_16x128_PEs: identified intermediate dimensions: {'Z0'}
INFO: Added high constraint for intermediate dimension P in level WeightRegister
INFO: Added high constraint for intermediate dimension R1 in level WeightRegister
INFO: Added high constraint for intermediate dimension P in level AccumulationIntermediateOutputRegister
INFO: Added high constraint for intermediate dimension R1 in level AccumulationIntermediateOutputRegister
INFO: Added high constraint for intermediate dimension P in level AccumulationOutputRegister
INFO: Added high constraint for intermediate dimension R1 in level AccumulationOutputRegister
  OK block1 (2L, tile=128): E=6.247e+03 uJ, L=1.091e+06 cc, EDP=1.21e+04
[Stride-Aware Tiling] output_tile=112, cumulative_stride=2x2
  Input tile (X0): 128, Output tile (Q): 112
Warning: stride-aware tile 128 for X0 is not valid for dim_size 112 (must divide evenly and be <= 128). Using GCD fallback.
[Tile Size Override] tile_size=112, scale_bandwidth=True, fmem_bw=(115, 112)
Creating architecture: Thesis_2Layers_112640KB_FMEM_16x128_PEs with coupling: dims: C0Y0X0R0S0Z0C1R1S1Z1PQ, in_coupling: [C0][Y0+R0][X0+S0], w_coupling: W0: [Z0][C0][R0][S0],W1: [Z1][C1][R1][S1],, out_coupling: [Z1][P][Q]
final_layer_dims: {'C1', 'Q', 'R0', 'X0', 'R1', 'S1', 'Z1', 'S0', 'Y0', 'P', 'C0'}, coupling.dims: ['C0', 'Y0', 'X0', 'R0', 'S0', 'Z0', 'C1', 'R1', 'S1', 'Z1', 'P', 'Q']
INFO: Arch: Thesis_2Layers_112640KB_FMEM_16x128_PEs: identified intermediate dimensions: {'Z0'}
INFO: Added high constraint for intermediate dimension P in level WeightRegister
INFO: Added high constraint for intermediate dimension R1 in level WeightRegister
INFO: Added high constraint for intermediate dimension P in level AccumulationIntermediateOutputRegister
INFO: Added high constraint for intermediate dimension R1 in level AccumulationIntermediateOutputRegister
INFO: Added high constraint for intermediate dimension P in level AccumulationOutputRegister
INFO: Added high constraint for intermediate dimension R1 in level AccumulationOutputRegister
  OK block2 (2L, tile=112): E=8.876e+03 uJ, L=1.550e+06 cc, EDP=2.45e+04
[Stride-Aware Tiling] output_tile=56, cumulative_stride=2x2
  Input tile (X0): 112, Output tile (Q): 56
Warning: stride-aware tile 112 for X0 is not valid for dim_size 56 (must divide evenly and be <= 128). Using GCD fallback.
[Tile Size Override] tile_size=56, scale_bandwidth=True, fmem_bw=(57, 56)
Creating architecture: Thesis_2Layers_112640KB_FMEM_16x128_PEs with coupling: dims: C0Y0X0R0S0Z0C1R1S1Z1PQ, in_coupling: [C0][Y0+R0][X0+S0], w_coupling: W0: [Z0][C0][R0][S0],W1: [Z1][C1][R1][S1],, out_coupling: [Z1][P][Q]
final_layer_dims: {'C1', 'Q', 'R0', 'X0', 'R1', 'S1', 'Z1', 'S0', 'Y0', 'P', 'C0'}, coupling.dims: ['C0', 'Y0', 'X0', 'R0', 'S0', 'Z0', 'C1', 'R1', 'S1', 'Z1', 'P', 'Q']
INFO: Arch: Thesis_2Layers_112640KB_FMEM_16x128_PEs: identified intermediate dimensions: {'Z0'}
INFO: Added high constraint for intermediate dimension P in level WeightRegister
INFO: Added high constraint for intermediate dimension R1 in level WeightRegister
INFO: Added high constraint for intermediate dimension P in level AccumulationIntermediateOutputRegister
INFO: Added high constraint for intermediate dimension R1 in level AccumulationIntermediateOutputRegister
INFO: Added high constraint for intermediate dimension P in level AccumulationOutputRegister
INFO: Added high constraint for intermediate dimension R1 in level AccumulationOutputRegister
  OK block3 (2L, tile=56): E=8.919e+03 uJ, L=3.098e+06 cc, EDP=4.92e+04
Creating architecture: Thesis_1Layer_112640B_FMEM_16x128_PEs with coupling: dims: MPQCRS, in_coupling: [C][P+R][Q+S], w_coupling: W0: [M][C][R][S],, out_coupling: [M][P][Q]
  OK L6 (1L, tile=56): E=1.848e+02 uJ, L=2.064e+06 cc, EDP=5.55e+02
[Stride-Aware Tiling] output_tile=28, cumulative_stride=2x2
  Input tile (X0): 56, Output tile (Q): 28
Warning: stride-aware tile 56 for X0 is not valid for dim_size 28 (must divide evenly and be <= 128). Using GCD fallback.
[Tile Size Override] tile_size=28, scale_bandwidth=True, fmem_bw=(28, 28)
Creating architecture: Thesis_2Layers_112640KB_FMEM_16x128_PEs with coupling: dims: C0Y0X0R0S0Z0C1R1S1Z1PQ, in_coupling: [C0][Y0+R0][X0+S0], w_coupling: W0: [Z0][C0][R0][S0],W1: [Z1][C1][R1][S1],, out_coupling: [Z1][P][Q]
final_layer_dims: {'C1', 'Q', 'R0', 'X0', 'R1', 'S1', 'Z1', 'S0', 'Y0', 'P', 'C0'}, coupling.dims: ['C0', 'Y0', 'X0', 'R0', 'S0', 'Z0', 'C1', 'R1', 'S1', 'Z1', 'P', 'Q']
INFO: Arch: Thesis_2Layers_112640KB_FMEM_16x128_PEs: identified intermediate dimensions: {'Z0'}
INFO: Added high constraint for intermediate dimension P in level WeightRegister
INFO: Added high constraint for intermediate dimension R1 in level WeightRegister
INFO: Added high constraint for intermediate dimension P in level AccumulationIntermediateOutputRegister
INFO: Added high constraint for intermediate dimension R1 in level AccumulationIntermediateOutputRegister
INFO: Added high constraint for intermediate dimension P in level AccumulationOutputRegister
INFO: Added high constraint for intermediate dimension R1 in level AccumulationOutputRegister
  OK block4 (2L, tile=28): E=9.109e+03 uJ, L=6.195e+06 cc, EDP=9.95e+04
Creating architecture: Thesis_1Layer_112640B_FMEM_16x128_PEs with coupling: dims: MPQCRS, in_coupling: [C][P+R][Q+S], w_coupling: W0: [M][C][R][S],, out_coupling: [M][P][Q]
  OK L9 (1L, tile=28): E=3.045e+02 uJ, L=4.129e+06 cc, EDP=1.96e+03
[Stride-Aware Tiling] output_tile=14, cumulative_stride=2x2
  Input tile (X0): 28, Output tile (Q): 14
Warning: stride-aware tile 28 for X0 is not valid for dim_size 14 (must divide evenly and be <= 128). Using GCD fallback.
[Tile Size Override] tile_size=14, scale_bandwidth=True, fmem_bw=(14, 14)
Creating architecture: Thesis_2Layers_112640KB_FMEM_16x128_PEs with coupling: dims: C0Y0X0R0S0Z0C1R1S1Z1PQ, in_coupling: [C0][Y0+R0][X0+S0], w_coupling: W0: [Z0][C0][R0][S0],W1: [Z1][C1][R1][S1],, out_coupling: [Z1][P][Q]
final_layer_dims: {'C1', 'Q', 'R0', 'X0', 'R1', 'S1', 'Z1', 'S0', 'Y0', 'P', 'C0'}, coupling.dims: ['C0', 'Y0', 'X0', 'R0', 'S0', 'Z0', 'C1', 'R1', 'S1', 'Z1', 'P', 'Q']
INFO: Arch: Thesis_2Layers_112640KB_FMEM_16x128_PEs: identified intermediate dimensions: {'Z0'}
INFO: Added high constraint for intermediate dimension P in level WeightRegister
INFO: Added high constraint for intermediate dimension R1 in level WeightRegister
INFO: Added high constraint for intermediate dimension P in level AccumulationIntermediateOutputRegister
INFO: Added high constraint for intermediate dimension R1 in level AccumulationIntermediateOutputRegister
INFO: Added high constraint for intermediate dimension P in level AccumulationOutputRegister
INFO: Added high constraint for intermediate dimension R1 in level AccumulationOutputRegister
  OK block5 (2L, tile=14): E=3.232e+03 uJ, L=4.130e+06 cc, EDP=2.30e+04
Creating architecture: Thesis_1Layer_112640B_FMEM_16x128_PEs with coupling: dims: MPQCRS, in_coupling: [C][P+R][Q+S], w_coupling: W0: [M][C][R][S],, out_coupling: [M][P][Q]
  OK L12 (1L, tile=14): E=1.773e+02 uJ, L=2.064e+06 cc, EDP=5.49e+02

--- BASELINE: SINGLE LAYERS ---
Creating architecture: Thesis_1Layer_112640B_FMEM_16x128_PEs with coupling: dims: MPQCRS, in_coupling: [C][P+R][Q+S], w_coupling: W0: [M][C][R][S],, out_coupling: [M][P][Q]
  OK L0: E=1.129e+02 uJ, L=2.676e+05 cc, EDP=3.07e+01
Creating architecture: Thesis_1Layer_112640B_FMEM_16x128_PEs with coupling: dims: MPQCRS, in_coupling: [C][P+R][Q+S], w_coupling: W0: [M][C][R][S],, out_coupling: [M][P][Q]
  OK L1: E=2.787e+02 uJ, L=1.032e+06 cc, EDP=3.30e+02
Creating architecture: Thesis_1Layer_112640B_FMEM_16x128_PEs with coupling: dims: MPQCRS, in_coupling: [C][P+R][Q+S], w_coupling: W0: [M][C][R][S],, out_coupling: [M][P][Q]
  OK L2: E=1.152e+02 uJ, L=5.161e+05 cc, EDP=7.02e+01
Creating architecture: Thesis_1Layer_112640B_FMEM_16x128_PEs with coupling: dims: MPQCRS, in_coupling: [C][P+R][Q+S], w_coupling: W0: [M][C][R][S],, out_coupling: [M][P][Q]
  OK L3: E=1.781e+02 uJ, L=1.032e+06 cc, EDP=2.27e+02
Creating architecture: Thesis_1Layer_112640B_FMEM_16x128_PEs with coupling: dims: MPQCRS, in_coupling: [C][P+R][Q+S], w_coupling: W0: [M][C][R][S],, out_coupling: [M][P][Q]
  OK L4: E=1.055e+02 uJ, L=1.032e+06 cc, EDP=1.52e+02
Creating architecture: Thesis_1Layer_112640B_FMEM_16x128_PEs with coupling: dims: MPQCRS, in_coupling: [C][P+R][Q+S], w_coupling: W0: [M][C][R][S],, out_coupling: [M][P][Q]
  OK L5: E=1.848e+02 uJ, L=2.064e+06 cc, EDP=5.55e+02
Creating architecture: Thesis_1Layer_112640B_FMEM_16x128_PEs with coupling: dims: MPQCRS, in_coupling: [C][P+R][Q+S], w_coupling: W0: [M][C][R][S],, out_coupling: [M][P][Q]
  OK L6: E=1.848e+02 uJ, L=2.064e+06 cc, EDP=5.55e+02
Creating architecture: Thesis_1Layer_112640B_FMEM_16x128_PEs with coupling: dims: MPQCRS, in_coupling: [C][P+R][Q+S], w_coupling: W0: [M][C][R][S],, out_coupling: [M][P][Q]
  OK L7: E=1.588e+02 uJ, L=2.064e+06 cc, EDP=5.04e+02
Creating architecture: Thesis_1Layer_112640B_FMEM_16x128_PEs with coupling: dims: MPQCRS, in_coupling: [C][P+R][Q+S], w_coupling: W0: [M][C][R][S],, out_coupling: [M][P][Q]
  OK L8: E=3.045e+02 uJ, L=4.129e+06 cc, EDP=1.96e+03
Creating architecture: Thesis_1Layer_112640B_FMEM_16x128_PEs with coupling: dims: MPQCRS, in_coupling: [C][P+R][Q+S], w_coupling: W0: [M][C][R][S],, out_coupling: [M][P][Q]
  OK L9: E=3.045e+02 uJ, L=4.129e+06 cc, EDP=1.96e+03
Creating architecture: Thesis_1Layer_112640B_FMEM_16x128_PEs with coupling: dims: MPQCRS, in_coupling: [C][P+R][Q+S], w_coupling: W0: [M][C][R][S],, out_coupling: [M][P][Q]
  OK L10: E=1.773e+02 uJ, L=2.064e+06 cc, EDP=5.49e+02
Creating architecture: Thesis_1Layer_112640B_FMEM_16x128_PEs with coupling: dims: MPQCRS, in_coupling: [C][P+R][Q+S], w_coupling: W0: [M][C][R][S],, out_coupling: [M][P][Q]
  OK L11: E=1.773e+02 uJ, L=2.064e+06 cc, EDP=5.49e+02
Creating architecture: Thesis_1Layer_112640B_FMEM_16x128_PEs with coupling: dims: MPQCRS, in_coupling: [C][P+R][Q+S], w_coupling: W0: [M][C][R][S],, out_coupling: [M][P][Q]
  OK L12: E=1.773e+02 uJ, L=2.064e+06 cc, EDP=5.49e+02
  [skip] L13 (not in fusion)
  [skip] L14 (not in fusion)
  [skip] L15 (not in fusion)

====================================================================================================
COMPARISON RESULTS: VGG16 -- Sum PARTIAL FUSION vs Sum SINGLES
====================================================================================================
  Architecture: DepFiN 16x128, FMEM=110KB, WMEM=4608KB
====================================================================================================
Level                        Energy (uJ)   Latency (cc)            EDP       DRAM Reads      DRAM Writes
----------------------------------------------------------------------------------------------------
Sum Partial Fusion (8 ok)      3.705e+04      2.432e+07       9.01e+05       17,670,848        7,426,048
Sum Singles (13 ok)            2.460e+03      2.452e+07       6.03e+04       23,792,320       13,547,520

----------------------------------------------------------------------------------------------------
RATIOS (Sum Partial Fusion / Sum Singles) -- values < 1.0 mean fusion wins
----------------------------------------------------------------------------------------------------
Metric                    Ratio      Savings
---------------------------------------------
Energy                  15.0636     -1406.4%
Latency                  0.9917        +0.8%
EDP                     14.9392     -1393.9%
DRAM Reads               0.7427       +25.7%
DRAM Writes              0.5481       +45.2%

----------------------------------------------------------------------------------------------------
BASELINE DETAIL (Sum Singles):
----------------------------------------------------------------------------------------------------
Layer/Segment                     Energy (uJ)   Latency (cc)            EDP     Status
-------------------------------------------------------------------------------------
L0                                  1.129e+02      2.676e+05       3.07e+01         OK
L1                                  2.787e+02      1.032e+06       3.30e+02         OK
L2                                  1.152e+02      5.161e+05       7.02e+01         OK
L3                                  1.781e+02      1.032e+06       2.27e+02         OK
L4                                  1.055e+02      1.032e+06       1.52e+02         OK
L5                                  1.848e+02      2.064e+06       5.55e+02         OK
L6                                  1.848e+02      2.064e+06       5.55e+02         OK
L7                                  1.588e+02      2.064e+06       5.04e+02         OK
L8                                  3.045e+02      4.129e+06       1.96e+03         OK
L9                                  3.045e+02      4.129e+06       1.96e+03         OK
L10                                 1.773e+02      2.064e+06       5.49e+02         OK
L11                                 1.773e+02      2.064e+06       5.49e+02         OK
L12                                 1.773e+02      2.064e+06       5.49e+02         OK

----------------------------------------------------------------------------------------------------
FUSED-SIDE SEGMENT DETAIL (Sum Partial Fusion):
----------------------------------------------------------------------------------------------------
Segment                           Energy (uJ)   Latency (cc)            EDP     Status
-------------------------------------------------------------------------------------
block/block1                        6.247e+03      1.091e+06       1.21e+04         OK
block/block2                        8.876e+03      1.550e+06       2.45e+04         OK
block/block3                        8.919e+03      3.098e+06       4.92e+04         OK
block/L6                            1.848e+02      2.064e+06       5.55e+02         OK
block/block4                        9.109e+03      6.195e+06       9.95e+04         OK
block/L9                            3.045e+02      4.129e+06       1.96e+03         OK
block/block5                        3.232e+03      4.130e+06       2.30e+04         OK
block/L12                           1.773e+02      2.064e+06       5.49e+02         OK

====================================================================================================

Results exported to: results/results_20260219_153545.csv

================================================================================
EXPERIMENT SUMMARY
================================================================================

Total experiments: 21
Successful: 21
Failed: 0

────────────────────────────────────────────────────────────────────────────────
Results by workload:
────────────────────────────────────────────────────────────────────────────────

VGG16:
  block/block1, fmem_size: 110kB, wmem_size: 4608kB, pe_rows: 16, pe_cols: 128 -> E=6.25e+03μJ, L=1.09e+06cc, EDP=1.21e+04
  block/block2, fmem_size: 110kB, wmem_size: 4608kB, pe_rows: 16, pe_cols: 128 -> E=8.88e+03μJ, L=1.55e+06cc, EDP=2.45e+04
  block/block3, fmem_size: 110kB, wmem_size: 4608kB, pe_rows: 16, pe_cols: 128 -> E=8.92e+03μJ, L=3.10e+06cc, EDP=4.92e+04
  block/L6, fmem_size: 110kB, wmem_size: 4608kB, pe_rows: 16, pe_cols: 128 -> E=1.85e+02μJ, L=2.06e+06cc, EDP=5.55e+02
  block/block4, fmem_size: 110kB, wmem_size: 4608kB, pe_rows: 16, pe_cols: 128 -> E=9.11e+03μJ, L=6.19e+06cc, EDP=9.95e+04
  block/L9, fmem_size: 110kB, wmem_size: 4608kB, pe_rows: 16, pe_cols: 128 -> E=3.04e+02μJ, L=4.13e+06cc, EDP=1.96e+03
  block/block5, fmem_size: 110kB, wmem_size: 4608kB, pe_rows: 16, pe_cols: 128 -> E=3.23e+03μJ, L=4.13e+06cc, EDP=2.30e+04
  block/L12, fmem_size: 110kB, wmem_size: 4608kB, pe_rows: 16, pe_cols: 128 -> E=1.77e+02μJ, L=2.06e+06cc, EDP=5.49e+02
  single/L0, fmem_size: 110kB, wmem_size: 4608kB, pe_rows: 16, pe_cols: 128 -> E=1.13e+02μJ, L=2.68e+05cc, EDP=3.07e+01
  single/L1, fmem_size: 110kB, wmem_size: 4608kB, pe_rows: 16, pe_cols: 128 -> E=2.79e+02μJ, L=1.03e+06cc, EDP=3.30e+02
  single/L2, fmem_size: 110kB, wmem_size: 4608kB, pe_rows: 16, pe_cols: 128 -> E=1.15e+02μJ, L=5.16e+05cc, EDP=7.02e+01
  single/L3, fmem_size: 110kB, wmem_size: 4608kB, pe_rows: 16, pe_cols: 128 -> E=1.78e+02μJ, L=1.03e+06cc, EDP=2.27e+02
  single/L4, fmem_size: 110kB, wmem_size: 4608kB, pe_rows: 16, pe_cols: 128 -> E=1.05e+02μJ, L=1.03e+06cc, EDP=1.52e+02
  single/L5, fmem_size: 110kB, wmem_size: 4608kB, pe_rows: 16, pe_cols: 128 -> E=1.85e+02μJ, L=2.06e+06cc, EDP=5.55e+02
  single/L6, fmem_size: 110kB, wmem_size: 4608kB, pe_rows: 16, pe_cols: 128 -> E=1.85e+02μJ, L=2.06e+06cc, EDP=5.55e+02
  single/L7, fmem_size: 110kB, wmem_size: 4608kB, pe_rows: 16, pe_cols: 128 -> E=1.59e+02μJ, L=2.06e+06cc, EDP=5.04e+02
  single/L8, fmem_size: 110kB, wmem_size: 4608kB, pe_rows: 16, pe_cols: 128 -> E=3.04e+02μJ, L=4.13e+06cc, EDP=1.96e+03
  single/L9, fmem_size: 110kB, wmem_size: 4608kB, pe_rows: 16, pe_cols: 128 -> E=3.04e+02μJ, L=4.13e+06cc, EDP=1.96e+03
  single/L10, fmem_size: 110kB, wmem_size: 4608kB, pe_rows: 16, pe_cols: 128 -> E=1.77e+02μJ, L=2.06e+06cc, EDP=5.49e+02
  single/L11, fmem_size: 110kB, wmem_size: 4608kB, pe_rows: 16, pe_cols: 128 -> E=1.77e+02μJ, L=2.06e+06cc, EDP=5.49e+02
  single/L12, fmem_size: 110kB, wmem_size: 4608kB, pe_rows: 16, pe_cols: 128 -> E=1.77e+02μJ, L=2.06e+06cc, EDP=5.49e+02
