Creating architecture: Gemmini with coupling: dims: MKN, in_coupling: [K][N], w_coupling: W0: [M][K],, out_coupling: [M][N]
Creating architecture: Gemmini (conv) with coupling: dims: NMPQCRS, in_coupling: [N][C][Pstride*P+Rdilation*R][Qstride*Q+Sdilation*S], w_coupling: W0: [M][C][R][S],, out_coupling: [N][M][P][Q]
Creating architecture: Eyeriss with coupling: dims: MKN, in_coupling: [K][N], w_coupling: W0: [M][K],, out_coupling: [M][N]
Creating architecture: Eyeriss (conv) with coupling: dims: NMPQCRS, in_coupling: [N][C][Pstride*P+Rdilation*R][Qstride*Q+Sdilation*S], w_coupling: W0: [M][C][R][S],, out_coupling: [N][M][P][Q]
Creating architecture: Simba with coupling: dims: MKN, in_coupling: [K][N], w_coupling: W0: [M][K],, out_coupling: [M][N]
Creating architecture: Simba (conv) with coupling: dims: NMPQCRS, in_coupling: [N][C][Pstride*P+Rdilation*R][Qstride*Q+Sdilation*S], w_coupling: W0: [M][C][R][S],, out_coupling: [N][M][P][Q]
Creating architecture: TPUv1 with coupling: dims: MKN, in_coupling: [K][N], w_coupling: W0: [M][K],, out_coupling: [M][N]
Creating architecture: TPUv1 (conv) with coupling: dims: NMPQCRS, in_coupling: [N][C][Pstride*P+Rdilation*R][Qstride*Q+Sdilation*S], w_coupling: W0: [M][C][R][S],, out_coupling: [N][M][P][Q]

====================================================================================================
FIXED-CONFIG FUSION COMPARISON: VGG16 -- FULL FUSION vs Sum SINGLES
====================================================================================================
Architecture: DepFiN, PE=16x128 (2,048 total)
  FMEM=568KB, WMEM=14366KB
  Tile size override: 14
  ALL experiments use IDENTICAL architecture (fair comparison)
====================================================================================================

  Per-block tile sizes (from full fusion stride propagation):
    block1: tile=128
    block2: tile=112
    block3: tile=56
    L6: tile=56
    block4: tile=28
    L9: tile=28
    block5: tile=14
    L12: tile=14
--- FULL FUSION: vgg16/full/13layer ---
------ loading Accelergy ------
WARNING: Accelergy package not found or incompatible, trying a manual import from ACCELERGY_PATH.
ACCELERGY PLUG-INS: ['Library', 'dummy', 'ADC Plug-In', 'DEPRECATED table-based-plug-ins. Use the Library plug-in instead.', 'Neurosim Plug-In', 'Aladdin_table', 'CactiCache', 'CactiDRAM', 'CactiSRAM']
[Stride-Aware Tiling] output_tile=14, cumulative_stride=16x16
  Input tile (X0): 128, Output tile (Q): 14
Warning: stride-aware tile 28 for X10 is not valid for dim_size 14 (must divide evenly and be <= 128). Using GCD fallback.
Warning: stride-aware tile 56 for X7 is not valid for dim_size 28 (must divide evenly and be <= 128). Using GCD fallback.
Warning: stride-aware tile 112 for X4 is not valid for dim_size 56 (must divide evenly and be <= 128). Using GCD fallback.
Warning: stride-aware tile 128 for X2 is not valid for dim_size 112 (must divide evenly and be <= 128). Using GCD fallback.
Warning: stride-aware tile 128 for X1 is not valid for dim_size 224 (must divide evenly and be <= 128). Using GCD fallback.
Warning: stride-aware tile 128 for X0 is not valid for dim_size 224 (must divide evenly and be <= 128). Using GCD fallback.
[Tile Size Override] tile_size=14, scale_bandwidth=False, fmem_bw=(132, 128)
Creating architecture: Thesis_13Layers_581632KB_FMEM_16x128_PEs with coupling: dims: C0Y0X0R0S0Z0C1R1S1Y1X1Z1C2R2S2Y2X2Z2C3R3S3Y3X3Z3C4R4S4Y4X4Z4C5R5S5Y5X5Z5C6R6S6Y6X6Z6C7R7S7Y7X7Z7C8R8S8Y8X8Z8C9R9S9Y9X9Z9C10R10S10Y10X10Z10C11R11S11Y11X11Z11C12R12S12PQZ12, in_coupling: [C0][Y0+R0][X0+S0], w_coupling: W0: [Z0][C0][R0][S0],W1: [Z1][C1][R1][S1],W2: [Z2][C2][R2][S2],W3: [Z3][C3][R3][S3],W4: [Z4][C4][R4][S4],W5: [Z5][C5][R5][S5],W6: [Z6][C6][R6][S6],W7: [Z7][C7][R7][S7],W8: [Z8][C8][R8][S8],W9: [Z9][C9][R9][S9],W10: [Z10][C10][R10][S10],W11: [Z11][C11][R11][S11],W12: [Z12][C12][R12][S12],, out_coupling: [Z12][P][Q]
final_layer_dims: {'P', 'Z12', 'C0', 'S0', 'R12', 'S12', 'R0', 'X0', 'Q', 'Y0', 'C12'}, coupling.dims: ['C0', 'Y0', 'X0', 'R0', 'S0', 'Z0', 'C1', 'R1', 'S1', 'Y1', 'X1', 'Z1', 'C2', 'R2', 'S2', 'Y2', 'X2', 'Z2', 'C3', 'R3', 'S3', 'Y3', 'X3', 'Z3', 'C4', 'R4', 'S4', 'Y4', 'X4', 'Z4', 'C5', 'R5', 'S5', 'Y5', 'X5', 'Z5', 'C6', 'R6', 'S6', 'Y6', 'X6', 'Z6', 'C7', 'R7', 'S7', 'Y7', 'X7', 'Z7', 'C8', 'R8', 'S8', 'Y8', 'X8', 'Z8', 'C9', 'R9', 'S9', 'Y9', 'X9', 'Z9', 'C10', 'R10', 'S10', 'Y10', 'X10', 'Z10', 'C11', 'R11', 'S11', 'Y11', 'X11', 'Z11', 'C12', 'R12', 'S12', 'P', 'Q', 'Z12']
INFO: Arch: Thesis_13Layers_581632KB_FMEM_16x128_PEs: identified intermediate dimensions: {'C11', 'Z11', 'R9', 'S6', 'S8', 'S4', 'C4', 'X4', 'R7', 'C5', 'R8', 'Z10', 'X5', 'S2', 'Y10', 'Z7', 'C6', 'Z9', 'R3', 'X6', 'S10', 'Y11', 'C8', 'C2', 'Z6', 'Y8', 'X8', 'C3', 'C1', 'X9', 'Z2', 'Z1', 'S9', 'Y7', 'X1', 'S5', 'S7', 'C7', 'Z3', 'Z8', 'Y3', 'Y4', 'R1', 'R4', 'R5', 'Y5', 'R11', 'Y2', 'Z5', 'C10', 'Z0', 'S3', 'Y9', 'S11', 'Y6', 'X7', 'Z4', 'R2', 'C9', 'R6', 'X3', 'X2', 'S1', 'R10', 'X10', 'X11', 'Y1'}
INFO: Added high constraint for intermediate dimension P in level WeightRegister
INFO: Added high constraint for intermediate dimension R1 in level WeightRegister
INFO: Added high constraint for intermediate dimension P in level AccumulationIntermediateOutputRegister
INFO: Added high constraint for intermediate dimension R1 in level AccumulationIntermediateOutputRegister
INFO: Added high constraint for intermediate dimension P in level AccumulationOutputRegister
INFO: Added high constraint for intermediate dimension R1 in level AccumulationOutputRegister
  OK Energy: 7.609e+04 uJ, Latency: 2.433e+07 cc, EDP: 3.41e+06

--- BASELINE: SINGLE LAYERS ---
Creating architecture: Thesis_1Layer_581632B_FMEM_16x128_PEs with coupling: dims: MPQCRS, in_coupling: [C][P+R][Q+S], w_coupling: W0: [M][C][R][S],, out_coupling: [M][P][Q]
  OK L0: E=1.175e+02 uJ, L=2.676e+05 cc, EDP=3.23e+01
Creating architecture: Thesis_1Layer_581632B_FMEM_16x128_PEs with coupling: dims: MPQCRS, in_coupling: [C][P+R][Q+S], w_coupling: W0: [M][C][R][S],, out_coupling: [M][P][Q]
  OK L1: E=3.415e+02 uJ, L=1.032e+06 cc, EDP=4.24e+02
Creating architecture: Thesis_1Layer_581632B_FMEM_16x128_PEs with coupling: dims: MPQCRS, in_coupling: [C][P+R][Q+S], w_coupling: W0: [M][C][R][S],, out_coupling: [M][P][Q]
  OK L2: E=1.464e+02 uJ, L=5.161e+05 cc, EDP=9.35e+01
Creating architecture: Thesis_1Layer_581632B_FMEM_16x128_PEs with coupling: dims: MPQCRS, in_coupling: [C][P+R][Q+S], w_coupling: W0: [M][C][R][S],, out_coupling: [M][P][Q]
  OK L3: E=2.396e+02 uJ, L=1.032e+06 cc, EDP=3.19e+02
Creating architecture: Thesis_1Layer_581632B_FMEM_16x128_PEs with coupling: dims: MPQCRS, in_coupling: [C][P+R][Q+S], w_coupling: W0: [M][C][R][S],, out_coupling: [M][P][Q]
  OK L4: E=1.507e+02 uJ, L=1.032e+06 cc, EDP=2.28e+02
Creating architecture: Thesis_1Layer_581632B_FMEM_16x128_PEs with coupling: dims: MPQCRS, in_coupling: [C][P+R][Q+S], w_coupling: W0: [M][C][R][S],, out_coupling: [M][P][Q]
  OK L5: E=2.747e+02 uJ, L=2.064e+06 cc, EDP=8.56e+02
Creating architecture: Thesis_1Layer_581632B_FMEM_16x128_PEs with coupling: dims: MPQCRS, in_coupling: [C][P+R][Q+S], w_coupling: W0: [M][C][R][S],, out_coupling: [M][P][Q]
  OK L6: E=2.747e+02 uJ, L=2.064e+06 cc, EDP=8.56e+02
Creating architecture: Thesis_1Layer_581632B_FMEM_16x128_PEs with coupling: dims: MPQCRS, in_coupling: [C][P+R][Q+S], w_coupling: W0: [M][C][R][S],, out_coupling: [M][P][Q]
  OK L7: E=2.328e+02 uJ, L=2.064e+06 cc, EDP=7.74e+02
Creating architecture: Thesis_1Layer_581632B_FMEM_16x128_PEs with coupling: dims: MPQCRS, in_coupling: [C][P+R][Q+S], w_coupling: W0: [M][C][R][S],, out_coupling: [M][P][Q]
  OK L8: E=4.523e+02 uJ, L=4.129e+06 cc, EDP=3.04e+03
Creating architecture: Thesis_1Layer_581632B_FMEM_16x128_PEs with coupling: dims: MPQCRS, in_coupling: [C][P+R][Q+S], w_coupling: W0: [M][C][R][S],, out_coupling: [M][P][Q]
  OK L9: E=4.523e+02 uJ, L=4.129e+06 cc, EDP=3.04e+03
Creating architecture: Thesis_1Layer_581632B_FMEM_16x128_PEs with coupling: dims: MPQCRS, in_coupling: [C][P+R][Q+S], w_coupling: W0: [M][C][R][S],, out_coupling: [M][P][Q]
  OK L10: E=2.433e+02 uJ, L=2.064e+06 cc, EDP=8.06e+02
Creating architecture: Thesis_1Layer_581632B_FMEM_16x128_PEs with coupling: dims: MPQCRS, in_coupling: [C][P+R][Q+S], w_coupling: W0: [M][C][R][S],, out_coupling: [M][P][Q]
  OK L11: E=2.433e+02 uJ, L=2.064e+06 cc, EDP=8.06e+02
Creating architecture: Thesis_1Layer_581632B_FMEM_16x128_PEs with coupling: dims: MPQCRS, in_coupling: [C][P+R][Q+S], w_coupling: W0: [M][C][R][S],, out_coupling: [M][P][Q]
  OK L12: E=2.433e+02 uJ, L=2.064e+06 cc, EDP=8.06e+02
  [skip] L13 (not in fusion)
  [skip] L14 (not in fusion)
  [skip] L15 (not in fusion)

====================================================================================================
COMPARISON RESULTS: VGG16 -- FULL FUSION vs Sum SINGLES
====================================================================================================
  Architecture: DepFiN 16x128, FMEM=568KB, WMEM=14366KB
====================================================================================================
Level                        Energy (uJ)   Latency (cc)            EDP       DRAM Reads      DRAM Writes
----------------------------------------------------------------------------------------------------
Full Fusion (1 ok)             7.609e+04      2.433e+07       1.85e+06       14,860,992          100,352
Sum Singles (13 ok)            3.413e+03      2.452e+07       8.37e+04       23,792,320       13,547,520

----------------------------------------------------------------------------------------------------
RATIOS (Full Fusion / Sum Singles) -- values < 1.0 mean fusion wins
----------------------------------------------------------------------------------------------------
Metric                    Ratio      Savings
---------------------------------------------
Energy                  22.2967     -2129.7%
Latency                  0.9919        +0.8%
EDP                     22.1159     -2111.6%
DRAM Reads               0.6246       +37.5%
DRAM Writes              0.0074       +99.3%

----------------------------------------------------------------------------------------------------
BASELINE DETAIL (Sum Singles):
----------------------------------------------------------------------------------------------------
Layer/Segment                     Energy (uJ)   Latency (cc)            EDP     Status
-------------------------------------------------------------------------------------
L0                                  1.175e+02      2.676e+05       3.23e+01         OK
L1                                  3.415e+02      1.032e+06       4.24e+02         OK
L2                                  1.464e+02      5.161e+05       9.35e+01         OK
L3                                  2.396e+02      1.032e+06       3.19e+02         OK
L4                                  1.507e+02      1.032e+06       2.28e+02         OK
L5                                  2.747e+02      2.064e+06       8.56e+02         OK
L6                                  2.747e+02      2.064e+06       8.56e+02         OK
L7                                  2.328e+02      2.064e+06       7.74e+02         OK
L8                                  4.523e+02      4.129e+06       3.04e+03         OK
L9                                  4.523e+02      4.129e+06       3.04e+03         OK
L10                                 2.433e+02      2.064e+06       8.06e+02         OK
L11                                 2.433e+02      2.064e+06       8.06e+02         OK
L12                                 2.433e+02      2.064e+06       8.06e+02         OK

====================================================================================================

Results exported to: results/results_20260219_150811.csv

================================================================================
EXPERIMENT SUMMARY
================================================================================

Total experiments: 14
Successful: 14
Failed: 0

────────────────────────────────────────────────────────────────────────────────
Results by workload:
────────────────────────────────────────────────────────────────────────────────

VGG16:
  full/13layer, fmem_size: 568kB, wmem_size: 14366kB, pe_rows: 16, pe_cols: 128 -> E=7.61e+04μJ, L=2.43e+07cc, EDP=3.41e+06
  single/L0, fmem_size: 568kB, wmem_size: 14366kB, pe_rows: 16, pe_cols: 128 -> E=1.18e+02μJ, L=2.68e+05cc, EDP=3.23e+01
  single/L1, fmem_size: 568kB, wmem_size: 14366kB, pe_rows: 16, pe_cols: 128 -> E=3.42e+02μJ, L=1.03e+06cc, EDP=4.24e+02
  single/L2, fmem_size: 568kB, wmem_size: 14366kB, pe_rows: 16, pe_cols: 128 -> E=1.46e+02μJ, L=5.16e+05cc, EDP=9.35e+01
  single/L3, fmem_size: 568kB, wmem_size: 14366kB, pe_rows: 16, pe_cols: 128 -> E=2.40e+02μJ, L=1.03e+06cc, EDP=3.19e+02
  single/L4, fmem_size: 568kB, wmem_size: 14366kB, pe_rows: 16, pe_cols: 128 -> E=1.51e+02μJ, L=1.03e+06cc, EDP=2.28e+02
  single/L5, fmem_size: 568kB, wmem_size: 14366kB, pe_rows: 16, pe_cols: 128 -> E=2.75e+02μJ, L=2.06e+06cc, EDP=8.56e+02
  single/L6, fmem_size: 568kB, wmem_size: 14366kB, pe_rows: 16, pe_cols: 128 -> E=2.75e+02μJ, L=2.06e+06cc, EDP=8.56e+02
  single/L7, fmem_size: 568kB, wmem_size: 14366kB, pe_rows: 16, pe_cols: 128 -> E=2.33e+02μJ, L=2.06e+06cc, EDP=7.74e+02
  single/L8, fmem_size: 568kB, wmem_size: 14366kB, pe_rows: 16, pe_cols: 128 -> E=4.52e+02μJ, L=4.13e+06cc, EDP=3.04e+03
  single/L9, fmem_size: 568kB, wmem_size: 14366kB, pe_rows: 16, pe_cols: 128 -> E=4.52e+02μJ, L=4.13e+06cc, EDP=3.04e+03
  single/L10, fmem_size: 568kB, wmem_size: 14366kB, pe_rows: 16, pe_cols: 128 -> E=2.43e+02μJ, L=2.06e+06cc, EDP=8.06e+02
  single/L11, fmem_size: 568kB, wmem_size: 14366kB, pe_rows: 16, pe_cols: 128 -> E=2.43e+02μJ, L=2.06e+06cc, EDP=8.06e+02
  single/L12, fmem_size: 568kB, wmem_size: 14366kB, pe_rows: 16, pe_cols: 128 -> E=2.43e+02μJ, L=2.06e+06cc, EDP=8.06e+02
