Creating architecture: Gemmini with coupling: dims: MKN, in_coupling: [K][N], w_coupling: W0: [M][K],, out_coupling: [M][N]
Creating architecture: Gemmini (conv) with coupling: dims: NMPQCRS, in_coupling: [N][C][Pstride*P+Rdilation*R][Qstride*Q+Sdilation*S], w_coupling: W0: [M][C][R][S],, out_coupling: [N][M][P][Q]
Creating architecture: Eyeriss with coupling: dims: MKN, in_coupling: [K][N], w_coupling: W0: [M][K],, out_coupling: [M][N]
Creating architecture: Eyeriss (conv) with coupling: dims: NMPQCRS, in_coupling: [N][C][Pstride*P+Rdilation*R][Qstride*Q+Sdilation*S], w_coupling: W0: [M][C][R][S],, out_coupling: [N][M][P][Q]
Creating architecture: Simba with coupling: dims: MKN, in_coupling: [K][N], w_coupling: W0: [M][K],, out_coupling: [M][N]
Creating architecture: Simba (conv) with coupling: dims: NMPQCRS, in_coupling: [N][C][Pstride*P+Rdilation*R][Qstride*Q+Sdilation*S], w_coupling: W0: [M][C][R][S],, out_coupling: [N][M][P][Q]
Creating architecture: TPUv1 with coupling: dims: MKN, in_coupling: [K][N], w_coupling: W0: [M][K],, out_coupling: [M][N]
Creating architecture: TPUv1 (conv) with coupling: dims: NMPQCRS, in_coupling: [N][C][Pstride*P+Rdilation*R][Qstride*Q+Sdilation*S], w_coupling: W0: [M][C][R][S],, out_coupling: [N][M][P][Q]

====================================================================================================
FIXED-CONFIG FUSION COMPARISON: FSRCNN -- FULL FUSION vs Sum PARTIAL FUSION
====================================================================================================
Architecture: Eyeriss, PE=256x8 (2,048 total)
  GB=128KB, WReg=384, InReg=34, IntReg=32, OutReg=64
  Tile size override: 120
  ALL experiments use IDENTICAL architecture (fair comparison)
====================================================================================================

  Per-block tile sizes (from full fusion stride propagation):
    L0_L1_L2: tile=120
    L3_L4_L5: tile=120
    L6_L7_expanding_output: tile=120
--- FULL FUSION: fsrcnn/full/8layer ---
------ loading Accelergy for Eyeriss ------
------ loading Accelergy ------
WARNING: Accelergy package not found or incompatible, trying a manual import from ACCELERGY_PATH.
ACCELERGY PLUG-INS: ['Library', 'dummy', 'ADC Plug-In', 'DEPRECATED table-based-plug-ins. Use the Library plug-in instead.', 'Neurosim Plug-In', 'Aladdin_table', 'CactiCache', 'CactiDRAM', 'CactiSRAM']
[Constrained Eyeriss] 8 layers, tile_size=120
  DRAM: {'Q': 8, 'P': 540, 'X0': 8, 'Y0': 540, 'Z0': 1, 'C0': 1, 'R0': 1, 'S0': 1, 'X1': 8, 'Y1': 540, 'Z1': 1, 'C1': 1, 'R1': 1, 'S1': 1, 'X2': 8, 'Y2': 540, 'Z2': 1, 'C2': 1, 'R2': 1, 'S2': 1, 'X3': 8, 'Y3': 540, 'Z3': 1, 'C3': 1, 'R3': 1, 'S3': 1, 'X4': 8, 'Y4': 540, 'Z4': 1, 'C4': 1, 'R4': 1, 'S4': 1, 'X5': 8, 'Y5': 540, 'Z5': 1, 'C5': 1, 'R5': 1, 'S5': 1, 'X6': 8, 'Y6': 540, 'Z6': 1, 'C6': 1, 'R6': 1, 'S6': 1, 'Z7': 1, 'C7': 1, 'R7': 1, 'S7': 1}
  GlobalBuffer: {'Q': 15, 'P': 1, 'X0': 15, 'Y0': 1, 'Z0': 1, 'C0': 1, 'R0': 1, 'S0': 1, 'X1': 15, 'Y1': 1, 'Z1': 1, 'C1': 1, 'R1': 1, 'S1': 1, 'X2': 15, 'Y2': 1, 'Z2': 1, 'C2': 1, 'R2': 1, 'S2': 1, 'X3': 15, 'Y3': 1, 'Z3': 1, 'C3': 1, 'R3': 1, 'S3': 1, 'X4': 15, 'Y4': 1, 'Z4': 1, 'C4': 1, 'R4': 1, 'S4': 1, 'X5': 15, 'Y5': 1, 'Z5': 1, 'C5': 1, 'R5': 1, 'S5': 1, 'X6': 15, 'Y6': 1, 'Z6': 1, 'C6': 1, 'R6': 1, 'S6': 1, 'Z7': 1, 'C7': 1, 'R7': 1, 'S7': 1}
  SACols: {'Q': 8, 'Z7': 1}
  SARows_0: {'S0': 5, 'C0': 3, 'Z0': 14}
  SARows_1: {'S1': 1, 'C1': 56, 'Z1': 4}
  SARows_2: {'S2': 3, 'C2': 12, 'Z2': 6}
  SARows_3: {'S3': 3, 'C3': 12, 'Z3': 6}
  SARows_4: {'S4': 3, 'C4': 12, 'Z4': 6}
  SARows_5: {'S5': 3, 'C5': 12, 'Z5': 6}
  SARows_6: {'S6': 1, 'C6': 12, 'Z6': 14}
  SARows_7: {'S7': 3, 'C7': 56, 'Z7': 1}
Creating architecture: Eyeriss_Constrained_8L_tile120_8x256 with coupling: dims: C0Y0X0R0S0Z0C1R1S1Y1X1Z1C2R2S2Y2X2Z2C3R3S3Y3X3Z3C4R4S4Y4X4Z4C5R5S5Y5X5Z5C6R6S6Y6X6Z6C7R7S7PQZ7, in_coupling: [C0][Y0+R0][X0+S0], w_coupling: W0: [Z0][C0][R0][S0],W1: [Z1][C1][R1][S1],W2: [Z2][C2][R2][S2],W3: [Z3][C3][R3][S3],W4: [Z4][C4][R4][S4],W5: [Z5][C5][R5][S5],W6: [Z6][C6][R6][S6],W7: [Z7][C7][R7][S7],, out_coupling: [Z7][P][Q]
final_layer_dims: {'S0', 'Y0', 'P', 'C7', 'C0', 'X0', 'S7', 'Q', 'Z7', 'R0', 'R7'}, coupling.dims: ['C0', 'Y0', 'X0', 'R0', 'S0', 'Z0', 'C1', 'R1', 'S1', 'Y1', 'X1', 'Z1', 'C2', 'R2', 'S2', 'Y2', 'X2', 'Z2', 'C3', 'R3', 'S3', 'Y3', 'X3', 'Z3', 'C4', 'R4', 'S4', 'Y4', 'X4', 'Z4', 'C5', 'R5', 'S5', 'Y5', 'X5', 'Z5', 'C6', 'R6', 'S6', 'Y6', 'X6', 'Z6', 'C7', 'R7', 'S7', 'P', 'Q', 'Z7']
INFO: Arch: Eyeriss_Constrained_8L_tile120_8x256: identified intermediate dimensions: {'R5', 'X1', 'X5', 'X3', 'X6', 'R4', 'S3', 'S1', 'S4', 'S5', 'C4', 'S2', 'Z4', 'C5', 'Y3', 'Z5', 'Y4', 'R6', 'X4', 'C3', 'Y5', 'Z1', 'Z6', 'Y1', 'S6', 'R3', 'Z0', 'X2', 'C6', 'Z3', 'Y6', 'Y2', 'C1', 'R2', 'R1', 'C2', 'Z2'}
INFO: Added high constraint for intermediate dimension P in level InRegister
INFO: Added high constraint for intermediate dimension R1 in level InRegister
INFO: Added high constraint for intermediate dimension P in level WRegister
INFO: Added high constraint for intermediate dimension R1 in level WRegister
INFO: Added high constraint for intermediate dimension P in level IntermediateRegister
INFO: Added high constraint for intermediate dimension R1 in level IntermediateRegister
INFO: Added high constraint for intermediate dimension P in level OutRegister
INFO: Added high constraint for intermediate dimension R1 in level OutRegister
  OK Energy: 6.842e+04 uJ, Latency: 1.889e+07 cc, EDP: 1.30e+06

--- BASELINE: PARTIAL FUSION (3layer) ---
------ loading Accelergy for Eyeriss ------
[Constrained Eyeriss] 3 layers, tile_size=120
  DRAM: {'Q': 8, 'P': 540, 'X0': 8, 'Y0': 540, 'Z0': 1, 'C0': 1, 'R0': 1, 'S0': 1, 'X1': 8, 'Y1': 540, 'Z1': 1, 'C1': 1, 'R1': 1, 'S1': 1, 'Z2': 1, 'C2': 1, 'R2': 1, 'S2': 1}
  GlobalBuffer: {'Q': 15, 'P': 1, 'X0': 15, 'Y0': 1, 'Z0': 1, 'C0': 1, 'R0': 1, 'S0': 1, 'X1': 15, 'Y1': 1, 'Z1': 1, 'C1': 1, 'R1': 1, 'S1': 1, 'Z2': 1, 'C2': 1, 'R2': 1, 'S2': 1}
  SACols: {'Q': 8, 'Z2': 1}
  SARows_0: {'S0': 5, 'C0': 3, 'Z0': 14}
  SARows_1: {'S1': 1, 'C1': 56, 'Z1': 4}
  SARows_2: {'S2': 3, 'C2': 12, 'Z2': 6}
Creating architecture: Eyeriss_Constrained_3L_tile120_8x256 with coupling: dims: C0Y0X0R0S0Z0C1R1S1Y1X1Z1C2R2S2PQZ2, in_coupling: [C0][Y0+R0][X0+S0], w_coupling: W0: [Z0][C0][R0][S0],W1: [Z1][C1][R1][S1],W2: [Z2][C2][R2][S2],, out_coupling: [Z2][P][Q]
final_layer_dims: {'S0', 'Y0', 'P', 'R2', 'S2', 'C0', 'X0', 'Q', 'C2', 'R0', 'Z2'}, coupling.dims: ['C0', 'Y0', 'X0', 'R0', 'S0', 'Z0', 'C1', 'R1', 'S1', 'Y1', 'X1', 'Z1', 'C2', 'R2', 'S2', 'P', 'Q', 'Z2']
INFO: Arch: Eyeriss_Constrained_3L_tile120_8x256: identified intermediate dimensions: {'S1', 'C1', 'Z1', 'R1', 'Y1', 'X1', 'Z0'}
INFO: Added high constraint for intermediate dimension P in level InRegister
INFO: Added high constraint for intermediate dimension R1 in level InRegister
INFO: Added high constraint for intermediate dimension P in level WRegister
INFO: Added high constraint for intermediate dimension R1 in level WRegister
INFO: Added high constraint for intermediate dimension P in level IntermediateRegister
INFO: Added high constraint for intermediate dimension R1 in level IntermediateRegister
INFO: Added high constraint for intermediate dimension P in level OutRegister
INFO: Added high constraint for intermediate dimension R1 in level OutRegister
  OK L0_L1_L2 (3L, tile=120): E=2.227e+04 uJ, L=6.059e+06 cc, EDP=1.36e+05
------ loading Accelergy for Eyeriss ------
[Constrained Eyeriss] 3 layers, tile_size=120
  DRAM: {'Q': 8, 'P': 540, 'X0': 8, 'Y0': 540, 'Z0': 1, 'C0': 1, 'R0': 1, 'S0': 1, 'X1': 8, 'Y1': 540, 'Z1': 1, 'C1': 1, 'R1': 1, 'S1': 1, 'Z2': 1, 'C2': 1, 'R2': 1, 'S2': 1}
  GlobalBuffer: {'Q': 15, 'P': 1, 'X0': 15, 'Y0': 1, 'Z0': 1, 'C0': 1, 'R0': 1, 'S0': 1, 'X1': 15, 'Y1': 1, 'Z1': 1, 'C1': 1, 'R1': 1, 'S1': 1, 'Z2': 1, 'C2': 1, 'R2': 1, 'S2': 1}
  SACols: {'Q': 8, 'Z2': 1}
  SARows_0: {'S0': 3, 'C0': 12, 'Z0': 6}
  SARows_1: {'S1': 3, 'C1': 12, 'Z1': 6}
  SARows_2: {'S2': 3, 'C2': 12, 'Z2': 6}
Creating architecture: Eyeriss_Constrained_3L_tile120_8x256 with coupling: dims: C0Y0X0R0S0Z0C1R1S1Y1X1Z1C2R2S2PQZ2, in_coupling: [C0][Y0+R0][X0+S0], w_coupling: W0: [Z0][C0][R0][S0],W1: [Z1][C1][R1][S1],W2: [Z2][C2][R2][S2],, out_coupling: [Z2][P][Q]
final_layer_dims: {'S0', 'Y0', 'P', 'R2', 'S2', 'C0', 'X0', 'Q', 'C2', 'R0', 'Z2'}, coupling.dims: ['C0', 'Y0', 'X0', 'R0', 'S0', 'Z0', 'C1', 'R1', 'S1', 'Y1', 'X1', 'Z1', 'C2', 'R2', 'S2', 'P', 'Q', 'Z2']
INFO: Arch: Eyeriss_Constrained_3L_tile120_8x256: identified intermediate dimensions: {'S1', 'C1', 'Z1', 'R1', 'Y1', 'X1', 'Z0'}
INFO: Added high constraint for intermediate dimension P in level InRegister
INFO: Added high constraint for intermediate dimension R1 in level InRegister
INFO: Added high constraint for intermediate dimension P in level WRegister
INFO: Added high constraint for intermediate dimension R1 in level WRegister
INFO: Added high constraint for intermediate dimension P in level IntermediateRegister
INFO: Added high constraint for intermediate dimension R1 in level IntermediateRegister
INFO: Added high constraint for intermediate dimension P in level OutRegister
INFO: Added high constraint for intermediate dimension R1 in level OutRegister
  OK L3_L4_L5 (3L, tile=120): E=1.465e+04 uJ, L=4.666e+06 cc, EDP=6.92e+04
------ loading Accelergy for Eyeriss ------
[Constrained Eyeriss] 2 layers, tile_size=120
  DRAM: {'Q': 8, 'P': 540, 'X0': 8, 'Y0': 540, 'Z0': 1, 'C0': 1, 'R0': 1, 'S0': 1, 'Z1': 1, 'C1': 1, 'R1': 1, 'S1': 1}
  GlobalBuffer: {'Q': 15, 'P': 1, 'X0': 15, 'Y0': 1, 'Z0': 1, 'C0': 1, 'R0': 1, 'S0': 1, 'Z1': 1, 'C1': 1, 'R1': 1, 'S1': 1}
  SACols: {'Q': 8, 'Z1': 1}
  SARows_0: {'S0': 1, 'C0': 12, 'Z0': 14}
  SARows_1: {'S1': 3, 'C1': 56, 'Z1': 1}
Creating architecture: Eyeriss_Constrained_2L_tile120_8x256 with coupling: dims: C0Y0X0R0S0Z0C1R1S1Z1PQ, in_coupling: [C0][Y0+R0][X0+S0], w_coupling: W0: [Z0][C0][R0][S0],W1: [Z1][C1][R1][S1],, out_coupling: [Z1][P][Q]
final_layer_dims: {'S1', 'S0', 'Y0', 'P', 'C1', 'Z1', 'C0', 'X0', 'R1', 'Q', 'R0'}, coupling.dims: ['C0', 'Y0', 'X0', 'R0', 'S0', 'Z0', 'C1', 'R1', 'S1', 'Z1', 'P', 'Q']
INFO: Arch: Eyeriss_Constrained_2L_tile120_8x256: identified intermediate dimensions: {'Z0'}
INFO: Added high constraint for intermediate dimension P in level InRegister
INFO: Added high constraint for intermediate dimension R1 in level InRegister
INFO: Added high constraint for intermediate dimension P in level WRegister
INFO: Added high constraint for intermediate dimension R1 in level WRegister
INFO: Added high constraint for intermediate dimension P in level IntermediateRegister
INFO: Added high constraint for intermediate dimension R1 in level IntermediateRegister
INFO: Added high constraint for intermediate dimension P in level OutRegister
INFO: Added high constraint for intermediate dimension R1 in level OutRegister
  OK L6_L7_expanding_output (2L, tile=120): E=3.228e+04 uJ, L=8.165e+06 cc, EDP=2.64e+05

====================================================================================================
COMPARISON RESULTS: FSRCNN -- FULL FUSION vs Sum PARTIAL FUSION
====================================================================================================
  Architecture: Eyeriss 256x8, GB=128KB, WReg=384, InReg=34, IntReg=32, OutReg=64
====================================================================================================
Level                        Energy (uJ)   Latency (cc)            EDP       DRAM Reads      DRAM Writes
----------------------------------------------------------------------------------------------------
Full Fusion (1 ok)             6.842e+04      1.889e+07       1.29e+06        1,573,992        8,294,400
Sum Partial Fusion (3 ok)      6.920e+04      1.889e+07       1.31e+06       14,015,592       20,736,000

----------------------------------------------------------------------------------------------------
RATIOS (Full Fusion / Sum Partial Fusion) -- values < 1.0 mean fusion wins
----------------------------------------------------------------------------------------------------
Metric                    Ratio      Savings
---------------------------------------------
Energy                   0.9888        +1.1%
Latency                  1.0000        +0.0%
EDP                      0.9887        +1.1%
DRAM Reads               0.1123       +88.8%
DRAM Writes              0.4000       +60.0%

----------------------------------------------------------------------------------------------------
BASELINE DETAIL (Sum Partial Fusion):
----------------------------------------------------------------------------------------------------
Layer/Segment                     Energy (uJ)   Latency (cc)            EDP     Status
-------------------------------------------------------------------------------------
3layer/L0_L1_L2                     2.227e+04      6.059e+06       1.36e+05         OK
3layer/L3_L4_L5                     1.465e+04      4.666e+06       6.92e+04         OK
3layer/L6_L7_expanding_output       3.228e+04      8.165e+06       2.64e+05         OK

====================================================================================================

Results exported to: results/results_20260219_174521.csv

================================================================================
EXPERIMENT SUMMARY
================================================================================

Total experiments: 4
Successful: 4
Failed: 0

────────────────────────────────────────────────────────────────────────────────
Results by workload:
────────────────────────────────────────────────────────────────────────────────

FSRCNN:
  full/8layer, fmem_size: 1056kB, wmem_size: 524kB, pe_rows: 256, pe_cols: 8 -> E=6.84e+04μJ, L=1.89e+07cc, EDP=1.30e+06
  3layer/L0_L1_L2, fmem_size: 1056kB, wmem_size: 524kB, pe_rows: 256, pe_cols: 8 -> E=2.23e+04μJ, L=6.06e+06cc, EDP=1.36e+05
  3layer/L3_L4_L5, fmem_size: 1056kB, wmem_size: 524kB, pe_rows: 256, pe_cols: 8 -> E=1.46e+04μJ, L=4.67e+06cc, EDP=6.92e+04
  3layer/L6_L7_expanding_output, fmem_size: 1056kB, wmem_size: 524kB, pe_rows: 256, pe_cols: 8 -> E=3.23e+04μJ, L=8.16e+06cc, EDP=2.64e+05
