Creating architecture: Gemmini with coupling: dims: MKN, in_coupling: [K][N], w_coupling: W0: [M][K],, out_coupling: [M][N]
Creating architecture: Gemmini (conv) with coupling: dims: NMPQCRS, in_coupling: [N][C][Pstride*P+Rdilation*R][Qstride*Q+Sdilation*S], w_coupling: W0: [M][C][R][S],, out_coupling: [N][M][P][Q]
Creating architecture: Eyeriss with coupling: dims: MKN, in_coupling: [K][N], w_coupling: W0: [M][K],, out_coupling: [M][N]
Creating architecture: Eyeriss (conv) with coupling: dims: NMPQCRS, in_coupling: [N][C][Pstride*P+Rdilation*R][Qstride*Q+Sdilation*S], w_coupling: W0: [M][C][R][S],, out_coupling: [N][M][P][Q]
Creating architecture: Simba with coupling: dims: MKN, in_coupling: [K][N], w_coupling: W0: [M][K],, out_coupling: [M][N]
Creating architecture: Simba (conv) with coupling: dims: NMPQCRS, in_coupling: [N][C][Pstride*P+Rdilation*R][Qstride*Q+Sdilation*S], w_coupling: W0: [M][C][R][S],, out_coupling: [N][M][P][Q]
Creating architecture: TPUv1 with coupling: dims: MKN, in_coupling: [K][N], w_coupling: W0: [M][K],, out_coupling: [M][N]
Creating architecture: TPUv1 (conv) with coupling: dims: NMPQCRS, in_coupling: [N][C][Pstride*P+Rdilation*R][Qstride*Q+Sdilation*S], w_coupling: W0: [M][C][R][S],, out_coupling: [N][M][P][Q]

====================================================================================================
FIXED-CONFIG FUSION COMPARISON: FSRCNN -- FULL FUSION vs Sum SINGLES
====================================================================================================
Architecture: Eyeriss, PE=128x16 (2,048 total)
  GB=128KB, WReg=384, InReg=34, IntReg=32, OutReg=64
  Tile size override: 80
  ALL experiments use IDENTICAL architecture (fair comparison)
====================================================================================================

  Per-block tile sizes (from full fusion stride propagation):
    L0_L1_L2: tile=80
    L3_L4_L5: tile=80
    L6_L7_expanding_output: tile=80
--- FULL FUSION: fsrcnn/full/8layer ---
------ loading Accelergy for Eyeriss ------
------ loading Accelergy ------
WARNING: Accelergy package not found or incompatible, trying a manual import from ACCELERGY_PATH.
ACCELERGY PLUG-INS: ['Library', 'dummy', 'ADC Plug-In', 'DEPRECATED table-based-plug-ins. Use the Library plug-in instead.', 'Neurosim Plug-In', 'Aladdin_table', 'CactiCache', 'CactiDRAM', 'CactiSRAM']
[Constrained Eyeriss] 8 layers, tile_size=80
  DRAM: {'Q': 12, 'P': 540, 'X0': 12, 'Y0': 540, 'Z0': 1, 'C0': 1, 'R0': 1, 'S0': 1, 'X1': 12, 'Y1': 540, 'Z1': 1, 'C1': 1, 'R1': 1, 'S1': 1, 'X2': 12, 'Y2': 540, 'Z2': 1, 'C2': 1, 'R2': 1, 'S2': 1, 'X3': 12, 'Y3': 540, 'Z3': 1, 'C3': 1, 'R3': 1, 'S3': 1, 'X4': 12, 'Y4': 540, 'Z4': 1, 'C4': 1, 'R4': 1, 'S4': 1, 'X5': 12, 'Y5': 540, 'Z5': 1, 'C5': 1, 'R5': 1, 'S5': 1, 'X6': 12, 'Y6': 540, 'Z6': 1, 'C6': 1, 'R6': 1, 'S6': 1, 'Z7': 1, 'C7': 1, 'R7': 1, 'S7': 1}
  GlobalBuffer: {'Q': 80, 'P': 1, 'X0': 80, 'Y0': 1, 'Z0': 1, 'C0': 1, 'R0': 1, 'S0': 1, 'X1': 80, 'Y1': 1, 'Z1': 1, 'C1': 1, 'R1': 1, 'S1': 1, 'X2': 80, 'Y2': 1, 'Z2': 1, 'C2': 1, 'R2': 1, 'S2': 1, 'X3': 80, 'Y3': 1, 'Z3': 1, 'C3': 1, 'R3': 1, 'S3': 1, 'X4': 80, 'Y4': 1, 'Z4': 1, 'C4': 1, 'R4': 1, 'S4': 1, 'X5': 80, 'Y5': 1, 'Z5': 1, 'C5': 1, 'R5': 1, 'S5': 1, 'X6': 80, 'Y6': 1, 'Z6': 1, 'C6': 1, 'R6': 1, 'S6': 1, 'Z7': 1, 'C7': 1, 'R7': 1, 'S7': 1}
  SACols: {'Q': 1, 'Z7': 16}
  SARows_0: {'S0': 5, 'C0': 3, 'Z0': 4}
  SARows_1: {'S1': 1, 'C1': 56, 'Z1': 1}
  SARows_2: {'S2': 3, 'C2': 12, 'Z2': 1}
  SARows_3: {'S3': 3, 'C3': 12, 'Z3': 1}
  SARows_4: {'S4': 3, 'C4': 12, 'Z4': 1}
  SARows_5: {'S5': 3, 'C5': 12, 'Z5': 1}
  SARows_6: {'S6': 1, 'C6': 12, 'Z6': 4}
  SARows_7: {'S7': 3, 'C7': 28, 'Z7': 1}
Creating architecture: Eyeriss_Constrained_8L_tile80_16x128 with coupling: dims: C0Y0X0R0S0Z0C1R1S1Y1X1Z1C2R2S2Y2X2Z2C3R3S3Y3X3Z3C4R4S4Y4X4Z4C5R5S5Y5X5Z5C6R6S6Y6X6Z6C7R7S7PQZ7, in_coupling: [C0][Y0+R0][X0+S0], w_coupling: W0: [Z0][C0][R0][S0],W1: [Z1][C1][R1][S1],W2: [Z2][C2][R2][S2],W3: [Z3][C3][R3][S3],W4: [Z4][C4][R4][S4],W5: [Z5][C5][R5][S5],W6: [Z6][C6][R6][S6],W7: [Z7][C7][R7][S7],, out_coupling: [Z7][P][Q]
final_layer_dims: {'Y0', 'P', 'S0', 'R0', 'Z7', 'Q', 'C0', 'S7', 'C7', 'R7', 'X0'}, coupling.dims: ['C0', 'Y0', 'X0', 'R0', 'S0', 'Z0', 'C1', 'R1', 'S1', 'Y1', 'X1', 'Z1', 'C2', 'R2', 'S2', 'Y2', 'X2', 'Z2', 'C3', 'R3', 'S3', 'Y3', 'X3', 'Z3', 'C4', 'R4', 'S4', 'Y4', 'X4', 'Z4', 'C5', 'R5', 'S5', 'Y5', 'X5', 'Z5', 'C6', 'R6', 'S6', 'Y6', 'X6', 'Z6', 'C7', 'R7', 'S7', 'P', 'Q', 'Z7']
INFO: Arch: Eyeriss_Constrained_8L_tile80_16x128: identified intermediate dimensions: {'Y1', 'C2', 'Z4', 'X5', 'X6', 'S2', 'Z2', 'S5', 'C5', 'X1', 'Z5', 'Y4', 'Z1', 'Z6', 'X3', 'Y2', 'X4', 'R4', 'Z3', 'R3', 'Y3', 'R5', 'Z0', 'X2', 'R2', 'S3', 'S1', 'C3', 'S4', 'Y6', 'R1', 'C1', 'S6', 'C6', 'R6', 'Y5', 'C4'}
INFO: Added high constraint for intermediate dimension P in level InRegister
INFO: Added high constraint for intermediate dimension R1 in level InRegister
INFO: Added high constraint for intermediate dimension P in level WRegister
INFO: Added high constraint for intermediate dimension R1 in level WRegister
INFO: Added high constraint for intermediate dimension P in level IntermediateRegister
INFO: Added high constraint for intermediate dimension R1 in level IntermediateRegister
INFO: Added high constraint for intermediate dimension P in level OutRegister
INFO: Added high constraint for intermediate dimension R1 in level OutRegister
WARNING: Arch: Eyeriss_Constrained_8L_tile80_16x128 -> Level: IntermediateRegister: updating constraint (Z0: 14) to (Z0: 1) to fit the computation.
WARNING: Arch: Eyeriss_Constrained_8L_tile80_16x128 -> Level: IntermediateRegister: updating constraint (Z1: 12) to (Z1: 1) to fit the computation.
WARNING: Arch: Eyeriss_Constrained_8L_tile80_16x128 -> Level: IntermediateRegister: updating constraint (Z2: 12) to (Z2: 1) to fit the computation.
WARNING: Arch: Eyeriss_Constrained_8L_tile80_16x128 -> Level: IntermediateRegister: updating constraint (Z3: 12) to (Z3: 1) to fit the computation.
WARNING: Arch: Eyeriss_Constrained_8L_tile80_16x128 -> Level: IntermediateRegister: updating constraint (Z4: 12) to (Z4: 1) to fit the computation.
WARNING: Arch: Eyeriss_Constrained_8L_tile80_16x128 -> Level: IntermediateRegister: updating constraint (Z5: 12) to (Z5: 1) to fit the computation.
WARNING: Arch: Eyeriss_Constrained_8L_tile80_16x128 -> Level: IntermediateRegister: updating constraint (Z6: 14) to (Z6: 1) to fit the computation.
WARNING: Arch: Eyeriss_Constrained_8L_tile80_16x128 -> Level: OutRegister: updating constraint (Z7: 16) to (Z7: 1) to fit the computation.
  OK Energy: 7.150e+04 uJ, Latency: 1.918e+07 cc, EDP: 1.42e+06

--- BASELINE: SINGLE LAYERS ---
------ loading Accelergy for Eyeriss ------
[Constrained Eyeriss] Single layer, tile_size=80
  DRAM: {'Q': 12, 'P': 540, 'M': 1, 'C': 1, 'R': 1, 'S': 1}
  GlobalBuffer: {'Q': 80, 'P': 1, 'M': 1, 'C': 1, 'R': 1, 'S': 1}
  SACols: {'Q': 1, 'M': 14}
  SARows: {'S': 5, 'C': 3, 'M': 4}
  WRegister: {'C': 1, 'R': 5, 'M': 1, 'P': 1, 'Q': 1, 'S': 1}
  OutRegister: {'M': 1, 'C': 1, 'P': 1, 'Q': 1, 'R': 1, 'S': 1}
Creating architecture: Eyeriss_Constrained_1L_tile80_16x128 with coupling: dims: MPQCRS, in_coupling: [C][P+R][Q+S], w_coupling: W0: [M][C][R][S],, out_coupling: [M][P][Q]
  OK L0_feature_extraction: E=1.714e+03 uJ, L=7.258e+06 cc, EDP=1.24e+04
------ loading Accelergy for Eyeriss ------
[Constrained Eyeriss] Single layer, tile_size=80
  DRAM: {'Q': 12, 'P': 540, 'M': 1, 'C': 1, 'R': 1, 'S': 1}
  GlobalBuffer: {'Q': 80, 'P': 1, 'M': 1, 'C': 1, 'R': 1, 'S': 1}
  SACols: {'Q': 1, 'M': 12}
  SARows: {'S': 1, 'C': 56, 'M': 1}
  WRegister: {'C': 1, 'R': 1, 'M': 1, 'P': 1, 'Q': 1, 'S': 1}
  OutRegister: {'M': 1, 'C': 1, 'P': 1, 'Q': 1, 'R': 1, 'S': 1}
Creating architecture: Eyeriss_Constrained_1L_tile80_16x128 with coupling: dims: MPQCRS, in_coupling: [C][P+R][Q+S], w_coupling: W0: [M][C][R][S],, out_coupling: [M][P][Q]
  OK L1_shrinking: E=1.708e+03 uJ, L=7.258e+06 cc, EDP=1.24e+04
------ loading Accelergy for Eyeriss ------
[Constrained Eyeriss] Single layer, tile_size=80
  DRAM: {'Q': 12, 'P': 540, 'M': 1, 'C': 1, 'R': 1, 'S': 1}
  GlobalBuffer: {'Q': 80, 'P': 1, 'M': 1, 'C': 1, 'R': 1, 'S': 1}
  SACols: {'Q': 1, 'M': 12}
  SARows: {'S': 3, 'C': 12, 'M': 1}
  WRegister: {'C': 1, 'R': 3, 'M': 1, 'P': 1, 'Q': 1, 'S': 1}
  OutRegister: {'M': 1, 'C': 1, 'P': 1, 'Q': 1, 'R': 1, 'S': 1}
Creating architecture: Eyeriss_Constrained_1L_tile80_16x128 with coupling: dims: MPQCRS, in_coupling: [C][P+R][Q+S], w_coupling: W0: [M][C][R][S],, out_coupling: [M][P][Q]
  OK L2_mapping1: E=7.778e+02 uJ, L=1.556e+06 cc, EDP=1.21e+03
------ loading Accelergy for Eyeriss ------
[Constrained Eyeriss] Single layer, tile_size=80
  DRAM: {'Q': 12, 'P': 540, 'M': 1, 'C': 1, 'R': 1, 'S': 1}
  GlobalBuffer: {'Q': 80, 'P': 1, 'M': 1, 'C': 1, 'R': 1, 'S': 1}
  SACols: {'Q': 1, 'M': 12}
  SARows: {'S': 3, 'C': 12, 'M': 1}
  WRegister: {'C': 1, 'R': 3, 'M': 1, 'P': 1, 'Q': 1, 'S': 1}
  OutRegister: {'M': 1, 'C': 1, 'P': 1, 'Q': 1, 'R': 1, 'S': 1}
Creating architecture: Eyeriss_Constrained_1L_tile80_16x128 with coupling: dims: MPQCRS, in_coupling: [C][P+R][Q+S], w_coupling: W0: [M][C][R][S],, out_coupling: [M][P][Q]
  OK L3_mapping2: E=7.778e+02 uJ, L=1.556e+06 cc, EDP=1.21e+03
------ loading Accelergy for Eyeriss ------
[Constrained Eyeriss] Single layer, tile_size=80
  DRAM: {'Q': 12, 'P': 540, 'M': 1, 'C': 1, 'R': 1, 'S': 1}
  GlobalBuffer: {'Q': 80, 'P': 1, 'M': 1, 'C': 1, 'R': 1, 'S': 1}
  SACols: {'Q': 1, 'M': 12}
  SARows: {'S': 3, 'C': 12, 'M': 1}
  WRegister: {'C': 1, 'R': 3, 'M': 1, 'P': 1, 'Q': 1, 'S': 1}
  OutRegister: {'M': 1, 'C': 1, 'P': 1, 'Q': 1, 'R': 1, 'S': 1}
Creating architecture: Eyeriss_Constrained_1L_tile80_16x128 with coupling: dims: MPQCRS, in_coupling: [C][P+R][Q+S], w_coupling: W0: [M][C][R][S],, out_coupling: [M][P][Q]
  OK L4_mapping3: E=7.778e+02 uJ, L=1.556e+06 cc, EDP=1.21e+03
------ loading Accelergy for Eyeriss ------
[Constrained Eyeriss] Single layer, tile_size=80
  DRAM: {'Q': 12, 'P': 540, 'M': 1, 'C': 1, 'R': 1, 'S': 1}
  GlobalBuffer: {'Q': 80, 'P': 1, 'M': 1, 'C': 1, 'R': 1, 'S': 1}
  SACols: {'Q': 1, 'M': 12}
  SARows: {'S': 3, 'C': 12, 'M': 1}
  WRegister: {'C': 1, 'R': 3, 'M': 1, 'P': 1, 'Q': 1, 'S': 1}
  OutRegister: {'M': 1, 'C': 1, 'P': 1, 'Q': 1, 'R': 1, 'S': 1}
Creating architecture: Eyeriss_Constrained_1L_tile80_16x128 with coupling: dims: MPQCRS, in_coupling: [C][P+R][Q+S], w_coupling: W0: [M][C][R][S],, out_coupling: [M][P][Q]
  OK L5_mapping4: E=7.778e+02 uJ, L=1.556e+06 cc, EDP=1.21e+03
------ loading Accelergy for Eyeriss ------
[Constrained Eyeriss] Single layer, tile_size=80
  DRAM: {'Q': 12, 'P': 540, 'M': 1, 'C': 1, 'R': 1, 'S': 1}
  GlobalBuffer: {'Q': 80, 'P': 1, 'M': 1, 'C': 1, 'R': 1, 'S': 1}
  SACols: {'Q': 1, 'M': 14}
  SARows: {'S': 1, 'C': 12, 'M': 4}
  WRegister: {'C': 1, 'R': 1, 'M': 1, 'P': 1, 'Q': 1, 'S': 1}
  OutRegister: {'M': 1, 'C': 1, 'P': 1, 'Q': 1, 'R': 1, 'S': 1}
Creating architecture: Eyeriss_Constrained_1L_tile80_16x128 with coupling: dims: MPQCRS, in_coupling: [C][P+R][Q+S], w_coupling: W0: [M][C][R][S],, out_coupling: [M][P][Q]
  OK L6_expanding: E=1.708e+03 uJ, L=7.258e+06 cc, EDP=1.24e+04
------ loading Accelergy for Eyeriss ------
[Constrained Eyeriss] Single layer, tile_size=80
  DRAM: {'Q': 12, 'P': 540, 'M': 1, 'C': 1, 'R': 1, 'S': 1}
  GlobalBuffer: {'Q': 80, 'P': 1, 'M': 1, 'C': 1, 'R': 1, 'S': 1}
  SACols: {'Q': 1, 'M': 16}
  SARows: {'S': 3, 'C': 28, 'M': 1}
  WRegister: {'C': 2, 'R': 3, 'M': 1, 'P': 1, 'Q': 1, 'S': 1}
  OutRegister: {'M': 1, 'C': 1, 'P': 1, 'Q': 1, 'R': 1, 'S': 1}
Creating architecture: Eyeriss_Constrained_1L_tile80_16x128 with coupling: dims: MPQCRS, in_coupling: [C][P+R][Q+S], w_coupling: W0: [M][C][R][S],, out_coupling: [M][P][Q]
  OK L7_output: E=2.932e+03 uJ, L=7.260e+06 cc, EDP=2.13e+04

====================================================================================================
COMPARISON RESULTS: FSRCNN -- FULL FUSION vs Sum SINGLES
====================================================================================================
  Architecture: Eyeriss 128x16, GB=128KB, WReg=384, InReg=34, IntReg=32, OutReg=64
====================================================================================================
Level                        Energy (uJ)   Latency (cc)            EDP       DRAM Reads      DRAM Writes
----------------------------------------------------------------------------------------------------
Full Fusion (1 ok)             7.150e+04      1.918e+07       1.37e+06        1,573,992        8,294,400
Sum Singles (8 ok)             1.117e+04      3.525e+07       3.94e+05       90,738,792       97,459,200

----------------------------------------------------------------------------------------------------
RATIOS (Full Fusion / Sum Singles) -- values < 1.0 mean fusion wins
----------------------------------------------------------------------------------------------------
Metric                    Ratio      Savings
---------------------------------------------
Energy                   6.3996      -540.0%
Latency                  0.5441       +45.6%
EDP                      3.4818      -248.2%
DRAM Reads               0.0173       +98.3%
DRAM Writes              0.0851       +91.5%

----------------------------------------------------------------------------------------------------
BASELINE DETAIL (Sum Singles):
----------------------------------------------------------------------------------------------------
Layer/Segment                     Energy (uJ)   Latency (cc)            EDP     Status
-------------------------------------------------------------------------------------
L0_feature_extraction               1.714e+03      7.258e+06       1.24e+04         OK
L1_shrinking                        1.708e+03      7.258e+06       1.24e+04         OK
L2_mapping1                         7.778e+02      1.556e+06       1.21e+03         OK
L3_mapping2                         7.778e+02      1.556e+06       1.21e+03         OK
L4_mapping3                         7.778e+02      1.556e+06       1.21e+03         OK
L5_mapping4                         7.778e+02      1.556e+06       1.21e+03         OK
L6_expanding                        1.708e+03      7.258e+06       1.24e+04         OK
L7_output                           2.932e+03      7.260e+06       2.13e+04         OK

====================================================================================================

Results exported to: results/results_20260220_233301.csv

================================================================================
EXPERIMENT SUMMARY
================================================================================

Total experiments: 9
Successful: 9
Failed: 0

────────────────────────────────────────────────────────────────────────────────
Results by workload:
────────────────────────────────────────────────────────────────────────────────

FSRCNN:
  full/8layer, fmem_size: 1056kB, wmem_size: 524kB, pe_rows: 128, pe_cols: 16 -> E=7.15e+04μJ, L=1.92e+07cc, EDP=1.42e+06
  single/L0_feature_extraction, fmem_size: 1056kB, wmem_size: 524kB, pe_rows: 128, pe_cols: 16 -> E=1.71e+03μJ, L=7.26e+06cc, EDP=1.24e+04
  single/L1_shrinking, fmem_size: 1056kB, wmem_size: 524kB, pe_rows: 128, pe_cols: 16 -> E=1.71e+03μJ, L=7.26e+06cc, EDP=1.24e+04
  single/L2_mapping1, fmem_size: 1056kB, wmem_size: 524kB, pe_rows: 128, pe_cols: 16 -> E=7.78e+02μJ, L=1.56e+06cc, EDP=1.21e+03
  single/L3_mapping2, fmem_size: 1056kB, wmem_size: 524kB, pe_rows: 128, pe_cols: 16 -> E=7.78e+02μJ, L=1.56e+06cc, EDP=1.21e+03
  single/L4_mapping3, fmem_size: 1056kB, wmem_size: 524kB, pe_rows: 128, pe_cols: 16 -> E=7.78e+02μJ, L=1.56e+06cc, EDP=1.21e+03
  single/L5_mapping4, fmem_size: 1056kB, wmem_size: 524kB, pe_rows: 128, pe_cols: 16 -> E=7.78e+02μJ, L=1.56e+06cc, EDP=1.21e+03
  single/L6_expanding, fmem_size: 1056kB, wmem_size: 524kB, pe_rows: 128, pe_cols: 16 -> E=1.71e+03μJ, L=7.26e+06cc, EDP=1.24e+04
  single/L7_output, fmem_size: 1056kB, wmem_size: 524kB, pe_rows: 128, pe_cols: 16 -> E=2.93e+03μJ, L=7.26e+06cc, EDP=2.13e+04
