Creating architecture: Gemmini with coupling: dims: MKN, in_coupling: [K][N], w_coupling: W0: [M][K],, out_coupling: [M][N]
Creating architecture: Gemmini (conv) with coupling: dims: NMPQCRS, in_coupling: [N][C][Pstride*P+Rdilation*R][Qstride*Q+Sdilation*S], w_coupling: W0: [M][C][R][S],, out_coupling: [N][M][P][Q]
Creating architecture: Eyeriss with coupling: dims: MKN, in_coupling: [K][N], w_coupling: W0: [M][K],, out_coupling: [M][N]
Creating architecture: Eyeriss (conv) with coupling: dims: NMPQCRS, in_coupling: [N][C][Pstride*P+Rdilation*R][Qstride*Q+Sdilation*S], w_coupling: W0: [M][C][R][S],, out_coupling: [N][M][P][Q]
Creating architecture: Simba with coupling: dims: MKN, in_coupling: [K][N], w_coupling: W0: [M][K],, out_coupling: [M][N]
Creating architecture: Simba (conv) with coupling: dims: NMPQCRS, in_coupling: [N][C][Pstride*P+Rdilation*R][Qstride*Q+Sdilation*S], w_coupling: W0: [M][C][R][S],, out_coupling: [N][M][P][Q]
Creating architecture: TPUv1 with coupling: dims: MKN, in_coupling: [K][N], w_coupling: W0: [M][K],, out_coupling: [M][N]
Creating architecture: TPUv1 (conv) with coupling: dims: NMPQCRS, in_coupling: [N][C][Pstride*P+Rdilation*R][Qstride*Q+Sdilation*S], w_coupling: W0: [M][C][R][S],, out_coupling: [N][M][P][Q]

====================================================================================================
FIXED-CONFIG FUSION COMPARISON: FSRCNN -- Sum PARTIAL FUSION vs Sum SINGLES
====================================================================================================
Architecture: Eyeriss, PE=256x8 (2,048 total)
  GB=128KB, WReg=384, InReg=34, IntReg=32, OutReg=64
  Tile size override: 120
  ALL experiments use IDENTICAL architecture (fair comparison)
====================================================================================================

  Per-block tile sizes (from full fusion stride propagation):
    L0_L1_L2: tile=120
    L3_L4_L5: tile=120
    L6_L7_expanding_output: tile=120
--- PARTIAL FUSION (3layer) ---
------ loading Accelergy for Eyeriss ------
------ loading Accelergy ------
WARNING: Accelergy package not found or incompatible, trying a manual import from ACCELERGY_PATH.
ACCELERGY PLUG-INS: ['Library', 'dummy', 'ADC Plug-In', 'DEPRECATED table-based-plug-ins. Use the Library plug-in instead.', 'Neurosim Plug-In', 'Aladdin_table', 'CactiCache', 'CactiDRAM', 'CactiSRAM']
[Constrained Eyeriss] 3 layers, tile_size=120
  DRAM: {'Q': 8, 'P': 540, 'X0': 8, 'Y0': 540, 'Z0': 1, 'C0': 1, 'R0': 1, 'S0': 1, 'X1': 8, 'Y1': 540, 'Z1': 1, 'C1': 1, 'R1': 1, 'S1': 1, 'Z2': 1, 'C2': 1, 'R2': 1, 'S2': 1}
  GlobalBuffer: {'Q': 15, 'P': 1, 'X0': 15, 'Y0': 1, 'Z0': 1, 'C0': 1, 'R0': 1, 'S0': 1, 'X1': 15, 'Y1': 1, 'Z1': 1, 'C1': 1, 'R1': 1, 'S1': 1, 'Z2': 1, 'C2': 1, 'R2': 1, 'S2': 1}
  SACols: {'Q': 8, 'Z2': 1}
  SARows_0: {'S0': 5, 'C0': 3, 'Z0': 14}
  SARows_1: {'S1': 1, 'C1': 56, 'Z1': 4}
  SARows_2: {'S2': 3, 'C2': 12, 'Z2': 6}
Creating architecture: Eyeriss_Constrained_3L_tile120_8x256 with coupling: dims: C0Y0X0R0S0Z0C1R1S1Y1X1Z1C2R2S2PQZ2, in_coupling: [C0][Y0+R0][X0+S0], w_coupling: W0: [Z0][C0][R0][S0],W1: [Z1][C1][R1][S1],W2: [Z2][C2][R2][S2],, out_coupling: [Z2][P][Q]
final_layer_dims: {'R0', 'Q', 'C2', 'R2', 'S2', 'Y0', 'S0', 'P', 'C0', 'X0', 'Z2'}, coupling.dims: ['C0', 'Y0', 'X0', 'R0', 'S0', 'Z0', 'C1', 'R1', 'S1', 'Y1', 'X1', 'Z1', 'C2', 'R2', 'S2', 'P', 'Q', 'Z2']
INFO: Arch: Eyeriss_Constrained_3L_tile120_8x256: identified intermediate dimensions: {'C1', 'Y1', 'Z1', 'R1', 'Z0', 'X1', 'S1'}
INFO: Added high constraint for intermediate dimension P in level InRegister
INFO: Added high constraint for intermediate dimension R1 in level InRegister
INFO: Added high constraint for intermediate dimension P in level WRegister
INFO: Added high constraint for intermediate dimension R1 in level WRegister
INFO: Added high constraint for intermediate dimension P in level IntermediateRegister
INFO: Added high constraint for intermediate dimension R1 in level IntermediateRegister
INFO: Added high constraint for intermediate dimension P in level OutRegister
INFO: Added high constraint for intermediate dimension R1 in level OutRegister
  OK L0_L1_L2 (3L, tile=120): E=2.227e+04 uJ, L=6.059e+06 cc, EDP=1.36e+05
------ loading Accelergy for Eyeriss ------
[Constrained Eyeriss] 3 layers, tile_size=120
  DRAM: {'Q': 8, 'P': 540, 'X0': 8, 'Y0': 540, 'Z0': 1, 'C0': 1, 'R0': 1, 'S0': 1, 'X1': 8, 'Y1': 540, 'Z1': 1, 'C1': 1, 'R1': 1, 'S1': 1, 'Z2': 1, 'C2': 1, 'R2': 1, 'S2': 1}
  GlobalBuffer: {'Q': 15, 'P': 1, 'X0': 15, 'Y0': 1, 'Z0': 1, 'C0': 1, 'R0': 1, 'S0': 1, 'X1': 15, 'Y1': 1, 'Z1': 1, 'C1': 1, 'R1': 1, 'S1': 1, 'Z2': 1, 'C2': 1, 'R2': 1, 'S2': 1}
  SACols: {'Q': 8, 'Z2': 1}
  SARows_0: {'S0': 3, 'C0': 12, 'Z0': 6}
  SARows_1: {'S1': 3, 'C1': 12, 'Z1': 6}
  SARows_2: {'S2': 3, 'C2': 12, 'Z2': 6}
Creating architecture: Eyeriss_Constrained_3L_tile120_8x256 with coupling: dims: C0Y0X0R0S0Z0C1R1S1Y1X1Z1C2R2S2PQZ2, in_coupling: [C0][Y0+R0][X0+S0], w_coupling: W0: [Z0][C0][R0][S0],W1: [Z1][C1][R1][S1],W2: [Z2][C2][R2][S2],, out_coupling: [Z2][P][Q]
final_layer_dims: {'R0', 'Q', 'C2', 'R2', 'S2', 'Y0', 'S0', 'P', 'C0', 'X0', 'Z2'}, coupling.dims: ['C0', 'Y0', 'X0', 'R0', 'S0', 'Z0', 'C1', 'R1', 'S1', 'Y1', 'X1', 'Z1', 'C2', 'R2', 'S2', 'P', 'Q', 'Z2']
INFO: Arch: Eyeriss_Constrained_3L_tile120_8x256: identified intermediate dimensions: {'C1', 'Y1', 'Z1', 'R1', 'Z0', 'X1', 'S1'}
INFO: Added high constraint for intermediate dimension P in level InRegister
INFO: Added high constraint for intermediate dimension R1 in level InRegister
INFO: Added high constraint for intermediate dimension P in level WRegister
INFO: Added high constraint for intermediate dimension R1 in level WRegister
INFO: Added high constraint for intermediate dimension P in level IntermediateRegister
INFO: Added high constraint for intermediate dimension R1 in level IntermediateRegister
INFO: Added high constraint for intermediate dimension P in level OutRegister
INFO: Added high constraint for intermediate dimension R1 in level OutRegister
  OK L3_L4_L5 (3L, tile=120): E=1.465e+04 uJ, L=4.666e+06 cc, EDP=6.92e+04
------ loading Accelergy for Eyeriss ------
[Constrained Eyeriss] 2 layers, tile_size=120
  DRAM: {'Q': 8, 'P': 540, 'X0': 8, 'Y0': 540, 'Z0': 1, 'C0': 1, 'R0': 1, 'S0': 1, 'Z1': 1, 'C1': 1, 'R1': 1, 'S1': 1}
  GlobalBuffer: {'Q': 15, 'P': 1, 'X0': 15, 'Y0': 1, 'Z0': 1, 'C0': 1, 'R0': 1, 'S0': 1, 'Z1': 1, 'C1': 1, 'R1': 1, 'S1': 1}
  SACols: {'Q': 8, 'Z1': 1}
  SARows_0: {'S0': 1, 'C0': 12, 'Z0': 14}
  SARows_1: {'S1': 3, 'C1': 56, 'Z1': 1}
Creating architecture: Eyeriss_Constrained_2L_tile120_8x256 with coupling: dims: C0Y0X0R0S0Z0C1R1S1Z1PQ, in_coupling: [C0][Y0+R0][X0+S0], w_coupling: W0: [Z0][C0][R0][S0],W1: [Z1][C1][R1][S1],, out_coupling: [Z1][P][Q]
final_layer_dims: {'C1', 'R0', 'Q', 'Y0', 'Z1', 'R1', 'P', 'S0', 'C0', 'X0', 'S1'}, coupling.dims: ['C0', 'Y0', 'X0', 'R0', 'S0', 'Z0', 'C1', 'R1', 'S1', 'Z1', 'P', 'Q']
INFO: Arch: Eyeriss_Constrained_2L_tile120_8x256: identified intermediate dimensions: {'Z0'}
INFO: Added high constraint for intermediate dimension P in level InRegister
INFO: Added high constraint for intermediate dimension R1 in level InRegister
INFO: Added high constraint for intermediate dimension P in level WRegister
INFO: Added high constraint for intermediate dimension R1 in level WRegister
INFO: Added high constraint for intermediate dimension P in level IntermediateRegister
INFO: Added high constraint for intermediate dimension R1 in level IntermediateRegister
INFO: Added high constraint for intermediate dimension P in level OutRegister
INFO: Added high constraint for intermediate dimension R1 in level OutRegister
  OK L6_L7_expanding_output (2L, tile=120): E=3.228e+04 uJ, L=8.165e+06 cc, EDP=2.64e+05

--- BASELINE: SINGLE LAYERS ---
------ loading Accelergy for Eyeriss ------
[Constrained Eyeriss] Single layer, tile_size=120
  DRAM: {'Q': 8, 'P': 540, 'M': 1, 'C': 1, 'R': 1, 'S': 1}
  GlobalBuffer: {'Q': 15, 'P': 1, 'M': 1, 'C': 1, 'R': 1, 'S': 1}
  SACols: {'Q': 8, 'M': 1}
  SARows: {'S': 5, 'C': 3, 'M': 14}
  WRegister: {'C': 1, 'R': 5, 'M': 1, 'P': 1, 'Q': 1, 'S': 1}
  OutRegister: {'M': 4, 'C': 1, 'P': 1, 'Q': 1, 'R': 1, 'S': 1}
Creating architecture: Eyeriss_Constrained_1L_tile120_8x256 with coupling: dims: MPQCRS, in_coupling: [C][P+R][Q+S], w_coupling: W0: [M][C][R][S],, out_coupling: [M][P][Q]
  OK L0_feature_extraction: E=1.440e+03 uJ, L=7.258e+06 cc, EDP=1.05e+04
------ loading Accelergy for Eyeriss ------
[Constrained Eyeriss] Single layer, tile_size=120
  DRAM: {'Q': 8, 'P': 540, 'M': 1, 'C': 1, 'R': 1, 'S': 1}
  GlobalBuffer: {'Q': 15, 'P': 1, 'M': 1, 'C': 1, 'R': 1, 'S': 1}
  SACols: {'Q': 8, 'M': 1}
  SARows: {'S': 1, 'C': 56, 'M': 4}
  WRegister: {'C': 1, 'R': 1, 'M': 1, 'P': 1, 'Q': 1, 'S': 1}
  OutRegister: {'M': 3, 'C': 1, 'P': 1, 'Q': 1, 'R': 1, 'S': 1}
Creating architecture: Eyeriss_Constrained_1L_tile120_8x256 with coupling: dims: MPQCRS, in_coupling: [C][P+R][Q+S], w_coupling: W0: [M][C][R][S],, out_coupling: [M][P][Q]
  OK L1_shrinking: E=1.517e+03 uJ, L=7.258e+06 cc, EDP=1.10e+04
------ loading Accelergy for Eyeriss ------
[Constrained Eyeriss] Single layer, tile_size=120
  DRAM: {'Q': 8, 'P': 540, 'M': 1, 'C': 1, 'R': 1, 'S': 1}
  GlobalBuffer: {'Q': 15, 'P': 1, 'M': 1, 'C': 1, 'R': 1, 'S': 1}
  SACols: {'Q': 8, 'M': 1}
  SARows: {'S': 3, 'C': 12, 'M': 6}
  WRegister: {'C': 1, 'R': 3, 'M': 1, 'P': 1, 'Q': 1, 'S': 1}
  OutRegister: {'M': 2, 'C': 1, 'P': 1, 'Q': 1, 'R': 1, 'S': 1}
Creating architecture: Eyeriss_Constrained_1L_tile120_8x256 with coupling: dims: MPQCRS, in_coupling: [C][P+R][Q+S], w_coupling: W0: [M][C][R][S],, out_coupling: [M][P][Q]
  OK L2_mapping1: E=6.792e+02 uJ, L=1.556e+06 cc, EDP=1.06e+03
------ loading Accelergy for Eyeriss ------
[Constrained Eyeriss] Single layer, tile_size=120
  DRAM: {'Q': 8, 'P': 540, 'M': 1, 'C': 1, 'R': 1, 'S': 1}
  GlobalBuffer: {'Q': 15, 'P': 1, 'M': 1, 'C': 1, 'R': 1, 'S': 1}
  SACols: {'Q': 8, 'M': 1}
  SARows: {'S': 3, 'C': 12, 'M': 6}
  WRegister: {'C': 1, 'R': 3, 'M': 1, 'P': 1, 'Q': 1, 'S': 1}
  OutRegister: {'M': 2, 'C': 1, 'P': 1, 'Q': 1, 'R': 1, 'S': 1}
Creating architecture: Eyeriss_Constrained_1L_tile120_8x256 with coupling: dims: MPQCRS, in_coupling: [C][P+R][Q+S], w_coupling: W0: [M][C][R][S],, out_coupling: [M][P][Q]
  OK L3_mapping2: E=6.792e+02 uJ, L=1.556e+06 cc, EDP=1.06e+03
------ loading Accelergy for Eyeriss ------
[Constrained Eyeriss] Single layer, tile_size=120
  DRAM: {'Q': 8, 'P': 540, 'M': 1, 'C': 1, 'R': 1, 'S': 1}
  GlobalBuffer: {'Q': 15, 'P': 1, 'M': 1, 'C': 1, 'R': 1, 'S': 1}
  SACols: {'Q': 8, 'M': 1}
  SARows: {'S': 3, 'C': 12, 'M': 6}
  WRegister: {'C': 1, 'R': 3, 'M': 1, 'P': 1, 'Q': 1, 'S': 1}
  OutRegister: {'M': 2, 'C': 1, 'P': 1, 'Q': 1, 'R': 1, 'S': 1}
Creating architecture: Eyeriss_Constrained_1L_tile120_8x256 with coupling: dims: MPQCRS, in_coupling: [C][P+R][Q+S], w_coupling: W0: [M][C][R][S],, out_coupling: [M][P][Q]
  OK L4_mapping3: E=6.792e+02 uJ, L=1.556e+06 cc, EDP=1.06e+03
------ loading Accelergy for Eyeriss ------
[Constrained Eyeriss] Single layer, tile_size=120
  DRAM: {'Q': 8, 'P': 540, 'M': 1, 'C': 1, 'R': 1, 'S': 1}
  GlobalBuffer: {'Q': 15, 'P': 1, 'M': 1, 'C': 1, 'R': 1, 'S': 1}
  SACols: {'Q': 8, 'M': 1}
  SARows: {'S': 3, 'C': 12, 'M': 6}
  WRegister: {'C': 1, 'R': 3, 'M': 1, 'P': 1, 'Q': 1, 'S': 1}
  OutRegister: {'M': 2, 'C': 1, 'P': 1, 'Q': 1, 'R': 1, 'S': 1}
Creating architecture: Eyeriss_Constrained_1L_tile120_8x256 with coupling: dims: MPQCRS, in_coupling: [C][P+R][Q+S], w_coupling: W0: [M][C][R][S],, out_coupling: [M][P][Q]
  OK L5_mapping4: E=6.792e+02 uJ, L=1.556e+06 cc, EDP=1.06e+03
------ loading Accelergy for Eyeriss ------
[Constrained Eyeriss] Single layer, tile_size=120
  DRAM: {'Q': 8, 'P': 540, 'M': 1, 'C': 1, 'R': 1, 'S': 1}
  GlobalBuffer: {'Q': 15, 'P': 1, 'M': 1, 'C': 1, 'R': 1, 'S': 1}
  SACols: {'Q': 8, 'M': 1}
  SARows: {'S': 1, 'C': 12, 'M': 14}
  WRegister: {'C': 1, 'R': 1, 'M': 1, 'P': 1, 'Q': 1, 'S': 1}
  OutRegister: {'M': 4, 'C': 1, 'P': 1, 'Q': 1, 'R': 1, 'S': 1}
Creating architecture: Eyeriss_Constrained_1L_tile120_8x256 with coupling: dims: MPQCRS, in_coupling: [C][P+R][Q+S], w_coupling: W0: [M][C][R][S],, out_coupling: [M][P][Q]
  OK L6_expanding: E=1.494e+03 uJ, L=7.258e+06 cc, EDP=1.08e+04
------ loading Accelergy for Eyeriss ------
[Constrained Eyeriss] Single layer, tile_size=120
  DRAM: {'Q': 8, 'P': 540, 'M': 1, 'C': 1, 'R': 1, 'S': 1}
  GlobalBuffer: {'Q': 15, 'P': 1, 'M': 1, 'C': 1, 'R': 1, 'S': 1}
  SACols: {'Q': 8, 'M': 1}
  SARows: {'S': 3, 'C': 56, 'M': 1}
  WRegister: {'C': 1, 'R': 3, 'M': 1, 'P': 1, 'Q': 1, 'S': 1}
  OutRegister: {'M': 16, 'C': 1, 'P': 1, 'Q': 1, 'R': 1, 'S': 1}
Creating architecture: Eyeriss_Constrained_1L_tile120_8x256 with coupling: dims: MPQCRS, in_coupling: [C][P+R][Q+S], w_coupling: W0: [M][C][R][S],, out_coupling: [M][P][Q]
  OK L7_output: E=2.438e+03 uJ, L=7.260e+06 cc, EDP=1.77e+04

====================================================================================================
COMPARISON RESULTS: FSRCNN -- Sum PARTIAL FUSION vs Sum SINGLES
====================================================================================================
  Architecture: Eyeriss 256x8, GB=128KB, WReg=384, InReg=34, IntReg=32, OutReg=64
====================================================================================================
Level                        Energy (uJ)   Latency (cc)            EDP       DRAM Reads      DRAM Writes
----------------------------------------------------------------------------------------------------
Sum Partial Fusion (3 ok)      6.920e+04      1.889e+07       1.31e+06       14,015,592       20,736,000
Sum Singles (8 ok)             9.606e+03      3.525e+07       3.39e+05       90,738,792       97,459,200

----------------------------------------------------------------------------------------------------
RATIOS (Sum Partial Fusion / Sum Singles) -- values < 1.0 mean fusion wins
----------------------------------------------------------------------------------------------------
Metric                    Ratio      Savings
---------------------------------------------
Energy                   7.2034      -620.3%
Latency                  0.5358       +46.4%
EDP                      3.8596      -286.0%
DRAM Reads               0.1545       +84.6%
DRAM Writes              0.2128       +78.7%

----------------------------------------------------------------------------------------------------
BASELINE DETAIL (Sum Singles):
----------------------------------------------------------------------------------------------------
Layer/Segment                     Energy (uJ)   Latency (cc)            EDP     Status
-------------------------------------------------------------------------------------
L0_feature_extraction               1.440e+03      7.258e+06       1.05e+04         OK
L1_shrinking                        1.517e+03      7.258e+06       1.10e+04         OK
L2_mapping1                         6.792e+02      1.556e+06       1.06e+03         OK
L3_mapping2                         6.792e+02      1.556e+06       1.06e+03         OK
L4_mapping3                         6.792e+02      1.556e+06       1.06e+03         OK
L5_mapping4                         6.792e+02      1.556e+06       1.06e+03         OK
L6_expanding                        1.494e+03      7.258e+06       1.08e+04         OK
L7_output                           2.438e+03      7.260e+06       1.77e+04         OK

----------------------------------------------------------------------------------------------------
FUSED-SIDE SEGMENT DETAIL (Sum Partial Fusion):
----------------------------------------------------------------------------------------------------
Segment                           Energy (uJ)   Latency (cc)            EDP     Status
-------------------------------------------------------------------------------------
3layer/L0_L1_L2                     2.227e+04      6.059e+06       1.36e+05         OK
3layer/L3_L4_L5                     1.465e+04      4.666e+06       6.92e+04         OK
3layer/L6_L7_expanding_output       3.228e+04      8.165e+06       2.64e+05         OK

====================================================================================================

Results exported to: results/results_20260219_174614.csv

================================================================================
EXPERIMENT SUMMARY
================================================================================

Total experiments: 11
Successful: 11
Failed: 0

────────────────────────────────────────────────────────────────────────────────
Results by workload:
────────────────────────────────────────────────────────────────────────────────

FSRCNN:
  3layer/L0_L1_L2, fmem_size: 1056kB, wmem_size: 524kB, pe_rows: 256, pe_cols: 8 -> E=2.23e+04μJ, L=6.06e+06cc, EDP=1.36e+05
  3layer/L3_L4_L5, fmem_size: 1056kB, wmem_size: 524kB, pe_rows: 256, pe_cols: 8 -> E=1.46e+04μJ, L=4.67e+06cc, EDP=6.92e+04
  3layer/L6_L7_expanding_output, fmem_size: 1056kB, wmem_size: 524kB, pe_rows: 256, pe_cols: 8 -> E=3.23e+04μJ, L=8.16e+06cc, EDP=2.64e+05
  single/L0_feature_extraction, fmem_size: 1056kB, wmem_size: 524kB, pe_rows: 256, pe_cols: 8 -> E=1.44e+03μJ, L=7.26e+06cc, EDP=1.05e+04
  single/L1_shrinking, fmem_size: 1056kB, wmem_size: 524kB, pe_rows: 256, pe_cols: 8 -> E=1.52e+03μJ, L=7.26e+06cc, EDP=1.10e+04
  single/L2_mapping1, fmem_size: 1056kB, wmem_size: 524kB, pe_rows: 256, pe_cols: 8 -> E=6.79e+02μJ, L=1.56e+06cc, EDP=1.06e+03
  single/L3_mapping2, fmem_size: 1056kB, wmem_size: 524kB, pe_rows: 256, pe_cols: 8 -> E=6.79e+02μJ, L=1.56e+06cc, EDP=1.06e+03
  single/L4_mapping3, fmem_size: 1056kB, wmem_size: 524kB, pe_rows: 256, pe_cols: 8 -> E=6.79e+02μJ, L=1.56e+06cc, EDP=1.06e+03
  single/L5_mapping4, fmem_size: 1056kB, wmem_size: 524kB, pe_rows: 256, pe_cols: 8 -> E=6.79e+02μJ, L=1.56e+06cc, EDP=1.06e+03
  single/L6_expanding, fmem_size: 1056kB, wmem_size: 524kB, pe_rows: 256, pe_cols: 8 -> E=1.49e+03μJ, L=7.26e+06cc, EDP=1.08e+04
  single/L7_output, fmem_size: 1056kB, wmem_size: 524kB, pe_rows: 256, pe_cols: 8 -> E=2.44e+03μJ, L=7.26e+06cc, EDP=1.77e+04
