Creating architecture: Gemmini with coupling: dims: MKN, in_coupling: [K][N], w_coupling: W0: [M][K],, out_coupling: [M][N]
Creating architecture: Gemmini (conv) with coupling: dims: NMPQCRS, in_coupling: [N][C][Pstride*P+Rdilation*R][Qstride*Q+Sdilation*S], w_coupling: W0: [M][C][R][S],, out_coupling: [N][M][P][Q]
Creating architecture: Eyeriss with coupling: dims: MKN, in_coupling: [K][N], w_coupling: W0: [M][K],, out_coupling: [M][N]
Creating architecture: Eyeriss (conv) with coupling: dims: NMPQCRS, in_coupling: [N][C][Pstride*P+Rdilation*R][Qstride*Q+Sdilation*S], w_coupling: W0: [M][C][R][S],, out_coupling: [N][M][P][Q]
Creating architecture: Simba with coupling: dims: MKN, in_coupling: [K][N], w_coupling: W0: [M][K],, out_coupling: [M][N]
Creating architecture: Simba (conv) with coupling: dims: NMPQCRS, in_coupling: [N][C][Pstride*P+Rdilation*R][Qstride*Q+Sdilation*S], w_coupling: W0: [M][C][R][S],, out_coupling: [N][M][P][Q]
Creating architecture: TPUv1 with coupling: dims: MKN, in_coupling: [K][N], w_coupling: W0: [M][K],, out_coupling: [M][N]
Creating architecture: TPUv1 (conv) with coupling: dims: NMPQCRS, in_coupling: [N][C][Pstride*P+Rdilation*R][Qstride*Q+Sdilation*S], w_coupling: W0: [M][C][R][S],, out_coupling: [N][M][P][Q]

====================================================================================================
FIXED-CONFIG FUSION COMPARISON: MCCNN -- Sum PARTIAL FUSION vs Sum SINGLES
====================================================================================================
Architecture: Eyeriss, PE=256x8 (2,048 total)
  GB=128KB, WReg=384, InReg=34, IntReg=32, OutReg=64
  Tile size override: 69
  ALL experiments use IDENTICAL architecture (fair comparison)
====================================================================================================

  Per-block tile sizes (from full fusion stride propagation):
    L0_L1: tile=69
    L2_L3: tile=69
--- PARTIAL FUSION (2layer) ---
------ loading Accelergy for Eyeriss ------
------ loading Accelergy ------
ACCELERGY PLUG-INS: ['Library', 'dummy', 'ADC Plug-In', 'DEPRECATED table-based-plug-ins. Use the Library plug-in instead.', 'Neurosim Plug-In', 'Aladdin_table', 'CactiCache', 'CactiDRAM', 'CactiSRAM']
[Constrained Eyeriss] 2 layers, tile_size=69
  DRAM: {'Q': 18, 'P': 376, 'X0': 18, 'Y0': 376, 'Z0': 1, 'C0': 1, 'R0': 1, 'S0': 1, 'Z1': 1, 'C1': 1, 'R1': 1, 'S1': 1}
  GlobalBuffer: {'Q': 69, 'P': 1, 'X0': 69, 'Y0': 1, 'Z0': 1, 'C0': 1, 'R0': 1, 'S0': 1, 'Z1': 1, 'C1': 1, 'R1': 1, 'S1': 1}
  SACols: {'Q': 1, 'Z1': 8}
  SARows_0: {'S0': 3, 'C0': 1, 'Z0': 4}
  SARows_1: {'S1': 3, 'C1': 32, 'Z1': 2}
Creating architecture: Eyeriss_Constrained_2L_tile69_8x256 with coupling: dims: C0Y0X0R0S0Z0C1R1S1Z1PQ, in_coupling: [C0][Y0+R0][X0+S0], w_coupling: W0: [Z0][C0][R0][S0],W1: [Z1][C1][R1][S1],, out_coupling: [Z1][P][Q]
final_layer_dims: {'Q', 'P', 'R1', 'C1', 'R0', 'X0', 'Z1', 'S1', 'S0', 'Y0', 'C0'}, coupling.dims: ['C0', 'Y0', 'X0', 'R0', 'S0', 'Z0', 'C1', 'R1', 'S1', 'Z1', 'P', 'Q']
INFO: Arch: Eyeriss_Constrained_2L_tile69_8x256: identified intermediate dimensions: {'Z0'}
INFO: Added high constraint for intermediate dimension P in level InRegister
INFO: Added high constraint for intermediate dimension R1 in level InRegister
INFO: Added high constraint for intermediate dimension P in level WRegister
INFO: Added high constraint for intermediate dimension R1 in level WRegister
INFO: Added high constraint for intermediate dimension P in level IntermediateRegister
INFO: Added high constraint for intermediate dimension R1 in level IntermediateRegister
INFO: Added high constraint for intermediate dimension P in level OutRegister
INFO: Added high constraint for intermediate dimension R1 in level OutRegister
WARNING: Arch: Eyeriss_Constrained_2L_tile69_8x256 -> Level: IntermediateRegister: updating constraint (Z0: 8) to (Z0: 1) to fit the computation.
WARNING: Arch: Eyeriss_Constrained_2L_tile69_8x256 -> Level: OutRegister: updating constraint (Z1: 16) to (Z1: 2) to fit the computation.
  OK L0_L1 (2L, tile=69): E=3.136e+04 uJ, L=5.137e+06 cc, EDP=1.64e+05
------ loading Accelergy for Eyeriss ------
[Constrained Eyeriss] 2 layers, tile_size=69
  DRAM: {'Q': 18, 'P': 376, 'X0': 18, 'Y0': 376, 'Z0': 1, 'C0': 1, 'R0': 1, 'S0': 1, 'Z1': 1, 'C1': 1, 'R1': 1, 'S1': 1}
  GlobalBuffer: {'Q': 69, 'P': 1, 'X0': 69, 'Y0': 1, 'Z0': 1, 'C0': 1, 'R0': 1, 'S0': 1, 'Z1': 1, 'C1': 1, 'R1': 1, 'S1': 1}
  SACols: {'Q': 1, 'Z1': 8}
  SARows_0: {'S0': 3, 'C0': 32, 'Z0': 2}
  SARows_1: {'S1': 3, 'C1': 32, 'Z1': 2}
Creating architecture: Eyeriss_Constrained_2L_tile69_8x256 with coupling: dims: C0Y0X0R0S0Z0C1R1S1Z1PQ, in_coupling: [C0][Y0+R0][X0+S0], w_coupling: W0: [Z0][C0][R0][S0],W1: [Z1][C1][R1][S1],, out_coupling: [Z1][P][Q]
final_layer_dims: {'Q', 'P', 'R1', 'C1', 'R0', 'X0', 'Z1', 'S1', 'S0', 'Y0', 'C0'}, coupling.dims: ['C0', 'Y0', 'X0', 'R0', 'S0', 'Z0', 'C1', 'R1', 'S1', 'Z1', 'P', 'Q']
INFO: Arch: Eyeriss_Constrained_2L_tile69_8x256: identified intermediate dimensions: {'Z0'}
INFO: Added high constraint for intermediate dimension P in level InRegister
INFO: Added high constraint for intermediate dimension R1 in level InRegister
INFO: Added high constraint for intermediate dimension P in level WRegister
INFO: Added high constraint for intermediate dimension R1 in level WRegister
INFO: Added high constraint for intermediate dimension P in level IntermediateRegister
INFO: Added high constraint for intermediate dimension R1 in level IntermediateRegister
INFO: Added high constraint for intermediate dimension P in level OutRegister
INFO: Added high constraint for intermediate dimension R1 in level OutRegister
WARNING: Arch: Eyeriss_Constrained_2L_tile69_8x256 -> Level: IntermediateRegister: updating constraint (Z0: 16) to (Z0: 2) to fit the computation.
WARNING: Arch: Eyeriss_Constrained_2L_tile69_8x256 -> Level: OutRegister: updating constraint (Z1: 16) to (Z1: 2) to fit the computation.
  OK L2_L3 (2L, tile=69): E=6.177e+04 uJ, L=7.474e+06 cc, EDP=4.66e+05

--- BASELINE: SINGLE LAYERS ---
------ loading Accelergy for Eyeriss ------
[Constrained Eyeriss] Single layer, tile_size=69
  DRAM: {'Q': 18, 'P': 376, 'M': 1, 'C': 1, 'R': 1, 'S': 1}
  GlobalBuffer: {'Q': 23, 'P': 1, 'M': 1, 'C': 1, 'R': 1, 'S': 1}
  SACols: {'Q': 3, 'M': 2}
  SARows: {'S': 3, 'C': 1, 'M': 16}
  WRegister: {'C': 1, 'R': 3, 'M': 1, 'P': 1, 'Q': 1, 'S': 1}
  OutRegister: {'M': 1, 'C': 1, 'P': 1, 'Q': 1, 'R': 1, 'S': 1}
Creating architecture: Eyeriss_Constrained_1L_tile69_8x256 with coupling: dims: MPQCRS, in_coupling: [C][P+R][Q+S], w_coupling: W0: [M][C][R][S],, out_coupling: [M][P][Q]
  OK L0: E=5.742e+02 uJ, L=3.736e+06 cc, EDP=2.15e+03
------ loading Accelergy for Eyeriss ------
[Constrained Eyeriss] Single layer, tile_size=69
  DRAM: {'Q': 18, 'P': 376, 'M': 1, 'C': 1, 'R': 1, 'S': 1}
  GlobalBuffer: {'Q': 23, 'P': 1, 'M': 1, 'C': 1, 'R': 1, 'S': 1}
  SACols: {'Q': 3, 'M': 2}
  SARows: {'S': 3, 'C': 32, 'M': 2}
  WRegister: {'C': 1, 'R': 3, 'M': 1, 'P': 1, 'Q': 1, 'S': 1}
  OutRegister: {'M': 8, 'C': 1, 'P': 1, 'Q': 1, 'R': 1, 'S': 1}
Creating architecture: Eyeriss_Constrained_1L_tile69_8x256 with coupling: dims: MPQCRS, in_coupling: [C][P+R][Q+S], w_coupling: W0: [M][C][R][S],, out_coupling: [M][P][Q]
  OK L1: E=2.305e+03 uJ, L=3.738e+06 cc, EDP=8.62e+03
------ loading Accelergy for Eyeriss ------
[Constrained Eyeriss] Single layer, tile_size=69
  DRAM: {'Q': 18, 'P': 376, 'M': 1, 'C': 1, 'R': 1, 'S': 1}
  GlobalBuffer: {'Q': 23, 'P': 1, 'M': 1, 'C': 1, 'R': 1, 'S': 1}
  SACols: {'Q': 3, 'M': 2}
  SARows: {'S': 3, 'C': 32, 'M': 2}
  WRegister: {'C': 1, 'R': 3, 'M': 1, 'P': 1, 'Q': 1, 'S': 1}
  OutRegister: {'M': 8, 'C': 1, 'P': 1, 'Q': 1, 'R': 1, 'S': 1}
Creating architecture: Eyeriss_Constrained_1L_tile69_8x256 with coupling: dims: MPQCRS, in_coupling: [C][P+R][Q+S], w_coupling: W0: [M][C][R][S],, out_coupling: [M][P][Q]
  OK L2: E=2.305e+03 uJ, L=3.738e+06 cc, EDP=8.62e+03
------ loading Accelergy for Eyeriss ------
[Constrained Eyeriss] Single layer, tile_size=69
  DRAM: {'Q': 18, 'P': 376, 'M': 1, 'C': 1, 'R': 1, 'S': 1}
  GlobalBuffer: {'Q': 23, 'P': 1, 'M': 1, 'C': 1, 'R': 1, 'S': 1}
  SACols: {'Q': 3, 'M': 2}
  SARows: {'S': 3, 'C': 32, 'M': 2}
  WRegister: {'C': 1, 'R': 3, 'M': 1, 'P': 1, 'Q': 1, 'S': 1}
  OutRegister: {'M': 8, 'C': 1, 'P': 1, 'Q': 1, 'R': 1, 'S': 1}
Creating architecture: Eyeriss_Constrained_1L_tile69_8x256 with coupling: dims: MPQCRS, in_coupling: [C][P+R][Q+S], w_coupling: W0: [M][C][R][S],, out_coupling: [M][P][Q]
  OK L3: E=2.305e+03 uJ, L=3.738e+06 cc, EDP=8.62e+03

====================================================================================================
COMPARISON RESULTS: MCCNN -- Sum PARTIAL FUSION vs Sum SINGLES
====================================================================================================
  Architecture: Eyeriss 256x8, GB=128KB, WReg=384, InReg=34, IntReg=32, OutReg=64
====================================================================================================
Level                        Energy (uJ)   Latency (cc)            EDP       DRAM Reads      DRAM Writes
----------------------------------------------------------------------------------------------------
Sum Partial Fusion (2 ok)      9.313e+04      1.261e+07       1.17e+06       15,438,672       29,887,488
Sum Singles (4 ok)             7.488e+03      1.495e+07       1.12e+05       45,326,160       59,774,976

----------------------------------------------------------------------------------------------------
RATIOS (Sum Partial Fusion / Sum Singles) -- values < 1.0 mean fusion wins
----------------------------------------------------------------------------------------------------
Metric                    Ratio      Savings
---------------------------------------------
Energy                  12.4362     -1143.6%
Latency                  0.8435       +15.6%
EDP                     10.4901      -949.0%
DRAM Reads               0.3406       +65.9%
DRAM Writes              0.5000       +50.0%

----------------------------------------------------------------------------------------------------
BASELINE DETAIL (Sum Singles):
----------------------------------------------------------------------------------------------------
Layer/Segment                     Energy (uJ)   Latency (cc)            EDP     Status
-------------------------------------------------------------------------------------
L0                                  5.742e+02      3.736e+06       2.15e+03         OK
L1                                  2.305e+03      3.738e+06       8.62e+03         OK
L2                                  2.305e+03      3.738e+06       8.62e+03         OK
L3                                  2.305e+03      3.738e+06       8.62e+03         OK

----------------------------------------------------------------------------------------------------
FUSED-SIDE SEGMENT DETAIL (Sum Partial Fusion):
----------------------------------------------------------------------------------------------------
Segment                           Energy (uJ)   Latency (cc)            EDP     Status
-------------------------------------------------------------------------------------
2layer/L0_L1                        3.136e+04      5.137e+06       1.64e+05         OK
2layer/L2_L3                        6.177e+04      7.474e+06       4.66e+05         OK

====================================================================================================

Results exported to: results/results_20260220_225751.csv

================================================================================
EXPERIMENT SUMMARY
================================================================================

Total experiments: 6
Successful: 6
Failed: 0

────────────────────────────────────────────────────────────────────────────────
Results by workload:
────────────────────────────────────────────────────────────────────────────────

MCCNN:
  2layer/L0_L1, fmem_size: 1056kB, wmem_size: 524kB, pe_rows: 256, pe_cols: 8 -> E=3.14e+04μJ, L=5.14e+06cc, EDP=1.64e+05
  2layer/L2_L3, fmem_size: 1056kB, wmem_size: 524kB, pe_rows: 256, pe_cols: 8 -> E=6.18e+04μJ, L=7.47e+06cc, EDP=4.66e+05
  single/L0, fmem_size: 1056kB, wmem_size: 524kB, pe_rows: 256, pe_cols: 8 -> E=5.74e+02μJ, L=3.74e+06cc, EDP=2.15e+03
  single/L1, fmem_size: 1056kB, wmem_size: 524kB, pe_rows: 256, pe_cols: 8 -> E=2.30e+03μJ, L=3.74e+06cc, EDP=8.62e+03
  single/L2, fmem_size: 1056kB, wmem_size: 524kB, pe_rows: 256, pe_cols: 8 -> E=2.30e+03μJ, L=3.74e+06cc, EDP=8.62e+03
  single/L3, fmem_size: 1056kB, wmem_size: 524kB, pe_rows: 256, pe_cols: 8 -> E=2.30e+03μJ, L=3.74e+06cc, EDP=8.62e+03
