Creating architecture: Gemmini with coupling: dims: MKN, in_coupling: [K][N], w_coupling: W0: [M][K],, out_coupling: [M][N]
Creating architecture: Gemmini (conv) with coupling: dims: NMPQCRS, in_coupling: [N][C][Pstride*P+Rdilation*R][Qstride*Q+Sdilation*S], w_coupling: W0: [M][C][R][S],, out_coupling: [N][M][P][Q]
Creating architecture: Eyeriss with coupling: dims: MKN, in_coupling: [K][N], w_coupling: W0: [M][K],, out_coupling: [M][N]
Creating architecture: Eyeriss (conv) with coupling: dims: NMPQCRS, in_coupling: [N][C][Pstride*P+Rdilation*R][Qstride*Q+Sdilation*S], w_coupling: W0: [M][C][R][S],, out_coupling: [N][M][P][Q]
Creating architecture: Simba with coupling: dims: MKN, in_coupling: [K][N], w_coupling: W0: [M][K],, out_coupling: [M][N]
Creating architecture: Simba (conv) with coupling: dims: NMPQCRS, in_coupling: [N][C][Pstride*P+Rdilation*R][Qstride*Q+Sdilation*S], w_coupling: W0: [M][C][R][S],, out_coupling: [N][M][P][Q]
Creating architecture: TPUv1 with coupling: dims: MKN, in_coupling: [K][N], w_coupling: W0: [M][K],, out_coupling: [M][N]
Creating architecture: TPUv1 (conv) with coupling: dims: NMPQCRS, in_coupling: [N][C][Pstride*P+Rdilation*R][Qstride*Q+Sdilation*S], w_coupling: W0: [M][C][R][S],, out_coupling: [N][M][P][Q]

====================================================================================================
FIXED-CONFIG FUSION COMPARISON: MCCNN -- FULL FUSION vs Sum SINGLES
====================================================================================================
Architecture: Eyeriss, PE=256x8 (2,048 total)
  GB=128KB, WReg=384, InReg=34, IntReg=32, OutReg=64
  Tile size override: 69
  ALL experiments use IDENTICAL architecture (fair comparison)
====================================================================================================

  Per-block tile sizes (from full fusion stride propagation):
    L0_L1: tile=69
    L2_L3: tile=69
--- FULL FUSION: mccnn/full/4layer ---
------ loading Accelergy for Eyeriss ------
------ loading Accelergy ------
WARNING: Accelergy package not found or incompatible, trying a manual import from ACCELERGY_PATH.
ACCELERGY PLUG-INS: ['Library', 'dummy', 'ADC Plug-In', 'DEPRECATED table-based-plug-ins. Use the Library plug-in instead.', 'Neurosim Plug-In', 'Aladdin_table', 'CactiCache', 'CactiDRAM', 'CactiSRAM']
[Constrained Eyeriss] 4 layers, tile_size=69
  DRAM: {'Q': 18, 'P': 376, 'X0': 18, 'Y0': 376, 'Z0': 1, 'C0': 1, 'R0': 1, 'S0': 1, 'X1': 18, 'Y1': 376, 'Z1': 1, 'C1': 1, 'R1': 1, 'S1': 1, 'X2': 18, 'Y2': 376, 'Z2': 1, 'C2': 1, 'R2': 1, 'S2': 1, 'Z3': 1, 'C3': 1, 'R3': 1, 'S3': 1}
  GlobalBuffer: {'Q': 23, 'P': 1, 'X0': 23, 'Y0': 1, 'Z0': 1, 'C0': 1, 'R0': 1, 'S0': 1, 'X1': 23, 'Y1': 1, 'Z1': 1, 'C1': 1, 'R1': 1, 'S1': 1, 'X2': 23, 'Y2': 1, 'Z2': 1, 'C2': 1, 'R2': 1, 'S2': 1, 'Z3': 1, 'C3': 1, 'R3': 1, 'S3': 1}
  SACols: {'Q': 3, 'Z3': 2}
  SARows_0: {'S0': 3, 'C0': 1, 'Z0': 16}
  SARows_1: {'S1': 3, 'C1': 32, 'Z1': 2}
  SARows_2: {'S2': 3, 'C2': 32, 'Z2': 2}
  SARows_3: {'S3': 3, 'C3': 32, 'Z3': 2}
Creating architecture: Eyeriss_Constrained_4L_tile69_8x256 with coupling: dims: C0Y0X0R0S0Z0C1R1S1Y1X1Z1C2R2S2Y2X2Z2C3R3S3PQZ3, in_coupling: [C0][Y0+R0][X0+S0], w_coupling: W0: [Z0][C0][R0][S0],W1: [Z1][C1][R1][S1],W2: [Z2][C2][R2][S2],W3: [Z3][C3][R3][S3],, out_coupling: [Z3][P][Q]
final_layer_dims: {'S3', 'X0', 'Z3', 'Q', 'R3', 'R0', 'C0', 'C3', 'P', 'Y0', 'S0'}, coupling.dims: ['C0', 'Y0', 'X0', 'R0', 'S0', 'Z0', 'C1', 'R1', 'S1', 'Y1', 'X1', 'Z1', 'C2', 'R2', 'S2', 'Y2', 'X2', 'Z2', 'C3', 'R3', 'S3', 'P', 'Q', 'Z3']
INFO: Arch: Eyeriss_Constrained_4L_tile69_8x256: identified intermediate dimensions: {'Z1', 'Y2', 'Y1', 'Z2', 'C1', 'S1', 'Z0', 'C2', 'R1', 'R2', 'X2', 'X1', 'S2'}
INFO: Added high constraint for intermediate dimension P in level InRegister
INFO: Added high constraint for intermediate dimension R1 in level InRegister
INFO: Added high constraint for intermediate dimension P in level WRegister
INFO: Added high constraint for intermediate dimension R1 in level WRegister
INFO: Added high constraint for intermediate dimension P in level IntermediateRegister
INFO: Added high constraint for intermediate dimension R1 in level IntermediateRegister
INFO: Added high constraint for intermediate dimension P in level OutRegister
INFO: Added high constraint for intermediate dimension R1 in level OutRegister
WARNING: Arch: Eyeriss_Constrained_4L_tile69_8x256 -> Level: IntermediateRegister: updating constraint (Z0: 2) to (Z0: 1) to fit the computation.
WARNING: Arch: Eyeriss_Constrained_4L_tile69_8x256 -> Level: IntermediateRegister: updating constraint (Z1: 16) to (Z1: 8) to fit the computation.
WARNING: Arch: Eyeriss_Constrained_4L_tile69_8x256 -> Level: IntermediateRegister: updating constraint (Z2: 16) to (Z2: 8) to fit the computation.
WARNING: Arch: Eyeriss_Constrained_4L_tile69_8x256 -> Level: OutRegister: updating constraint (Z3: 16) to (Z3: 8) to fit the computation.
  OK Energy: 8.955e+04 uJ, Latency: 1.223e+07 cc, EDP: 1.10e+06

--- BASELINE: SINGLE LAYERS ---
------ loading Accelergy for Eyeriss ------
[Constrained Eyeriss] Single layer, tile_size=69
  DRAM: {'Q': 18, 'P': 376, 'M': 1, 'C': 1, 'R': 1, 'S': 1}
  GlobalBuffer: {'Q': 23, 'P': 1, 'M': 1, 'C': 1, 'R': 1, 'S': 1}
  SACols: {'Q': 3, 'M': 2}
  SARows: {'S': 3, 'C': 1, 'M': 16}
  WRegister: {'C': 1, 'R': 3, 'M': 1, 'P': 1, 'Q': 1, 'S': 1}
  OutRegister: {'M': 1, 'C': 1, 'P': 1, 'Q': 1, 'R': 1, 'S': 1}
Creating architecture: Eyeriss_Constrained_1L_tile69_8x256 with coupling: dims: MPQCRS, in_coupling: [C][P+R][Q+S], w_coupling: W0: [M][C][R][S],, out_coupling: [M][P][Q]
  OK L0: E=5.742e+02 uJ, L=3.736e+06 cc, EDP=2.15e+03
------ loading Accelergy for Eyeriss ------
[Constrained Eyeriss] Single layer, tile_size=69
  DRAM: {'Q': 18, 'P': 376, 'M': 1, 'C': 1, 'R': 1, 'S': 1}
  GlobalBuffer: {'Q': 23, 'P': 1, 'M': 1, 'C': 1, 'R': 1, 'S': 1}
  SACols: {'Q': 3, 'M': 2}
  SARows: {'S': 3, 'C': 32, 'M': 2}
  WRegister: {'C': 1, 'R': 3, 'M': 1, 'P': 1, 'Q': 1, 'S': 1}
  OutRegister: {'M': 8, 'C': 1, 'P': 1, 'Q': 1, 'R': 1, 'S': 1}
Creating architecture: Eyeriss_Constrained_1L_tile69_8x256 with coupling: dims: MPQCRS, in_coupling: [C][P+R][Q+S], w_coupling: W0: [M][C][R][S],, out_coupling: [M][P][Q]
  OK L1: E=2.305e+03 uJ, L=3.738e+06 cc, EDP=8.62e+03
------ loading Accelergy for Eyeriss ------
[Constrained Eyeriss] Single layer, tile_size=69
  DRAM: {'Q': 18, 'P': 376, 'M': 1, 'C': 1, 'R': 1, 'S': 1}
  GlobalBuffer: {'Q': 23, 'P': 1, 'M': 1, 'C': 1, 'R': 1, 'S': 1}
  SACols: {'Q': 3, 'M': 2}
  SARows: {'S': 3, 'C': 32, 'M': 2}
  WRegister: {'C': 1, 'R': 3, 'M': 1, 'P': 1, 'Q': 1, 'S': 1}
  OutRegister: {'M': 8, 'C': 1, 'P': 1, 'Q': 1, 'R': 1, 'S': 1}
Creating architecture: Eyeriss_Constrained_1L_tile69_8x256 with coupling: dims: MPQCRS, in_coupling: [C][P+R][Q+S], w_coupling: W0: [M][C][R][S],, out_coupling: [M][P][Q]
  OK L2: E=2.305e+03 uJ, L=3.738e+06 cc, EDP=8.62e+03
------ loading Accelergy for Eyeriss ------
[Constrained Eyeriss] Single layer, tile_size=69
  DRAM: {'Q': 18, 'P': 376, 'M': 1, 'C': 1, 'R': 1, 'S': 1}
  GlobalBuffer: {'Q': 23, 'P': 1, 'M': 1, 'C': 1, 'R': 1, 'S': 1}
  SACols: {'Q': 3, 'M': 2}
  SARows: {'S': 3, 'C': 32, 'M': 2}
  WRegister: {'C': 1, 'R': 3, 'M': 1, 'P': 1, 'Q': 1, 'S': 1}
  OutRegister: {'M': 8, 'C': 1, 'P': 1, 'Q': 1, 'R': 1, 'S': 1}
Creating architecture: Eyeriss_Constrained_1L_tile69_8x256 with coupling: dims: MPQCRS, in_coupling: [C][P+R][Q+S], w_coupling: W0: [M][C][R][S],, out_coupling: [M][P][Q]
  OK L3: E=2.305e+03 uJ, L=3.738e+06 cc, EDP=8.62e+03

====================================================================================================
COMPARISON RESULTS: MCCNN -- FULL FUSION vs Sum SINGLES
====================================================================================================
  Architecture: Eyeriss 256x8, GB=128KB, WReg=384, InReg=34, IntReg=32, OutReg=64
====================================================================================================
Level                        Energy (uJ)   Latency (cc)            EDP       DRAM Reads      DRAM Writes
----------------------------------------------------------------------------------------------------
Full Fusion (1 ok)             8.955e+04      1.223e+07       1.10e+06          494,928       14,943,744
Sum Singles (4 ok)             7.488e+03      1.495e+07       1.12e+05       45,326,160       59,774,976

----------------------------------------------------------------------------------------------------
RATIOS (Full Fusion / Sum Singles) -- values < 1.0 mean fusion wins
----------------------------------------------------------------------------------------------------
Metric                    Ratio      Savings
---------------------------------------------
Energy                  11.9588     -1095.9%
Latency                  0.8180       +18.2%
EDP                      9.7820      -878.2%
DRAM Reads               0.0109       +98.9%
DRAM Writes              0.2500       +75.0%

----------------------------------------------------------------------------------------------------
BASELINE DETAIL (Sum Singles):
----------------------------------------------------------------------------------------------------
Layer/Segment                     Energy (uJ)   Latency (cc)            EDP     Status
-------------------------------------------------------------------------------------
L0                                  5.742e+02      3.736e+06       2.15e+03         OK
L1                                  2.305e+03      3.738e+06       8.62e+03         OK
L2                                  2.305e+03      3.738e+06       8.62e+03         OK
L3                                  2.305e+03      3.738e+06       8.62e+03         OK

====================================================================================================

Results exported to: results/results_20260219_173917.csv

================================================================================
EXPERIMENT SUMMARY
================================================================================

Total experiments: 5
Successful: 5
Failed: 0

────────────────────────────────────────────────────────────────────────────────
Results by workload:
────────────────────────────────────────────────────────────────────────────────

MCCNN:
  full/4layer, fmem_size: 1056kB, wmem_size: 524kB, pe_rows: 256, pe_cols: 8 -> E=8.96e+04μJ, L=1.22e+07cc, EDP=1.10e+06
  single/L0, fmem_size: 1056kB, wmem_size: 524kB, pe_rows: 256, pe_cols: 8 -> E=5.74e+02μJ, L=3.74e+06cc, EDP=2.15e+03
  single/L1, fmem_size: 1056kB, wmem_size: 524kB, pe_rows: 256, pe_cols: 8 -> E=2.30e+03μJ, L=3.74e+06cc, EDP=8.62e+03
  single/L2, fmem_size: 1056kB, wmem_size: 524kB, pe_rows: 256, pe_cols: 8 -> E=2.30e+03μJ, L=3.74e+06cc, EDP=8.62e+03
  single/L3, fmem_size: 1056kB, wmem_size: 524kB, pe_rows: 256, pe_cols: 8 -> E=2.30e+03μJ, L=3.74e+06cc, EDP=8.62e+03
