Creating architecture: Gemmini with coupling: dims: MKN, in_coupling: [K][N], w_coupling: W0: [M][K],, out_coupling: [M][N]
Creating architecture: Gemmini (conv) with coupling: dims: NMPQCRS, in_coupling: [N][C][Pstride*P+Rdilation*R][Qstride*Q+Sdilation*S], w_coupling: W0: [M][C][R][S],, out_coupling: [N][M][P][Q]
Creating architecture: Eyeriss with coupling: dims: MKN, in_coupling: [K][N], w_coupling: W0: [M][K],, out_coupling: [M][N]
Creating architecture: Eyeriss (conv) with coupling: dims: NMPQCRS, in_coupling: [N][C][Pstride*P+Rdilation*R][Qstride*Q+Sdilation*S], w_coupling: W0: [M][C][R][S],, out_coupling: [N][M][P][Q]
Creating architecture: Simba with coupling: dims: MKN, in_coupling: [K][N], w_coupling: W0: [M][K],, out_coupling: [M][N]
Creating architecture: Simba (conv) with coupling: dims: NMPQCRS, in_coupling: [N][C][Pstride*P+Rdilation*R][Qstride*Q+Sdilation*S], w_coupling: W0: [M][C][R][S],, out_coupling: [N][M][P][Q]
Creating architecture: TPUv1 with coupling: dims: MKN, in_coupling: [K][N], w_coupling: W0: [M][K],, out_coupling: [M][N]
Creating architecture: TPUv1 (conv) with coupling: dims: NMPQCRS, in_coupling: [N][C][Pstride*P+Rdilation*R][Qstride*Q+Sdilation*S], w_coupling: W0: [M][C][R][S],, out_coupling: [N][M][P][Q]

====================================================================================================
FIXED-CONFIG FUSION COMPARISON: RESNET18 -- FULL FUSION vs Sum SINGLES
====================================================================================================
Architecture: Eyeriss, PE=512x32 (16,384 total)
  GB=128KB, WReg=7202, InReg=700, IntReg=800, OutReg=164
  Tile size override: 7
  ALL experiments use IDENTICAL architecture (fair comparison)
====================================================================================================

  Per-block tile sizes (from full fusion stride propagation):
    s1b1: tile=32
    s1b2: tile=32
    s2b1: tile=28
    s2b2: tile=28
    s3b1: tile=14
    s3b2: tile=14
    s4b1: tile=7
    s4b2: tile=7
--- FULL FUSION: resnet18/full/17layer ---
------ loading Accelergy for Eyeriss ------
------ loading Accelergy ------
WARNING: Accelergy package not found or incompatible, trying a manual import from ACCELERGY_PATH.
ACCELERGY PLUG-INS: ['Library', 'dummy', 'ADC Plug-In', 'DEPRECATED table-based-plug-ins. Use the Library plug-in instead.', 'Neurosim Plug-In', 'Aladdin_table', 'CactiCache', 'CactiDRAM', 'CactiSRAM']
[Constrained Eyeriss] 17 layers, tile_size=7
  DRAM: {'Q': 1, 'P': 7, 'X0': 16, 'Y0': 112, 'Z0': 1, 'C0': 1, 'R0': 1, 'S0': 1, 'X1': 8, 'Y1': 56, 'Z1': 1, 'C1': 1, 'R1': 1, 'S1': 1, 'X2': 8, 'Y2': 56, 'Z2': 1, 'C2': 1, 'R2': 1, 'S2': 1, 'X3': 8, 'Y3': 56, 'Z3': 1, 'C3': 1, 'R3': 1, 'S3': 1, 'X4': 8, 'Y4': 56, 'Z4': 1, 'C4': 1, 'R4': 1, 'S4': 1, 'X5': 8, 'Y5': 56, 'Z5': 1, 'C5': 1, 'R5': 1, 'S5': 1, 'X6': 4, 'Y6': 28, 'Z6': 1, 'C6': 1, 'R6': 1, 'S6': 1, 'X7': 4, 'Y7': 28, 'Z7': 1, 'C7': 1, 'R7': 1, 'S7': 1, 'X8': 4, 'Y8': 28, 'Z8': 1, 'C8': 1, 'R8': 1, 'S8': 1, 'X9': 4, 'Y9': 28, 'Z9': 1, 'C9': 1, 'R9': 1, 'S9': 1, 'X10': 2, 'Y10': 14, 'Z10': 1, 'C10': 1, 'R10': 1, 'S10': 1, 'X11': 2, 'Y11': 14, 'Z11': 1, 'C11': 1, 'R11': 1, 'S11': 1, 'X12': 2, 'Y12': 14, 'Z12': 1, 'C12': 1, 'R12': 1, 'S12': 1, 'X13': 2, 'Y13': 14, 'Z13': 1, 'C13': 1, 'R13': 1, 'S13': 1, 'X14': 1, 'Y14': 7, 'Z14': 1, 'C14': 1, 'R14': 1, 'S14': 1, 'X15': 1, 'Y15': 7, 'Z15': 1, 'C15': 1, 'R15': 1, 'S15': 1, 'Z16': 1, 'C16': 1, 'R16': 1, 'S16': 1}
  GlobalBuffer: {'Q': 1, 'P': 1, 'X0': 1, 'Y0': 1, 'Z0': 1, 'C0': 1, 'R0': 1, 'S0': 1, 'X1': 1, 'Y1': 1, 'Z1': 1, 'C1': 1, 'R1': 1, 'S1': 1, 'X2': 1, 'Y2': 1, 'Z2': 1, 'C2': 1, 'R2': 1, 'S2': 1, 'X3': 1, 'Y3': 1, 'Z3': 1, 'C3': 1, 'R3': 1, 'S3': 1, 'X4': 1, 'Y4': 1, 'Z4': 1, 'C4': 1, 'R4': 1, 'S4': 1, 'X5': 1, 'Y5': 1, 'Z5': 1, 'C5': 1, 'R5': 1, 'S5': 1, 'X6': 1, 'Y6': 1, 'Z6': 1, 'C6': 1, 'R6': 1, 'S6': 1, 'X7': 1, 'Y7': 1, 'Z7': 1, 'C7': 1, 'R7': 1, 'S7': 1, 'X8': 1, 'Y8': 1, 'Z8': 1, 'C8': 1, 'R8': 1, 'S8': 1, 'X9': 1, 'Y9': 1, 'Z9': 1, 'C9': 1, 'R9': 1, 'S9': 1, 'X10': 1, 'Y10': 1, 'Z10': 1, 'C10': 1, 'R10': 1, 'S10': 1, 'X11': 1, 'Y11': 1, 'Z11': 1, 'C11': 1, 'R11': 1, 'S11': 1, 'X12': 1, 'Y12': 1, 'Z12': 1, 'C12': 1, 'R12': 1, 'S12': 1, 'X13': 1, 'Y13': 1, 'Z13': 1, 'C13': 1, 'R13': 1, 'S13': 1, 'X14': 1, 'Y14': 1, 'Z14': 1, 'C14': 1, 'R14': 1, 'S14': 1, 'X15': 1, 'Y15': 1, 'Z15': 1, 'C15': 1, 'R15': 1, 'S15': 1, 'Z16': 1, 'C16': 1, 'R16': 1, 'S16': 1}
  SACols: {'Q': 7, 'Z16': 4}
  SARows_0: {'S0': 7, 'C0': 3, 'Z0': 16}
  SARows_1: {'S1': 3, 'C1': 64, 'Z1': 2}
  SARows_2: {'S2': 3, 'C2': 64, 'Z2': 2}
  SARows_3: {'S3': 3, 'C3': 64, 'Z3': 2}
  SARows_4: {'S4': 3, 'C4': 64, 'Z4': 2}
  SARows_5: {'S5': 3, 'C5': 64, 'Z5': 2}
  SARows_6: {'S6': 3, 'C6': 128, 'Z6': 1}
  SARows_7: {'S7': 3, 'C7': 128, 'Z7': 1}
  SARows_8: {'S8': 3, 'C8': 128, 'Z8': 1}
  SARows_9: {'S9': 3, 'C9': 128, 'Z9': 1}
  SARows_10: {'S10': 3, 'C10': 128, 'Z10': 1}
  SARows_11: {'S11': 3, 'C11': 128, 'Z11': 1}
  SARows_12: {'S12': 3, 'C12': 128, 'Z12': 1}
  SARows_13: {'S13': 3, 'C13': 128, 'Z13': 1}
  SARows_14: {'S14': 3, 'C14': 128, 'Z14': 1}
  SARows_15: {'S15': 3, 'C15': 128, 'Z15': 1}
  SARows_16: {'S16': 3, 'C16': 128, 'Z16': 1}
Creating architecture: Eyeriss_Constrained_17L_tile7_32x512 with coupling: dims: C0Y0X0R0S0Z0C1R1S1Y1X1Z1C2R2S2Y2X2Z2C3R3S3Y3X3Z3C4R4S4Y4X4Z4C5R5S5Y5X5Z5C6R6S6Y6X6Z6C7R7S7Y7X7Z7C8R8S8Y8X8Z8C9R9S9Y9X9Z9C10R10S10Y10X10Z10C11R11S11Y11X11Z11C12R12S12Y12X12Z12C13R13S13Y13X13Z13C14R14S14Y14X14Z14C15R15S15Y15X15Z15C16R16S16PQZ16, in_coupling: [C0][Y0+R0][X0+S0], w_coupling: W0: [Z0][C0][R0][S0],W1: [Z1][C1][R1][S1],W2: [Z2][C2][R2][S2],W3: [Z3][C3][R3][S3],W4: [Z4][C4][R4][S4],W5: [Z5][C5][R5][S5],W6: [Z6][C6][R6][S6],W7: [Z7][C7][R7][S7],W8: [Z8][C8][R8][S8],W9: [Z9][C9][R9][S9],W10: [Z10][C10][R10][S10],W11: [Z11][C11][R11][S11],W12: [Z12][C12][R12][S12],W13: [Z13][C13][R13][S13],W14: [Z14][C14][R14][S14],W15: [Z15][C15][R15][S15],W16: [Z16][C16][R16][S16],, out_coupling: [Z16][P][Q]
final_layer_dims: {'S16', 'C0', 'P', 'Z16', 'X0', 'R16', 'Y0', 'R0', 'C16', 'S0', 'Q'}, coupling.dims: ['C0', 'Y0', 'X0', 'R0', 'S0', 'Z0', 'C1', 'R1', 'S1', 'Y1', 'X1', 'Z1', 'C2', 'R2', 'S2', 'Y2', 'X2', 'Z2', 'C3', 'R3', 'S3', 'Y3', 'X3', 'Z3', 'C4', 'R4', 'S4', 'Y4', 'X4', 'Z4', 'C5', 'R5', 'S5', 'Y5', 'X5', 'Z5', 'C6', 'R6', 'S6', 'Y6', 'X6', 'Z6', 'C7', 'R7', 'S7', 'Y7', 'X7', 'Z7', 'C8', 'R8', 'S8', 'Y8', 'X8', 'Z8', 'C9', 'R9', 'S9', 'Y9', 'X9', 'Z9', 'C10', 'R10', 'S10', 'Y10', 'X10', 'Z10', 'C11', 'R11', 'S11', 'Y11', 'X11', 'Z11', 'C12', 'R12', 'S12', 'Y12', 'X12', 'Z12', 'C13', 'R13', 'S13', 'Y13', 'X13', 'Z13', 'C14', 'R14', 'S14', 'Y14', 'X14', 'Z14', 'C15', 'R15', 'S15', 'Y15', 'X15', 'Z15', 'C16', 'R16', 'S16', 'P', 'Q', 'Z16']
INFO: Arch: Eyeriss_Constrained_17L_tile7_32x512: identified intermediate dimensions: {'Y1', 'Y9', 'Z1', 'Z11', 'X6', 'Y11', 'C6', 'R5', 'R9', 'C2', 'Y3', 'C12', 'X10', 'S7', 'R11', 'S13', 'S4', 'Y5', 'C13', 'R12', 'C10', 'C3', 'S11', 'Z4', 'X13', 'Y4', 'X11', 'S5', 'Z2', 'X8', 'Y15', 'Z5', 'Z10', 'R6', 'R10', 'S15', 'S3', 'S1', 'Z3', 'Z14', 'X4', 'R4', 'X7', 'Y10', 'R8', 'X2', 'Y7', 'X12', 'C5', 'Z12', 'R2', 'R14', 'Y2', 'R1', 'C9', 'S2', 'S10', 'S8', 'Z8', 'X1', 'Z15', 'C4', 'S6', 'S14', 'Z0', 'C7', 'Z6', 'Z13', 'R7', 'Y14', 'Y8', 'X3', 'C8', 'X14', 'C1', 'X5', 'Y13', 'X9', 'C15', 'R3', 'Y6', 'Z9', 'Y12', 'Z7', 'R15', 'R13', 'X15', 'C11', 'S9', 'S12', 'C14'}
INFO: Added high constraint for intermediate dimension P in level InRegister
INFO: Added high constraint for intermediate dimension R1 in level InRegister
INFO: Added high constraint for intermediate dimension P in level WRegister
INFO: Added high constraint for intermediate dimension R1 in level WRegister
INFO: Added high constraint for intermediate dimension P in level IntermediateRegister
INFO: Added high constraint for intermediate dimension R1 in level IntermediateRegister
INFO: Added high constraint for intermediate dimension P in level OutRegister
INFO: Added high constraint for intermediate dimension R1 in level OutRegister
WARNING: Arch: Eyeriss_Constrained_17L_tile7_32x512 -> Level: IntermediateRegister: updating constraint (Z0: 4) to (Z0: 1) to fit the computation.
WARNING: Arch: Eyeriss_Constrained_17L_tile7_32x512 -> Level: IntermediateRegister: updating constraint (Z1: 32) to (Z1: 8) to fit the computation.
WARNING: Arch: Eyeriss_Constrained_17L_tile7_32x512 -> Level: IntermediateRegister: updating constraint (Z2: 32) to (Z2: 8) to fit the computation.
WARNING: Arch: Eyeriss_Constrained_17L_tile7_32x512 -> Level: IntermediateRegister: updating constraint (Z3: 32) to (Z3: 8) to fit the computation.
WARNING: Arch: Eyeriss_Constrained_17L_tile7_32x512 -> Level: IntermediateRegister: updating constraint (Z4: 32) to (Z4: 8) to fit the computation.
WARNING: Arch: Eyeriss_Constrained_17L_tile7_32x512 -> Level: IntermediateRegister: updating constraint (Z5: 64) to (Z5: 16) to fit the computation.
WARNING: Arch: Eyeriss_Constrained_17L_tile7_32x512 -> Level: IntermediateRegister: updating constraint (Z6: 128) to (Z6: 32) to fit the computation.
WARNING: Arch: Eyeriss_Constrained_17L_tile7_32x512 -> Level: IntermediateRegister: updating constraint (Z7: 128) to (Z7: 32) to fit the computation.
WARNING: Arch: Eyeriss_Constrained_17L_tile7_32x512 -> Level: IntermediateRegister: updating constraint (Z8: 128) to (Z8: 32) to fit the computation.
WARNING: Arch: Eyeriss_Constrained_17L_tile7_32x512 -> Level: IntermediateRegister: updating constraint (Z9: 256) to (Z9: 64) to fit the computation.
WARNING: Arch: Eyeriss_Constrained_17L_tile7_32x512 -> Level: IntermediateRegister: updating constraint (Z10: 256) to (Z10: 64) to fit the computation.
WARNING: Arch: Eyeriss_Constrained_17L_tile7_32x512 -> Level: IntermediateRegister: updating constraint (Z11: 256) to (Z11: 64) to fit the computation.
WARNING: Arch: Eyeriss_Constrained_17L_tile7_32x512 -> Level: IntermediateRegister: updating constraint (Z12: 256) to (Z12: 64) to fit the computation.
WARNING: Arch: Eyeriss_Constrained_17L_tile7_32x512 -> Level: IntermediateRegister: updating constraint (Z13: 512) to (Z13: 128) to fit the computation.
WARNING: Arch: Eyeriss_Constrained_17L_tile7_32x512 -> Level: IntermediateRegister: updating constraint (Z14: 512) to (Z14: 128) to fit the computation.
WARNING: Arch: Eyeriss_Constrained_17L_tile7_32x512 -> Level: IntermediateRegister: updating constraint (Z15: 512) to (Z15: 128) to fit the computation.
WARNING: Arch: Eyeriss_Constrained_17L_tile7_32x512 -> Level: OutRegister: updating constraint (Z16: 512) to (Z16: 128) to fit the computation.
  OK Energy: 2.352e+05 uJ, Latency: 3.021e+06 cc, EDP: 7.30e+05

--- BASELINE: SINGLE LAYERS ---
------ loading Accelergy for Eyeriss ------
[Constrained Eyeriss] Single layer, tile_size=7
  DRAM: {'Q': 16, 'P': 112, 'M': 1, 'C': 1, 'R': 1, 'S': 1}
  GlobalBuffer: {'Q': 1, 'P': 1, 'M': 1, 'C': 1, 'R': 1, 'S': 1}
  SACols: {'Q': 7, 'M': 4}
  SARows: {'S': 7, 'C': 3, 'M': 16}
  WRegister: {'C': 1, 'R': 7, 'M': 1, 'P': 1, 'Q': 1, 'S': 1}
  OutRegister: {'M': 1, 'C': 1, 'P': 1, 'Q': 1, 'R': 1, 'S': 1}
Creating architecture: Eyeriss_Constrained_1L_tile7_32x512 with coupling: dims: MPQCRS, in_coupling: [C][P+R][Q+S], w_coupling: W0: [M][C][R][S],, out_coupling: [M][P][Q]
  OK L0_conv1: E=1.916e+02 uJ, L=2.007e+05 cc, EDP=3.86e+01
------ loading Accelergy for Eyeriss ------
[Constrained Eyeriss] Single layer, tile_size=7
  DRAM: {'Q': 8, 'P': 56, 'M': 1, 'C': 1, 'R': 1, 'S': 1}
  GlobalBuffer: {'Q': 1, 'P': 1, 'M': 1, 'C': 1, 'R': 1, 'S': 1}
  SACols: {'Q': 7, 'M': 4}
  SARows: {'S': 3, 'C': 64, 'M': 2}
  WRegister: {'C': 1, 'R': 3, 'M': 1, 'P': 1, 'Q': 1, 'S': 1}
  OutRegister: {'M': 8, 'C': 1, 'P': 1, 'Q': 1, 'R': 1, 'S': 1}
Creating architecture: Eyeriss_Constrained_1L_tile7_32x512 with coupling: dims: MPQCRS, in_coupling: [C][P+R][Q+S], w_coupling: W0: [M][C][R][S],, out_coupling: [M][P][Q]
  OK L1_conv2_1_1: E=1.259e+02 uJ, L=5.939e+04 cc, EDP=7.65e+00
------ loading Accelergy for Eyeriss ------
[Constrained Eyeriss] Single layer, tile_size=7
  DRAM: {'Q': 8, 'P': 56, 'M': 1, 'C': 1, 'R': 1, 'S': 1}
  GlobalBuffer: {'Q': 1, 'P': 1, 'M': 1, 'C': 1, 'R': 1, 'S': 1}
  SACols: {'Q': 7, 'M': 4}
  SARows: {'S': 3, 'C': 64, 'M': 2}
  WRegister: {'C': 1, 'R': 3, 'M': 1, 'P': 1, 'Q': 1, 'S': 1}
  OutRegister: {'M': 8, 'C': 1, 'P': 1, 'Q': 1, 'R': 1, 'S': 1}
Creating architecture: Eyeriss_Constrained_1L_tile7_32x512 with coupling: dims: MPQCRS, in_coupling: [C][P+R][Q+S], w_coupling: W0: [M][C][R][S],, out_coupling: [M][P][Q]
  OK L2_conv2_1_2: E=1.259e+02 uJ, L=5.939e+04 cc, EDP=7.65e+00
------ loading Accelergy for Eyeriss ------
[Constrained Eyeriss] Single layer, tile_size=7
  DRAM: {'Q': 8, 'P': 56, 'M': 1, 'C': 1, 'R': 1, 'S': 1}
  GlobalBuffer: {'Q': 1, 'P': 1, 'M': 1, 'C': 1, 'R': 1, 'S': 1}
  SACols: {'Q': 7, 'M': 4}
  SARows: {'S': 3, 'C': 64, 'M': 2}
  WRegister: {'C': 1, 'R': 3, 'M': 1, 'P': 1, 'Q': 1, 'S': 1}
  OutRegister: {'M': 8, 'C': 1, 'P': 1, 'Q': 1, 'R': 1, 'S': 1}
Creating architecture: Eyeriss_Constrained_1L_tile7_32x512 with coupling: dims: MPQCRS, in_coupling: [C][P+R][Q+S], w_coupling: W0: [M][C][R][S],, out_coupling: [M][P][Q]
  OK L3_conv2_2_1: E=1.259e+02 uJ, L=5.939e+04 cc, EDP=7.65e+00
------ loading Accelergy for Eyeriss ------
[Constrained Eyeriss] Single layer, tile_size=7
  DRAM: {'Q': 8, 'P': 56, 'M': 1, 'C': 1, 'R': 1, 'S': 1}
  GlobalBuffer: {'Q': 1, 'P': 1, 'M': 1, 'C': 1, 'R': 1, 'S': 1}
  SACols: {'Q': 7, 'M': 4}
  SARows: {'S': 3, 'C': 64, 'M': 2}
  WRegister: {'C': 1, 'R': 3, 'M': 1, 'P': 1, 'Q': 1, 'S': 1}
  OutRegister: {'M': 8, 'C': 1, 'P': 1, 'Q': 1, 'R': 1, 'S': 1}
Creating architecture: Eyeriss_Constrained_1L_tile7_32x512 with coupling: dims: MPQCRS, in_coupling: [C][P+R][Q+S], w_coupling: W0: [M][C][R][S],, out_coupling: [M][P][Q]
  OK L4_conv2_2_2: E=1.259e+02 uJ, L=5.939e+04 cc, EDP=7.65e+00
------ loading Accelergy for Eyeriss ------
[Constrained Eyeriss] Single layer, tile_size=7
  DRAM: {'Q': 4, 'P': 28, 'M': 1, 'C': 1, 'R': 1, 'S': 1}
  GlobalBuffer: {'Q': 1, 'P': 1, 'M': 1, 'C': 1, 'R': 1, 'S': 1}
  SACols: {'Q': 7, 'M': 4}
  SARows: {'S': 3, 'C': 64, 'M': 2}
  WRegister: {'C': 1, 'R': 3, 'M': 1, 'P': 1, 'Q': 1, 'S': 1}
  OutRegister: {'M': 16, 'C': 1, 'P': 1, 'Q': 1, 'R': 1, 'S': 1}
Creating architecture: Eyeriss_Constrained_1L_tile7_32x512 with coupling: dims: MPQCRS, in_coupling: [C][P+R][Q+S], w_coupling: W0: [M][C][R][S],, out_coupling: [M][P][Q]
  OK L5_conv3_1_1: E=5.375e+01 uJ, L=3.098e+04 cc, EDP=1.85e+00
------ loading Accelergy for Eyeriss ------
[Constrained Eyeriss] Single layer, tile_size=7
  DRAM: {'Q': 4, 'P': 28, 'M': 1, 'C': 1, 'R': 1, 'S': 1}
  GlobalBuffer: {'Q': 1, 'P': 1, 'M': 1, 'C': 1, 'R': 1, 'S': 1}
  SACols: {'Q': 7, 'M': 4}
  SARows: {'S': 3, 'C': 128, 'M': 1}
  WRegister: {'C': 1, 'R': 3, 'M': 1, 'P': 1, 'Q': 1, 'S': 1}
  OutRegister: {'M': 32, 'C': 1, 'P': 1, 'Q': 1, 'R': 1, 'S': 1}
Creating architecture: Eyeriss_Constrained_1L_tile7_32x512 with coupling: dims: MPQCRS, in_coupling: [C][P+R][Q+S], w_coupling: W0: [M][C][R][S],, out_coupling: [M][P][Q]
  OK L6_conv3_1_2: E=9.492e+01 uJ, L=6.195e+04 cc, EDP=6.60e+00
  [skip] L7_conv3_proj (not in fusion)
------ loading Accelergy for Eyeriss ------
[Constrained Eyeriss] Single layer, tile_size=7
  DRAM: {'Q': 4, 'P': 28, 'M': 1, 'C': 1, 'R': 1, 'S': 1}
  GlobalBuffer: {'Q': 1, 'P': 1, 'M': 1, 'C': 1, 'R': 1, 'S': 1}
  SACols: {'Q': 7, 'M': 4}
  SARows: {'S': 3, 'C': 128, 'M': 1}
  WRegister: {'C': 1, 'R': 3, 'M': 1, 'P': 1, 'Q': 1, 'S': 1}
  OutRegister: {'M': 32, 'C': 1, 'P': 1, 'Q': 1, 'R': 1, 'S': 1}
Creating architecture: Eyeriss_Constrained_1L_tile7_32x512 with coupling: dims: MPQCRS, in_coupling: [C][P+R][Q+S], w_coupling: W0: [M][C][R][S],, out_coupling: [M][P][Q]
  OK L8_conv3_2_1: E=9.492e+01 uJ, L=6.195e+04 cc, EDP=6.60e+00
------ loading Accelergy for Eyeriss ------
[Constrained Eyeriss] Single layer, tile_size=7
  DRAM: {'Q': 4, 'P': 28, 'M': 1, 'C': 1, 'R': 1, 'S': 1}
  GlobalBuffer: {'Q': 1, 'P': 1, 'M': 1, 'C': 1, 'R': 1, 'S': 1}
  SACols: {'Q': 7, 'M': 4}
  SARows: {'S': 3, 'C': 128, 'M': 1}
  WRegister: {'C': 1, 'R': 3, 'M': 1, 'P': 1, 'Q': 1, 'S': 1}
  OutRegister: {'M': 32, 'C': 1, 'P': 1, 'Q': 1, 'R': 1, 'S': 1}
Creating architecture: Eyeriss_Constrained_1L_tile7_32x512 with coupling: dims: MPQCRS, in_coupling: [C][P+R][Q+S], w_coupling: W0: [M][C][R][S],, out_coupling: [M][P][Q]
  OK L9_conv3_2_2: E=9.492e+01 uJ, L=6.195e+04 cc, EDP=6.60e+00
------ loading Accelergy for Eyeriss ------
[Constrained Eyeriss] Single layer, tile_size=7
  DRAM: {'Q': 2, 'P': 14, 'M': 1, 'C': 1, 'R': 1, 'S': 1}
  GlobalBuffer: {'Q': 1, 'P': 1, 'M': 1, 'C': 1, 'R': 1, 'S': 1}
  SACols: {'Q': 7, 'M': 4}
  SARows: {'S': 3, 'C': 128, 'M': 1}
  WRegister: {'C': 1, 'R': 3, 'M': 1, 'P': 1, 'Q': 1, 'S': 1}
  OutRegister: {'M': 64, 'C': 1, 'P': 1, 'Q': 1, 'R': 1, 'S': 1}
Creating architecture: Eyeriss_Constrained_1L_tile7_32x512 with coupling: dims: MPQCRS, in_coupling: [C][P+R][Q+S], w_coupling: W0: [M][C][R][S],, out_coupling: [M][P][Q]
  OK L10_conv4_1_1: E=5.138e+01 uJ, L=8.000e+04 cc, EDP=5.97e+00
------ loading Accelergy for Eyeriss ------
[Constrained Eyeriss] Single layer, tile_size=7
  DRAM: {'Q': 2, 'P': 14, 'M': 1, 'C': 1, 'R': 1, 'S': 1}
  GlobalBuffer: {'Q': 1, 'P': 1, 'M': 1, 'C': 1, 'R': 1, 'S': 1}
  SACols: {'Q': 7, 'M': 4}
  SARows: {'S': 3, 'C': 128, 'M': 1}
  WRegister: {'C': 2, 'R': 3, 'M': 1, 'P': 1, 'Q': 1, 'S': 1}
  OutRegister: {'M': 64, 'C': 1, 'P': 1, 'Q': 1, 'R': 1, 'S': 1}
Creating architecture: Eyeriss_Constrained_1L_tile7_32x512 with coupling: dims: MPQCRS, in_coupling: [C][P+R][Q+S], w_coupling: W0: [M][C][R][S],, out_coupling: [M][P][Q]
  OK L11_conv4_1_2: E=6.446e+01 uJ, L=1.600e+05 cc, EDP=1.78e+01
  [skip] L12_conv4_proj (not in fusion)
------ loading Accelergy for Eyeriss ------
[Constrained Eyeriss] Single layer, tile_size=7
  DRAM: {'Q': 2, 'P': 14, 'M': 1, 'C': 1, 'R': 1, 'S': 1}
  GlobalBuffer: {'Q': 1, 'P': 1, 'M': 1, 'C': 1, 'R': 1, 'S': 1}
  SACols: {'Q': 7, 'M': 4}
  SARows: {'S': 3, 'C': 128, 'M': 1}
  WRegister: {'C': 2, 'R': 3, 'M': 1, 'P': 1, 'Q': 1, 'S': 1}
  OutRegister: {'M': 64, 'C': 1, 'P': 1, 'Q': 1, 'R': 1, 'S': 1}
Creating architecture: Eyeriss_Constrained_1L_tile7_32x512 with coupling: dims: MPQCRS, in_coupling: [C][P+R][Q+S], w_coupling: W0: [M][C][R][S],, out_coupling: [M][P][Q]
  OK L13_conv4_2_1: E=6.446e+01 uJ, L=1.600e+05 cc, EDP=1.78e+01
------ loading Accelergy for Eyeriss ------
[Constrained Eyeriss] Single layer, tile_size=7
  DRAM: {'Q': 2, 'P': 14, 'M': 1, 'C': 1, 'R': 1, 'S': 1}
  GlobalBuffer: {'Q': 1, 'P': 1, 'M': 1, 'C': 1, 'R': 1, 'S': 1}
  SACols: {'Q': 7, 'M': 4}
  SARows: {'S': 3, 'C': 128, 'M': 1}
  WRegister: {'C': 2, 'R': 3, 'M': 1, 'P': 1, 'Q': 1, 'S': 1}
  OutRegister: {'M': 64, 'C': 1, 'P': 1, 'Q': 1, 'R': 1, 'S': 1}
Creating architecture: Eyeriss_Constrained_1L_tile7_32x512 with coupling: dims: MPQCRS, in_coupling: [C][P+R][Q+S], w_coupling: W0: [M][C][R][S],, out_coupling: [M][P][Q]
  OK L14_conv4_2_2: E=6.446e+01 uJ, L=1.600e+05 cc, EDP=1.78e+01
------ loading Accelergy for Eyeriss ------
[Constrained Eyeriss] Single layer, tile_size=7
  DRAM: {'Q': 1, 'P': 7, 'M': 1, 'C': 1, 'R': 1, 'S': 1}
  GlobalBuffer: {'Q': 1, 'P': 1, 'M': 1, 'C': 1, 'R': 1, 'S': 1}
  SACols: {'Q': 7, 'M': 4}
  SARows: {'S': 3, 'C': 128, 'M': 1}
  WRegister: {'C': 2, 'R': 3, 'M': 1, 'P': 1, 'Q': 1, 'S': 1}
  OutRegister: {'M': 128, 'C': 1, 'P': 1, 'Q': 1, 'R': 1, 'S': 1}
Creating architecture: Eyeriss_Constrained_1L_tile7_32x512 with coupling: dims: MPQCRS, in_coupling: [C][P+R][Q+S], w_coupling: W0: [M][C][R][S],, out_coupling: [M][P][Q]
  OK L15_conv5_1_1: E=5.896e+01 uJ, L=2.980e+05 cc, EDP=4.53e+01
------ loading Accelergy for Eyeriss ------
[Constrained Eyeriss] Single layer, tile_size=7
  DRAM: {'Q': 1, 'P': 7, 'M': 1, 'C': 1, 'R': 1, 'S': 1}
  GlobalBuffer: {'Q': 1, 'P': 1, 'M': 1, 'C': 1, 'R': 1, 'S': 1}
  SACols: {'Q': 7, 'M': 4}
  SARows: {'S': 3, 'C': 128, 'M': 1}
  WRegister: {'C': 4, 'R': 3, 'M': 1, 'P': 1, 'Q': 1, 'S': 1}
  OutRegister: {'M': 128, 'C': 1, 'P': 1, 'Q': 1, 'R': 1, 'S': 1}
Creating architecture: Eyeriss_Constrained_1L_tile7_32x512 with coupling: dims: MPQCRS, in_coupling: [C][P+R][Q+S], w_coupling: W0: [M][C][R][S],, out_coupling: [M][P][Q]
  OK L16_conv5_1_2: E=9.878e+01 uJ, L=5.961e+05 cc, EDP=1.70e+02
  [skip] L17_conv5_proj (not in fusion)
------ loading Accelergy for Eyeriss ------
[Constrained Eyeriss] Single layer, tile_size=7
  DRAM: {'Q': 1, 'P': 7, 'M': 1, 'C': 1, 'R': 1, 'S': 1}
  GlobalBuffer: {'Q': 1, 'P': 1, 'M': 1, 'C': 1, 'R': 1, 'S': 1}
  SACols: {'Q': 7, 'M': 4}
  SARows: {'S': 3, 'C': 128, 'M': 1}
  WRegister: {'C': 4, 'R': 3, 'M': 1, 'P': 1, 'Q': 1, 'S': 1}
  OutRegister: {'M': 128, 'C': 1, 'P': 1, 'Q': 1, 'R': 1, 'S': 1}
Creating architecture: Eyeriss_Constrained_1L_tile7_32x512 with coupling: dims: MPQCRS, in_coupling: [C][P+R][Q+S], w_coupling: W0: [M][C][R][S],, out_coupling: [M][P][Q]
  OK L18_conv5_2_1: E=9.878e+01 uJ, L=5.961e+05 cc, EDP=1.70e+02
------ loading Accelergy for Eyeriss ------
[Constrained Eyeriss] Single layer, tile_size=7
  DRAM: {'Q': 1, 'P': 7, 'M': 1, 'C': 1, 'R': 1, 'S': 1}
  GlobalBuffer: {'Q': 1, 'P': 1, 'M': 1, 'C': 1, 'R': 1, 'S': 1}
  SACols: {'Q': 7, 'M': 4}
  SARows: {'S': 3, 'C': 128, 'M': 1}
  WRegister: {'C': 4, 'R': 3, 'M': 1, 'P': 1, 'Q': 1, 'S': 1}
  OutRegister: {'M': 128, 'C': 1, 'P': 1, 'Q': 1, 'R': 1, 'S': 1}
Creating architecture: Eyeriss_Constrained_1L_tile7_32x512 with coupling: dims: MPQCRS, in_coupling: [C][P+R][Q+S], w_coupling: W0: [M][C][R][S],, out_coupling: [M][P][Q]
  OK L19_conv5_2_2: E=9.878e+01 uJ, L=5.961e+05 cc, EDP=1.70e+02
  [skip] L20_fc (not in fusion)

====================================================================================================
COMPARISON RESULTS: RESNET18 -- FULL FUSION vs Sum SINGLES
====================================================================================================
  Architecture: Eyeriss 512x32, GB=128KB, WReg=7202, InReg=700, IntReg=800, OutReg=164
====================================================================================================
Level                        Energy (uJ)   Latency (cc)            EDP       DRAM Reads      DRAM Writes
----------------------------------------------------------------------------------------------------
Full Fusion (1 ok)             2.352e+05      3.021e+06       7.10e+05       11,032,512           25,088
Sum Singles (17 ok)            1.634e+03      3.301e+06       5.39e+03       12,449,984        2,308,096

----------------------------------------------------------------------------------------------------
RATIOS (Full Fusion / Sum Singles) -- values < 1.0 mean fusion wins
----------------------------------------------------------------------------------------------------
Metric                    Ratio      Savings
---------------------------------------------
Energy                 143.9302    -14293.0%
Latency                  0.9151        +8.5%
EDP                    131.7100    -13071.0%
DRAM Reads               0.8861       +11.4%
DRAM Writes              0.0109       +98.9%

----------------------------------------------------------------------------------------------------
BASELINE DETAIL (Sum Singles):
----------------------------------------------------------------------------------------------------
Layer/Segment                     Energy (uJ)   Latency (cc)            EDP     Status
-------------------------------------------------------------------------------------
L0_conv1                            1.916e+02      2.007e+05       3.86e+01         OK
L1_conv2_1_1                        1.259e+02      5.939e+04       7.65e+00         OK
L2_conv2_1_2                        1.259e+02      5.939e+04       7.65e+00         OK
L3_conv2_2_1                        1.259e+02      5.939e+04       7.65e+00         OK
L4_conv2_2_2                        1.259e+02      5.939e+04       7.65e+00         OK
L5_conv3_1_1                        5.375e+01      3.098e+04       1.85e+00         OK
L6_conv3_1_2                        9.492e+01      6.195e+04       6.60e+00         OK
L8_conv3_2_1                        9.492e+01      6.195e+04       6.60e+00         OK
L9_conv3_2_2                        9.492e+01      6.195e+04       6.60e+00         OK
L10_conv4_1_1                       5.138e+01      8.000e+04       5.97e+00         OK
L11_conv4_1_2                       6.446e+01      1.600e+05       1.78e+01         OK
L13_conv4_2_1                       6.446e+01      1.600e+05       1.78e+01         OK
L14_conv4_2_2                       6.446e+01      1.600e+05       1.78e+01         OK
L15_conv5_1_1                       5.896e+01      2.980e+05       4.53e+01         OK
L16_conv5_1_2                       9.878e+01      5.961e+05       1.70e+02         OK
L18_conv5_2_1                       9.878e+01      5.961e+05       1.70e+02         OK
L19_conv5_2_2                       9.878e+01      5.961e+05       1.70e+02         OK

====================================================================================================

Results exported to: results/results_20260219_155953.csv

================================================================================
EXPERIMENT SUMMARY
================================================================================

Total experiments: 18
Successful: 18
Failed: 0

────────────────────────────────────────────────────────────────────────────────
Results by workload:
────────────────────────────────────────────────────────────────────────────────

RESNET18:
  full/17layer, fmem_size: 1056kB, wmem_size: 524kB, pe_rows: 512, pe_cols: 32 -> E=2.35e+05μJ, L=3.02e+06cc, EDP=7.30e+05
  single/L0_conv1, fmem_size: 1056kB, wmem_size: 524kB, pe_rows: 512, pe_cols: 32 -> E=1.92e+02μJ, L=2.01e+05cc, EDP=3.86e+01
  single/L1_conv2_1_1, fmem_size: 1056kB, wmem_size: 524kB, pe_rows: 512, pe_cols: 32 -> E=1.26e+02μJ, L=5.94e+04cc, EDP=7.65e+00
  single/L2_conv2_1_2, fmem_size: 1056kB, wmem_size: 524kB, pe_rows: 512, pe_cols: 32 -> E=1.26e+02μJ, L=5.94e+04cc, EDP=7.65e+00
  single/L3_conv2_2_1, fmem_size: 1056kB, wmem_size: 524kB, pe_rows: 512, pe_cols: 32 -> E=1.26e+02μJ, L=5.94e+04cc, EDP=7.65e+00
  single/L4_conv2_2_2, fmem_size: 1056kB, wmem_size: 524kB, pe_rows: 512, pe_cols: 32 -> E=1.26e+02μJ, L=5.94e+04cc, EDP=7.65e+00
  single/L5_conv3_1_1, fmem_size: 1056kB, wmem_size: 524kB, pe_rows: 512, pe_cols: 32 -> E=5.38e+01μJ, L=3.10e+04cc, EDP=1.85e+00
  single/L6_conv3_1_2, fmem_size: 1056kB, wmem_size: 524kB, pe_rows: 512, pe_cols: 32 -> E=9.49e+01μJ, L=6.20e+04cc, EDP=6.60e+00
  single/L8_conv3_2_1, fmem_size: 1056kB, wmem_size: 524kB, pe_rows: 512, pe_cols: 32 -> E=9.49e+01μJ, L=6.20e+04cc, EDP=6.60e+00
  single/L9_conv3_2_2, fmem_size: 1056kB, wmem_size: 524kB, pe_rows: 512, pe_cols: 32 -> E=9.49e+01μJ, L=6.20e+04cc, EDP=6.60e+00
  single/L10_conv4_1_1, fmem_size: 1056kB, wmem_size: 524kB, pe_rows: 512, pe_cols: 32 -> E=5.14e+01μJ, L=8.00e+04cc, EDP=5.97e+00
  single/L11_conv4_1_2, fmem_size: 1056kB, wmem_size: 524kB, pe_rows: 512, pe_cols: 32 -> E=6.45e+01μJ, L=1.60e+05cc, EDP=1.78e+01
  single/L13_conv4_2_1, fmem_size: 1056kB, wmem_size: 524kB, pe_rows: 512, pe_cols: 32 -> E=6.45e+01μJ, L=1.60e+05cc, EDP=1.78e+01
  single/L14_conv4_2_2, fmem_size: 1056kB, wmem_size: 524kB, pe_rows: 512, pe_cols: 32 -> E=6.45e+01μJ, L=1.60e+05cc, EDP=1.78e+01
  single/L15_conv5_1_1, fmem_size: 1056kB, wmem_size: 524kB, pe_rows: 512, pe_cols: 32 -> E=5.90e+01μJ, L=2.98e+05cc, EDP=4.53e+01
  single/L16_conv5_1_2, fmem_size: 1056kB, wmem_size: 524kB, pe_rows: 512, pe_cols: 32 -> E=9.88e+01μJ, L=5.96e+05cc, EDP=1.70e+02
  single/L18_conv5_2_1, fmem_size: 1056kB, wmem_size: 524kB, pe_rows: 512, pe_cols: 32 -> E=9.88e+01μJ, L=5.96e+05cc, EDP=1.70e+02
  single/L19_conv5_2_2, fmem_size: 1056kB, wmem_size: 524kB, pe_rows: 512, pe_cols: 32 -> E=9.88e+01μJ, L=5.96e+05cc, EDP=1.70e+02
