Creating architecture: Gemmini with coupling: dims: MKN, in_coupling: [K][N], w_coupling: W0: [M][K],, out_coupling: [M][N]
Creating architecture: Gemmini (conv) with coupling: dims: NMPQCRS, in_coupling: [N][C][Pstride*P+Rdilation*R][Qstride*Q+Sdilation*S], w_coupling: W0: [M][C][R][S],, out_coupling: [N][M][P][Q]
Creating architecture: Eyeriss with coupling: dims: MKN, in_coupling: [K][N], w_coupling: W0: [M][K],, out_coupling: [M][N]
Creating architecture: Eyeriss (conv) with coupling: dims: NMPQCRS, in_coupling: [N][C][Pstride*P+Rdilation*R][Qstride*Q+Sdilation*S], w_coupling: W0: [M][C][R][S],, out_coupling: [N][M][P][Q]
Creating architecture: Simba with coupling: dims: MKN, in_coupling: [K][N], w_coupling: W0: [M][K],, out_coupling: [M][N]
Creating architecture: Simba (conv) with coupling: dims: NMPQCRS, in_coupling: [N][C][Pstride*P+Rdilation*R][Qstride*Q+Sdilation*S], w_coupling: W0: [M][C][R][S],, out_coupling: [N][M][P][Q]
Creating architecture: TPUv1 with coupling: dims: MKN, in_coupling: [K][N], w_coupling: W0: [M][K],, out_coupling: [M][N]
Creating architecture: TPUv1 (conv) with coupling: dims: NMPQCRS, in_coupling: [N][C][Pstride*P+Rdilation*R][Qstride*Q+Sdilation*S], w_coupling: W0: [M][C][R][S],, out_coupling: [N][M][P][Q]

====================================================================================================
FIXED-CONFIG FUSION COMPARISON: RESNET18 -- Sum PARTIAL FUSION vs Sum SINGLES
====================================================================================================
Architecture: Eyeriss, PE=512x32 (16,384 total)
  GB=128KB, WReg=3338, InReg=400, IntReg=700, OutReg=164
  Tile size override: 7
  ALL experiments use IDENTICAL architecture (fair comparison)
====================================================================================================

  Per-block tile sizes (from full fusion stride propagation):
    s1b1: tile=32
    s1b2: tile=32
    s2b1: tile=28
    s2b2: tile=28
    s3b1: tile=14
    s3b2: tile=14
    s4b1: tile=7
    s4b2: tile=7
--- PARTIAL FUSION (2layer) ---
------ loading Accelergy for Eyeriss ------
------ loading Accelergy ------
WARNING: Accelergy package not found or incompatible, trying a manual import from ACCELERGY_PATH.
ACCELERGY PLUG-INS: ['Library', 'dummy', 'ADC Plug-In', 'DEPRECATED table-based-plug-ins. Use the Library plug-in instead.', 'Neurosim Plug-In', 'Aladdin_table', 'CactiCache', 'CactiDRAM', 'CactiSRAM']
[Constrained Eyeriss] 2 layers, tile_size=32
  DRAM: {'Q': 1, 'P': 56, 'X0': 3, 'Y0': 112, 'Z0': 1, 'C0': 1, 'R0': 1, 'S0': 1, 'Z1': 1, 'C1': 1, 'R1': 1, 'S1': 1}
  GlobalBuffer: {'Q': 1, 'P': 1, 'X0': 1, 'Y0': 1, 'Z0': 1, 'C0': 1, 'R0': 1, 'S0': 1, 'Z1': 1, 'C1': 1, 'R1': 1, 'S1': 1}
  SACols: {'Q': 32, 'Z1': 1}
  SARows_0: {'S0': 7, 'C0': 3, 'Z0': 16}
  SARows_1: {'S1': 3, 'C1': 64, 'Z1': 2}
Creating architecture: Eyeriss_Constrained_2L_tile32_32x512 with coupling: dims: C0Y0X0R0S0Z0C1R1S1Z1PQ, in_coupling: [C0][Y0+R0][X0+S0], w_coupling: W0: [Z0][C0][R0][S0],W1: [Z1][C1][R1][S1],, out_coupling: [Z1][P][Q]
final_layer_dims: {'Q', 'R1', 'S1', 'Z1', 'Y0', 'S0', 'X0', 'R0', 'C0', 'P', 'C1'}, coupling.dims: ['C0', 'Y0', 'X0', 'R0', 'S0', 'Z0', 'C1', 'R1', 'S1', 'Z1', 'P', 'Q']
INFO: Arch: Eyeriss_Constrained_2L_tile32_32x512: identified intermediate dimensions: {'Z0'}
INFO: Added high constraint for intermediate dimension P in level InRegister
INFO: Added high constraint for intermediate dimension R1 in level InRegister
INFO: Added high constraint for intermediate dimension P in level WRegister
INFO: Added high constraint for intermediate dimension R1 in level WRegister
INFO: Added high constraint for intermediate dimension P in level IntermediateRegister
INFO: Added high constraint for intermediate dimension R1 in level IntermediateRegister
INFO: Added high constraint for intermediate dimension P in level OutRegister
INFO: Added high constraint for intermediate dimension R1 in level OutRegister
  FAIL s1b1: Arch: Eyeriss_Constrained_2L_tile32_32x512 -> Level: DRAM: Failed to fit comp to arch because the level's constraint (X0: 3) does not divide comp dimension X0 (112) exactly. To compensate, consider setting 'Settings.PADDED_MAPPINGS' to True.
------ loading Accelergy for Eyeriss ------
[Constrained Eyeriss] 3 layers, tile_size=32
  DRAM: {'Q': 1, 'P': 56, 'X0': 1, 'Y0': 56, 'Z0': 1, 'C0': 1, 'R0': 1, 'S0': 1, 'X1': 1, 'Y1': 56, 'Z1': 1, 'C1': 1, 'R1': 1, 'S1': 1, 'Z2': 1, 'C2': 1, 'R2': 1, 'S2': 1}
  GlobalBuffer: {'Q': 1, 'P': 1, 'X0': 1, 'Y0': 1, 'Z0': 1, 'C0': 1, 'R0': 1, 'S0': 1, 'X1': 1, 'Y1': 1, 'Z1': 1, 'C1': 1, 'R1': 1, 'S1': 1, 'Z2': 1, 'C2': 1, 'R2': 1, 'S2': 1}
  SACols: {'Q': 32, 'Z2': 1}
  SARows_0: {'S0': 3, 'C0': 64, 'Z0': 2}
  SARows_1: {'S1': 3, 'C1': 64, 'Z1': 2}
  SARows_2: {'S2': 3, 'C2': 64, 'Z2': 2}
Creating architecture: Eyeriss_Constrained_3L_tile32_32x512 with coupling: dims: C0Y0X0R0S0Z0C1R1S1Y1X1Z1C2R2S2PQZ2, in_coupling: [C0][Y0+R0][X0+S0], w_coupling: W0: [Z0][C0][R0][S0],W1: [Z1][C1][R1][S1],W2: [Z2][C2][R2][S2],, out_coupling: [Z2][P][Q]
final_layer_dims: {'Q', 'C2', 'S2', 'R2', 'Z2', 'X0', 'S0', 'R0', 'C0', 'P', 'Y0'}, coupling.dims: ['C0', 'Y0', 'X0', 'R0', 'S0', 'Z0', 'C1', 'R1', 'S1', 'Y1', 'X1', 'Z1', 'C2', 'R2', 'S2', 'P', 'Q', 'Z2']
INFO: Arch: Eyeriss_Constrained_3L_tile32_32x512: identified intermediate dimensions: {'R1', 'S1', 'Z1', 'Y1', 'X1', 'Z0', 'C1'}
INFO: Added high constraint for intermediate dimension P in level InRegister
INFO: Added high constraint for intermediate dimension R1 in level InRegister
INFO: Added high constraint for intermediate dimension P in level WRegister
INFO: Added high constraint for intermediate dimension R1 in level WRegister
INFO: Added high constraint for intermediate dimension P in level IntermediateRegister
INFO: Added high constraint for intermediate dimension R1 in level IntermediateRegister
INFO: Added high constraint for intermediate dimension P in level OutRegister
INFO: Added high constraint for intermediate dimension R1 in level OutRegister
  FAIL s1b2: Arch: Eyeriss_Constrained_3L_tile32_32x512 -> Level: SACols_0: Failed to fit comp to arch because the level's constraint (X0: 32) does not divide comp dimension X0 (56) exactly. To compensate, consider setting 'Settings.PADDED_MAPPINGS' to True.
------ loading Accelergy for Eyeriss ------
[Constrained Eyeriss] 2 layers, tile_size=28
  DRAM: {'Q': 1, 'P': 28, 'X0': 2, 'Y0': 56, 'Z0': 1, 'C0': 1, 'R0': 1, 'S0': 1, 'Z1': 1, 'C1': 1, 'R1': 1, 'S1': 1}
  GlobalBuffer: {'Q': 1, 'P': 1, 'X0': 1, 'Y0': 1, 'Z0': 1, 'C0': 1, 'R0': 1, 'S0': 1, 'Z1': 1, 'C1': 1, 'R1': 1, 'S1': 1}
  SACols: {'Q': 28, 'Z1': 1}
  SARows_0: {'S0': 3, 'C0': 64, 'Z0': 2}
  SARows_1: {'S1': 3, 'C1': 128, 'Z1': 1}
Creating architecture: Eyeriss_Constrained_2L_tile28_32x512 with coupling: dims: C0Y0X0R0S0Z0C1R1S1Z1PQ, in_coupling: [C0][Y0+R0][X0+S0], w_coupling: W0: [Z0][C0][R0][S0],W1: [Z1][C1][R1][S1],, out_coupling: [Z1][P][Q]
final_layer_dims: {'Q', 'R1', 'S1', 'Z1', 'Y0', 'S0', 'X0', 'R0', 'C0', 'P', 'C1'}, coupling.dims: ['C0', 'Y0', 'X0', 'R0', 'S0', 'Z0', 'C1', 'R1', 'S1', 'Z1', 'P', 'Q']
INFO: Arch: Eyeriss_Constrained_2L_tile28_32x512: identified intermediate dimensions: {'Z0'}
INFO: Added high constraint for intermediate dimension P in level InRegister
INFO: Added high constraint for intermediate dimension R1 in level InRegister
INFO: Added high constraint for intermediate dimension P in level WRegister
INFO: Added high constraint for intermediate dimension R1 in level WRegister
INFO: Added high constraint for intermediate dimension P in level IntermediateRegister
INFO: Added high constraint for intermediate dimension R1 in level IntermediateRegister
INFO: Added high constraint for intermediate dimension P in level OutRegister
INFO: Added high constraint for intermediate dimension R1 in level OutRegister
  OK s2b1 (2L, tile=28): E=1.854e+04 uJ, L=1.055e+05 cc, EDP=1.98e+03
------ loading Accelergy for Eyeriss ------
[Constrained Eyeriss] 2 layers, tile_size=28
  DRAM: {'Q': 1, 'P': 28, 'X0': 1, 'Y0': 28, 'Z0': 1, 'C0': 1, 'R0': 1, 'S0': 1, 'Z1': 1, 'C1': 1, 'R1': 1, 'S1': 1}
  GlobalBuffer: {'Q': 1, 'P': 1, 'X0': 1, 'Y0': 1, 'Z0': 1, 'C0': 1, 'R0': 1, 'S0': 1, 'Z1': 1, 'C1': 1, 'R1': 1, 'S1': 1}
  SACols: {'Q': 28, 'Z1': 1}
  SARows_0: {'S0': 3, 'C0': 128, 'Z0': 1}
  SARows_1: {'S1': 3, 'C1': 128, 'Z1': 1}
Creating architecture: Eyeriss_Constrained_2L_tile28_32x512 with coupling: dims: C0Y0X0R0S0Z0C1R1S1Z1PQ, in_coupling: [C0][Y0+R0][X0+S0], w_coupling: W0: [Z0][C0][R0][S0],W1: [Z1][C1][R1][S1],, out_coupling: [Z1][P][Q]
final_layer_dims: {'Q', 'R1', 'S1', 'Z1', 'Y0', 'S0', 'X0', 'R0', 'C0', 'P', 'C1'}, coupling.dims: ['C0', 'Y0', 'X0', 'R0', 'S0', 'Z0', 'C1', 'R1', 'S1', 'Z1', 'P', 'Q']
INFO: Arch: Eyeriss_Constrained_2L_tile28_32x512: identified intermediate dimensions: {'Z0'}
INFO: Added high constraint for intermediate dimension P in level InRegister
INFO: Added high constraint for intermediate dimension R1 in level InRegister
INFO: Added high constraint for intermediate dimension P in level WRegister
INFO: Added high constraint for intermediate dimension R1 in level WRegister
INFO: Added high constraint for intermediate dimension P in level IntermediateRegister
INFO: Added high constraint for intermediate dimension R1 in level IntermediateRegister
INFO: Added high constraint for intermediate dimension P in level OutRegister
INFO: Added high constraint for intermediate dimension R1 in level OutRegister
  OK s2b2 (2L, tile=28): E=1.188e+04 uJ, L=9.882e+04 cc, EDP=1.20e+03
------ loading Accelergy for Eyeriss ------
[Constrained Eyeriss] 2 layers, tile_size=14
  DRAM: {'Q': 1, 'P': 14, 'X0': 2, 'Y0': 28, 'Z0': 1, 'C0': 1, 'R0': 1, 'S0': 1, 'Z1': 1, 'C1': 1, 'R1': 1, 'S1': 1}
  GlobalBuffer: {'Q': 1, 'P': 1, 'X0': 1, 'Y0': 1, 'Z0': 1, 'C0': 1, 'R0': 1, 'S0': 1, 'Z1': 1, 'C1': 1, 'R1': 1, 'S1': 1}
  SACols: {'Q': 14, 'Z1': 2}
  SARows_0: {'S0': 3, 'C0': 128, 'Z0': 1}
  SARows_1: {'S1': 3, 'C1': 128, 'Z1': 1}
Creating architecture: Eyeriss_Constrained_2L_tile14_32x512 with coupling: dims: C0Y0X0R0S0Z0C1R1S1Z1PQ, in_coupling: [C0][Y0+R0][X0+S0], w_coupling: W0: [Z0][C0][R0][S0],W1: [Z1][C1][R1][S1],, out_coupling: [Z1][P][Q]
final_layer_dims: {'Q', 'R1', 'S1', 'Z1', 'Y0', 'S0', 'X0', 'R0', 'C0', 'P', 'C1'}, coupling.dims: ['C0', 'Y0', 'X0', 'R0', 'S0', 'Z0', 'C1', 'R1', 'S1', 'Z1', 'P', 'Q']
INFO: Arch: Eyeriss_Constrained_2L_tile14_32x512: identified intermediate dimensions: {'Z0'}
INFO: Added high constraint for intermediate dimension P in level InRegister
INFO: Added high constraint for intermediate dimension R1 in level InRegister
INFO: Added high constraint for intermediate dimension P in level WRegister
INFO: Added high constraint for intermediate dimension R1 in level WRegister
INFO: Added high constraint for intermediate dimension P in level IntermediateRegister
INFO: Added high constraint for intermediate dimension R1 in level IntermediateRegister
INFO: Added high constraint for intermediate dimension P in level OutRegister
INFO: Added high constraint for intermediate dimension R1 in level OutRegister
WARNING: Arch: Eyeriss_Constrained_2L_tile14_32x512 -> Level: IntermediateRegister: updating constraint (Z0: 256) to (Z0: 128) to fit the computation.
WARNING: Arch: Eyeriss_Constrained_2L_tile14_32x512 -> Level: OutRegister: updating constraint (Z1: 256) to (Z1: 128) to fit the computation.
  OK s3b1 (2L, tile=14): E=1.855e+04 uJ, L=2.463e+05 cc, EDP=4.68e+03
------ loading Accelergy for Eyeriss ------
[Constrained Eyeriss] 2 layers, tile_size=14
  DRAM: {'Q': 1, 'P': 14, 'X0': 1, 'Y0': 14, 'Z0': 1, 'C0': 1, 'R0': 1, 'S0': 1, 'Z1': 1, 'C1': 1, 'R1': 1, 'S1': 1}
  GlobalBuffer: {'Q': 1, 'P': 1, 'X0': 1, 'Y0': 1, 'Z0': 1, 'C0': 1, 'R0': 1, 'S0': 1, 'Z1': 1, 'C1': 1, 'R1': 1, 'S1': 1}
  SACols: {'Q': 14, 'Z1': 2}
  SARows_0: {'S0': 3, 'C0': 128, 'Z0': 1}
  SARows_1: {'S1': 3, 'C1': 128, 'Z1': 1}
Creating architecture: Eyeriss_Constrained_2L_tile14_32x512 with coupling: dims: C0Y0X0R0S0Z0C1R1S1Z1PQ, in_coupling: [C0][Y0+R0][X0+S0], w_coupling: W0: [Z0][C0][R0][S0],W1: [Z1][C1][R1][S1],, out_coupling: [Z1][P][Q]
final_layer_dims: {'Q', 'R1', 'S1', 'Z1', 'Y0', 'S0', 'X0', 'R0', 'C0', 'P', 'C1'}, coupling.dims: ['C0', 'Y0', 'X0', 'R0', 'S0', 'Z0', 'C1', 'R1', 'S1', 'Z1', 'P', 'Q']
INFO: Arch: Eyeriss_Constrained_2L_tile14_32x512: identified intermediate dimensions: {'Z0'}
INFO: Added high constraint for intermediate dimension P in level InRegister
INFO: Added high constraint for intermediate dimension R1 in level InRegister
INFO: Added high constraint for intermediate dimension P in level WRegister
INFO: Added high constraint for intermediate dimension R1 in level WRegister
INFO: Added high constraint for intermediate dimension P in level IntermediateRegister
INFO: Added high constraint for intermediate dimension R1 in level IntermediateRegister
INFO: Added high constraint for intermediate dimension P in level OutRegister
INFO: Added high constraint for intermediate dimension R1 in level OutRegister
WARNING: Arch: Eyeriss_Constrained_2L_tile14_32x512 -> Level: IntermediateRegister: updating constraint (Z0: 256) to (Z0: 128) to fit the computation.
WARNING: Arch: Eyeriss_Constrained_2L_tile14_32x512 -> Level: OutRegister: updating constraint (Z1: 256) to (Z1: 128) to fit the computation.
  OK s3b2 (2L, tile=14): E=1.160e+04 uJ, L=3.075e+05 cc, EDP=3.75e+03
------ loading Accelergy for Eyeriss ------
[Constrained Eyeriss] 2 layers, tile_size=7
  DRAM: {'Q': 1, 'P': 7, 'X0': 2, 'Y0': 14, 'Z0': 1, 'C0': 1, 'R0': 1, 'S0': 1, 'Z1': 1, 'C1': 1, 'R1': 1, 'S1': 1}
  GlobalBuffer: {'Q': 1, 'P': 1, 'X0': 1, 'Y0': 1, 'Z0': 1, 'C0': 1, 'R0': 1, 'S0': 1, 'Z1': 1, 'C1': 1, 'R1': 1, 'S1': 1}
  SACols: {'Q': 7, 'Z1': 4}
  SARows_0: {'S0': 3, 'C0': 128, 'Z0': 1}
  SARows_1: {'S1': 3, 'C1': 128, 'Z1': 1}
Creating architecture: Eyeriss_Constrained_2L_tile7_32x512 with coupling: dims: C0Y0X0R0S0Z0C1R1S1Z1PQ, in_coupling: [C0][Y0+R0][X0+S0], w_coupling: W0: [Z0][C0][R0][S0],W1: [Z1][C1][R1][S1],, out_coupling: [Z1][P][Q]
final_layer_dims: {'Q', 'R1', 'S1', 'Z1', 'Y0', 'S0', 'X0', 'R0', 'C0', 'P', 'C1'}, coupling.dims: ['C0', 'Y0', 'X0', 'R0', 'S0', 'Z0', 'C1', 'R1', 'S1', 'Z1', 'P', 'Q']
INFO: Arch: Eyeriss_Constrained_2L_tile7_32x512: identified intermediate dimensions: {'Z0'}
INFO: Added high constraint for intermediate dimension P in level InRegister
INFO: Added high constraint for intermediate dimension R1 in level InRegister
INFO: Added high constraint for intermediate dimension P in level WRegister
INFO: Added high constraint for intermediate dimension R1 in level WRegister
INFO: Added high constraint for intermediate dimension P in level IntermediateRegister
INFO: Added high constraint for intermediate dimension R1 in level IntermediateRegister
INFO: Added high constraint for intermediate dimension P in level OutRegister
INFO: Added high constraint for intermediate dimension R1 in level OutRegister
WARNING: Arch: Eyeriss_Constrained_2L_tile7_32x512 -> Level: IntermediateRegister: updating constraint (Z0: 512) to (Z0: 128) to fit the computation.
WARNING: Arch: Eyeriss_Constrained_2L_tile7_32x512 -> Level: OutRegister: updating constraint (Z1: 512) to (Z1: 128) to fit the computation.
  OK s4b1 (2L, tile=7): E=1.803e+04 uJ, L=8.973e+05 cc, EDP=1.70e+04
------ loading Accelergy for Eyeriss ------
[Constrained Eyeriss] 2 layers, tile_size=7
  DRAM: {'Q': 1, 'P': 7, 'X0': 1, 'Y0': 7, 'Z0': 1, 'C0': 1, 'R0': 1, 'S0': 1, 'Z1': 1, 'C1': 1, 'R1': 1, 'S1': 1}
  GlobalBuffer: {'Q': 1, 'P': 1, 'X0': 1, 'Y0': 1, 'Z0': 1, 'C0': 1, 'R0': 1, 'S0': 1, 'Z1': 1, 'C1': 1, 'R1': 1, 'S1': 1}
  SACols: {'Q': 7, 'Z1': 4}
  SARows_0: {'S0': 3, 'C0': 128, 'Z0': 1}
  SARows_1: {'S1': 3, 'C1': 128, 'Z1': 1}
Creating architecture: Eyeriss_Constrained_2L_tile7_32x512 with coupling: dims: C0Y0X0R0S0Z0C1R1S1Z1PQ, in_coupling: [C0][Y0+R0][X0+S0], w_coupling: W0: [Z0][C0][R0][S0],W1: [Z1][C1][R1][S1],, out_coupling: [Z1][P][Q]
final_layer_dims: {'Q', 'R1', 'S1', 'Z1', 'Y0', 'S0', 'X0', 'R0', 'C0', 'P', 'C1'}, coupling.dims: ['C0', 'Y0', 'X0', 'R0', 'S0', 'Z0', 'C1', 'R1', 'S1', 'Z1', 'P', 'Q']
INFO: Arch: Eyeriss_Constrained_2L_tile7_32x512: identified intermediate dimensions: {'Z0'}
INFO: Added high constraint for intermediate dimension P in level InRegister
INFO: Added high constraint for intermediate dimension R1 in level InRegister
INFO: Added high constraint for intermediate dimension P in level WRegister
INFO: Added high constraint for intermediate dimension R1 in level WRegister
INFO: Added high constraint for intermediate dimension P in level IntermediateRegister
INFO: Added high constraint for intermediate dimension R1 in level IntermediateRegister
INFO: Added high constraint for intermediate dimension P in level OutRegister
INFO: Added high constraint for intermediate dimension R1 in level OutRegister
WARNING: Arch: Eyeriss_Constrained_2L_tile7_32x512 -> Level: IntermediateRegister: updating constraint (Z0: 512) to (Z0: 128) to fit the computation.
WARNING: Arch: Eyeriss_Constrained_2L_tile7_32x512 -> Level: OutRegister: updating constraint (Z1: 512) to (Z1: 128) to fit the computation.
  OK s4b2 (2L, tile=7): E=1.157e+04 uJ, L=1.186e+06 cc, EDP=1.52e+04

--- BASELINE: SINGLE LAYERS ---
------ loading Accelergy for Eyeriss ------
[Constrained Eyeriss] Single layer, tile_size=7
  DRAM: {'Q': 16, 'P': 112, 'M': 1, 'C': 1, 'R': 1, 'S': 1}
  GlobalBuffer: {'Q': 1, 'P': 1, 'M': 1, 'C': 1, 'R': 1, 'S': 1}
  SACols: {'Q': 7, 'M': 4}
  SARows: {'S': 7, 'C': 3, 'M': 16}
  WRegister: {'C': 1, 'R': 7, 'M': 1, 'P': 1, 'Q': 1, 'S': 1}
  OutRegister: {'M': 1, 'C': 1, 'P': 1, 'Q': 1, 'R': 1, 'S': 1}
Creating architecture: Eyeriss_Constrained_1L_tile7_32x512 with coupling: dims: MPQCRS, in_coupling: [C][P+R][Q+S], w_coupling: W0: [M][C][R][S],, out_coupling: [M][P][Q]
  OK L0_conv1: E=1.358e+02 uJ, L=2.007e+05 cc, EDP=2.73e+01
------ loading Accelergy for Eyeriss ------
[Constrained Eyeriss] Single layer, tile_size=7
  DRAM: {'Q': 8, 'P': 56, 'M': 1, 'C': 1, 'R': 1, 'S': 1}
  GlobalBuffer: {'Q': 1, 'P': 1, 'M': 1, 'C': 1, 'R': 1, 'S': 1}
  SACols: {'Q': 7, 'M': 4}
  SARows: {'S': 3, 'C': 64, 'M': 2}
  WRegister: {'C': 1, 'R': 3, 'M': 1, 'P': 1, 'Q': 1, 'S': 1}
  OutRegister: {'M': 8, 'C': 1, 'P': 1, 'Q': 1, 'R': 1, 'S': 1}
Creating architecture: Eyeriss_Constrained_1L_tile7_32x512 with coupling: dims: MPQCRS, in_coupling: [C][P+R][Q+S], w_coupling: W0: [M][C][R][S],, out_coupling: [M][P][Q]
  OK L1_conv2_1_1: E=1.097e+02 uJ, L=5.939e+04 cc, EDP=6.59e+00
------ loading Accelergy for Eyeriss ------
[Constrained Eyeriss] Single layer, tile_size=7
  DRAM: {'Q': 8, 'P': 56, 'M': 1, 'C': 1, 'R': 1, 'S': 1}
  GlobalBuffer: {'Q': 1, 'P': 1, 'M': 1, 'C': 1, 'R': 1, 'S': 1}
  SACols: {'Q': 7, 'M': 4}
  SARows: {'S': 3, 'C': 64, 'M': 2}
  WRegister: {'C': 1, 'R': 3, 'M': 1, 'P': 1, 'Q': 1, 'S': 1}
  OutRegister: {'M': 8, 'C': 1, 'P': 1, 'Q': 1, 'R': 1, 'S': 1}
Creating architecture: Eyeriss_Constrained_1L_tile7_32x512 with coupling: dims: MPQCRS, in_coupling: [C][P+R][Q+S], w_coupling: W0: [M][C][R][S],, out_coupling: [M][P][Q]
  OK L2_conv2_1_2: E=1.097e+02 uJ, L=5.939e+04 cc, EDP=6.59e+00
------ loading Accelergy for Eyeriss ------
[Constrained Eyeriss] Single layer, tile_size=7
  DRAM: {'Q': 8, 'P': 56, 'M': 1, 'C': 1, 'R': 1, 'S': 1}
  GlobalBuffer: {'Q': 1, 'P': 1, 'M': 1, 'C': 1, 'R': 1, 'S': 1}
  SACols: {'Q': 7, 'M': 4}
  SARows: {'S': 3, 'C': 64, 'M': 2}
  WRegister: {'C': 1, 'R': 3, 'M': 1, 'P': 1, 'Q': 1, 'S': 1}
  OutRegister: {'M': 8, 'C': 1, 'P': 1, 'Q': 1, 'R': 1, 'S': 1}
Creating architecture: Eyeriss_Constrained_1L_tile7_32x512 with coupling: dims: MPQCRS, in_coupling: [C][P+R][Q+S], w_coupling: W0: [M][C][R][S],, out_coupling: [M][P][Q]
  OK L3_conv2_2_1: E=1.097e+02 uJ, L=5.939e+04 cc, EDP=6.59e+00
------ loading Accelergy for Eyeriss ------
[Constrained Eyeriss] Single layer, tile_size=7
  DRAM: {'Q': 8, 'P': 56, 'M': 1, 'C': 1, 'R': 1, 'S': 1}
  GlobalBuffer: {'Q': 1, 'P': 1, 'M': 1, 'C': 1, 'R': 1, 'S': 1}
  SACols: {'Q': 7, 'M': 4}
  SARows: {'S': 3, 'C': 64, 'M': 2}
  WRegister: {'C': 1, 'R': 3, 'M': 1, 'P': 1, 'Q': 1, 'S': 1}
  OutRegister: {'M': 8, 'C': 1, 'P': 1, 'Q': 1, 'R': 1, 'S': 1}
Creating architecture: Eyeriss_Constrained_1L_tile7_32x512 with coupling: dims: MPQCRS, in_coupling: [C][P+R][Q+S], w_coupling: W0: [M][C][R][S],, out_coupling: [M][P][Q]
  OK L4_conv2_2_2: E=1.097e+02 uJ, L=5.939e+04 cc, EDP=6.59e+00
------ loading Accelergy for Eyeriss ------
[Constrained Eyeriss] Single layer, tile_size=7
  DRAM: {'Q': 4, 'P': 28, 'M': 1, 'C': 1, 'R': 1, 'S': 1}
  GlobalBuffer: {'Q': 1, 'P': 1, 'M': 1, 'C': 1, 'R': 1, 'S': 1}
  SACols: {'Q': 7, 'M': 4}
  SARows: {'S': 3, 'C': 64, 'M': 2}
  WRegister: {'C': 1, 'R': 3, 'M': 1, 'P': 1, 'Q': 1, 'S': 1}
  OutRegister: {'M': 16, 'C': 1, 'P': 1, 'Q': 1, 'R': 1, 'S': 1}
Creating architecture: Eyeriss_Constrained_1L_tile7_32x512 with coupling: dims: MPQCRS, in_coupling: [C][P+R][Q+S], w_coupling: W0: [M][C][R][S],, out_coupling: [M][P][Q]
  OK L5_conv3_1_1: E=4.956e+01 uJ, L=3.098e+04 cc, EDP=1.62e+00
------ loading Accelergy for Eyeriss ------
[Constrained Eyeriss] Single layer, tile_size=7
  DRAM: {'Q': 4, 'P': 28, 'M': 1, 'C': 1, 'R': 1, 'S': 1}
  GlobalBuffer: {'Q': 1, 'P': 1, 'M': 1, 'C': 1, 'R': 1, 'S': 1}
  SACols: {'Q': 7, 'M': 4}
  SARows: {'S': 3, 'C': 128, 'M': 1}
  WRegister: {'C': 1, 'R': 3, 'M': 1, 'P': 1, 'Q': 1, 'S': 1}
  OutRegister: {'M': 32, 'C': 1, 'P': 1, 'Q': 1, 'R': 1, 'S': 1}
Creating architecture: Eyeriss_Constrained_1L_tile7_32x512 with coupling: dims: MPQCRS, in_coupling: [C][P+R][Q+S], w_coupling: W0: [M][C][R][S],, out_coupling: [M][P][Q]
  OK L6_conv3_1_2: E=9.048e+01 uJ, L=6.195e+04 cc, EDP=5.94e+00
  [skip] L7_conv3_proj (not in fusion)
------ loading Accelergy for Eyeriss ------
[Constrained Eyeriss] Single layer, tile_size=7
  DRAM: {'Q': 4, 'P': 28, 'M': 1, 'C': 1, 'R': 1, 'S': 1}
  GlobalBuffer: {'Q': 1, 'P': 1, 'M': 1, 'C': 1, 'R': 1, 'S': 1}
  SACols: {'Q': 7, 'M': 4}
  SARows: {'S': 3, 'C': 128, 'M': 1}
  WRegister: {'C': 1, 'R': 3, 'M': 1, 'P': 1, 'Q': 1, 'S': 1}
  OutRegister: {'M': 32, 'C': 1, 'P': 1, 'Q': 1, 'R': 1, 'S': 1}
Creating architecture: Eyeriss_Constrained_1L_tile7_32x512 with coupling: dims: MPQCRS, in_coupling: [C][P+R][Q+S], w_coupling: W0: [M][C][R][S],, out_coupling: [M][P][Q]
  OK L8_conv3_2_1: E=9.048e+01 uJ, L=6.195e+04 cc, EDP=5.94e+00
------ loading Accelergy for Eyeriss ------
[Constrained Eyeriss] Single layer, tile_size=7
  DRAM: {'Q': 4, 'P': 28, 'M': 1, 'C': 1, 'R': 1, 'S': 1}
  GlobalBuffer: {'Q': 1, 'P': 1, 'M': 1, 'C': 1, 'R': 1, 'S': 1}
  SACols: {'Q': 7, 'M': 4}
  SARows: {'S': 3, 'C': 128, 'M': 1}
  WRegister: {'C': 1, 'R': 3, 'M': 1, 'P': 1, 'Q': 1, 'S': 1}
  OutRegister: {'M': 32, 'C': 1, 'P': 1, 'Q': 1, 'R': 1, 'S': 1}
Creating architecture: Eyeriss_Constrained_1L_tile7_32x512 with coupling: dims: MPQCRS, in_coupling: [C][P+R][Q+S], w_coupling: W0: [M][C][R][S],, out_coupling: [M][P][Q]
  OK L9_conv3_2_2: E=9.048e+01 uJ, L=6.195e+04 cc, EDP=5.94e+00
------ loading Accelergy for Eyeriss ------
[Constrained Eyeriss] Single layer, tile_size=7
  DRAM: {'Q': 2, 'P': 14, 'M': 1, 'C': 1, 'R': 1, 'S': 1}
  GlobalBuffer: {'Q': 1, 'P': 1, 'M': 1, 'C': 1, 'R': 1, 'S': 1}
  SACols: {'Q': 7, 'M': 4}
  SARows: {'S': 3, 'C': 128, 'M': 1}
  WRegister: {'C': 1, 'R': 3, 'M': 1, 'P': 1, 'Q': 1, 'S': 1}
  OutRegister: {'M': 64, 'C': 1, 'P': 1, 'Q': 1, 'R': 1, 'S': 1}
Creating architecture: Eyeriss_Constrained_1L_tile7_32x512 with coupling: dims: MPQCRS, in_coupling: [C][P+R][Q+S], w_coupling: W0: [M][C][R][S],, out_coupling: [M][P][Q]
  OK L10_conv4_1_1: E=5.015e+01 uJ, L=8.000e+04 cc, EDP=4.88e+00
------ loading Accelergy for Eyeriss ------
[Constrained Eyeriss] Single layer, tile_size=7
  DRAM: {'Q': 2, 'P': 14, 'M': 1, 'C': 1, 'R': 1, 'S': 1}
  GlobalBuffer: {'Q': 1, 'P': 1, 'M': 1, 'C': 1, 'R': 1, 'S': 1}
  SACols: {'Q': 7, 'M': 4}
  SARows: {'S': 3, 'C': 128, 'M': 1}
  WRegister: {'C': 2, 'R': 3, 'M': 1, 'P': 1, 'Q': 1, 'S': 1}
  OutRegister: {'M': 64, 'C': 1, 'P': 1, 'Q': 1, 'R': 1, 'S': 1}
Creating architecture: Eyeriss_Constrained_1L_tile7_32x512 with coupling: dims: MPQCRS, in_coupling: [C][P+R][Q+S], w_coupling: W0: [M][C][R][S],, out_coupling: [M][P][Q]
  OK L11_conv4_1_2: E=6.200e+01 uJ, L=1.600e+05 cc, EDP=1.34e+01
  [skip] L12_conv4_proj (not in fusion)
------ loading Accelergy for Eyeriss ------
[Constrained Eyeriss] Single layer, tile_size=7
  DRAM: {'Q': 2, 'P': 14, 'M': 1, 'C': 1, 'R': 1, 'S': 1}
  GlobalBuffer: {'Q': 1, 'P': 1, 'M': 1, 'C': 1, 'R': 1, 'S': 1}
  SACols: {'Q': 7, 'M': 4}
  SARows: {'S': 3, 'C': 128, 'M': 1}
  WRegister: {'C': 2, 'R': 3, 'M': 1, 'P': 1, 'Q': 1, 'S': 1}
  OutRegister: {'M': 64, 'C': 1, 'P': 1, 'Q': 1, 'R': 1, 'S': 1}
Creating architecture: Eyeriss_Constrained_1L_tile7_32x512 with coupling: dims: MPQCRS, in_coupling: [C][P+R][Q+S], w_coupling: W0: [M][C][R][S],, out_coupling: [M][P][Q]
  OK L13_conv4_2_1: E=6.200e+01 uJ, L=1.600e+05 cc, EDP=1.34e+01
------ loading Accelergy for Eyeriss ------
[Constrained Eyeriss] Single layer, tile_size=7
  DRAM: {'Q': 2, 'P': 14, 'M': 1, 'C': 1, 'R': 1, 'S': 1}
  GlobalBuffer: {'Q': 1, 'P': 1, 'M': 1, 'C': 1, 'R': 1, 'S': 1}
  SACols: {'Q': 7, 'M': 4}
  SARows: {'S': 3, 'C': 128, 'M': 1}
  WRegister: {'C': 2, 'R': 3, 'M': 1, 'P': 1, 'Q': 1, 'S': 1}
  OutRegister: {'M': 64, 'C': 1, 'P': 1, 'Q': 1, 'R': 1, 'S': 1}
Creating architecture: Eyeriss_Constrained_1L_tile7_32x512 with coupling: dims: MPQCRS, in_coupling: [C][P+R][Q+S], w_coupling: W0: [M][C][R][S],, out_coupling: [M][P][Q]
  OK L14_conv4_2_2: E=6.200e+01 uJ, L=1.600e+05 cc, EDP=1.34e+01
------ loading Accelergy for Eyeriss ------
[Constrained Eyeriss] Single layer, tile_size=7
  DRAM: {'Q': 1, 'P': 7, 'M': 1, 'C': 1, 'R': 1, 'S': 1}
  GlobalBuffer: {'Q': 1, 'P': 1, 'M': 1, 'C': 1, 'R': 1, 'S': 1}
  SACols: {'Q': 7, 'M': 4}
  SARows: {'S': 3, 'C': 128, 'M': 1}
  WRegister: {'C': 2, 'R': 3, 'M': 1, 'P': 1, 'Q': 1, 'S': 1}
  OutRegister: {'M': 128, 'C': 1, 'P': 1, 'Q': 1, 'R': 1, 'S': 1}
Creating architecture: Eyeriss_Constrained_1L_tile7_32x512 with coupling: dims: MPQCRS, in_coupling: [C][P+R][Q+S], w_coupling: W0: [M][C][R][S],, out_coupling: [M][P][Q]
  OK L15_conv5_1_1: E=5.822e+01 uJ, L=2.980e+05 cc, EDP=3.02e+01
------ loading Accelergy for Eyeriss ------
[Constrained Eyeriss] Single layer, tile_size=7
  DRAM: {'Q': 1, 'P': 7, 'M': 1, 'C': 1, 'R': 1, 'S': 1}
  GlobalBuffer: {'Q': 1, 'P': 1, 'M': 1, 'C': 1, 'R': 1, 'S': 1}
  SACols: {'Q': 7, 'M': 4}
  SARows: {'S': 3, 'C': 128, 'M': 1}
  WRegister: {'C': 4, 'R': 3, 'M': 1, 'P': 1, 'Q': 1, 'S': 1}
  OutRegister: {'M': 128, 'C': 1, 'P': 1, 'Q': 1, 'R': 1, 'S': 1}
Creating architecture: Eyeriss_Constrained_1L_tile7_32x512 with coupling: dims: MPQCRS, in_coupling: [C][P+R][Q+S], w_coupling: W0: [M][C][R][S],, out_coupling: [M][P][Q]
  OK L16_conv5_1_2: E=9.730e+01 uJ, L=5.961e+05 cc, EDP=1.09e+02
  [skip] L17_conv5_proj (not in fusion)
------ loading Accelergy for Eyeriss ------
[Constrained Eyeriss] Single layer, tile_size=7
  DRAM: {'Q': 1, 'P': 7, 'M': 1, 'C': 1, 'R': 1, 'S': 1}
  GlobalBuffer: {'Q': 1, 'P': 1, 'M': 1, 'C': 1, 'R': 1, 'S': 1}
  SACols: {'Q': 7, 'M': 4}
  SARows: {'S': 3, 'C': 128, 'M': 1}
  WRegister: {'C': 4, 'R': 3, 'M': 1, 'P': 1, 'Q': 1, 'S': 1}
  OutRegister: {'M': 128, 'C': 1, 'P': 1, 'Q': 1, 'R': 1, 'S': 1}
Creating architecture: Eyeriss_Constrained_1L_tile7_32x512 with coupling: dims: MPQCRS, in_coupling: [C][P+R][Q+S], w_coupling: W0: [M][C][R][S],, out_coupling: [M][P][Q]
  OK L18_conv5_2_1: E=9.730e+01 uJ, L=5.961e+05 cc, EDP=1.09e+02
------ loading Accelergy for Eyeriss ------
[Constrained Eyeriss] Single layer, tile_size=7
  DRAM: {'Q': 1, 'P': 7, 'M': 1, 'C': 1, 'R': 1, 'S': 1}
  GlobalBuffer: {'Q': 1, 'P': 1, 'M': 1, 'C': 1, 'R': 1, 'S': 1}
  SACols: {'Q': 7, 'M': 4}
  SARows: {'S': 3, 'C': 128, 'M': 1}
  WRegister: {'C': 4, 'R': 3, 'M': 1, 'P': 1, 'Q': 1, 'S': 1}
  OutRegister: {'M': 128, 'C': 1, 'P': 1, 'Q': 1, 'R': 1, 'S': 1}
Creating architecture: Eyeriss_Constrained_1L_tile7_32x512 with coupling: dims: MPQCRS, in_coupling: [C][P+R][Q+S], w_coupling: W0: [M][C][R][S],, out_coupling: [M][P][Q]
  OK L19_conv5_2_2: E=9.730e+01 uJ, L=5.961e+05 cc, EDP=1.09e+02
  [skip] L20_fc (not in fusion)

====================================================================================================
COMPARISON RESULTS: RESNET18 -- Sum PARTIAL FUSION vs Sum SINGLES
====================================================================================================
  Architecture: Eyeriss 512x32, GB=128KB, WReg=3338, InReg=400, IntReg=700, OutReg=164
====================================================================================================
Level                        Energy (uJ)   Latency (cc)            EDP       DRAM Reads      DRAM Writes
----------------------------------------------------------------------------------------------------
Sum Partial Fusion (6 ok, 2 fail)      9.016e+04      2.841e+06       2.56e+05       11,364,864          351,232
  Warning: Failed: 2layer/s1b1, 2layer/s1b2
Sum Singles (17 ok)            1.482e+03      3.301e+06       4.89e+03       12,449,984        2,308,096

----------------------------------------------------------------------------------------------------
RATIOS (Sum Partial Fusion / Sum Singles) -- values < 1.0 mean fusion wins
----------------------------------------------------------------------------------------------------
Metric                    Ratio      Savings
---------------------------------------------
Energy                  60.8530     -5985.3%
Latency                  0.8606       +13.9%
EDP                     52.3700     -5137.0%
DRAM Reads               0.9128        +8.7%
DRAM Writes              0.1522       +84.8%

----------------------------------------------------------------------------------------------------
BASELINE DETAIL (Sum Singles):
----------------------------------------------------------------------------------------------------
Layer/Segment                     Energy (uJ)   Latency (cc)            EDP     Status
-------------------------------------------------------------------------------------
L0_conv1                            1.358e+02      2.007e+05       2.73e+01         OK
L1_conv2_1_1                        1.097e+02      5.939e+04       6.59e+00         OK
L2_conv2_1_2                        1.097e+02      5.939e+04       6.59e+00         OK
L3_conv2_2_1                        1.097e+02      5.939e+04       6.59e+00         OK
L4_conv2_2_2                        1.097e+02      5.939e+04       6.59e+00         OK
L5_conv3_1_1                        4.956e+01      3.098e+04       1.62e+00         OK
L6_conv3_1_2                        9.048e+01      6.195e+04       5.94e+00         OK
L8_conv3_2_1                        9.048e+01      6.195e+04       5.94e+00         OK
L9_conv3_2_2                        9.048e+01      6.195e+04       5.94e+00         OK
L10_conv4_1_1                       5.015e+01      8.000e+04       4.88e+00         OK
L11_conv4_1_2                       6.200e+01      1.600e+05       1.34e+01         OK
L13_conv4_2_1                       6.200e+01      1.600e+05       1.34e+01         OK
L14_conv4_2_2                       6.200e+01      1.600e+05       1.34e+01         OK
L15_conv5_1_1                       5.822e+01      2.980e+05       3.02e+01         OK
L16_conv5_1_2                       9.730e+01      5.961e+05       1.09e+02         OK
L18_conv5_2_1                       9.730e+01      5.961e+05       1.09e+02         OK
L19_conv5_2_2                       9.730e+01      5.961e+05       1.09e+02         OK

----------------------------------------------------------------------------------------------------
FUSED-SIDE SEGMENT DETAIL (Sum Partial Fusion):
----------------------------------------------------------------------------------------------------
Segment                           Energy (uJ)   Latency (cc)            EDP     Status
-------------------------------------------------------------------------------------
2layer/s1b1                                --             --             --       FAIL
2layer/s1b2                                --             --             --       FAIL
2layer/s2b1                         1.854e+04      1.055e+05       1.98e+03         OK
2layer/s2b2                         1.188e+04      9.882e+04       1.20e+03         OK
2layer/s3b1                         1.855e+04      2.463e+05       4.68e+03         OK
2layer/s3b2                         1.160e+04      3.075e+05       3.75e+03         OK
2layer/s4b1                         1.803e+04      8.973e+05       1.70e+04         OK
2layer/s4b2                         1.157e+04      1.186e+06       1.52e+04         OK

====================================================================================================

Results exported to: results/results_20260219_161303.csv

================================================================================
EXPERIMENT SUMMARY
================================================================================

Total experiments: 25
Successful: 23
Failed: 2

────────────────────────────────────────────────────────────────────────────────
Results by workload:
────────────────────────────────────────────────────────────────────────────────

RESNET18:
  2layer/s2b1, fmem_size: 1056kB, wmem_size: 524kB, pe_rows: 512, pe_cols: 32 -> E=1.85e+04μJ, L=1.05e+05cc, EDP=1.98e+03
  2layer/s2b2, fmem_size: 1056kB, wmem_size: 524kB, pe_rows: 512, pe_cols: 32 -> E=1.19e+04μJ, L=9.88e+04cc, EDP=1.20e+03
  2layer/s3b1, fmem_size: 1056kB, wmem_size: 524kB, pe_rows: 512, pe_cols: 32 -> E=1.85e+04μJ, L=2.46e+05cc, EDP=4.68e+03
  2layer/s3b2, fmem_size: 1056kB, wmem_size: 524kB, pe_rows: 512, pe_cols: 32 -> E=1.16e+04μJ, L=3.07e+05cc, EDP=3.75e+03
  2layer/s4b1, fmem_size: 1056kB, wmem_size: 524kB, pe_rows: 512, pe_cols: 32 -> E=1.80e+04μJ, L=8.97e+05cc, EDP=1.70e+04
  2layer/s4b2, fmem_size: 1056kB, wmem_size: 524kB, pe_rows: 512, pe_cols: 32 -> E=1.16e+04μJ, L=1.19e+06cc, EDP=1.52e+04
  single/L0_conv1, fmem_size: 1056kB, wmem_size: 524kB, pe_rows: 512, pe_cols: 32 -> E=1.36e+02μJ, L=2.01e+05cc, EDP=2.73e+01
  single/L1_conv2_1_1, fmem_size: 1056kB, wmem_size: 524kB, pe_rows: 512, pe_cols: 32 -> E=1.10e+02μJ, L=5.94e+04cc, EDP=6.59e+00
  single/L2_conv2_1_2, fmem_size: 1056kB, wmem_size: 524kB, pe_rows: 512, pe_cols: 32 -> E=1.10e+02μJ, L=5.94e+04cc, EDP=6.59e+00
  single/L3_conv2_2_1, fmem_size: 1056kB, wmem_size: 524kB, pe_rows: 512, pe_cols: 32 -> E=1.10e+02μJ, L=5.94e+04cc, EDP=6.59e+00
  single/L4_conv2_2_2, fmem_size: 1056kB, wmem_size: 524kB, pe_rows: 512, pe_cols: 32 -> E=1.10e+02μJ, L=5.94e+04cc, EDP=6.59e+00
  single/L5_conv3_1_1, fmem_size: 1056kB, wmem_size: 524kB, pe_rows: 512, pe_cols: 32 -> E=4.96e+01μJ, L=3.10e+04cc, EDP=1.62e+00
  single/L6_conv3_1_2, fmem_size: 1056kB, wmem_size: 524kB, pe_rows: 512, pe_cols: 32 -> E=9.05e+01μJ, L=6.20e+04cc, EDP=5.94e+00
  single/L8_conv3_2_1, fmem_size: 1056kB, wmem_size: 524kB, pe_rows: 512, pe_cols: 32 -> E=9.05e+01μJ, L=6.20e+04cc, EDP=5.94e+00
  single/L9_conv3_2_2, fmem_size: 1056kB, wmem_size: 524kB, pe_rows: 512, pe_cols: 32 -> E=9.05e+01μJ, L=6.20e+04cc, EDP=5.94e+00
  single/L10_conv4_1_1, fmem_size: 1056kB, wmem_size: 524kB, pe_rows: 512, pe_cols: 32 -> E=5.01e+01μJ, L=8.00e+04cc, EDP=4.88e+00
  single/L11_conv4_1_2, fmem_size: 1056kB, wmem_size: 524kB, pe_rows: 512, pe_cols: 32 -> E=6.20e+01μJ, L=1.60e+05cc, EDP=1.34e+01
  single/L13_conv4_2_1, fmem_size: 1056kB, wmem_size: 524kB, pe_rows: 512, pe_cols: 32 -> E=6.20e+01μJ, L=1.60e+05cc, EDP=1.34e+01
  single/L14_conv4_2_2, fmem_size: 1056kB, wmem_size: 524kB, pe_rows: 512, pe_cols: 32 -> E=6.20e+01μJ, L=1.60e+05cc, EDP=1.34e+01
  single/L15_conv5_1_1, fmem_size: 1056kB, wmem_size: 524kB, pe_rows: 512, pe_cols: 32 -> E=5.82e+01μJ, L=2.98e+05cc, EDP=3.02e+01
  single/L16_conv5_1_2, fmem_size: 1056kB, wmem_size: 524kB, pe_rows: 512, pe_cols: 32 -> E=9.73e+01μJ, L=5.96e+05cc, EDP=1.09e+02
  single/L18_conv5_2_1, fmem_size: 1056kB, wmem_size: 524kB, pe_rows: 512, pe_cols: 32 -> E=9.73e+01μJ, L=5.96e+05cc, EDP=1.09e+02
  single/L19_conv5_2_2, fmem_size: 1056kB, wmem_size: 524kB, pe_rows: 512, pe_cols: 32 -> E=9.73e+01μJ, L=5.96e+05cc, EDP=1.09e+02
