Creating architecture: Gemmini with coupling: dims: MKN, in_coupling: [K][N], w_coupling: W0: [M][K],, out_coupling: [M][N]
Creating architecture: Gemmini (conv) with coupling: dims: NMPQCRS, in_coupling: [N][C][Pstride*P+Rdilation*R][Qstride*Q+Sdilation*S], w_coupling: W0: [M][C][R][S],, out_coupling: [N][M][P][Q]
Creating architecture: Eyeriss with coupling: dims: MKN, in_coupling: [K][N], w_coupling: W0: [M][K],, out_coupling: [M][N]
Creating architecture: Eyeriss (conv) with coupling: dims: NMPQCRS, in_coupling: [N][C][Pstride*P+Rdilation*R][Qstride*Q+Sdilation*S], w_coupling: W0: [M][C][R][S],, out_coupling: [N][M][P][Q]
Creating architecture: Simba with coupling: dims: MKN, in_coupling: [K][N], w_coupling: W0: [M][K],, out_coupling: [M][N]
Creating architecture: Simba (conv) with coupling: dims: NMPQCRS, in_coupling: [N][C][Pstride*P+Rdilation*R][Qstride*Q+Sdilation*S], w_coupling: W0: [M][C][R][S],, out_coupling: [N][M][P][Q]
Creating architecture: TPUv1 with coupling: dims: MKN, in_coupling: [K][N], w_coupling: W0: [M][K],, out_coupling: [M][N]
Creating architecture: TPUv1 (conv) with coupling: dims: NMPQCRS, in_coupling: [N][C][Pstride*P+Rdilation*R][Qstride*Q+Sdilation*S], w_coupling: W0: [M][C][R][S],, out_coupling: [N][M][P][Q]

====================================================================================================
FIXED-CONFIG FUSION COMPARISON: VGG16 -- Sum PARTIAL FUSION vs Sum SINGLES
====================================================================================================
Architecture: Eyeriss, PE=512x32 (16,384 total)
  GB=128KB, WReg=2200, InReg=400, IntReg=300, OutReg=64
  Tile size override: 1
  ALL experiments use IDENTICAL architecture (fair comparison)
====================================================================================================

  Per-block tile sizes (from full fusion stride propagation):
    block1: tile=16
    block2: tile=8
    block3: tile=4
    L6: tile=4
    block4: tile=2
    L9: tile=2
    block5: tile=1
    L12: tile=1
--- PARTIAL FUSION (block) ---
------ loading Accelergy for Eyeriss ------
------ loading Accelergy ------
WARNING: Accelergy package not found or incompatible, trying a manual import from ACCELERGY_PATH.
ACCELERGY PLUG-INS: ['Library', 'dummy', 'ADC Plug-In', 'DEPRECATED table-based-plug-ins. Use the Library plug-in instead.', 'Neurosim Plug-In', 'Aladdin_table', 'CactiCache', 'CactiDRAM', 'CactiSRAM']
[Constrained Eyeriss] 2 layers, tile_size=16
  DRAM: {'Q': 14, 'P': 224, 'X0': 14, 'Y0': 224, 'Z0': 1, 'C0': 1, 'R0': 1, 'S0': 1, 'Z1': 1, 'C1': 1, 'R1': 1, 'S1': 1}
  GlobalBuffer: {'Q': 1, 'P': 1, 'X0': 1, 'Y0': 1, 'Z0': 1, 'C0': 1, 'R0': 1, 'S0': 1, 'Z1': 1, 'C1': 1, 'R1': 1, 'S1': 1}
  SACols: {'Q': 16, 'Z1': 2}
  SARows_0: {'S0': 3, 'C0': 3, 'Z0': 32}
  SARows_1: {'S1': 3, 'C1': 64, 'Z1': 2}
Creating architecture: Eyeriss_Constrained_2L_tile16_32x512 with coupling: dims: C0Y0X0R0S0Z0C1R1S1Z1PQ, in_coupling: [C0][Y0+R0][X0+S0], w_coupling: W0: [Z0][C0][R0][S0],W1: [Z1][C1][R1][S1],, out_coupling: [Z1][P][Q]
final_layer_dims: {'R1', 'P', 'R0', 'X0', 'Q', 'S0', 'C1', 'Z1', 'C0', 'S1', 'Y0'}, coupling.dims: ['C0', 'Y0', 'X0', 'R0', 'S0', 'Z0', 'C1', 'R1', 'S1', 'Z1', 'P', 'Q']
INFO: Arch: Eyeriss_Constrained_2L_tile16_32x512: identified intermediate dimensions: {'Z0'}
INFO: Added high constraint for intermediate dimension P in level InRegister
INFO: Added high constraint for intermediate dimension R1 in level InRegister
INFO: Added high constraint for intermediate dimension P in level WRegister
INFO: Added high constraint for intermediate dimension R1 in level WRegister
INFO: Added high constraint for intermediate dimension P in level IntermediateRegister
INFO: Added high constraint for intermediate dimension R1 in level IntermediateRegister
INFO: Added high constraint for intermediate dimension P in level OutRegister
INFO: Added high constraint for intermediate dimension R1 in level OutRegister
WARNING: Arch: Eyeriss_Constrained_2L_tile16_32x512 -> Level: IntermediateRegister: updating constraint (Z0: 2) to (Z0: 1) to fit the computation.
WARNING: Arch: Eyeriss_Constrained_2L_tile16_32x512 -> Level: OutRegister: updating constraint (Z1: 32) to (Z1: 16) to fit the computation.
  OK block1 (2L, tile=16): E=5.985e+04 uJ, L=1.032e+06 cc, EDP=6.19e+04
------ loading Accelergy for Eyeriss ------
[Constrained Eyeriss] 2 layers, tile_size=8
  DRAM: {'Q': 14, 'P': 112, 'X0': 14, 'Y0': 112, 'Z0': 1, 'C0': 1, 'R0': 1, 'S0': 1, 'Z1': 1, 'C1': 1, 'R1': 1, 'S1': 1}
  GlobalBuffer: {'Q': 1, 'P': 1, 'X0': 1, 'Y0': 1, 'Z0': 1, 'C0': 1, 'R0': 1, 'S0': 1, 'Z1': 1, 'C1': 1, 'R1': 1, 'S1': 1}
  SACols: {'Q': 8, 'Z1': 4}
  SARows_0: {'S0': 3, 'C0': 64, 'Z0': 2}
  SARows_1: {'S1': 3, 'C1': 128, 'Z1': 1}
Creating architecture: Eyeriss_Constrained_2L_tile8_32x512 with coupling: dims: C0Y0X0R0S0Z0C1R1S1Z1PQ, in_coupling: [C0][Y0+R0][X0+S0], w_coupling: W0: [Z0][C0][R0][S0],W1: [Z1][C1][R1][S1],, out_coupling: [Z1][P][Q]
final_layer_dims: {'R1', 'P', 'R0', 'X0', 'Q', 'S0', 'C1', 'Z1', 'C0', 'S1', 'Y0'}, coupling.dims: ['C0', 'Y0', 'X0', 'R0', 'S0', 'Z0', 'C1', 'R1', 'S1', 'Z1', 'P', 'Q']
INFO: Arch: Eyeriss_Constrained_2L_tile8_32x512: identified intermediate dimensions: {'Z0'}
INFO: Added high constraint for intermediate dimension P in level InRegister
INFO: Added high constraint for intermediate dimension R1 in level InRegister
INFO: Added high constraint for intermediate dimension P in level WRegister
INFO: Added high constraint for intermediate dimension R1 in level WRegister
INFO: Added high constraint for intermediate dimension P in level IntermediateRegister
INFO: Added high constraint for intermediate dimension R1 in level IntermediateRegister
INFO: Added high constraint for intermediate dimension P in level OutRegister
INFO: Added high constraint for intermediate dimension R1 in level OutRegister
WARNING: Arch: Eyeriss_Constrained_2L_tile8_32x512 -> Level: IntermediateRegister: updating constraint (Z0: 64) to (Z0: 16) to fit the computation.
WARNING: Arch: Eyeriss_Constrained_2L_tile8_32x512 -> Level: OutRegister: updating constraint (Z1: 128) to (Z1: 32) to fit the computation.
  OK block2 (2L, tile=8): E=8.763e+04 uJ, L=6.523e+05 cc, EDP=5.72e+04
------ loading Accelergy for Eyeriss ------
[Constrained Eyeriss] 2 layers, tile_size=4
  DRAM: {'Q': 14, 'P': 56, 'X0': 14, 'Y0': 56, 'Z0': 1, 'C0': 1, 'R0': 1, 'S0': 1, 'Z1': 1, 'C1': 1, 'R1': 1, 'S1': 1}
  GlobalBuffer: {'Q': 1, 'P': 1, 'X0': 1, 'Y0': 1, 'Z0': 1, 'C0': 1, 'R0': 1, 'S0': 1, 'Z1': 1, 'C1': 1, 'R1': 1, 'S1': 1}
  SACols: {'Q': 4, 'Z1': 8}
  SARows_0: {'S0': 3, 'C0': 128, 'Z0': 1}
  SARows_1: {'S1': 3, 'C1': 128, 'Z1': 1}
Creating architecture: Eyeriss_Constrained_2L_tile4_32x512 with coupling: dims: C0Y0X0R0S0Z0C1R1S1Z1PQ, in_coupling: [C0][Y0+R0][X0+S0], w_coupling: W0: [Z0][C0][R0][S0],W1: [Z1][C1][R1][S1],, out_coupling: [Z1][P][Q]
final_layer_dims: {'R1', 'P', 'R0', 'X0', 'Q', 'S0', 'C1', 'Z1', 'C0', 'S1', 'Y0'}, coupling.dims: ['C0', 'Y0', 'X0', 'R0', 'S0', 'Z0', 'C1', 'R1', 'S1', 'Z1', 'P', 'Q']
INFO: Arch: Eyeriss_Constrained_2L_tile4_32x512: identified intermediate dimensions: {'Z0'}
INFO: Added high constraint for intermediate dimension P in level InRegister
INFO: Added high constraint for intermediate dimension R1 in level InRegister
INFO: Added high constraint for intermediate dimension P in level WRegister
INFO: Added high constraint for intermediate dimension R1 in level WRegister
INFO: Added high constraint for intermediate dimension P in level IntermediateRegister
INFO: Added high constraint for intermediate dimension R1 in level IntermediateRegister
INFO: Added high constraint for intermediate dimension P in level OutRegister
INFO: Added high constraint for intermediate dimension R1 in level OutRegister
WARNING: Arch: Eyeriss_Constrained_2L_tile4_32x512 -> Level: IntermediateRegister: updating constraint (Z0: 256) to (Z0: 32) to fit the computation.
WARNING: Arch: Eyeriss_Constrained_2L_tile4_32x512 -> Level: OutRegister: updating constraint (Z1: 256) to (Z1: 32) to fit the computation.
  OK block3 (2L, tile=4): E=8.744e+04 uJ, L=3.748e+05 cc, EDP=3.28e+04
------ loading Accelergy for Eyeriss ------
[Constrained Eyeriss] Single layer, tile_size=4
  DRAM: {'Q': 14, 'P': 56, 'M': 1, 'C': 1, 'R': 1, 'S': 1}
  GlobalBuffer: {'Q': 1, 'P': 1, 'M': 1, 'C': 1, 'R': 1, 'S': 1}
  SACols: {'Q': 4, 'M': 8}
  SARows: {'S': 3, 'C': 128, 'M': 1}
  WRegister: {'C': 2, 'R': 3, 'M': 1, 'P': 1, 'Q': 1, 'S': 1}
  OutRegister: {'M': 32, 'C': 1, 'P': 1, 'Q': 1, 'R': 1, 'S': 1}
Creating architecture: Eyeriss_Constrained_1L_tile4_32x512 with coupling: dims: MPQCRS, in_coupling: [C][P+R][Q+S], w_coupling: W0: [M][C][R][S],, out_coupling: [M][P][Q]
  OK L6 (1L, tile=4): E=4.119e+02 uJ, L=3.482e+05 cc, EDP=1.48e+02
------ loading Accelergy for Eyeriss ------
[Constrained Eyeriss] 2 layers, tile_size=2
  DRAM: {'Q': 14, 'P': 28, 'X0': 14, 'Y0': 28, 'Z0': 1, 'C0': 1, 'R0': 1, 'S0': 1, 'Z1': 1, 'C1': 1, 'R1': 1, 'S1': 1}
  GlobalBuffer: {'Q': 1, 'P': 1, 'X0': 1, 'Y0': 1, 'Z0': 1, 'C0': 1, 'R0': 1, 'S0': 1, 'Z1': 1, 'C1': 1, 'R1': 1, 'S1': 1}
  SACols: {'Q': 2, 'Z1': 16}
  SARows_0: {'S0': 3, 'C0': 128, 'Z0': 1}
  SARows_1: {'S1': 3, 'C1': 128, 'Z1': 1}
Creating architecture: Eyeriss_Constrained_2L_tile2_32x512 with coupling: dims: C0Y0X0R0S0Z0C1R1S1Z1PQ, in_coupling: [C0][Y0+R0][X0+S0], w_coupling: W0: [Z0][C0][R0][S0],W1: [Z1][C1][R1][S1],, out_coupling: [Z1][P][Q]
final_layer_dims: {'R1', 'P', 'R0', 'X0', 'Q', 'S0', 'C1', 'Z1', 'C0', 'S1', 'Y0'}, coupling.dims: ['C0', 'Y0', 'X0', 'R0', 'S0', 'Z0', 'C1', 'R1', 'S1', 'Z1', 'P', 'Q']
INFO: Arch: Eyeriss_Constrained_2L_tile2_32x512: identified intermediate dimensions: {'Z0'}
INFO: Added high constraint for intermediate dimension P in level InRegister
INFO: Added high constraint for intermediate dimension R1 in level InRegister
INFO: Added high constraint for intermediate dimension P in level WRegister
INFO: Added high constraint for intermediate dimension R1 in level WRegister
INFO: Added high constraint for intermediate dimension P in level IntermediateRegister
INFO: Added high constraint for intermediate dimension R1 in level IntermediateRegister
INFO: Added high constraint for intermediate dimension P in level OutRegister
INFO: Added high constraint for intermediate dimension R1 in level OutRegister
WARNING: Arch: Eyeriss_Constrained_2L_tile2_32x512 -> Level: IntermediateRegister: updating constraint (Z0: 512) to (Z0: 32) to fit the computation.
WARNING: Arch: Eyeriss_Constrained_2L_tile2_32x512 -> Level: OutRegister: updating constraint (Z1: 512) to (Z1: 32) to fit the computation.
  OK block4 (2L, tile=2): E=8.646e+04 uJ, L=9.349e+05 cc, EDP=8.11e+04
------ loading Accelergy for Eyeriss ------
[Constrained Eyeriss] Single layer, tile_size=2
  DRAM: {'Q': 14, 'P': 28, 'M': 1, 'C': 1, 'R': 1, 'S': 1}
  GlobalBuffer: {'Q': 1, 'P': 1, 'M': 1, 'C': 1, 'R': 1, 'S': 1}
  SACols: {'Q': 2, 'M': 16}
  SARows: {'S': 3, 'C': 128, 'M': 1}
  WRegister: {'C': 4, 'R': 3, 'M': 1, 'P': 1, 'Q': 1, 'S': 1}
  OutRegister: {'M': 32, 'C': 1, 'P': 1, 'Q': 1, 'R': 1, 'S': 1}
Creating architecture: Eyeriss_Constrained_1L_tile2_32x512 with coupling: dims: MPQCRS, in_coupling: [C][P+R][Q+S], w_coupling: W0: [M][C][R][S],, out_coupling: [M][P][Q]
  OK L9 (1L, tile=2): E=3.175e+02 uJ, L=6.902e+05 cc, EDP=2.58e+02
------ loading Accelergy for Eyeriss ------
[Constrained Eyeriss] 2 layers, tile_size=1
  DRAM: {'Q': 14, 'P': 14, 'X0': 14, 'Y0': 14, 'Z0': 1, 'C0': 1, 'R0': 1, 'S0': 1, 'Z1': 1, 'C1': 1, 'R1': 1, 'S1': 1}
  GlobalBuffer: {'Q': 1, 'P': 1, 'X0': 1, 'Y0': 1, 'Z0': 1, 'C0': 1, 'R0': 1, 'S0': 1, 'Z1': 1, 'C1': 1, 'R1': 1, 'S1': 1}
  SACols: {'Q': 1, 'Z1': 32}
  SARows_0: {'S0': 3, 'C0': 128, 'Z0': 1}
  SARows_1: {'S1': 3, 'C1': 128, 'Z1': 1}
Creating architecture: Eyeriss_Constrained_2L_tile1_32x512 with coupling: dims: C0Y0X0R0S0Z0C1R1S1Z1PQ, in_coupling: [C0][Y0+R0][X0+S0], w_coupling: W0: [Z0][C0][R0][S0],W1: [Z1][C1][R1][S1],, out_coupling: [Z1][P][Q]
final_layer_dims: {'R1', 'P', 'R0', 'X0', 'Q', 'S0', 'C1', 'Z1', 'C0', 'S1', 'Y0'}, coupling.dims: ['C0', 'Y0', 'X0', 'R0', 'S0', 'Z0', 'C1', 'R1', 'S1', 'Z1', 'P', 'Q']
INFO: Arch: Eyeriss_Constrained_2L_tile1_32x512: identified intermediate dimensions: {'Z0'}
INFO: Added high constraint for intermediate dimension P in level InRegister
INFO: Added high constraint for intermediate dimension R1 in level InRegister
INFO: Added high constraint for intermediate dimension P in level WRegister
INFO: Added high constraint for intermediate dimension R1 in level WRegister
INFO: Added high constraint for intermediate dimension P in level IntermediateRegister
INFO: Added high constraint for intermediate dimension R1 in level IntermediateRegister
INFO: Added high constraint for intermediate dimension P in level OutRegister
INFO: Added high constraint for intermediate dimension R1 in level OutRegister
WARNING: Arch: Eyeriss_Constrained_2L_tile1_32x512 -> Level: IntermediateRegister: updating constraint (Z0: 512) to (Z0: 16) to fit the computation.
WARNING: Arch: Eyeriss_Constrained_2L_tile1_32x512 -> Level: OutRegister: updating constraint (Z1: 512) to (Z1: 16) to fit the computation.
  OK block5 (2L, tile=1): E=2.906e+04 uJ, L=1.205e+06 cc, EDP=3.52e+04
------ loading Accelergy for Eyeriss ------
[Constrained Eyeriss] Single layer, tile_size=1
  DRAM: {'Q': 14, 'P': 14, 'M': 1, 'C': 1, 'R': 1, 'S': 1}
  GlobalBuffer: {'Q': 1, 'P': 1, 'M': 1, 'C': 1, 'R': 1, 'S': 1}
  SACols: {'Q': 1, 'M': 32}
  SARows: {'S': 3, 'C': 128, 'M': 1}
  WRegister: {'C': 4, 'R': 3, 'M': 1, 'P': 1, 'Q': 1, 'S': 1}
  OutRegister: {'M': 16, 'C': 1, 'P': 1, 'Q': 1, 'R': 1, 'S': 1}
Creating architecture: Eyeriss_Constrained_1L_tile1_32x512 with coupling: dims: MPQCRS, in_coupling: [C][P+R][Q+S], w_coupling: W0: [M][C][R][S],, out_coupling: [M][P][Q]
  OK L12 (1L, tile=1): E=1.576e+02 uJ, L=6.149e+05 cc, EDP=1.32e+02

--- BASELINE: SINGLE LAYERS ---
------ loading Accelergy for Eyeriss ------
[Constrained Eyeriss] Single layer, tile_size=1
  DRAM: {'Q': 224, 'P': 224, 'M': 1, 'C': 1, 'R': 1, 'S': 1}
  GlobalBuffer: {'Q': 1, 'P': 1, 'M': 1, 'C': 1, 'R': 1, 'S': 1}
  SACols: {'Q': 1, 'M': 32}
  SARows: {'S': 3, 'C': 3, 'M': 2}
  WRegister: {'C': 1, 'R': 3, 'M': 1, 'P': 1, 'Q': 1, 'S': 1}
  OutRegister: {'M': 1, 'C': 1, 'P': 1, 'Q': 1, 'R': 1, 'S': 1}
Creating architecture: Eyeriss_Constrained_1L_tile1_32x512 with coupling: dims: MPQCRS, in_coupling: [C][P+R][Q+S], w_coupling: W0: [M][C][R][S],, out_coupling: [M][P][Q]
  OK L0: E=2.663e+02 uJ, L=8.028e+05 cc, EDP=2.14e+02
------ loading Accelergy for Eyeriss ------
[Constrained Eyeriss] Single layer, tile_size=1
  DRAM: {'Q': 224, 'P': 224, 'M': 1, 'C': 1, 'R': 1, 'S': 1}
  GlobalBuffer: {'Q': 1, 'P': 1, 'M': 1, 'C': 1, 'R': 1, 'S': 1}
  SACols: {'Q': 1, 'M': 32}
  SARows: {'S': 3, 'C': 64, 'M': 2}
  WRegister: {'C': 1, 'R': 3, 'M': 1, 'P': 1, 'Q': 1, 'S': 1}
  OutRegister: {'M': 1, 'C': 1, 'P': 1, 'Q': 1, 'R': 1, 'S': 1}
Creating architecture: Eyeriss_Constrained_1L_tile1_32x512 with coupling: dims: MPQCRS, in_coupling: [C][P+R][Q+S], w_coupling: W0: [M][C][R][S],, out_coupling: [M][P][Q]
  OK L1: E=3.478e+03 uJ, L=8.120e+05 cc, EDP=2.83e+03
------ loading Accelergy for Eyeriss ------
[Constrained Eyeriss] Single layer, tile_size=1
  DRAM: {'Q': 112, 'P': 112, 'M': 1, 'C': 1, 'R': 1, 'S': 1}
  GlobalBuffer: {'Q': 1, 'P': 1, 'M': 1, 'C': 1, 'R': 1, 'S': 1}
  SACols: {'Q': 1, 'M': 32}
  SARows: {'S': 3, 'C': 64, 'M': 2}
  WRegister: {'C': 1, 'R': 3, 'M': 1, 'P': 1, 'Q': 1, 'S': 1}
  OutRegister: {'M': 2, 'C': 1, 'P': 1, 'Q': 1, 'R': 1, 'S': 1}
Creating architecture: Eyeriss_Constrained_1L_tile1_32x512 with coupling: dims: MPQCRS, in_coupling: [C][P+R][Q+S], w_coupling: W0: [M][C][R][S],, out_coupling: [M][P][Q]
  OK L2: E=1.024e+03 uJ, L=4.014e+05 cc, EDP=4.12e+02
------ loading Accelergy for Eyeriss ------
[Constrained Eyeriss] Single layer, tile_size=1
  DRAM: {'Q': 112, 'P': 112, 'M': 1, 'C': 1, 'R': 1, 'S': 1}
  GlobalBuffer: {'Q': 1, 'P': 1, 'M': 1, 'C': 1, 'R': 1, 'S': 1}
  SACols: {'Q': 1, 'M': 32}
  SARows: {'S': 3, 'C': 128, 'M': 1}
  WRegister: {'C': 1, 'R': 3, 'M': 1, 'P': 1, 'Q': 1, 'S': 1}
  OutRegister: {'M': 4, 'C': 1, 'P': 1, 'Q': 1, 'R': 1, 'S': 1}
Creating architecture: Eyeriss_Constrained_1L_tile1_32x512 with coupling: dims: MPQCRS, in_coupling: [C][P+R][Q+S], w_coupling: W0: [M][C][R][S],, out_coupling: [M][P][Q]
  OK L3: E=1.304e+03 uJ, L=4.383e+05 cc, EDP=5.73e+02
------ loading Accelergy for Eyeriss ------
[Constrained Eyeriss] Single layer, tile_size=1
  DRAM: {'Q': 56, 'P': 56, 'M': 1, 'C': 1, 'R': 1, 'S': 1}
  GlobalBuffer: {'Q': 1, 'P': 1, 'M': 1, 'C': 1, 'R': 1, 'S': 1}
  SACols: {'Q': 1, 'M': 32}
  SARows: {'S': 3, 'C': 128, 'M': 1}
  WRegister: {'C': 1, 'R': 3, 'M': 1, 'P': 1, 'Q': 1, 'S': 1}
  OutRegister: {'M': 8, 'C': 1, 'P': 1, 'Q': 1, 'R': 1, 'S': 1}
Creating architecture: Eyeriss_Constrained_1L_tile1_32x512 with coupling: dims: MPQCRS, in_coupling: [C][P+R][Q+S], w_coupling: W0: [M][C][R][S],, out_coupling: [M][P][Q]
  OK L4: E=4.734e+02 uJ, L=2.007e+05 cc, EDP=9.65e+01
------ loading Accelergy for Eyeriss ------
[Constrained Eyeriss] Single layer, tile_size=1
  DRAM: {'Q': 56, 'P': 56, 'M': 1, 'C': 1, 'R': 1, 'S': 1}
  GlobalBuffer: {'Q': 1, 'P': 1, 'M': 1, 'C': 1, 'R': 1, 'S': 1}
  SACols: {'Q': 1, 'M': 32}
  SARows: {'S': 3, 'C': 128, 'M': 1}
  WRegister: {'C': 2, 'R': 3, 'M': 1, 'P': 1, 'Q': 1, 'S': 1}
  OutRegister: {'M': 8, 'C': 1, 'P': 1, 'Q': 1, 'R': 1, 'S': 1}
Creating architecture: Eyeriss_Constrained_1L_tile1_32x512 with coupling: dims: MPQCRS, in_coupling: [C][P+R][Q+S], w_coupling: W0: [M][C][R][S],, out_coupling: [M][P][Q]
  OK L5: E=6.711e+02 uJ, L=3.482e+05 cc, EDP=2.39e+02
------ loading Accelergy for Eyeriss ------
[Constrained Eyeriss] Single layer, tile_size=1
  DRAM: {'Q': 56, 'P': 56, 'M': 1, 'C': 1, 'R': 1, 'S': 1}
  GlobalBuffer: {'Q': 1, 'P': 1, 'M': 1, 'C': 1, 'R': 1, 'S': 1}
  SACols: {'Q': 1, 'M': 32}
  SARows: {'S': 3, 'C': 128, 'M': 1}
  WRegister: {'C': 2, 'R': 3, 'M': 1, 'P': 1, 'Q': 1, 'S': 1}
  OutRegister: {'M': 8, 'C': 1, 'P': 1, 'Q': 1, 'R': 1, 'S': 1}
Creating architecture: Eyeriss_Constrained_1L_tile1_32x512 with coupling: dims: MPQCRS, in_coupling: [C][P+R][Q+S], w_coupling: W0: [M][C][R][S],, out_coupling: [M][P][Q]
  OK L6: E=6.711e+02 uJ, L=3.482e+05 cc, EDP=2.39e+02
------ loading Accelergy for Eyeriss ------
[Constrained Eyeriss] Single layer, tile_size=1
  DRAM: {'Q': 28, 'P': 28, 'M': 1, 'C': 1, 'R': 1, 'S': 1}
  GlobalBuffer: {'Q': 1, 'P': 1, 'M': 1, 'C': 1, 'R': 1, 'S': 1}
  SACols: {'Q': 1, 'M': 32}
  SARows: {'S': 3, 'C': 128, 'M': 1}
  WRegister: {'C': 2, 'R': 3, 'M': 1, 'P': 1, 'Q': 1, 'S': 1}
  OutRegister: {'M': 16, 'C': 1, 'P': 1, 'Q': 1, 'R': 1, 'S': 1}
Creating architecture: Eyeriss_Constrained_1L_tile1_32x512 with coupling: dims: MPQCRS, in_coupling: [C][P+R][Q+S], w_coupling: W0: [M][C][R][S],, out_coupling: [M][P][Q]
  OK L7: E=2.709e+02 uJ, L=3.451e+05 cc, EDP=1.03e+02
------ loading Accelergy for Eyeriss ------
[Constrained Eyeriss] Single layer, tile_size=1
  DRAM: {'Q': 28, 'P': 28, 'M': 1, 'C': 1, 'R': 1, 'S': 1}
  GlobalBuffer: {'Q': 1, 'P': 1, 'M': 1, 'C': 1, 'R': 1, 'S': 1}
  SACols: {'Q': 1, 'M': 32}
  SARows: {'S': 3, 'C': 128, 'M': 1}
  WRegister: {'C': 4, 'R': 3, 'M': 1, 'P': 1, 'Q': 1, 'S': 1}
  OutRegister: {'M': 16, 'C': 1, 'P': 1, 'Q': 1, 'R': 1, 'S': 1}
Creating architecture: Eyeriss_Constrained_1L_tile1_32x512 with coupling: dims: MPQCRS, in_coupling: [C][P+R][Q+S], w_coupling: W0: [M][C][R][S],, out_coupling: [M][P][Q]
  OK L8: E=4.039e+02 uJ, L=6.902e+05 cc, EDP=3.18e+02
------ loading Accelergy for Eyeriss ------
[Constrained Eyeriss] Single layer, tile_size=1
  DRAM: {'Q': 28, 'P': 28, 'M': 1, 'C': 1, 'R': 1, 'S': 1}
  GlobalBuffer: {'Q': 1, 'P': 1, 'M': 1, 'C': 1, 'R': 1, 'S': 1}
  SACols: {'Q': 1, 'M': 32}
  SARows: {'S': 3, 'C': 128, 'M': 1}
  WRegister: {'C': 4, 'R': 3, 'M': 1, 'P': 1, 'Q': 1, 'S': 1}
  OutRegister: {'M': 16, 'C': 1, 'P': 1, 'Q': 1, 'R': 1, 'S': 1}
Creating architecture: Eyeriss_Constrained_1L_tile1_32x512 with coupling: dims: MPQCRS, in_coupling: [C][P+R][Q+S], w_coupling: W0: [M][C][R][S],, out_coupling: [M][P][Q]
  OK L9: E=4.039e+02 uJ, L=6.902e+05 cc, EDP=3.18e+02
------ loading Accelergy for Eyeriss ------
[Constrained Eyeriss] Single layer, tile_size=1
  DRAM: {'Q': 14, 'P': 14, 'M': 1, 'C': 1, 'R': 1, 'S': 1}
  GlobalBuffer: {'Q': 1, 'P': 1, 'M': 1, 'C': 1, 'R': 1, 'S': 1}
  SACols: {'Q': 1, 'M': 32}
  SARows: {'S': 3, 'C': 128, 'M': 1}
  WRegister: {'C': 4, 'R': 3, 'M': 1, 'P': 1, 'Q': 1, 'S': 1}
  OutRegister: {'M': 16, 'C': 1, 'P': 1, 'Q': 1, 'R': 1, 'S': 1}
Creating architecture: Eyeriss_Constrained_1L_tile1_32x512 with coupling: dims: MPQCRS, in_coupling: [C][P+R][Q+S], w_coupling: W0: [M][C][R][S],, out_coupling: [M][P][Q]
  OK L10: E=1.576e+02 uJ, L=6.149e+05 cc, EDP=1.32e+02
------ loading Accelergy for Eyeriss ------
[Constrained Eyeriss] Single layer, tile_size=1
  DRAM: {'Q': 14, 'P': 14, 'M': 1, 'C': 1, 'R': 1, 'S': 1}
  GlobalBuffer: {'Q': 1, 'P': 1, 'M': 1, 'C': 1, 'R': 1, 'S': 1}
  SACols: {'Q': 1, 'M': 32}
  SARows: {'S': 3, 'C': 128, 'M': 1}
  WRegister: {'C': 4, 'R': 3, 'M': 1, 'P': 1, 'Q': 1, 'S': 1}
  OutRegister: {'M': 16, 'C': 1, 'P': 1, 'Q': 1, 'R': 1, 'S': 1}
Creating architecture: Eyeriss_Constrained_1L_tile1_32x512 with coupling: dims: MPQCRS, in_coupling: [C][P+R][Q+S], w_coupling: W0: [M][C][R][S],, out_coupling: [M][P][Q]
  OK L11: E=1.576e+02 uJ, L=6.149e+05 cc, EDP=1.32e+02
------ loading Accelergy for Eyeriss ------
[Constrained Eyeriss] Single layer, tile_size=1
  DRAM: {'Q': 14, 'P': 14, 'M': 1, 'C': 1, 'R': 1, 'S': 1}
  GlobalBuffer: {'Q': 1, 'P': 1, 'M': 1, 'C': 1, 'R': 1, 'S': 1}
  SACols: {'Q': 1, 'M': 32}
  SARows: {'S': 3, 'C': 128, 'M': 1}
  WRegister: {'C': 4, 'R': 3, 'M': 1, 'P': 1, 'Q': 1, 'S': 1}
  OutRegister: {'M': 16, 'C': 1, 'P': 1, 'Q': 1, 'R': 1, 'S': 1}
Creating architecture: Eyeriss_Constrained_1L_tile1_32x512 with coupling: dims: MPQCRS, in_coupling: [C][P+R][Q+S], w_coupling: W0: [M][C][R][S],, out_coupling: [M][P][Q]
  OK L12: E=1.576e+02 uJ, L=6.149e+05 cc, EDP=1.32e+02
  [skip] L13 (not in fusion)
  [skip] L14 (not in fusion)
  [skip] L15 (not in fusion)

====================================================================================================
COMPARISON RESULTS: VGG16 -- Sum PARTIAL FUSION vs Sum SINGLES
====================================================================================================
  Architecture: Eyeriss 512x32, GB=128KB, WReg=2200, InReg=400, IntReg=300, OutReg=64
====================================================================================================
Level                        Energy (uJ)   Latency (cc)            EDP       DRAM Reads      DRAM Writes
----------------------------------------------------------------------------------------------------
Sum Partial Fusion (8 ok)      3.513e+05      5.852e+06       2.06e+06       17,670,848        7,426,048
Sum Singles (13 ok)            9.440e+03      6.922e+06       6.53e+04       23,792,320       13,547,520

----------------------------------------------------------------------------------------------------
RATIOS (Sum Partial Fusion / Sum Singles) -- values < 1.0 mean fusion wins
----------------------------------------------------------------------------------------------------
Metric                    Ratio      Savings
---------------------------------------------
Energy                  37.2159     -3621.6%
Latency                  0.8454       +15.5%
EDP                     31.4628     -3046.3%
DRAM Reads               0.7427       +25.7%
DRAM Writes              0.5481       +45.2%

----------------------------------------------------------------------------------------------------
BASELINE DETAIL (Sum Singles):
----------------------------------------------------------------------------------------------------
Layer/Segment                     Energy (uJ)   Latency (cc)            EDP     Status
-------------------------------------------------------------------------------------
L0                                  2.663e+02      8.028e+05       2.14e+02         OK
L1                                  3.478e+03      8.120e+05       2.83e+03         OK
L2                                  1.024e+03      4.014e+05       4.12e+02         OK
L3                                  1.304e+03      4.383e+05       5.73e+02         OK
L4                                  4.734e+02      2.007e+05       9.65e+01         OK
L5                                  6.711e+02      3.482e+05       2.39e+02         OK
L6                                  6.711e+02      3.482e+05       2.39e+02         OK
L7                                  2.709e+02      3.451e+05       1.03e+02         OK
L8                                  4.039e+02      6.902e+05       3.18e+02         OK
L9                                  4.039e+02      6.902e+05       3.18e+02         OK
L10                                 1.576e+02      6.149e+05       1.32e+02         OK
L11                                 1.576e+02      6.149e+05       1.32e+02         OK
L12                                 1.576e+02      6.149e+05       1.32e+02         OK

----------------------------------------------------------------------------------------------------
FUSED-SIDE SEGMENT DETAIL (Sum Partial Fusion):
----------------------------------------------------------------------------------------------------
Segment                           Energy (uJ)   Latency (cc)            EDP     Status
-------------------------------------------------------------------------------------
block/block1                        5.985e+04      1.032e+06       6.19e+04         OK
block/block2                        8.763e+04      6.523e+05       5.72e+04         OK
block/block3                        8.744e+04      3.748e+05       3.28e+04         OK
block/L6                            4.119e+02      3.482e+05       1.48e+02         OK
block/block4                        8.646e+04      9.349e+05       8.11e+04         OK
block/L9                            3.175e+02      6.902e+05       2.58e+02         OK
block/block5                        2.906e+04      1.205e+06       3.52e+04         OK
block/L12                           1.576e+02      6.149e+05       1.32e+02         OK

====================================================================================================

Results exported to: results/results_20260219_172915.csv

================================================================================
EXPERIMENT SUMMARY
================================================================================

Total experiments: 21
Successful: 21
Failed: 0

────────────────────────────────────────────────────────────────────────────────
Results by workload:
────────────────────────────────────────────────────────────────────────────────

VGG16:
  block/block1, fmem_size: 1056kB, wmem_size: 524kB, pe_rows: 512, pe_cols: 32 -> E=5.98e+04μJ, L=1.03e+06cc, EDP=6.19e+04
  block/block2, fmem_size: 1056kB, wmem_size: 524kB, pe_rows: 512, pe_cols: 32 -> E=8.76e+04μJ, L=6.52e+05cc, EDP=5.72e+04
  block/block3, fmem_size: 1056kB, wmem_size: 524kB, pe_rows: 512, pe_cols: 32 -> E=8.74e+04μJ, L=3.75e+05cc, EDP=3.28e+04
  block/L6, fmem_size: 1056kB, wmem_size: 524kB, pe_rows: 512, pe_cols: 32 -> E=4.12e+02μJ, L=3.48e+05cc, EDP=1.48e+02
  block/block4, fmem_size: 1056kB, wmem_size: 524kB, pe_rows: 512, pe_cols: 32 -> E=8.65e+04μJ, L=9.35e+05cc, EDP=8.11e+04
  block/L9, fmem_size: 1056kB, wmem_size: 524kB, pe_rows: 512, pe_cols: 32 -> E=3.17e+02μJ, L=6.90e+05cc, EDP=2.58e+02
  block/block5, fmem_size: 1056kB, wmem_size: 524kB, pe_rows: 512, pe_cols: 32 -> E=2.91e+04μJ, L=1.20e+06cc, EDP=3.52e+04
  block/L12, fmem_size: 1056kB, wmem_size: 524kB, pe_rows: 512, pe_cols: 32 -> E=1.58e+02μJ, L=6.15e+05cc, EDP=1.32e+02
  single/L0, fmem_size: 1056kB, wmem_size: 524kB, pe_rows: 512, pe_cols: 32 -> E=2.66e+02μJ, L=8.03e+05cc, EDP=2.14e+02
  single/L1, fmem_size: 1056kB, wmem_size: 524kB, pe_rows: 512, pe_cols: 32 -> E=3.48e+03μJ, L=8.12e+05cc, EDP=2.83e+03
  single/L2, fmem_size: 1056kB, wmem_size: 524kB, pe_rows: 512, pe_cols: 32 -> E=1.02e+03μJ, L=4.01e+05cc, EDP=4.12e+02
  single/L3, fmem_size: 1056kB, wmem_size: 524kB, pe_rows: 512, pe_cols: 32 -> E=1.30e+03μJ, L=4.38e+05cc, EDP=5.73e+02
  single/L4, fmem_size: 1056kB, wmem_size: 524kB, pe_rows: 512, pe_cols: 32 -> E=4.73e+02μJ, L=2.01e+05cc, EDP=9.65e+01
  single/L5, fmem_size: 1056kB, wmem_size: 524kB, pe_rows: 512, pe_cols: 32 -> E=6.71e+02μJ, L=3.48e+05cc, EDP=2.39e+02
  single/L6, fmem_size: 1056kB, wmem_size: 524kB, pe_rows: 512, pe_cols: 32 -> E=6.71e+02μJ, L=3.48e+05cc, EDP=2.39e+02
  single/L7, fmem_size: 1056kB, wmem_size: 524kB, pe_rows: 512, pe_cols: 32 -> E=2.71e+02μJ, L=3.45e+05cc, EDP=1.03e+02
  single/L8, fmem_size: 1056kB, wmem_size: 524kB, pe_rows: 512, pe_cols: 32 -> E=4.04e+02μJ, L=6.90e+05cc, EDP=3.18e+02
  single/L9, fmem_size: 1056kB, wmem_size: 524kB, pe_rows: 512, pe_cols: 32 -> E=4.04e+02μJ, L=6.90e+05cc, EDP=3.18e+02
  single/L10, fmem_size: 1056kB, wmem_size: 524kB, pe_rows: 512, pe_cols: 32 -> E=1.58e+02μJ, L=6.15e+05cc, EDP=1.32e+02
  single/L11, fmem_size: 1056kB, wmem_size: 524kB, pe_rows: 512, pe_cols: 32 -> E=1.58e+02μJ, L=6.15e+05cc, EDP=1.32e+02
  single/L12, fmem_size: 1056kB, wmem_size: 524kB, pe_rows: 512, pe_cols: 32 -> E=1.58e+02μJ, L=6.15e+05cc, EDP=1.32e+02
