Creating architecture: Gemmini with coupling: dims: MKN, in_coupling: [K][N], w_coupling: W0: [M][K],, out_coupling: [M][N]
Creating architecture: Gemmini (conv) with coupling: dims: NMPQCRS, in_coupling: [N][C][Pstride*P+Rdilation*R][Qstride*Q+Sdilation*S], w_coupling: W0: [M][C][R][S],, out_coupling: [N][M][P][Q]
Creating architecture: Eyeriss with coupling: dims: MKN, in_coupling: [K][N], w_coupling: W0: [M][K],, out_coupling: [M][N]
Creating architecture: Eyeriss (conv) with coupling: dims: NMPQCRS, in_coupling: [N][C][Pstride*P+Rdilation*R][Qstride*Q+Sdilation*S], w_coupling: W0: [M][C][R][S],, out_coupling: [N][M][P][Q]
Creating architecture: Simba with coupling: dims: MKN, in_coupling: [K][N], w_coupling: W0: [M][K],, out_coupling: [M][N]
Creating architecture: Simba (conv) with coupling: dims: NMPQCRS, in_coupling: [N][C][Pstride*P+Rdilation*R][Qstride*Q+Sdilation*S], w_coupling: W0: [M][C][R][S],, out_coupling: [N][M][P][Q]
Creating architecture: TPUv1 with coupling: dims: MKN, in_coupling: [K][N], w_coupling: W0: [M][K],, out_coupling: [M][N]
Creating architecture: TPUv1 (conv) with coupling: dims: NMPQCRS, in_coupling: [N][C][Pstride*P+Rdilation*R][Qstride*Q+Sdilation*S], w_coupling: W0: [M][C][R][S],, out_coupling: [N][M][P][Q]

====================================================================================================
FIXED-CONFIG FUSION COMPARISON: VGG16 -- FULL FUSION vs Sum SINGLES
====================================================================================================
Architecture: Eyeriss, PE=512x32 (16,384 total)
  GB=128KB, WReg=1200, InReg=400, IntReg=300, OutReg=64
  Tile size override: 1
  ALL experiments use IDENTICAL architecture (fair comparison)
====================================================================================================

  Per-block tile sizes (from full fusion stride propagation):
    block1: tile=16
    block2: tile=8
    block3: tile=4
    L6: tile=4
    block4: tile=2
    L9: tile=2
    block5: tile=1
    L12: tile=1
--- FULL FUSION: vgg16/full/13layer ---
------ loading Accelergy for Eyeriss ------
------ loading Accelergy ------
WARNING: Accelergy package not found or incompatible, trying a manual import from ACCELERGY_PATH.
ACCELERGY PLUG-INS: ['Library', 'dummy', 'ADC Plug-In', 'DEPRECATED table-based-plug-ins. Use the Library plug-in instead.', 'Neurosim Plug-In', 'Aladdin_table', 'CactiCache', 'CactiDRAM', 'CactiSRAM']
[Constrained Eyeriss] 13 layers, tile_size=1
  DRAM: {'Q': 14, 'P': 14, 'X0': 224, 'Y0': 224, 'Z0': 1, 'C0': 1, 'R0': 1, 'S0': 1, 'X1': 224, 'Y1': 224, 'Z1': 1, 'C1': 1, 'R1': 1, 'S1': 1, 'X2': 112, 'Y2': 112, 'Z2': 1, 'C2': 1, 'R2': 1, 'S2': 1, 'X3': 112, 'Y3': 112, 'Z3': 1, 'C3': 1, 'R3': 1, 'S3': 1, 'X4': 56, 'Y4': 56, 'Z4': 1, 'C4': 1, 'R4': 1, 'S4': 1, 'X5': 56, 'Y5': 56, 'Z5': 1, 'C5': 1, 'R5': 1, 'S5': 1, 'X6': 56, 'Y6': 56, 'Z6': 1, 'C6': 1, 'R6': 1, 'S6': 1, 'X7': 28, 'Y7': 28, 'Z7': 1, 'C7': 1, 'R7': 1, 'S7': 1, 'X8': 28, 'Y8': 28, 'Z8': 1, 'C8': 1, 'R8': 1, 'S8': 1, 'X9': 28, 'Y9': 28, 'Z9': 1, 'C9': 1, 'R9': 1, 'S9': 1, 'X10': 14, 'Y10': 14, 'Z10': 1, 'C10': 1, 'R10': 1, 'S10': 1, 'X11': 14, 'Y11': 14, 'Z11': 1, 'C11': 1, 'R11': 1, 'S11': 1, 'Z12': 1, 'C12': 1, 'R12': 1, 'S12': 1}
  GlobalBuffer: {'Q': 1, 'P': 1, 'X0': 1, 'Y0': 1, 'Z0': 1, 'C0': 1, 'R0': 1, 'S0': 1, 'X1': 1, 'Y1': 1, 'Z1': 1, 'C1': 1, 'R1': 1, 'S1': 1, 'X2': 1, 'Y2': 1, 'Z2': 1, 'C2': 1, 'R2': 1, 'S2': 1, 'X3': 1, 'Y3': 1, 'Z3': 1, 'C3': 1, 'R3': 1, 'S3': 1, 'X4': 1, 'Y4': 1, 'Z4': 1, 'C4': 1, 'R4': 1, 'S4': 1, 'X5': 1, 'Y5': 1, 'Z5': 1, 'C5': 1, 'R5': 1, 'S5': 1, 'X6': 1, 'Y6': 1, 'Z6': 1, 'C6': 1, 'R6': 1, 'S6': 1, 'X7': 1, 'Y7': 1, 'Z7': 1, 'C7': 1, 'R7': 1, 'S7': 1, 'X8': 1, 'Y8': 1, 'Z8': 1, 'C8': 1, 'R8': 1, 'S8': 1, 'X9': 1, 'Y9': 1, 'Z9': 1, 'C9': 1, 'R9': 1, 'S9': 1, 'X10': 1, 'Y10': 1, 'Z10': 1, 'C10': 1, 'R10': 1, 'S10': 1, 'X11': 1, 'Y11': 1, 'Z11': 1, 'C11': 1, 'R11': 1, 'S11': 1, 'Z12': 1, 'C12': 1, 'R12': 1, 'S12': 1}
  SACols: {'Q': 1, 'Z12': 32}
  SARows_0: {'S0': 3, 'C0': 3, 'Z0': 2}
  SARows_1: {'S1': 3, 'C1': 64, 'Z1': 2}
  SARows_2: {'S2': 3, 'C2': 64, 'Z2': 2}
  SARows_3: {'S3': 3, 'C3': 128, 'Z3': 1}
  SARows_4: {'S4': 3, 'C4': 128, 'Z4': 1}
  SARows_5: {'S5': 3, 'C5': 128, 'Z5': 1}
  SARows_6: {'S6': 3, 'C6': 128, 'Z6': 1}
  SARows_7: {'S7': 3, 'C7': 128, 'Z7': 1}
  SARows_8: {'S8': 3, 'C8': 128, 'Z8': 1}
  SARows_9: {'S9': 3, 'C9': 128, 'Z9': 1}
  SARows_10: {'S10': 3, 'C10': 128, 'Z10': 1}
  SARows_11: {'S11': 3, 'C11': 128, 'Z11': 1}
  SARows_12: {'S12': 3, 'C12': 128, 'Z12': 1}
Creating architecture: Eyeriss_Constrained_13L_tile1_32x512 with coupling: dims: C0Y0X0R0S0Z0C1R1S1Y1X1Z1C2R2S2Y2X2Z2C3R3S3Y3X3Z3C4R4S4Y4X4Z4C5R5S5Y5X5Z5C6R6S6Y6X6Z6C7R7S7Y7X7Z7C8R8S8Y8X8Z8C9R9S9Y9X9Z9C10R10S10Y10X10Z10C11R11S11Y11X11Z11C12R12S12PQZ12, in_coupling: [C0][Y0+R0][X0+S0], w_coupling: W0: [Z0][C0][R0][S0],W1: [Z1][C1][R1][S1],W2: [Z2][C2][R2][S2],W3: [Z3][C3][R3][S3],W4: [Z4][C4][R4][S4],W5: [Z5][C5][R5][S5],W6: [Z6][C6][R6][S6],W7: [Z7][C7][R7][S7],W8: [Z8][C8][R8][S8],W9: [Z9][C9][R9][S9],W10: [Z10][C10][R10][S10],W11: [Z11][C11][R11][S11],W12: [Z12][C12][R12][S12],, out_coupling: [Z12][P][Q]
final_layer_dims: {'S12', 'Y0', 'S0', 'R12', 'P', 'C12', 'Z12', 'R0', 'X0', 'Q', 'C0'}, coupling.dims: ['C0', 'Y0', 'X0', 'R0', 'S0', 'Z0', 'C1', 'R1', 'S1', 'Y1', 'X1', 'Z1', 'C2', 'R2', 'S2', 'Y2', 'X2', 'Z2', 'C3', 'R3', 'S3', 'Y3', 'X3', 'Z3', 'C4', 'R4', 'S4', 'Y4', 'X4', 'Z4', 'C5', 'R5', 'S5', 'Y5', 'X5', 'Z5', 'C6', 'R6', 'S6', 'Y6', 'X6', 'Z6', 'C7', 'R7', 'S7', 'Y7', 'X7', 'Z7', 'C8', 'R8', 'S8', 'Y8', 'X8', 'Z8', 'C9', 'R9', 'S9', 'Y9', 'X9', 'Z9', 'C10', 'R10', 'S10', 'Y10', 'X10', 'Z10', 'C11', 'R11', 'S11', 'Y11', 'X11', 'Z11', 'C12', 'R12', 'S12', 'P', 'Q', 'Z12']
INFO: Arch: Eyeriss_Constrained_13L_tile1_32x512: identified intermediate dimensions: {'Y4', 'Z11', 'R5', 'C1', 'C9', 'R4', 'C7', 'Y1', 'S11', 'R6', 'R10', 'Z10', 'R1', 'S5', 'Z3', 'X3', 'Z7', 'C3', 'S8', 'Z0', 'S10', 'Z6', 'X1', 'S2', 'S4', 'Z9', 'Y9', 'Y2', 'R3', 'X8', 'C8', 'X2', 'Y3', 'Y10', 'X10', 'S7', 'X5', 'C5', 'C6', 'C10', 'Y11', 'S1', 'X6', 'R8', 'S6', 'C2', 'S3', 'Y7', 'X7', 'Y6', 'R7', 'R9', 'Z8', 'X9', 'Y5', 'S9', 'Z4', 'C11', 'X4', 'C4', 'R2', 'R11', 'X11', 'Z2', 'Z5', 'Z1', 'Y8'}
INFO: Added high constraint for intermediate dimension P in level InRegister
INFO: Added high constraint for intermediate dimension R1 in level InRegister
INFO: Added high constraint for intermediate dimension P in level WRegister
INFO: Added high constraint for intermediate dimension R1 in level WRegister
INFO: Added high constraint for intermediate dimension P in level IntermediateRegister
INFO: Added high constraint for intermediate dimension R1 in level IntermediateRegister
INFO: Added high constraint for intermediate dimension P in level OutRegister
INFO: Added high constraint for intermediate dimension R1 in level OutRegister
WARNING: Arch: Eyeriss_Constrained_13L_tile1_32x512 -> Level: IntermediateRegister: updating constraint (Z0: 32) to (Z0: 1) to fit the computation.
WARNING: Arch: Eyeriss_Constrained_13L_tile1_32x512 -> Level: IntermediateRegister: updating constraint (Z1: 32) to (Z1: 1) to fit the computation.
WARNING: Arch: Eyeriss_Constrained_13L_tile1_32x512 -> Level: IntermediateRegister: updating constraint (Z2: 64) to (Z2: 2) to fit the computation.
WARNING: Arch: Eyeriss_Constrained_13L_tile1_32x512 -> Level: IntermediateRegister: updating constraint (Z3: 128) to (Z3: 4) to fit the computation.
WARNING: Arch: Eyeriss_Constrained_13L_tile1_32x512 -> Level: IntermediateRegister: updating constraint (Z4: 256) to (Z4: 8) to fit the computation.
WARNING: Arch: Eyeriss_Constrained_13L_tile1_32x512 -> Level: IntermediateRegister: updating constraint (Z5: 256) to (Z5: 8) to fit the computation.
WARNING: Arch: Eyeriss_Constrained_13L_tile1_32x512 -> Level: IntermediateRegister: updating constraint (Z6: 256) to (Z6: 8) to fit the computation.
WARNING: Arch: Eyeriss_Constrained_13L_tile1_32x512 -> Level: IntermediateRegister: updating constraint (Z7: 512) to (Z7: 16) to fit the computation.
WARNING: Arch: Eyeriss_Constrained_13L_tile1_32x512 -> Level: IntermediateRegister: updating constraint (Z8: 512) to (Z8: 16) to fit the computation.
WARNING: Arch: Eyeriss_Constrained_13L_tile1_32x512 -> Level: IntermediateRegister: updating constraint (Z9: 512) to (Z9: 16) to fit the computation.
WARNING: Arch: Eyeriss_Constrained_13L_tile1_32x512 -> Level: IntermediateRegister: updating constraint (Z10: 512) to (Z10: 16) to fit the computation.
WARNING: Arch: Eyeriss_Constrained_13L_tile1_32x512 -> Level: IntermediateRegister: updating constraint (Z11: 512) to (Z11: 16) to fit the computation.
WARNING: Arch: Eyeriss_Constrained_13L_tile1_32x512 -> Level: OutRegister: updating constraint (Z12: 512) to (Z12: 16) to fit the computation.
  OK Energy: 3.478e+05 uJ, Latency: 5.455e+06 cc, EDP: 1.93e+06

--- BASELINE: SINGLE LAYERS ---
------ loading Accelergy for Eyeriss ------
[Constrained Eyeriss] Single layer, tile_size=1
  DRAM: {'Q': 224, 'P': 224, 'M': 1, 'C': 1, 'R': 1, 'S': 1}
  GlobalBuffer: {'Q': 1, 'P': 1, 'M': 1, 'C': 1, 'R': 1, 'S': 1}
  SACols: {'Q': 1, 'M': 32}
  SARows: {'S': 3, 'C': 3, 'M': 2}
  WRegister: {'C': 1, 'R': 3, 'M': 1, 'P': 1, 'Q': 1, 'S': 1}
  OutRegister: {'M': 1, 'C': 1, 'P': 1, 'Q': 1, 'R': 1, 'S': 1}
Creating architecture: Eyeriss_Constrained_1L_tile1_32x512 with coupling: dims: MPQCRS, in_coupling: [C][P+R][Q+S], w_coupling: W0: [M][C][R][S],, out_coupling: [M][P][Q]
  OK L0: E=2.647e+02 uJ, L=8.028e+05 cc, EDP=2.13e+02
------ loading Accelergy for Eyeriss ------
[Constrained Eyeriss] Single layer, tile_size=1
  DRAM: {'Q': 224, 'P': 224, 'M': 1, 'C': 1, 'R': 1, 'S': 1}
  GlobalBuffer: {'Q': 1, 'P': 1, 'M': 1, 'C': 1, 'R': 1, 'S': 1}
  SACols: {'Q': 1, 'M': 32}
  SARows: {'S': 3, 'C': 64, 'M': 2}
  WRegister: {'C': 1, 'R': 3, 'M': 1, 'P': 1, 'Q': 1, 'S': 1}
  OutRegister: {'M': 1, 'C': 1, 'P': 1, 'Q': 1, 'R': 1, 'S': 1}
Creating architecture: Eyeriss_Constrained_1L_tile1_32x512 with coupling: dims: MPQCRS, in_coupling: [C][P+R][Q+S], w_coupling: W0: [M][C][R][S],, out_coupling: [M][P][Q]
  OK L1: E=3.477e+03 uJ, L=8.120e+05 cc, EDP=2.82e+03
------ loading Accelergy for Eyeriss ------
[Constrained Eyeriss] Single layer, tile_size=1
  DRAM: {'Q': 112, 'P': 112, 'M': 1, 'C': 1, 'R': 1, 'S': 1}
  GlobalBuffer: {'Q': 1, 'P': 1, 'M': 1, 'C': 1, 'R': 1, 'S': 1}
  SACols: {'Q': 1, 'M': 32}
  SARows: {'S': 3, 'C': 64, 'M': 2}
  WRegister: {'C': 1, 'R': 3, 'M': 1, 'P': 1, 'Q': 1, 'S': 1}
  OutRegister: {'M': 2, 'C': 1, 'P': 1, 'Q': 1, 'R': 1, 'S': 1}
Creating architecture: Eyeriss_Constrained_1L_tile1_32x512 with coupling: dims: MPQCRS, in_coupling: [C][P+R][Q+S], w_coupling: W0: [M][C][R][S],, out_coupling: [M][P][Q]
  OK L2: E=1.023e+03 uJ, L=4.014e+05 cc, EDP=4.11e+02
------ loading Accelergy for Eyeriss ------
[Constrained Eyeriss] Single layer, tile_size=1
  DRAM: {'Q': 112, 'P': 112, 'M': 1, 'C': 1, 'R': 1, 'S': 1}
  GlobalBuffer: {'Q': 1, 'P': 1, 'M': 1, 'C': 1, 'R': 1, 'S': 1}
  SACols: {'Q': 1, 'M': 32}
  SARows: {'S': 3, 'C': 128, 'M': 1}
  WRegister: {'C': 1, 'R': 3, 'M': 1, 'P': 1, 'Q': 1, 'S': 1}
  OutRegister: {'M': 4, 'C': 1, 'P': 1, 'Q': 1, 'R': 1, 'S': 1}
Creating architecture: Eyeriss_Constrained_1L_tile1_32x512 with coupling: dims: MPQCRS, in_coupling: [C][P+R][Q+S], w_coupling: W0: [M][C][R][S],, out_coupling: [M][P][Q]
  OK L3: E=1.303e+03 uJ, L=4.383e+05 cc, EDP=5.72e+02
------ loading Accelergy for Eyeriss ------
[Constrained Eyeriss] Single layer, tile_size=1
  DRAM: {'Q': 56, 'P': 56, 'M': 1, 'C': 1, 'R': 1, 'S': 1}
  GlobalBuffer: {'Q': 1, 'P': 1, 'M': 1, 'C': 1, 'R': 1, 'S': 1}
  SACols: {'Q': 1, 'M': 32}
  SARows: {'S': 3, 'C': 128, 'M': 1}
  WRegister: {'C': 1, 'R': 3, 'M': 1, 'P': 1, 'Q': 1, 'S': 1}
  OutRegister: {'M': 8, 'C': 1, 'P': 1, 'Q': 1, 'R': 1, 'S': 1}
Creating architecture: Eyeriss_Constrained_1L_tile1_32x512 with coupling: dims: MPQCRS, in_coupling: [C][P+R][Q+S], w_coupling: W0: [M][C][R][S],, out_coupling: [M][P][Q]
  OK L4: E=4.726e+02 uJ, L=2.007e+05 cc, EDP=9.56e+01
------ loading Accelergy for Eyeriss ------
[Constrained Eyeriss] Single layer, tile_size=1
  DRAM: {'Q': 56, 'P': 56, 'M': 1, 'C': 1, 'R': 1, 'S': 1}
  GlobalBuffer: {'Q': 1, 'P': 1, 'M': 1, 'C': 1, 'R': 1, 'S': 1}
  SACols: {'Q': 1, 'M': 32}
  SARows: {'S': 3, 'C': 128, 'M': 1}
  WRegister: {'C': 2, 'R': 3, 'M': 1, 'P': 1, 'Q': 1, 'S': 1}
  OutRegister: {'M': 8, 'C': 1, 'P': 1, 'Q': 1, 'R': 1, 'S': 1}
Creating architecture: Eyeriss_Constrained_1L_tile1_32x512 with coupling: dims: MPQCRS, in_coupling: [C][P+R][Q+S], w_coupling: W0: [M][C][R][S],, out_coupling: [M][P][Q]
  OK L5: E=6.694e+02 uJ, L=3.482e+05 cc, EDP=2.36e+02
------ loading Accelergy for Eyeriss ------
[Constrained Eyeriss] Single layer, tile_size=1
  DRAM: {'Q': 56, 'P': 56, 'M': 1, 'C': 1, 'R': 1, 'S': 1}
  GlobalBuffer: {'Q': 1, 'P': 1, 'M': 1, 'C': 1, 'R': 1, 'S': 1}
  SACols: {'Q': 1, 'M': 32}
  SARows: {'S': 3, 'C': 128, 'M': 1}
  WRegister: {'C': 2, 'R': 3, 'M': 1, 'P': 1, 'Q': 1, 'S': 1}
  OutRegister: {'M': 8, 'C': 1, 'P': 1, 'Q': 1, 'R': 1, 'S': 1}
Creating architecture: Eyeriss_Constrained_1L_tile1_32x512 with coupling: dims: MPQCRS, in_coupling: [C][P+R][Q+S], w_coupling: W0: [M][C][R][S],, out_coupling: [M][P][Q]
  OK L6: E=6.694e+02 uJ, L=3.482e+05 cc, EDP=2.36e+02
------ loading Accelergy for Eyeriss ------
[Constrained Eyeriss] Single layer, tile_size=1
  DRAM: {'Q': 28, 'P': 28, 'M': 1, 'C': 1, 'R': 1, 'S': 1}
  GlobalBuffer: {'Q': 1, 'P': 1, 'M': 1, 'C': 1, 'R': 1, 'S': 1}
  SACols: {'Q': 1, 'M': 32}
  SARows: {'S': 3, 'C': 128, 'M': 1}
  WRegister: {'C': 2, 'R': 3, 'M': 1, 'P': 1, 'Q': 1, 'S': 1}
  OutRegister: {'M': 16, 'C': 1, 'P': 1, 'Q': 1, 'R': 1, 'S': 1}
Creating architecture: Eyeriss_Constrained_1L_tile1_32x512 with coupling: dims: MPQCRS, in_coupling: [C][P+R][Q+S], w_coupling: W0: [M][C][R][S],, out_coupling: [M][P][Q]
  OK L7: E=2.701e+02 uJ, L=3.451e+05 cc, EDP=9.86e+01
------ loading Accelergy for Eyeriss ------
[Constrained Eyeriss] Single layer, tile_size=1
  DRAM: {'Q': 28, 'P': 28, 'M': 1, 'C': 1, 'R': 1, 'S': 1}
  GlobalBuffer: {'Q': 1, 'P': 1, 'M': 1, 'C': 1, 'R': 1, 'S': 1}
  SACols: {'Q': 1, 'M': 32}
  SARows: {'S': 3, 'C': 128, 'M': 1}
  WRegister: {'C': 4, 'R': 3, 'M': 1, 'P': 1, 'Q': 1, 'S': 1}
  OutRegister: {'M': 16, 'C': 1, 'P': 1, 'Q': 1, 'R': 1, 'S': 1}
Creating architecture: Eyeriss_Constrained_1L_tile1_32x512 with coupling: dims: MPQCRS, in_coupling: [C][P+R][Q+S], w_coupling: W0: [M][C][R][S],, out_coupling: [M][P][Q]
  OK L8: E=4.022e+02 uJ, L=6.902e+05 cc, EDP=2.99e+02
------ loading Accelergy for Eyeriss ------
[Constrained Eyeriss] Single layer, tile_size=1
  DRAM: {'Q': 28, 'P': 28, 'M': 1, 'C': 1, 'R': 1, 'S': 1}
  GlobalBuffer: {'Q': 1, 'P': 1, 'M': 1, 'C': 1, 'R': 1, 'S': 1}
  SACols: {'Q': 1, 'M': 32}
  SARows: {'S': 3, 'C': 128, 'M': 1}
  WRegister: {'C': 4, 'R': 3, 'M': 1, 'P': 1, 'Q': 1, 'S': 1}
  OutRegister: {'M': 16, 'C': 1, 'P': 1, 'Q': 1, 'R': 1, 'S': 1}
Creating architecture: Eyeriss_Constrained_1L_tile1_32x512 with coupling: dims: MPQCRS, in_coupling: [C][P+R][Q+S], w_coupling: W0: [M][C][R][S],, out_coupling: [M][P][Q]
  OK L9: E=4.022e+02 uJ, L=6.902e+05 cc, EDP=2.99e+02
------ loading Accelergy for Eyeriss ------
[Constrained Eyeriss] Single layer, tile_size=1
  DRAM: {'Q': 14, 'P': 14, 'M': 1, 'C': 1, 'R': 1, 'S': 1}
  GlobalBuffer: {'Q': 1, 'P': 1, 'M': 1, 'C': 1, 'R': 1, 'S': 1}
  SACols: {'Q': 1, 'M': 32}
  SARows: {'S': 3, 'C': 128, 'M': 1}
  WRegister: {'C': 4, 'R': 3, 'M': 1, 'P': 1, 'Q': 1, 'S': 1}
  OutRegister: {'M': 16, 'C': 1, 'P': 1, 'Q': 1, 'R': 1, 'S': 1}
Creating architecture: Eyeriss_Constrained_1L_tile1_32x512 with coupling: dims: MPQCRS, in_coupling: [C][P+R][Q+S], w_coupling: W0: [M][C][R][S],, out_coupling: [M][P][Q]
  OK L10: E=1.572e+02 uJ, L=6.149e+05 cc, EDP=1.16e+02
------ loading Accelergy for Eyeriss ------
[Constrained Eyeriss] Single layer, tile_size=1
  DRAM: {'Q': 14, 'P': 14, 'M': 1, 'C': 1, 'R': 1, 'S': 1}
  GlobalBuffer: {'Q': 1, 'P': 1, 'M': 1, 'C': 1, 'R': 1, 'S': 1}
  SACols: {'Q': 1, 'M': 32}
  SARows: {'S': 3, 'C': 128, 'M': 1}
  WRegister: {'C': 4, 'R': 3, 'M': 1, 'P': 1, 'Q': 1, 'S': 1}
  OutRegister: {'M': 16, 'C': 1, 'P': 1, 'Q': 1, 'R': 1, 'S': 1}
Creating architecture: Eyeriss_Constrained_1L_tile1_32x512 with coupling: dims: MPQCRS, in_coupling: [C][P+R][Q+S], w_coupling: W0: [M][C][R][S],, out_coupling: [M][P][Q]
  OK L11: E=1.572e+02 uJ, L=6.149e+05 cc, EDP=1.16e+02
------ loading Accelergy for Eyeriss ------
[Constrained Eyeriss] Single layer, tile_size=1
  DRAM: {'Q': 14, 'P': 14, 'M': 1, 'C': 1, 'R': 1, 'S': 1}
  GlobalBuffer: {'Q': 1, 'P': 1, 'M': 1, 'C': 1, 'R': 1, 'S': 1}
  SACols: {'Q': 1, 'M': 32}
  SARows: {'S': 3, 'C': 128, 'M': 1}
  WRegister: {'C': 4, 'R': 3, 'M': 1, 'P': 1, 'Q': 1, 'S': 1}
  OutRegister: {'M': 16, 'C': 1, 'P': 1, 'Q': 1, 'R': 1, 'S': 1}
Creating architecture: Eyeriss_Constrained_1L_tile1_32x512 with coupling: dims: MPQCRS, in_coupling: [C][P+R][Q+S], w_coupling: W0: [M][C][R][S],, out_coupling: [M][P][Q]
  OK L12: E=1.572e+02 uJ, L=6.149e+05 cc, EDP=1.16e+02
  [skip] L13 (not in fusion)
  [skip] L14 (not in fusion)
  [skip] L15 (not in fusion)

====================================================================================================
COMPARISON RESULTS: VGG16 -- FULL FUSION vs Sum SINGLES
====================================================================================================
  Architecture: Eyeriss 512x32, GB=128KB, WReg=1200, InReg=400, IntReg=300, OutReg=64
====================================================================================================
Level                        Energy (uJ)   Latency (cc)            EDP       DRAM Reads      DRAM Writes
----------------------------------------------------------------------------------------------------
Full Fusion (1 ok)             3.478e+05      5.455e+06       1.90e+06       14,860,992          100,352
Sum Singles (13 ok)            9.425e+03      6.922e+06       6.52e+04       23,792,320       13,547,520

----------------------------------------------------------------------------------------------------
RATIOS (Full Fusion / Sum Singles) -- values < 1.0 mean fusion wins
----------------------------------------------------------------------------------------------------
Metric                    Ratio      Savings
---------------------------------------------
Energy                  36.8990     -3589.9%
Latency                  0.7881       +21.2%
EDP                     29.0796     -2808.0%
DRAM Reads               0.6246       +37.5%
DRAM Writes              0.0074       +99.3%

----------------------------------------------------------------------------------------------------
BASELINE DETAIL (Sum Singles):
----------------------------------------------------------------------------------------------------
Layer/Segment                     Energy (uJ)   Latency (cc)            EDP     Status
-------------------------------------------------------------------------------------
L0                                  2.647e+02      8.028e+05       2.13e+02         OK
L1                                  3.477e+03      8.120e+05       2.82e+03         OK
L2                                  1.023e+03      4.014e+05       4.11e+02         OK
L3                                  1.303e+03      4.383e+05       5.72e+02         OK
L4                                  4.726e+02      2.007e+05       9.56e+01         OK
L5                                  6.694e+02      3.482e+05       2.36e+02         OK
L6                                  6.694e+02      3.482e+05       2.36e+02         OK
L7                                  2.701e+02      3.451e+05       9.86e+01         OK
L8                                  4.022e+02      6.902e+05       2.99e+02         OK
L9                                  4.022e+02      6.902e+05       2.99e+02         OK
L10                                 1.572e+02      6.149e+05       1.16e+02         OK
L11                                 1.572e+02      6.149e+05       1.16e+02         OK
L12                                 1.572e+02      6.149e+05       1.16e+02         OK

====================================================================================================

Results exported to: results/results_20260219_214639.csv

================================================================================
EXPERIMENT SUMMARY
================================================================================

Total experiments: 14
Successful: 14
Failed: 0

────────────────────────────────────────────────────────────────────────────────
Results by workload:
────────────────────────────────────────────────────────────────────────────────

VGG16:
  full/13layer, fmem_size: 1056kB, wmem_size: 524kB, pe_rows: 512, pe_cols: 32 -> E=3.48e+05μJ, L=5.45e+06cc, EDP=1.93e+06
  single/L0, fmem_size: 1056kB, wmem_size: 524kB, pe_rows: 512, pe_cols: 32 -> E=2.65e+02μJ, L=8.03e+05cc, EDP=2.13e+02
  single/L1, fmem_size: 1056kB, wmem_size: 524kB, pe_rows: 512, pe_cols: 32 -> E=3.48e+03μJ, L=8.12e+05cc, EDP=2.82e+03
  single/L2, fmem_size: 1056kB, wmem_size: 524kB, pe_rows: 512, pe_cols: 32 -> E=1.02e+03μJ, L=4.01e+05cc, EDP=4.11e+02
  single/L3, fmem_size: 1056kB, wmem_size: 524kB, pe_rows: 512, pe_cols: 32 -> E=1.30e+03μJ, L=4.38e+05cc, EDP=5.72e+02
  single/L4, fmem_size: 1056kB, wmem_size: 524kB, pe_rows: 512, pe_cols: 32 -> E=4.73e+02μJ, L=2.01e+05cc, EDP=9.56e+01
  single/L5, fmem_size: 1056kB, wmem_size: 524kB, pe_rows: 512, pe_cols: 32 -> E=6.69e+02μJ, L=3.48e+05cc, EDP=2.36e+02
  single/L6, fmem_size: 1056kB, wmem_size: 524kB, pe_rows: 512, pe_cols: 32 -> E=6.69e+02μJ, L=3.48e+05cc, EDP=2.36e+02
  single/L7, fmem_size: 1056kB, wmem_size: 524kB, pe_rows: 512, pe_cols: 32 -> E=2.70e+02μJ, L=3.45e+05cc, EDP=9.86e+01
  single/L8, fmem_size: 1056kB, wmem_size: 524kB, pe_rows: 512, pe_cols: 32 -> E=4.02e+02μJ, L=6.90e+05cc, EDP=2.99e+02
  single/L9, fmem_size: 1056kB, wmem_size: 524kB, pe_rows: 512, pe_cols: 32 -> E=4.02e+02μJ, L=6.90e+05cc, EDP=2.99e+02
  single/L10, fmem_size: 1056kB, wmem_size: 524kB, pe_rows: 512, pe_cols: 32 -> E=1.57e+02μJ, L=6.15e+05cc, EDP=1.16e+02
  single/L11, fmem_size: 1056kB, wmem_size: 524kB, pe_rows: 512, pe_cols: 32 -> E=1.57e+02μJ, L=6.15e+05cc, EDP=1.16e+02
  single/L12, fmem_size: 1056kB, wmem_size: 524kB, pe_rows: 512, pe_cols: 32 -> E=1.57e+02μJ, L=6.15e+05cc, EDP=1.16e+02
