Creating architecture: Gemmini with coupling: dims: MKN, in_coupling: [K][N], w_coupling: W0: [M][K],, out_coupling: [M][N]
Creating architecture: Gemmini (conv) with coupling: dims: NMPQCRS, in_coupling: [N][C][Pstride*P+Rdilation*R][Qstride*Q+Sdilation*S], w_coupling: W0: [M][C][R][S],, out_coupling: [N][M][P][Q]
Creating architecture: Eyeriss with coupling: dims: MKN, in_coupling: [K][N], w_coupling: W0: [M][K],, out_coupling: [M][N]
Creating architecture: Eyeriss (conv) with coupling: dims: NMPQCRS, in_coupling: [N][C][Pstride*P+Rdilation*R][Qstride*Q+Sdilation*S], w_coupling: W0: [M][C][R][S],, out_coupling: [N][M][P][Q]
Creating architecture: Simba with coupling: dims: MKN, in_coupling: [K][N], w_coupling: W0: [M][K],, out_coupling: [M][N]
Creating architecture: Simba (conv) with coupling: dims: NMPQCRS, in_coupling: [N][C][Pstride*P+Rdilation*R][Qstride*Q+Sdilation*S], w_coupling: W0: [M][C][R][S],, out_coupling: [N][M][P][Q]
Creating architecture: TPUv1 with coupling: dims: MKN, in_coupling: [K][N], w_coupling: W0: [M][K],, out_coupling: [M][N]
Creating architecture: TPUv1 (conv) with coupling: dims: NMPQCRS, in_coupling: [N][C][Pstride*P+Rdilation*R][Qstride*Q+Sdilation*S], w_coupling: W0: [M][C][R][S],, out_coupling: [N][M][P][Q]

====================================================================================================
FIXED-CONFIG FUSION COMPARISON: VGG16 -- FULL FUSION vs Sum PARTIAL FUSION
====================================================================================================
Architecture: Eyeriss, PE=512x32 (16,384 total)
  GB=128KB, WReg=1200, InReg=400, IntReg=300, OutReg=64
  Tile size override: 1
  ALL experiments use IDENTICAL architecture (fair comparison)
====================================================================================================

  Per-block tile sizes (from full fusion stride propagation):
    block1: tile=16
    block2: tile=8
    block3: tile=4
    L6: tile=4
    block4: tile=2
    L9: tile=2
    block5: tile=1
    L12: tile=1
--- FULL FUSION: vgg16/full/13layer ---
------ loading Accelergy for Eyeriss ------
------ loading Accelergy ------
WARNING: Accelergy package not found or incompatible, trying a manual import from ACCELERGY_PATH.
ACCELERGY PLUG-INS: ['Library', 'dummy', 'ADC Plug-In', 'DEPRECATED table-based-plug-ins. Use the Library plug-in instead.', 'Neurosim Plug-In', 'Aladdin_table', 'CactiCache', 'CactiDRAM', 'CactiSRAM']
[Constrained Eyeriss] 13 layers, tile_size=1
  DRAM: {'Q': 14, 'P': 14, 'X0': 224, 'Y0': 224, 'Z0': 1, 'C0': 1, 'R0': 1, 'S0': 1, 'X1': 224, 'Y1': 224, 'Z1': 1, 'C1': 1, 'R1': 1, 'S1': 1, 'X2': 112, 'Y2': 112, 'Z2': 1, 'C2': 1, 'R2': 1, 'S2': 1, 'X3': 112, 'Y3': 112, 'Z3': 1, 'C3': 1, 'R3': 1, 'S3': 1, 'X4': 56, 'Y4': 56, 'Z4': 1, 'C4': 1, 'R4': 1, 'S4': 1, 'X5': 56, 'Y5': 56, 'Z5': 1, 'C5': 1, 'R5': 1, 'S5': 1, 'X6': 56, 'Y6': 56, 'Z6': 1, 'C6': 1, 'R6': 1, 'S6': 1, 'X7': 28, 'Y7': 28, 'Z7': 1, 'C7': 1, 'R7': 1, 'S7': 1, 'X8': 28, 'Y8': 28, 'Z8': 1, 'C8': 1, 'R8': 1, 'S8': 1, 'X9': 28, 'Y9': 28, 'Z9': 1, 'C9': 1, 'R9': 1, 'S9': 1, 'X10': 14, 'Y10': 14, 'Z10': 1, 'C10': 1, 'R10': 1, 'S10': 1, 'X11': 14, 'Y11': 14, 'Z11': 1, 'C11': 1, 'R11': 1, 'S11': 1, 'Z12': 1, 'C12': 1, 'R12': 1, 'S12': 1}
  GlobalBuffer: {'Q': 1, 'P': 1, 'X0': 1, 'Y0': 1, 'Z0': 1, 'C0': 1, 'R0': 1, 'S0': 1, 'X1': 1, 'Y1': 1, 'Z1': 1, 'C1': 1, 'R1': 1, 'S1': 1, 'X2': 1, 'Y2': 1, 'Z2': 1, 'C2': 1, 'R2': 1, 'S2': 1, 'X3': 1, 'Y3': 1, 'Z3': 1, 'C3': 1, 'R3': 1, 'S3': 1, 'X4': 1, 'Y4': 1, 'Z4': 1, 'C4': 1, 'R4': 1, 'S4': 1, 'X5': 1, 'Y5': 1, 'Z5': 1, 'C5': 1, 'R5': 1, 'S5': 1, 'X6': 1, 'Y6': 1, 'Z6': 1, 'C6': 1, 'R6': 1, 'S6': 1, 'X7': 1, 'Y7': 1, 'Z7': 1, 'C7': 1, 'R7': 1, 'S7': 1, 'X8': 1, 'Y8': 1, 'Z8': 1, 'C8': 1, 'R8': 1, 'S8': 1, 'X9': 1, 'Y9': 1, 'Z9': 1, 'C9': 1, 'R9': 1, 'S9': 1, 'X10': 1, 'Y10': 1, 'Z10': 1, 'C10': 1, 'R10': 1, 'S10': 1, 'X11': 1, 'Y11': 1, 'Z11': 1, 'C11': 1, 'R11': 1, 'S11': 1, 'Z12': 1, 'C12': 1, 'R12': 1, 'S12': 1}
  SACols: {'Q': 1, 'Z12': 32}
  SARows_0: {'S0': 3, 'C0': 3, 'Z0': 2}
  SARows_1: {'S1': 3, 'C1': 64, 'Z1': 2}
  SARows_2: {'S2': 3, 'C2': 64, 'Z2': 2}
  SARows_3: {'S3': 3, 'C3': 128, 'Z3': 1}
  SARows_4: {'S4': 3, 'C4': 128, 'Z4': 1}
  SARows_5: {'S5': 3, 'C5': 128, 'Z5': 1}
  SARows_6: {'S6': 3, 'C6': 128, 'Z6': 1}
  SARows_7: {'S7': 3, 'C7': 128, 'Z7': 1}
  SARows_8: {'S8': 3, 'C8': 128, 'Z8': 1}
  SARows_9: {'S9': 3, 'C9': 128, 'Z9': 1}
  SARows_10: {'S10': 3, 'C10': 128, 'Z10': 1}
  SARows_11: {'S11': 3, 'C11': 128, 'Z11': 1}
  SARows_12: {'S12': 3, 'C12': 128, 'Z12': 1}
Creating architecture: Eyeriss_Constrained_13L_tile1_32x512 with coupling: dims: C0Y0X0R0S0Z0C1R1S1Y1X1Z1C2R2S2Y2X2Z2C3R3S3Y3X3Z3C4R4S4Y4X4Z4C5R5S5Y5X5Z5C6R6S6Y6X6Z6C7R7S7Y7X7Z7C8R8S8Y8X8Z8C9R9S9Y9X9Z9C10R10S10Y10X10Z10C11R11S11Y11X11Z11C12R12S12PQZ12, in_coupling: [C0][Y0+R0][X0+S0], w_coupling: W0: [Z0][C0][R0][S0],W1: [Z1][C1][R1][S1],W2: [Z2][C2][R2][S2],W3: [Z3][C3][R3][S3],W4: [Z4][C4][R4][S4],W5: [Z5][C5][R5][S5],W6: [Z6][C6][R6][S6],W7: [Z7][C7][R7][S7],W8: [Z8][C8][R8][S8],W9: [Z9][C9][R9][S9],W10: [Z10][C10][R10][S10],W11: [Z11][C11][R11][S11],W12: [Z12][C12][R12][S12],, out_coupling: [Z12][P][Q]
final_layer_dims: {'C0', 'X0', 'S0', 'C12', 'Z12', 'R0', 'S12', 'R12', 'Y0', 'P', 'Q'}, coupling.dims: ['C0', 'Y0', 'X0', 'R0', 'S0', 'Z0', 'C1', 'R1', 'S1', 'Y1', 'X1', 'Z1', 'C2', 'R2', 'S2', 'Y2', 'X2', 'Z2', 'C3', 'R3', 'S3', 'Y3', 'X3', 'Z3', 'C4', 'R4', 'S4', 'Y4', 'X4', 'Z4', 'C5', 'R5', 'S5', 'Y5', 'X5', 'Z5', 'C6', 'R6', 'S6', 'Y6', 'X6', 'Z6', 'C7', 'R7', 'S7', 'Y7', 'X7', 'Z7', 'C8', 'R8', 'S8', 'Y8', 'X8', 'Z8', 'C9', 'R9', 'S9', 'Y9', 'X9', 'Z9', 'C10', 'R10', 'S10', 'Y10', 'X10', 'Z10', 'C11', 'R11', 'S11', 'Y11', 'X11', 'Z11', 'C12', 'R12', 'S12', 'P', 'Q', 'Z12']
INFO: Arch: Eyeriss_Constrained_13L_tile1_32x512: identified intermediate dimensions: {'Y11', 'Y1', 'R5', 'S9', 'Y2', 'Z7', 'C6', 'C8', 'X10', 'Y10', 'C5', 'Y9', 'X11', 'S2', 'Z5', 'R8', 'Z0', 'R11', 'Z10', 'X2', 'Z9', 'Y5', 'X6', 'C11', 'Z8', 'X5', 'S7', 'R9', 'S1', 'Z3', 'R10', 'C1', 'S4', 'S10', 'S3', 'X3', 'R1', 'X9', 'Y8', 'R3', 'X7', 'S6', 'X1', 'R6', 'S11', 'S8', 'C10', 'C9', 'S5', 'R4', 'C7', 'Z4', 'C4', 'X4', 'Z2', 'Y7', 'Y6', 'Y3', 'Z1', 'C2', 'Z6', 'R2', 'Z11', 'X8', 'Y4', 'C3', 'R7'}
INFO: Added high constraint for intermediate dimension P in level InRegister
INFO: Added high constraint for intermediate dimension R1 in level InRegister
INFO: Added high constraint for intermediate dimension P in level WRegister
INFO: Added high constraint for intermediate dimension R1 in level WRegister
INFO: Added high constraint for intermediate dimension P in level IntermediateRegister
INFO: Added high constraint for intermediate dimension R1 in level IntermediateRegister
INFO: Added high constraint for intermediate dimension P in level OutRegister
INFO: Added high constraint for intermediate dimension R1 in level OutRegister
WARNING: Arch: Eyeriss_Constrained_13L_tile1_32x512 -> Level: IntermediateRegister: updating constraint (Z0: 32) to (Z0: 1) to fit the computation.
WARNING: Arch: Eyeriss_Constrained_13L_tile1_32x512 -> Level: IntermediateRegister: updating constraint (Z1: 32) to (Z1: 1) to fit the computation.
WARNING: Arch: Eyeriss_Constrained_13L_tile1_32x512 -> Level: IntermediateRegister: updating constraint (Z2: 64) to (Z2: 2) to fit the computation.
WARNING: Arch: Eyeriss_Constrained_13L_tile1_32x512 -> Level: IntermediateRegister: updating constraint (Z3: 128) to (Z3: 4) to fit the computation.
WARNING: Arch: Eyeriss_Constrained_13L_tile1_32x512 -> Level: IntermediateRegister: updating constraint (Z4: 256) to (Z4: 8) to fit the computation.
WARNING: Arch: Eyeriss_Constrained_13L_tile1_32x512 -> Level: IntermediateRegister: updating constraint (Z5: 256) to (Z5: 8) to fit the computation.
WARNING: Arch: Eyeriss_Constrained_13L_tile1_32x512 -> Level: IntermediateRegister: updating constraint (Z6: 256) to (Z6: 8) to fit the computation.
WARNING: Arch: Eyeriss_Constrained_13L_tile1_32x512 -> Level: IntermediateRegister: updating constraint (Z7: 512) to (Z7: 16) to fit the computation.
WARNING: Arch: Eyeriss_Constrained_13L_tile1_32x512 -> Level: IntermediateRegister: updating constraint (Z8: 512) to (Z8: 16) to fit the computation.
WARNING: Arch: Eyeriss_Constrained_13L_tile1_32x512 -> Level: IntermediateRegister: updating constraint (Z9: 512) to (Z9: 16) to fit the computation.
WARNING: Arch: Eyeriss_Constrained_13L_tile1_32x512 -> Level: IntermediateRegister: updating constraint (Z10: 512) to (Z10: 16) to fit the computation.
WARNING: Arch: Eyeriss_Constrained_13L_tile1_32x512 -> Level: IntermediateRegister: updating constraint (Z11: 512) to (Z11: 16) to fit the computation.
WARNING: Arch: Eyeriss_Constrained_13L_tile1_32x512 -> Level: OutRegister: updating constraint (Z12: 512) to (Z12: 16) to fit the computation.
  OK Energy: 3.478e+05 uJ, Latency: 5.455e+06 cc, EDP: 1.93e+06

--- BASELINE: PARTIAL FUSION (block) ---
------ loading Accelergy for Eyeriss ------
[Constrained Eyeriss] 2 layers, tile_size=16
  DRAM: {'Q': 14, 'P': 224, 'X0': 14, 'Y0': 224, 'Z0': 1, 'C0': 1, 'R0': 1, 'S0': 1, 'Z1': 1, 'C1': 1, 'R1': 1, 'S1': 1}
  GlobalBuffer: {'Q': 1, 'P': 1, 'X0': 1, 'Y0': 1, 'Z0': 1, 'C0': 1, 'R0': 1, 'S0': 1, 'Z1': 1, 'C1': 1, 'R1': 1, 'S1': 1}
  SACols: {'Q': 16, 'Z1': 2}
  SARows_0: {'S0': 3, 'C0': 3, 'Z0': 32}
  SARows_1: {'S1': 3, 'C1': 64, 'Z1': 2}
Creating architecture: Eyeriss_Constrained_2L_tile16_32x512 with coupling: dims: C0Y0X0R0S0Z0C1R1S1Z1PQ, in_coupling: [C0][Y0+R0][X0+S0], w_coupling: W0: [Z0][C0][R0][S0],W1: [Z1][C1][R1][S1],, out_coupling: [Z1][P][Q]
final_layer_dims: {'C0', 'X0', 'S0', 'S1', 'C1', 'R0', 'Z1', 'R1', 'Y0', 'P', 'Q'}, coupling.dims: ['C0', 'Y0', 'X0', 'R0', 'S0', 'Z0', 'C1', 'R1', 'S1', 'Z1', 'P', 'Q']
INFO: Arch: Eyeriss_Constrained_2L_tile16_32x512: identified intermediate dimensions: {'Z0'}
INFO: Added high constraint for intermediate dimension P in level InRegister
INFO: Added high constraint for intermediate dimension R1 in level InRegister
INFO: Added high constraint for intermediate dimension P in level WRegister
INFO: Added high constraint for intermediate dimension R1 in level WRegister
INFO: Added high constraint for intermediate dimension P in level IntermediateRegister
INFO: Added high constraint for intermediate dimension R1 in level IntermediateRegister
INFO: Added high constraint for intermediate dimension P in level OutRegister
INFO: Added high constraint for intermediate dimension R1 in level OutRegister
WARNING: Arch: Eyeriss_Constrained_2L_tile16_32x512 -> Level: IntermediateRegister: updating constraint (Z0: 2) to (Z0: 1) to fit the computation.
WARNING: Arch: Eyeriss_Constrained_2L_tile16_32x512 -> Level: OutRegister: updating constraint (Z1: 32) to (Z1: 16) to fit the computation.
  OK block1 (2L, tile=16): E=3.868e+04 uJ, L=1.032e+06 cc, EDP=4.01e+04
------ loading Accelergy for Eyeriss ------
[Constrained Eyeriss] 2 layers, tile_size=8
  DRAM: {'Q': 14, 'P': 112, 'X0': 14, 'Y0': 112, 'Z0': 1, 'C0': 1, 'R0': 1, 'S0': 1, 'Z1': 1, 'C1': 1, 'R1': 1, 'S1': 1}
  GlobalBuffer: {'Q': 1, 'P': 1, 'X0': 1, 'Y0': 1, 'Z0': 1, 'C0': 1, 'R0': 1, 'S0': 1, 'Z1': 1, 'C1': 1, 'R1': 1, 'S1': 1}
  SACols: {'Q': 8, 'Z1': 4}
  SARows_0: {'S0': 3, 'C0': 64, 'Z0': 2}
  SARows_1: {'S1': 3, 'C1': 128, 'Z1': 1}
Creating architecture: Eyeriss_Constrained_2L_tile8_32x512 with coupling: dims: C0Y0X0R0S0Z0C1R1S1Z1PQ, in_coupling: [C0][Y0+R0][X0+S0], w_coupling: W0: [Z0][C0][R0][S0],W1: [Z1][C1][R1][S1],, out_coupling: [Z1][P][Q]
final_layer_dims: {'C0', 'X0', 'S0', 'S1', 'C1', 'R0', 'Z1', 'R1', 'Y0', 'P', 'Q'}, coupling.dims: ['C0', 'Y0', 'X0', 'R0', 'S0', 'Z0', 'C1', 'R1', 'S1', 'Z1', 'P', 'Q']
INFO: Arch: Eyeriss_Constrained_2L_tile8_32x512: identified intermediate dimensions: {'Z0'}
INFO: Added high constraint for intermediate dimension P in level InRegister
INFO: Added high constraint for intermediate dimension R1 in level InRegister
INFO: Added high constraint for intermediate dimension P in level WRegister
INFO: Added high constraint for intermediate dimension R1 in level WRegister
INFO: Added high constraint for intermediate dimension P in level IntermediateRegister
INFO: Added high constraint for intermediate dimension R1 in level IntermediateRegister
INFO: Added high constraint for intermediate dimension P in level OutRegister
INFO: Added high constraint for intermediate dimension R1 in level OutRegister
WARNING: Arch: Eyeriss_Constrained_2L_tile8_32x512 -> Level: IntermediateRegister: updating constraint (Z0: 64) to (Z0: 16) to fit the computation.
WARNING: Arch: Eyeriss_Constrained_2L_tile8_32x512 -> Level: OutRegister: updating constraint (Z1: 128) to (Z1: 32) to fit the computation.
  OK block2 (2L, tile=8): E=5.730e+04 uJ, L=6.523e+05 cc, EDP=3.74e+04
------ loading Accelergy for Eyeriss ------
[Constrained Eyeriss] 2 layers, tile_size=4
  DRAM: {'Q': 14, 'P': 56, 'X0': 14, 'Y0': 56, 'Z0': 1, 'C0': 1, 'R0': 1, 'S0': 1, 'Z1': 1, 'C1': 1, 'R1': 1, 'S1': 1}
  GlobalBuffer: {'Q': 1, 'P': 1, 'X0': 1, 'Y0': 1, 'Z0': 1, 'C0': 1, 'R0': 1, 'S0': 1, 'Z1': 1, 'C1': 1, 'R1': 1, 'S1': 1}
  SACols: {'Q': 4, 'Z1': 8}
  SARows_0: {'S0': 3, 'C0': 128, 'Z0': 1}
  SARows_1: {'S1': 3, 'C1': 128, 'Z1': 1}
Creating architecture: Eyeriss_Constrained_2L_tile4_32x512 with coupling: dims: C0Y0X0R0S0Z0C1R1S1Z1PQ, in_coupling: [C0][Y0+R0][X0+S0], w_coupling: W0: [Z0][C0][R0][S0],W1: [Z1][C1][R1][S1],, out_coupling: [Z1][P][Q]
final_layer_dims: {'C0', 'X0', 'S0', 'S1', 'C1', 'R0', 'Z1', 'R1', 'Y0', 'P', 'Q'}, coupling.dims: ['C0', 'Y0', 'X0', 'R0', 'S0', 'Z0', 'C1', 'R1', 'S1', 'Z1', 'P', 'Q']
INFO: Arch: Eyeriss_Constrained_2L_tile4_32x512: identified intermediate dimensions: {'Z0'}
INFO: Added high constraint for intermediate dimension P in level InRegister
INFO: Added high constraint for intermediate dimension R1 in level InRegister
INFO: Added high constraint for intermediate dimension P in level WRegister
INFO: Added high constraint for intermediate dimension R1 in level WRegister
INFO: Added high constraint for intermediate dimension P in level IntermediateRegister
INFO: Added high constraint for intermediate dimension R1 in level IntermediateRegister
INFO: Added high constraint for intermediate dimension P in level OutRegister
INFO: Added high constraint for intermediate dimension R1 in level OutRegister
WARNING: Arch: Eyeriss_Constrained_2L_tile4_32x512 -> Level: IntermediateRegister: updating constraint (Z0: 256) to (Z0: 32) to fit the computation.
WARNING: Arch: Eyeriss_Constrained_2L_tile4_32x512 -> Level: OutRegister: updating constraint (Z1: 256) to (Z1: 32) to fit the computation.
  OK block3 (2L, tile=4): E=5.711e+04 uJ, L=3.748e+05 cc, EDP=2.15e+04
------ loading Accelergy for Eyeriss ------
[Constrained Eyeriss] Single layer, tile_size=4
  DRAM: {'Q': 14, 'P': 56, 'M': 1, 'C': 1, 'R': 1, 'S': 1}
  GlobalBuffer: {'Q': 1, 'P': 1, 'M': 1, 'C': 1, 'R': 1, 'S': 1}
  SACols: {'Q': 4, 'M': 8}
  SARows: {'S': 3, 'C': 128, 'M': 1}
  WRegister: {'C': 2, 'R': 3, 'M': 1, 'P': 1, 'Q': 1, 'S': 1}
  OutRegister: {'M': 32, 'C': 1, 'P': 1, 'Q': 1, 'R': 1, 'S': 1}
Creating architecture: Eyeriss_Constrained_1L_tile4_32x512 with coupling: dims: MPQCRS, in_coupling: [C][P+R][Q+S], w_coupling: W0: [M][C][R][S],, out_coupling: [M][P][Q]
  OK L6 (1L, tile=4): E=4.103e+02 uJ, L=3.482e+05 cc, EDP=1.46e+02
------ loading Accelergy for Eyeriss ------
[Constrained Eyeriss] 2 layers, tile_size=2
  DRAM: {'Q': 14, 'P': 28, 'X0': 14, 'Y0': 28, 'Z0': 1, 'C0': 1, 'R0': 1, 'S0': 1, 'Z1': 1, 'C1': 1, 'R1': 1, 'S1': 1}
  GlobalBuffer: {'Q': 1, 'P': 1, 'X0': 1, 'Y0': 1, 'Z0': 1, 'C0': 1, 'R0': 1, 'S0': 1, 'Z1': 1, 'C1': 1, 'R1': 1, 'S1': 1}
  SACols: {'Q': 2, 'Z1': 16}
  SARows_0: {'S0': 3, 'C0': 128, 'Z0': 1}
  SARows_1: {'S1': 3, 'C1': 128, 'Z1': 1}
Creating architecture: Eyeriss_Constrained_2L_tile2_32x512 with coupling: dims: C0Y0X0R0S0Z0C1R1S1Z1PQ, in_coupling: [C0][Y0+R0][X0+S0], w_coupling: W0: [Z0][C0][R0][S0],W1: [Z1][C1][R1][S1],, out_coupling: [Z1][P][Q]
final_layer_dims: {'C0', 'X0', 'S0', 'S1', 'C1', 'R0', 'Z1', 'R1', 'Y0', 'P', 'Q'}, coupling.dims: ['C0', 'Y0', 'X0', 'R0', 'S0', 'Z0', 'C1', 'R1', 'S1', 'Z1', 'P', 'Q']
INFO: Arch: Eyeriss_Constrained_2L_tile2_32x512: identified intermediate dimensions: {'Z0'}
INFO: Added high constraint for intermediate dimension P in level InRegister
INFO: Added high constraint for intermediate dimension R1 in level InRegister
INFO: Added high constraint for intermediate dimension P in level WRegister
INFO: Added high constraint for intermediate dimension R1 in level WRegister
INFO: Added high constraint for intermediate dimension P in level IntermediateRegister
INFO: Added high constraint for intermediate dimension R1 in level IntermediateRegister
INFO: Added high constraint for intermediate dimension P in level OutRegister
INFO: Added high constraint for intermediate dimension R1 in level OutRegister
WARNING: Arch: Eyeriss_Constrained_2L_tile2_32x512 -> Level: IntermediateRegister: updating constraint (Z0: 512) to (Z0: 32) to fit the computation.
WARNING: Arch: Eyeriss_Constrained_2L_tile2_32x512 -> Level: OutRegister: updating constraint (Z1: 512) to (Z1: 32) to fit the computation.
  OK block4 (2L, tile=2): E=5.613e+04 uJ, L=9.349e+05 cc, EDP=5.26e+04
------ loading Accelergy for Eyeriss ------
[Constrained Eyeriss] Single layer, tile_size=2
  DRAM: {'Q': 14, 'P': 28, 'M': 1, 'C': 1, 'R': 1, 'S': 1}
  GlobalBuffer: {'Q': 1, 'P': 1, 'M': 1, 'C': 1, 'R': 1, 'S': 1}
  SACols: {'Q': 2, 'M': 16}
  SARows: {'S': 3, 'C': 128, 'M': 1}
  WRegister: {'C': 4, 'R': 3, 'M': 1, 'P': 1, 'Q': 1, 'S': 1}
  OutRegister: {'M': 32, 'C': 1, 'P': 1, 'Q': 1, 'R': 1, 'S': 1}
Creating architecture: Eyeriss_Constrained_1L_tile2_32x512 with coupling: dims: MPQCRS, in_coupling: [C][P+R][Q+S], w_coupling: W0: [M][C][R][S],, out_coupling: [M][P][Q]
  OK L9 (1L, tile=2): E=3.159e+02 uJ, L=6.902e+05 cc, EDP=2.40e+02
------ loading Accelergy for Eyeriss ------
[Constrained Eyeriss] 2 layers, tile_size=1
  DRAM: {'Q': 14, 'P': 14, 'X0': 14, 'Y0': 14, 'Z0': 1, 'C0': 1, 'R0': 1, 'S0': 1, 'Z1': 1, 'C1': 1, 'R1': 1, 'S1': 1}
  GlobalBuffer: {'Q': 1, 'P': 1, 'X0': 1, 'Y0': 1, 'Z0': 1, 'C0': 1, 'R0': 1, 'S0': 1, 'Z1': 1, 'C1': 1, 'R1': 1, 'S1': 1}
  SACols: {'Q': 1, 'Z1': 32}
  SARows_0: {'S0': 3, 'C0': 128, 'Z0': 1}
  SARows_1: {'S1': 3, 'C1': 128, 'Z1': 1}
Creating architecture: Eyeriss_Constrained_2L_tile1_32x512 with coupling: dims: C0Y0X0R0S0Z0C1R1S1Z1PQ, in_coupling: [C0][Y0+R0][X0+S0], w_coupling: W0: [Z0][C0][R0][S0],W1: [Z1][C1][R1][S1],, out_coupling: [Z1][P][Q]
final_layer_dims: {'C0', 'X0', 'S0', 'S1', 'C1', 'R0', 'Z1', 'R1', 'Y0', 'P', 'Q'}, coupling.dims: ['C0', 'Y0', 'X0', 'R0', 'S0', 'Z0', 'C1', 'R1', 'S1', 'Z1', 'P', 'Q']
INFO: Arch: Eyeriss_Constrained_2L_tile1_32x512: identified intermediate dimensions: {'Z0'}
INFO: Added high constraint for intermediate dimension P in level InRegister
INFO: Added high constraint for intermediate dimension R1 in level InRegister
INFO: Added high constraint for intermediate dimension P in level WRegister
INFO: Added high constraint for intermediate dimension R1 in level WRegister
INFO: Added high constraint for intermediate dimension P in level IntermediateRegister
INFO: Added high constraint for intermediate dimension R1 in level IntermediateRegister
INFO: Added high constraint for intermediate dimension P in level OutRegister
INFO: Added high constraint for intermediate dimension R1 in level OutRegister
WARNING: Arch: Eyeriss_Constrained_2L_tile1_32x512 -> Level: IntermediateRegister: updating constraint (Z0: 512) to (Z0: 16) to fit the computation.
WARNING: Arch: Eyeriss_Constrained_2L_tile1_32x512 -> Level: OutRegister: updating constraint (Z1: 512) to (Z1: 16) to fit the computation.
  OK block5 (2L, tile=1): E=1.896e+04 uJ, L=1.205e+06 cc, EDP=2.30e+04
------ loading Accelergy for Eyeriss ------
[Constrained Eyeriss] Single layer, tile_size=1
  DRAM: {'Q': 14, 'P': 14, 'M': 1, 'C': 1, 'R': 1, 'S': 1}
  GlobalBuffer: {'Q': 1, 'P': 1, 'M': 1, 'C': 1, 'R': 1, 'S': 1}
  SACols: {'Q': 1, 'M': 32}
  SARows: {'S': 3, 'C': 128, 'M': 1}
  WRegister: {'C': 4, 'R': 3, 'M': 1, 'P': 1, 'Q': 1, 'S': 1}
  OutRegister: {'M': 16, 'C': 1, 'P': 1, 'Q': 1, 'R': 1, 'S': 1}
Creating architecture: Eyeriss_Constrained_1L_tile1_32x512 with coupling: dims: MPQCRS, in_coupling: [C][P+R][Q+S], w_coupling: W0: [M][C][R][S],, out_coupling: [M][P][Q]
  OK L12 (1L, tile=1): E=1.572e+02 uJ, L=6.149e+05 cc, EDP=1.16e+02

====================================================================================================
COMPARISON RESULTS: VGG16 -- FULL FUSION vs Sum PARTIAL FUSION
====================================================================================================
  Architecture: Eyeriss 512x32, GB=128KB, WReg=1200, InReg=400, IntReg=300, OutReg=64
====================================================================================================
Level                        Energy (uJ)   Latency (cc)            EDP       DRAM Reads      DRAM Writes
----------------------------------------------------------------------------------------------------
Full Fusion (1 ok)             3.478e+05      5.455e+06       1.90e+06       14,860,992          100,352
Sum Partial Fusion (8 ok)      2.291e+05      5.852e+06       1.34e+06       17,670,848        7,426,048

----------------------------------------------------------------------------------------------------
RATIOS (Full Fusion / Sum Partial Fusion) -- values < 1.0 mean fusion wins
----------------------------------------------------------------------------------------------------
Metric                    Ratio      Savings
---------------------------------------------
Energy                   1.5182       -51.8%
Latency                  0.9322        +6.8%
EDP                      1.4153       -41.5%
DRAM Reads               0.8410       +15.9%
DRAM Writes              0.0135       +98.6%

----------------------------------------------------------------------------------------------------
BASELINE DETAIL (Sum Partial Fusion):
----------------------------------------------------------------------------------------------------
Layer/Segment                     Energy (uJ)   Latency (cc)            EDP     Status
-------------------------------------------------------------------------------------
block/block1                        3.868e+04      1.032e+06       4.01e+04         OK
block/block2                        5.730e+04      6.523e+05       3.74e+04         OK
block/block3                        5.711e+04      3.748e+05       2.15e+04         OK
block/L6                            4.103e+02      3.482e+05       1.46e+02         OK
block/block4                        5.613e+04      9.349e+05       5.26e+04         OK
block/L9                            3.159e+02      6.902e+05       2.40e+02         OK
block/block5                        1.896e+04      1.205e+06       2.30e+04         OK
block/L12                           1.572e+02      6.149e+05       1.16e+02         OK

====================================================================================================

Results exported to: results/results_20260219_172101.csv

================================================================================
EXPERIMENT SUMMARY
================================================================================

Total experiments: 9
Successful: 9
Failed: 0

────────────────────────────────────────────────────────────────────────────────
Results by workload:
────────────────────────────────────────────────────────────────────────────────

VGG16:
  full/13layer, fmem_size: 1056kB, wmem_size: 524kB, pe_rows: 512, pe_cols: 32 -> E=3.48e+05μJ, L=5.45e+06cc, EDP=1.93e+06
  block/block1, fmem_size: 1056kB, wmem_size: 524kB, pe_rows: 512, pe_cols: 32 -> E=3.87e+04μJ, L=1.03e+06cc, EDP=4.01e+04
  block/block2, fmem_size: 1056kB, wmem_size: 524kB, pe_rows: 512, pe_cols: 32 -> E=5.73e+04μJ, L=6.52e+05cc, EDP=3.74e+04
  block/block3, fmem_size: 1056kB, wmem_size: 524kB, pe_rows: 512, pe_cols: 32 -> E=5.71e+04μJ, L=3.75e+05cc, EDP=2.15e+04
  block/L6, fmem_size: 1056kB, wmem_size: 524kB, pe_rows: 512, pe_cols: 32 -> E=4.10e+02μJ, L=3.48e+05cc, EDP=1.46e+02
  block/block4, fmem_size: 1056kB, wmem_size: 524kB, pe_rows: 512, pe_cols: 32 -> E=5.61e+04μJ, L=9.35e+05cc, EDP=5.26e+04
  block/L9, fmem_size: 1056kB, wmem_size: 524kB, pe_rows: 512, pe_cols: 32 -> E=3.16e+02μJ, L=6.90e+05cc, EDP=2.40e+02
  block/block5, fmem_size: 1056kB, wmem_size: 524kB, pe_rows: 512, pe_cols: 32 -> E=1.90e+04μJ, L=1.20e+06cc, EDP=2.30e+04
  block/L12, fmem_size: 1056kB, wmem_size: 524kB, pe_rows: 512, pe_cols: 32 -> E=1.57e+02μJ, L=6.15e+05cc, EDP=1.16e+02
