Creating architecture: Gemmini with coupling: dims: MKN, in_coupling: [K][N], w_coupling: W0: [M][K], out_coupling: [M][N]
Creating architecture: Gemmini (conv) with coupling: dims: NMPQCRS, in_coupling: [N][C][Pstride*P+Rdilation*R][Qstride*Q+Sdilation*S], w_coupling: W0: [M][C][R][S], out_coupling: [N][M][P][Q]
Creating architecture: Eyeriss with coupling: dims: MKN, in_coupling: [K][N], w_coupling: W0: [M][K], out_coupling: [M][N]
Creating architecture: Eyeriss (conv) with coupling: dims: NMPQCRS, in_coupling: [N][C][Pstride*P+Rdilation*R][Qstride*Q+Sdilation*S], w_coupling: W0: [M][C][R][S], out_coupling: [N][M][P][Q]
Creating architecture: Simba with coupling: dims: MKN, in_coupling: [K][N], w_coupling: W0: [M][K], out_coupling: [M][N]
Creating architecture: Simba (conv) with coupling: dims: NMPQCRS, in_coupling: [N][C][Pstride*P+Rdilation*R][Qstride*Q+Sdilation*S], w_coupling: W0: [M][C][R][S], out_coupling: [N][M][P][Q]
Creating architecture: TPUv1 with coupling: dims: MKN, in_coupling: [K][N], w_coupling: W0: [M][K], out_coupling: [M][N]
Creating architecture: TPUv1 (conv) with coupling: dims: NMPQCRS, in_coupling: [N][C][Pstride*P+Rdilation*R][Qstride*Q+Sdilation*S], w_coupling: W0: [M][C][R][S], out_coupling: [N][M][P][Q]
-------- architecture --------
Creating architecture: Fixed Multi-Layer GEMM Architecture with Mapping Constraints with coupling: dims: C0YZC1PC2, in_coupling: [C0][Y], w_coupling: W0: [Z][C0]W1: [C2][C1], out_coupling: [C2][P]
Creating architecture: Fixed Multi-Layer Convolution Architecture with Mapping Constraints with coupling: dims: C0YXR0S0ZC1R1S1C2PQ, in_coupling: [C0][Y+R0][X+S0], w_coupling: W0: [Z][C0][R0][S0]W1: [C2][C1][R1][S1], out_coupling: [C2][P][Q]
Architecture: architectures/multi_layer_arch.py -> arch
-------- computation  --------
Computation: architectures/2layer_comp.py -> comp: {P: 128, C1: 64, C2: 64, Y: 128, Z: 64, C0: 64}
Coupling: architectures/2layer_comp.py -> coupling: dims: C0YZC1PC2, in_coupling: [C0][Y], w_coupling: W0: [Z][C0]W1: [C2][C1], out_coupling: [C2][P]
Bias present: False
------------------------------
----- running FactorFlow -----
------------------------------

Threads: 8
final_layer_dims: {'C0', 'C1', 'C2', 'Y', 'P'}, coupling.dims: ['C0', 'Y', 'Z', 'C1', 'P', 'C2']
INFO: Arch: Fixed Multi-Layer GEMM Architecture with Mapping Constraints: identified intermediate dimensions: {'Z'}
Starting engine with mapper: breadthfirst_local

INFO: forcefully updating setting ITERATE_AMOUNTS to True
INFO: forcefully updating setting STEPS_TO_EXPLORE to 4
INFO: forcefully updating setting CO_OPT_STEPS_TO_EXPLORE to 4
INFO: forcefully updating setting INITIAL_STEPS_TO_EXPLORE to 2
WARNING: running on a Python version without free-threading (GIL enabled), this program relies heavily on true multithreading, thus expect a severe performance hit with your current setup. Consider updating to Python 3.13t or newer.
INFO: running multithreaded with THREADS_COUNT = 8

DEBUG interleave: START - Called from breadthfirst_local.py:574 in optimizeDataflows()
                       array=[], elements=['C0', 'Y', 'Z', 'C1', 'P', 'C2'] (len=6)
['C1', 'P']
DEBUG interleave: START - Called from breadthfirst_local.py:574 in optimizeDataflows()
                       array=[], elements=['C0', 'Y', 'Z', 'C1', 'P', 'C2'] (len=6)
['C1', 'P']
-------- factorFlow --------
é stato chiamato update stats! 




Questo mops è chiamato da update stats
Level: MainMemory, arch bypasses for the level: ['int'], in_bp: 1, w_bp: 1, out_bp: 1, int_bp: 0
DEBUG updateStats pre scaling: Level MainMemory:
  in_reads: 8192
  per_layer_w_reads: {0: 524288, 1: 524288}
  w_reads: 1048576
  per_layer_int_in_reads: {0: 0}
  per_layer_int_out_reads: {0: 0}
  out_reads: 524288
  out_reads_factors: 64
temporal_iterations_per_layer before update: {0: 1, 1: 1}, spatial_iterations_per_layer before update: {0: 1, 1: 1}
scale per layer: {0: 1, 1: 1}
scaled in_reads: 8192
scaled per_layer_w_reads before sum: {0: 524288, 1: 524288}
scaled per_layer_int_in_reads before sum: {0: 0}
scaled per_layer_int_out_reads before sum: {0: 0}
scaled out_reads: 524288
DEBUG updateStats post scaling: Level MainMemory:
  in_reads: 8192
  per_layer_w_reads: {0: 524288, 1: 524288}
  w_reads: 1048576
  per_layer_int_in_reads: {0: 0}
  int_in_reads: 0
  per_layer_int_out_reads: {0: 0}
  int_out_reads: 0
  out_reads: 516096
  out_reads_factors: 64
Level MainMemory total_reads_per_layer[0]: 532480
Level MainMemory total_reads_per_layer[1]: 1040384
Level MainMemory total_WMOPs: 5368709120.0
Level MainMemory real WMOPs: 4294967296.0


Questo mops è chiamato da update stats
Level: GlobalBuffer, arch bypasses for the level: [], in_bp: 1, w_bp: 1, out_bp: 1, int_bp: 1
DEBUG updateStats pre scaling: Level GlobalBuffer:
  in_reads: 1
  per_layer_w_reads: {0: 1, 1: 1}
  w_reads: 2
  per_layer_int_in_reads: {0: 1}
  per_layer_int_out_reads: {0: 1}
  out_reads: 1
  out_reads_factors: 1
temporal_iterations_per_layer before update: {0: 524288, 1: 524288}, spatial_iterations_per_layer before update: {0: 1, 1: 1}
scale per layer: {0: 524288, 1: 524288}
scaled in_reads: 524288
scaled per_layer_w_reads before sum: {0: 524288, 1: 524288}
scaled per_layer_int_in_reads before sum: {0: 524288}
scaled per_layer_int_out_reads before sum: {0: 524288}
scaled out_reads: 524288
DEBUG updateStats post scaling: Level GlobalBuffer:
  in_reads: 524288
  per_layer_w_reads: {0: 524288, 1: 524288}
  w_reads: 1048576
  per_layer_int_in_reads: {0: 524288}
  int_in_reads: 524288
  per_layer_int_out_reads: {0: 524288}
  int_out_reads: 524288
  out_reads: 1040384
  out_reads_factors: 64
Level GlobalBuffer total_reads_per_layer[0]: 1572864
Level GlobalBuffer total_reads_per_layer[1]: 2088960
Level GlobalBuffer total_WMOPs: 6446178304.0
Level GlobalBuffer real WMOPs: 760274944
Initial condition (Wart: 1.551e-10):
MainMemory ----> C0: 64, Y: 128, Z: 64, C1: 64, P: 128, C2: 64
GlobalBuffer --
MACC ----------

Starting FactorFlow tiling optimization:

é stato chiamato update stats! 




Questo mops è chiamato da update stats
Level: MainMemory, arch bypasses for the level: ['int'], in_bp: 1, w_bp: 1, out_bp: 1, int_bp: 0
DEBUG updateStats pre scaling: Level MainMemory:
  in_reads: 8192
  per_layer_w_reads: {0: 524288, 1: 524288}
  w_reads: 1048576
  per_layer_int_in_reads: {0: 0}
  per_layer_int_out_reads: {0: 0}
  out_reads: 524288
  out_reads_factors: 64
temporal_iterations_per_layer before update: {0: 1, 1: 1}, spatial_iterations_per_layer before update: {0: 1, 1: 1}
scale per layer: {0: 1, 1: 1}
scaled in_reads: 8192
scaled per_layer_w_reads before sum: {0: 524288, 1: 524288}
scaled per_layer_int_in_reads before sum: {0: 0}
scaled per_layer_int_out_reads before sum: {0: 0}
scaled out_reads: 524288
DEBUG updateStats post scaling: Level MainMemory:
  in_reads: 8192
  per_layer_w_reads: {0: 524288, 1: 524288}
  w_reads: 1048576
  per_layer_int_in_reads: {0: 0}
  int_in_reads: 0
  per_layer_int_out_reads: {0: 0}
  int_out_reads: 0
  out_reads: 516096
  out_reads_factors: 64
Level MainMemory total_reads_per_layer[0]: 532480
Level MainMemory total_reads_per_layer[1]: 1040384
Level MainMemory total_WMOPs: 5368709120.0
Level MainMemory real WMOPs: 4294967296.0


Questo mops è chiamato da update stats
Level: GlobalBuffer, arch bypasses for the level: [], in_bp: 1, w_bp: 1, out_bp: 1, int_bp: 1
DEBUG updateStats pre scaling: Level GlobalBuffer:
  in_reads: 1
  per_layer_w_reads: {0: 1, 1: 1}
  w_reads: 2
  per_layer_int_in_reads: {0: 1}
  per_layer_int_out_reads: {0: 1}
  out_reads: 1
  out_reads_factors: 1
temporal_iterations_per_layer before update: {0: 524288, 1: 524288}, spatial_iterations_per_layer before update: {0: 1, 1: 1}
scale per layer: {0: 524288, 1: 524288}
scaled in_reads: 524288
scaled per_layer_w_reads before sum: {0: 524288, 1: 524288}
scaled per_layer_int_in_reads before sum: {0: 524288}
scaled per_layer_int_out_reads before sum: {0: 524288}
scaled out_reads: 524288
DEBUG updateStats post scaling: Level GlobalBuffer:
  in_reads: 524288
  per_layer_w_reads: {0: 524288, 1: 524288}
  w_reads: 1048576
  per_layer_int_in_reads: {0: 524288}
  int_in_reads: 524288
  per_layer_int_out_reads: {0: 524288}
  int_out_reads: 524288
  out_reads: 1040384
  out_reads_factors: 64
Level GlobalBuffer total_reads_per_layer[0]: 1572864
Level GlobalBuffer total_reads_per_layer[1]: 2088960
Level GlobalBuffer total_WMOPs: 6446178304.0
Level GlobalBuffer real WMOPs: 760274944
-- fanout maximization --
-- local search of memory levels --
Choices after one step: {}
No valid follow-up configuration, stopping, current Wart: 1.551e-10
Total moves: 0
Total choices: 1
Choices: {}
-- spatial-memory levels co-optimization --
Choices after one step: {}
No valid follow-up configuration, stopping, current Wart: 1.551e-10
Total moves: 0
Total choices: 1
Choices: {}
é stato chiamato update stats! 




Questo mops è chiamato da update stats
Level: MainMemory, arch bypasses for the level: ['int'], in_bp: 1, w_bp: 1, out_bp: 1, int_bp: 0
DEBUG updateStats pre scaling: Level MainMemory:
  in_reads: 524288
  per_layer_w_reads: {0: 4096, 1: 524288}
  w_reads: 528384
  per_layer_int_in_reads: {0: 0}
  per_layer_int_out_reads: {0: 0}
  out_reads: 8192
  out_reads_factors: 1
temporal_iterations_per_layer before update: {0: 1, 1: 1}, spatial_iterations_per_layer before update: {0: 1, 1: 1}
scale per layer: {0: 1, 1: 1}
scaled in_reads: 524288
scaled per_layer_w_reads before sum: {0: 4096, 1: 524288}
scaled per_layer_int_in_reads before sum: {0: 0}
scaled per_layer_int_out_reads before sum: {0: 0}
scaled out_reads: 8192
DEBUG updateStats post scaling: Level MainMemory:
  in_reads: 524288
  per_layer_w_reads: {0: 4096, 1: 524288}
  w_reads: 528384
  per_layer_int_in_reads: {0: 0}
  int_in_reads: 0
  per_layer_int_out_reads: {0: 0}
  int_out_reads: 0
  out_reads: 0
  out_reads_factors: 1
Level MainMemory total_reads_per_layer[0]: 528384
Level MainMemory total_reads_per_layer[1]: 524288
Level MainMemory total_WMOPs: 2189426688.0
Level MainMemory real WMOPs: 2172649472.0


Questo mops è chiamato da update stats
Level: GlobalBuffer, arch bypasses for the level: [], in_bp: 1, w_bp: 1, out_bp: 1, int_bp: 1
DEBUG updateStats pre scaling: Level GlobalBuffer:
  in_reads: 1
  per_layer_w_reads: {0: 1, 1: 1}
  w_reads: 2
  per_layer_int_in_reads: {0: 1}
  per_layer_int_out_reads: {0: 1}
  out_reads: 1
  out_reads_factors: 1
temporal_iterations_per_layer before update: {0: 524288, 1: 524288}, spatial_iterations_per_layer before update: {0: 1, 1: 1}
scale per layer: {0: 524288, 1: 524288}
scaled in_reads: 524288
scaled per_layer_w_reads before sum: {0: 524288, 1: 524288}
scaled per_layer_int_in_reads before sum: {0: 524288}
scaled per_layer_int_out_reads before sum: {0: 524288}
scaled out_reads: 524288
DEBUG updateStats post scaling: Level GlobalBuffer:
  in_reads: 524288
  per_layer_w_reads: {0: 524288, 1: 524288}
  w_reads: 1048576
  per_layer_int_in_reads: {0: 524288}
  int_in_reads: 524288
  per_layer_int_out_reads: {0: 524288}
  int_out_reads: 524288
  out_reads: 524288
  out_reads_factors: 64
Level GlobalBuffer total_reads_per_layer[0]: 1572864
Level GlobalBuffer total_reads_per_layer[1]: 1572864
Level GlobalBuffer total_WMOPs: 3078561792.0
Level GlobalBuffer real WMOPs: 634884096
é stato chiamato update stats! 




Questo mops è chiamato da update stats
Level: MainMemory, arch bypasses for the level: ['int'], in_bp: 1, w_bp: 1, out_bp: 1, int_bp: 0
DEBUG updateStats pre scaling: Level MainMemory:
  in_reads: 524288
  per_layer_w_reads: {0: 4096, 1: 524288}
  w_reads: 528384
  per_layer_int_in_reads: {0: 0}
  per_layer_int_out_reads: {0: 0}
  out_reads: 8192
  out_reads_factors: 1
temporal_iterations_per_layer before update: {0: 1, 1: 1}, spatial_iterations_per_layer before update: {0: 1, 1: 1}
scale per layer: {0: 1, 1: 1}
scaled in_reads: 524288
scaled per_layer_w_reads before sum: {0: 4096, 1: 524288}
scaled per_layer_int_in_reads before sum: {0: 0}
scaled per_layer_int_out_reads before sum: {0: 0}
scaled out_reads: 8192
DEBUG updateStats post scaling: Level MainMemory:
  in_reads: 524288
  per_layer_w_reads: {0: 4096, 1: 524288}
  w_reads: 528384
  per_layer_int_in_reads: {0: 0}
  int_in_reads: 0
  per_layer_int_out_reads: {0: 0}
  int_out_reads: 0
  out_reads: 0
  out_reads_factors: 1
Level MainMemory total_reads_per_layer[0]: 528384
Level MainMemory total_reads_per_layer[1]: 524288
Level MainMemory total_WMOPs: 2189426688.0
Level MainMemory real WMOPs: 2172649472.0


Questo mops è chiamato da update stats
Level: GlobalBuffer, arch bypasses for the level: [], in_bp: 1, w_bp: 1, out_bp: 1, int_bp: 1
DEBUG updateStats pre scaling: Level GlobalBuffer:
  in_reads: 1
  per_layer_w_reads: {0: 1, 1: 1}
  w_reads: 2
  per_layer_int_in_reads: {0: 1}
  per_layer_int_out_reads: {0: 1}
  out_reads: 1
  out_reads_factors: 1
temporal_iterations_per_layer before update: {0: 524288, 1: 524288}, spatial_iterations_per_layer before update: {0: 1, 1: 1}
scale per layer: {0: 524288, 1: 524288}
scaled in_reads: 524288
scaled per_layer_w_reads before sum: {0: 524288, 1: 524288}
scaled per_layer_int_in_reads before sum: {0: 524288}
scaled per_layer_int_out_reads before sum: {0: 524288}
scaled out_reads: 524288
DEBUG updateStats post scaling: Level GlobalBuffer:
  in_reads: 524288
  per_layer_w_reads: {0: 524288, 1: 524288}
  w_reads: 1048576
  per_layer_int_in_reads: {0: 524288}
  int_in_reads: 524288
  per_layer_int_out_reads: {0: 524288}
  int_out_reads: 524288
  out_reads: 524288
  out_reads_factors: 64
Level GlobalBuffer total_reads_per_layer[0]: 1572864
Level GlobalBuffer total_reads_per_layer[1]: 1572864
Level GlobalBuffer total_WMOPs: 3078561792.0
Level GlobalBuffer real WMOPs: 634884096

Final condition:
Wart: 1.551e-10
EDP: 1.693e+09 (J*cycle)
MainMemory ----> C2: 64, P: 128, C1: 64, Z: 64, C0: 64, Y: 128
GlobalBuffer --
MACC ----------

Visited mappings: 1

Performed moves: 0
é stato chiamato update stats! 




Questo mops è chiamato da update stats
Level: MainMemory, arch bypasses for the level: ['int'], in_bp: 1, w_bp: 1, out_bp: 1, int_bp: 0
DEBUG updateStats pre scaling: Level MainMemory:
  in_reads: 524288
  per_layer_w_reads: {0: 4096, 1: 524288}
  w_reads: 528384
  per_layer_int_in_reads: {0: 0}
  per_layer_int_out_reads: {0: 0}
  out_reads: 8192
  out_reads_factors: 1
temporal_iterations_per_layer before update: {0: 1, 1: 1}, spatial_iterations_per_layer before update: {0: 1, 1: 1}
scale per layer: {0: 1, 1: 1}
scaled in_reads: 524288
scaled per_layer_w_reads before sum: {0: 4096, 1: 524288}
scaled per_layer_int_in_reads before sum: {0: 0}
scaled per_layer_int_out_reads before sum: {0: 0}
scaled out_reads: 8192
DEBUG updateStats post scaling: Level MainMemory:
  in_reads: 524288
  per_layer_w_reads: {0: 4096, 1: 524288}
  w_reads: 528384
  per_layer_int_in_reads: {0: 0}
  int_in_reads: 0
  per_layer_int_out_reads: {0: 0}
  int_out_reads: 0
  out_reads: 0
  out_reads_factors: 1
Level MainMemory total_reads_per_layer[0]: 528384
Level MainMemory total_reads_per_layer[1]: 524288
Level MainMemory total_WMOPs: 2189426688.0
Level MainMemory real WMOPs: 2172649472.0


Questo mops è chiamato da update stats
Level: GlobalBuffer, arch bypasses for the level: [], in_bp: 1, w_bp: 1, out_bp: 1, int_bp: 1
DEBUG updateStats pre scaling: Level GlobalBuffer:
  in_reads: 1
  per_layer_w_reads: {0: 1, 1: 1}
  w_reads: 2
  per_layer_int_in_reads: {0: 1}
  per_layer_int_out_reads: {0: 1}
  out_reads: 1
  out_reads_factors: 1
temporal_iterations_per_layer before update: {0: 524288, 1: 524288}, spatial_iterations_per_layer before update: {0: 1, 1: 1}
scale per layer: {0: 524288, 1: 524288}
scaled in_reads: 524288
scaled per_layer_w_reads before sum: {0: 524288, 1: 524288}
scaled per_layer_int_in_reads before sum: {0: 524288}
scaled per_layer_int_out_reads before sum: {0: 524288}
scaled out_reads: 524288
DEBUG updateStats post scaling: Level GlobalBuffer:
  in_reads: 524288
  per_layer_w_reads: {0: 524288, 1: 524288}
  w_reads: 1048576
  per_layer_int_in_reads: {0: 524288}
  int_in_reads: 524288
  per_layer_int_out_reads: {0: 524288}
  int_out_reads: 524288
  out_reads: 524288
  out_reads_factors: 64
Level GlobalBuffer total_reads_per_layer[0]: 1572864
Level GlobalBuffer total_reads_per_layer[1]: 1572864
Level GlobalBuffer total_WMOPs: 3078561792.0
Level GlobalBuffer real WMOPs: 634884096

Finished in: 0.079s

Best mapping found with:
	Wart: 1.551e-10
	EDP: 1.693e+09 (J*cycle)
	Energy: 2.491e+03 (uJ)
	Latency: 2.749e+11 (cc)

Mapping:
MainMemory ----> C2: 64, P: 128, C1: 64, Z: 64, C0: 64, Y: 128
GlobalBuffer --
MACC ----------

Final MOPs per memory level:
PRINT MOP FUSION!!!
MainMemory:	Output Reads = 0 (reads) + 0 (drains), Output Writes = 8,192 (updates) + 0 (fills)
MainMemory:	Input Reads = 524,288 (reads), Input Writes = 0 (writes)
MainMemory:	Per-Layer W_R: [L0: 4,096, L1: 524,288], Total: 528,384
MainMemory:	Per-Layer Int_In_R: [L0: 0], Total: 0
MainMemory:	Per-Layer Int_Out_R: [L0: 0], Total: 0
MainMemory:	Per-Layer Int_Out_W: [L0: 0], Total: 0
MainMemory:	Total Reads = 1,052,672, Total Writes = 8,192
GlobalBuffer:	Output Reads = 516,096 (reads) + 8,192 (drains), Output Writes = 524,288 (updates) + 0 (fills)
GlobalBuffer:	Input Reads = 524,288 (reads), Input Writes = 0 (writes)
GlobalBuffer:	Per-Layer W_R: [L0: 524,288, L1: 524,288], Total: 1,048,576
GlobalBuffer:	Per-Layer Int_In_R: [L0: 524,288], Total: 524,288
GlobalBuffer:	Per-Layer Int_Out_R: [L0: 524,288], Total: 524,288
GlobalBuffer:	Per-Layer Int_Out_W: [L0: 524,288], Total: 524,288
GlobalBuffer:	Total Reads = 3,145,728, Total Writes = 1,048,576
Totals:		4,198,400 R, 1,056,768 W, 5,255,168 Tot
Energy:		236,326.381 uJ

Final Latency per level:
MainMemory:	274877906944cc RD and 274877906944cc FU Latency, 16.0 R and 16.0 W Bandwidth,
		0.000 R and 0.000 U and 0.000 F and 0.000 D Ideal Bandwidth,
		1cc per Tile, 0 Stall Cycles
GlobalBuffer:	274877906944cc RD and 274877906944cc FU Latency, 32.0 R and 32.0 W Bandwidth,
		0.000 R and 0.000 U and 0.000 F and 0.000 D Ideal Bandwidth,
		1cc per Tile, 0 Stall Cycles
Max Latency:	274877906944cc of level GlobalBuffer
