Creating architecture: Gemmini with coupling: dims: MKN, in_coupling: [K][N], w_coupling: W0: [M][K],, out_coupling: [M][N]
Creating architecture: Gemmini (conv) with coupling: dims: NMPQCRS, in_coupling: [N][C][Pstride*P+Rdilation*R][Qstride*Q+Sdilation*S], w_coupling: W0: [M][C][R][S],, out_coupling: [N][M][P][Q]
Creating architecture: Eyeriss with coupling: dims: MKN, in_coupling: [K][N], w_coupling: W0: [M][K],, out_coupling: [M][N]
Creating architecture: Eyeriss (conv) with coupling: dims: NMPQCRS, in_coupling: [N][C][Pstride*P+Rdilation*R][Qstride*Q+Sdilation*S], w_coupling: W0: [M][C][R][S],, out_coupling: [N][M][P][Q]
Creating architecture: Simba with coupling: dims: MKN, in_coupling: [K][N], w_coupling: W0: [M][K],, out_coupling: [M][N]
Creating architecture: Simba (conv) with coupling: dims: NMPQCRS, in_coupling: [N][C][Pstride*P+Rdilation*R][Qstride*Q+Sdilation*S], w_coupling: W0: [M][C][R][S],, out_coupling: [N][M][P][Q]
Creating architecture: TPUv1 with coupling: dims: MKN, in_coupling: [K][N], w_coupling: W0: [M][K],, out_coupling: [M][N]
Creating architecture: TPUv1 (conv) with coupling: dims: NMPQCRS, in_coupling: [N][C][Pstride*P+Rdilation*R][Qstride*Q+Sdilation*S], w_coupling: W0: [M][C][R][S],, out_coupling: [N][M][P][Q]
-------- architecture --------
Creating architecture: DepFiN 10-Layer Architecture with coupling: dims: C0Y0X0R0S0Z0C1R1S1Y1X1Z1C2R2S2Y2X2Z2C3R3S3Y3X3Z3C4R4S4Y4X4Z4C5R5S5Y5X5Z5C6R6S6Y6X6Z6C7R7S7Y7X7Z7C8R8S8Y8X8Z8C9R9S9Y9X9Z9C10R10S10PQZ10, in_coupling: [C0][Y0+R0][X0+S0], w_coupling: W0: [Z0][C0][R0][S0],W1: [Z1][C1][R1][S1],W2: [Z2][C2][R2][S2],W3: [Z3][C3][R3][S3],W4: [Z4][C4][R4][S4],W5: [Z5][C5][R5][S5],W6: [Z6][C6][R6][S6],W7: [Z7][C7][R7][S7],W8: [Z8][C8][R8][S8],W9: [Z9][C9][R9][S9],W10: [Z10][C10][R10][S10],, out_coupling: [Z10][P][Q]
Creating architecture: DepFiN 10-Layer Architecture with coupling: dims: C0Y0X0R0S0Z0C1R1S1Y1X1Z1C2R2S2Y2X2Z2C3R3S3Y3X3Z3C4R4S4Y4X4Z4C5R5S5Y5X5Z5C6R6S6Y6X6Z6C7R7S7Y7X7Z7C8R8S8Y8X8Z8C9R9S9Y9X9Z9C10R10S10PQZ10, in_coupling: [C0][Y0+R0][X0+S0], w_coupling: W0: [Z0][C0][R0][S0],W1: [Z1][C1][R1][S1],W2: [Z2][C2][R2][S2],W3: [Z3][C3][R3][S3],W4: [Z4][C4][R4][S4],W5: [Z5][C5][R5][S5],W6: [Z6][C6][R6][S6],W7: [Z7][C7][R7][S7],W8: [Z8][C8][R8][S8],W9: [Z9][C9][R9][S9],W10: [Z10][C10][R10][S10],, out_coupling: [Z10][P][Q]
Creating architecture: DepFiN 10-Layer Architecture with coupling: dims: C0Y0X0R0S0Z0C1R1S1Y1X1Z1C2R2S2Y2X2Z2C3R3S3Y3X3Z3C4R4S4Y4X4Z4C5R5S5Y5X5Z5C6R6S6Y6X6Z6C7R7S7Y7X7Z7C8R8S8Y8X8Z8C9R9S9Y9X9Z9C10R10S10PQZ10, in_coupling: [C0][Y0+R0][X0+S0], w_coupling: W0: [Z0][C0][R0][S0],W1: [Z1][C1][R1][S1],W2: [Z2][C2][R2][S2],W3: [Z3][C3][R3][S3],W4: [Z4][C4][R4][S4],W5: [Z5][C5][R5][S5],W6: [Z6][C6][R6][S6],W7: [Z7][C7][R7][S7],W8: [Z8][C8][R8][S8],W9: [Z9][C9][R9][S9],W10: [Z10][C10][R10][S10],, out_coupling: [Z10][P][Q]
Creating architecture: DepFiN 10-Layer Architecture with coupling: dims: C0Y0X0R0S0Z0C1R1S1Y1X1Z1C2R2S2Y2X2Z2C3R3S3Y3X3Z3C4R4S4Y4X4Z4C5R5S5Y5X5Z5C6R6S6Y6X6Z6C7R7S7Y7X7Z7C8R8S8Y8X8Z8C9R9S9Y9X9Z9C10R10S10PQZ10, in_coupling: [C0][Y0+R0][X0+S0], w_coupling: W0: [Z0][C0][R0][S0],W1: [Z1][C1][R1][S1],W2: [Z2][C2][R2][S2],W3: [Z3][C3][R3][S3],W4: [Z4][C4][R4][S4],W5: [Z5][C5][R5][S5],W6: [Z6][C6][R6][S6],W7: [Z7][C7][R7][S7],W8: [Z8][C8][R8][S8],W9: [Z9][C9][R9][S9],W10: [Z10][C10][R10][S10],, out_coupling: [Z10][P][Q]
Creating architecture: DepFiN 10-Layer Architecture with coupling: dims: C0Y0X0R0S0Z0C1R1S1Y1X1Z1C2R2S2Y2X2Z2C3R3S3Y3X3Z3C4R4S4Y4X4Z4C5R5S5Y5X5Z5C6R6S6Y6X6Z6C7R7S7Y7X7Z7C8R8S8Y8X8Z8C9R9S9Y9X9Z9C10R10S10PQZ10, in_coupling: [C0][Y0+R0][X0+S0], w_coupling: W0: [Z0][C0][R0][S0],W1: [Z1][C1][R1][S1],W2: [Z2][C2][R2][S2],W3: [Z3][C3][R3][S3],W4: [Z4][C4][R4][S4],W5: [Z5][C5][R5][S5],W6: [Z6][C6][R6][S6],W7: [Z7][C7][R7][S7],W8: [Z8][C8][R8][S8],W9: [Z9][C9][R9][S9],W10: [Z10][C10][R10][S10],, out_coupling: [Z10][P][Q]
Architecture: architectures/multi_layer_arch.py -> arch
-------- computation  --------
Computation: architectures/10layer_comp.py -> comp: {P: 720, Q: 1280, Z10: 16, C10: 32, R10: 1, S10: 1, Y9: 720, X9: 1280, Z9: 32, C9: 32, R9: 3, S9: 3, Y8: 720, X8: 1280, Z8: 32, C8: 32, R8: 3, S8: 3, Y7: 720, X7: 1280, Z7: 32, C7: 32, R7: 3, S7: 3, Y6: 720, X6: 1280, Z6: 32, C6: 32, R6: 3, S6: 3, Y5: 720, X5: 1280, Z5: 32, C5: 32, R5: 3, S5: 3, Y4: 720, X4: 1280, Z4: 32, C4: 32, R4: 3, S4: 3, Y3: 720, X3: 1280, Z3: 32, C3: 32, R3: 3, S3: 3, Y2: 720, X2: 1280, Z2: 32, C2: 32, R2: 3, S2: 3, Y1: 720, X1: 1280, Z1: 32, C1: 32, R1: 3, S1: 3, Y0: 720, X0: 1280, Z0: 32, R0: 3, S0: 3, C0: 3}
Coupling: architectures/10layer_comp.py -> coupling: dims: C0Y0X0R0S0Z0C1R1S1Y1X1Z1C2R2S2Y2X2Z2C3R3S3Y3X3Z3C4R4S4Y4X4Z4C5R5S5Y5X5Z5C6R6S6Y6X6Z6C7R7S7Y7X7Z7C8R8S8Y8X8Z8C9R9S9Y9X9Z9C10R10S10PQZ10, in_coupling: [C0][Y0+R0][X0+S0], w_coupling: W0: [Z0][C0][R0][S0],W1: [Z1][C1][R1][S1],W2: [Z2][C2][R2][S2],W3: [Z3][C3][R3][S3],W4: [Z4][C4][R4][S4],W5: [Z5][C5][R5][S5],W6: [Z6][C6][R6][S6],W7: [Z7][C7][R7][S7],W8: [Z8][C8][R8][S8],W9: [Z9][C9][R9][S9],W10: [Z10][C10][R10][S10],, out_coupling: [Z10][P][Q]
Bias present: False
------------------------------
----- running FactorFlow -----
------------------------------

Threads: 8
final_layer_dims: {'Z10', 'C0', 'Q', 'S10', 'S0', 'C10', 'R0', 'P', 'R10', 'Y0', 'X0'}, coupling.dims: ['C0', 'Y0', 'X0', 'R0', 'S0', 'Z0', 'C1', 'R1', 'S1', 'Y1', 'X1', 'Z1', 'C2', 'R2', 'S2', 'Y2', 'X2', 'Z2', 'C3', 'R3', 'S3', 'Y3', 'X3', 'Z3', 'C4', 'R4', 'S4', 'Y4', 'X4', 'Z4', 'C5', 'R5', 'S5', 'Y5', 'X5', 'Z5', 'C6', 'R6', 'S6', 'Y6', 'X6', 'Z6', 'C7', 'R7', 'S7', 'Y7', 'X7', 'Z7', 'C8', 'R8', 'S8', 'Y8', 'X8', 'Z8', 'C9', 'R9', 'S9', 'Y9', 'X9', 'Z9', 'C10', 'R10', 'S10', 'P', 'Q', 'Z10']
INFO: Arch: DepFiN 10-Layer Architecture: identified intermediate dimensions: {'Y4', 'C5', 'Z8', 'X7', 'R1', 'Y7', 'Y3', 'Z5', 'Y5', 'R3', 'X6', 'S7', 'Z6', 'S5', 'C7', 'Y1', 'Y6', 'Y9', 'C2', 'Z3', 'R8', 'R4', 'S6', 'Y2', 'Z9', 'X8', 'C6', 'R6', 'Z4', 'X3', 'X9', 'Y8', 'S2', 'X1', 'Z0', 'S1', 'S3', 'R9', 'X4', 'C1', 'C3', 'X5', 'S4', 'R5', 'S9', 'Z2', 'C9', 'C4', 'C8', 'R2', 'X2', 'S8', 'Z7', 'R7', 'Z1'}
Starting engine with mapper: breadthfirst_local

WARNING: running on a Python version without free-threading (GIL enabled), this program relies heavily on true multithreading, thus expect a severe performance hit with your current setup. Consider updating to Python 3.13t or newer.
INFO: running multithreaded with THREADS_COUNT = 8

-------- factorFlow --------
Level: DRAM: Checking factors constraints...
Input FC size: 6912

Intermediate Input FC size: 2011393

Input size: 2776812

Output size: 14745600

Weight size: 84320

Intermediate input size: 296065152
Total intermediate size (input + output): 0

input_size: 2776812, output_size: 14745600, weight_size: 84320, intermediate_size: 0
Total mem footprint: 17613644



Level: FeatureMemory: Checking factors constraints...
Input FC size: 0

Intermediate Input FC size: 1

Input size: 1170

Output size: 2048

Weight size: 0

Intermediate input size: 116416
Total intermediate size (input + output): 116416

input_size: 1170, output_size: 2048, weight_size: 0, intermediate_size: 116416
Total mem footprint: 119635



Level: WeightMemory: Checking factors constraints...
Input FC size: 0

Intermediate Input FC size: 1

Input size: 0

Output size: 0

Weight size: 84320

Intermediate input size: 116416
Total intermediate size (input + output): 0

input_size: 0, output_size: 0, weight_size: 84320, intermediate_size: 0
Total mem footprint: 84320



é stato chiamato update stats! 




Questo mops è chiamato da update stats
Level: DRAM, arch bypasses for the level: ['int'], in_bp: 1, w_bp: 0, out_bp: 1, int_bp: 0
arch.name: DepFiN 10-Layer Architecture, level.name: DRAM
Level: DRAM: Starting MOPs calculation with in_bp: 1, w_bp: 0, out_bp: 1, int_bp: 0, ignore_bypasses: False, dataflow: ['Q', 'P', 'X9', 'Y9', 'X8', 'Y8', 'X7', 'Y7', 'X6', 'Y6', 'X5', 'Y5', 'X4', 'Y4', 'X3', 'Y3', 'X2', 'Y2', 'X1', 'Y1', 'X0', 'Y0', 'C0', 'R0', 'S0', 'Z0', 'C1', 'R1', 'S1', 'Z1', 'C2', 'R2', 'S2', 'Z2', 'C3', 'R3', 'S3', 'Z3', 'C4', 'R4', 'S4', 'Z4', 'C5', 'R5', 'S5', 'Z5', 'C6', 'R6', 'S6', 'Z6', 'C7', 'R7', 'S7', 'Z7', 'C8', 'R8', 'S8', 'Z8', 'C9', 'R9', 'S9', 'Z9', 'C10', 'R10', 'S10', 'Z10'], factors: {C0: {}, Y0: {2: 4, 3: 2, 5: 1}, X0: {2: 1, 5: 1}, R0: {}, S0: {}, Z0: {}, C1: {}, R1: {}, S1: {}, Y1: {2: 4, 3: 2, 5: 1}, X1: {2: 1, 5: 1}, Z1: {}, C2: {}, R2: {}, S2: {}, Y2: {2: 4, 3: 2, 5: 1}, X2: {2: 1, 5: 1}, Z2: {}, C3: {}, R3: {}, S3: {}, Y3: {2: 4, 3: 2, 5: 1}, X3: {2: 1, 5: 1}, Z3: {}, C4: {}, R4: {}, S4: {}, Y4: {2: 4, 3: 2, 5: 1}, X4: {2: 1, 5: 1}, Z4: {}, C5: {}, R5: {}, S5: {}, Y5: {2: 4, 3: 2, 5: 1}, X5: {2: 1, 5: 1}, Z5: {}, C6: {}, R6: {}, S6: {}, Y6: {2: 4, 3: 2, 5: 1}, X6: {2: 1, 5: 1}, Z6: {}, C7: {}, R7: {}, S7: {}, Y7: {2: 4, 3: 2, 5: 1}, X7: {2: 1, 5: 1}, Z7: {}, C8: {}, R8: {}, S8: {}, Y8: {2: 4, 3: 2, 5: 1}, X8: {2: 1, 5: 1}, Z8: {}, C9: {}, R9: {}, S9: {}, Y9: {2: 4, 3: 2, 5: 1}, X9: {2: 1, 5: 1}, Z9: {}, C10: {}, R10: {}, S10: {}, P: {2: 4, 3: 2, 5: 1}, Q: {2: 1, 5: 1}, Z10: {}}, tile_sizes: {C0: 3, Y0: 1, X0: 128, R0: 3, S0: 3, Z0: 32, C1: 32, R1: 3, S1: 3, Y1: 1, X1: 128, Z1: 32, C2: 32, R2: 3, S2: 3, Y2: 1, X2: 128, Z2: 32, C3: 32, R3: 3, S3: 3, Y3: 1, X3: 128, Z3: 32, C4: 32, R4: 3, S4: 3, Y4: 1, X4: 128, Z4: 32, C5: 32, R5: 3, S5: 3, Y5: 1, X5: 128, Z5: 32, C6: 32, R6: 3, S6: 3, Y6: 1, X6: 128, Z6: 32, C7: 32, R7: 3, S7: 3, Y7: 1, X7: 128, Z7: 32, C8: 32, R8: 3, S8: 3, Y8: 1, X8: 128, Z8: 32, C9: 32, R9: 3, S9: 3, Y9: 1, X9: 128, Z9: 32, C10: 32, R10: 1, S10: 1, P: 1, Q: 128, Z10: 16}, factors_constraints: {'Q': 10, 'P': 720, 'X9': 10, 'Y9': 720, 'X8': 10, 'Y8': 720, 'X7': 10, 'Y7': 720, 'X6': 10, 'Y6': 720, 'X5': 10, 'Y5': 720, 'X4': 10, 'Y4': 720, 'X3': 10, 'Y3': 720, 'X2': 10, 'Y2': 720, 'X1': 10, 'Y1': 720, 'X0': 10, 'Y0': 720}, bypasses: ['int'], multiple_buffering: 1, multiple_reuses: True
actual_dataflow_per_layer[0]: ['X0', 'Y0']
actual_dataflow_per_layer[1]: ['X1', 'Y1']
actual_dataflow_per_layer[2]: ['X2', 'Y2']
actual_dataflow_per_layer[3]: ['X3', 'Y3']
actual_dataflow_per_layer[4]: ['X4', 'Y4']
actual_dataflow_per_layer[5]: ['X5', 'Y5']
actual_dataflow_per_layer[6]: ['X6', 'Y6']
actual_dataflow_per_layer[7]: ['X7', 'Y7']
actual_dataflow_per_layer[8]: ['X8', 'Y8']
actual_dataflow_per_layer[9]: ['X9', 'Y9']
actual_dataflow_per_layer[10]: ['Q', 'P']
Level: DRAM: actual_dataflow: ['Q', 'P', 'X9', 'Y9', 'X8', 'Y8', 'X7', 'Y7', 'X6', 'Y6', 'X5', 'Y5', 'X4', 'Y4', 'X3', 'Y3', 'X2', 'Y2', 'X1', 'Y1', 'X0', 'Y0'], dataflow: ['Q', 'P', 'X9', 'Y9', 'X8', 'Y8', 'X7', 'Y7', 'X6', 'Y6', 'X5', 'Y5', 'X4', 'Y4', 'X3', 'Y3', 'X2', 'Y2', 'X1', 'Y1', 'X0', 'Y0', 'C0', 'R0', 'S0', 'Z0', 'C1', 'R1', 'S1', 'Z1', 'C2', 'R2', 'S2', 'Z2', 'C3', 'R3', 'S3', 'Z3', 'C4', 'R4', 'S4', 'Z4', 'C5', 'R5', 'S5', 'Z5', 'C6', 'R6', 'S6', 'Z6', 'C7', 'R7', 'S7', 'Z7', 'C8', 'R8', 'S8', 'Z8', 'C9', 'R9', 'S9', 'Z9', 'C10', 'R10', 'S10', 'Z10'], actual_dataflow_per_layer: {0: ['X0', 'Y0'], 1: ['X1', 'Y1'], 2: ['X2', 'Y2'], 3: ['X3', 'Y3'], 4: ['X4', 'Y4'], 5: ['X5', 'Y5'], 6: ['X6', 'Y6'], 7: ['X7', 'Y7'], 8: ['X8', 'Y8'], 9: ['X9', 'Y9'], 10: ['Q', 'P']}, factors: {C0: {}, Y0: {2: 4, 3: 2, 5: 1}, X0: {2: 1, 5: 1}, R0: {}, S0: {}, Z0: {}, C1: {}, R1: {}, S1: {}, Y1: {2: 4, 3: 2, 5: 1}, X1: {2: 1, 5: 1}, Z1: {}, C2: {}, R2: {}, S2: {}, Y2: {2: 4, 3: 2, 5: 1}, X2: {2: 1, 5: 1}, Z2: {}, C3: {}, R3: {}, S3: {}, Y3: {2: 4, 3: 2, 5: 1}, X3: {2: 1, 5: 1}, Z3: {}, C4: {}, R4: {}, S4: {}, Y4: {2: 4, 3: 2, 5: 1}, X4: {2: 1, 5: 1}, Z4: {}, C5: {}, R5: {}, S5: {}, Y5: {2: 4, 3: 2, 5: 1}, X5: {2: 1, 5: 1}, Z5: {}, C6: {}, R6: {}, S6: {}, Y6: {2: 4, 3: 2, 5: 1}, X6: {2: 1, 5: 1}, Z6: {}, C7: {}, R7: {}, S7: {}, Y7: {2: 4, 3: 2, 5: 1}, X7: {2: 1, 5: 1}, Z7: {}, C8: {}, R8: {}, S8: {}, Y8: {2: 4, 3: 2, 5: 1}, X8: {2: 1, 5: 1}, Z8: {}, C9: {}, R9: {}, S9: {}, Y9: {2: 4, 3: 2, 5: 1}, X9: {2: 1, 5: 1}, Z9: {}, C10: {}, R10: {}, S10: {}, P: {2: 4, 3: 2, 5: 1}, Q: {2: 1, 5: 1}, Z10: {}}, num layers: 11
tile size for each dim in actual_dataflow: [('Q', 128), ('P', 1), ('X9', 128), ('Y9', 1), ('X8', 128), ('Y8', 1), ('X7', 128), ('Y7', 1), ('X6', 128), ('Y6', 1), ('X5', 128), ('Y5', 1), ('X4', 128), ('Y4', 1), ('X3', 128), ('Y3', 1), ('X2', 128), ('Y2', 1), ('X1', 128), ('Y1', 1), ('X0', 128), ('Y0', 1)]
tile size for each dim in actual_dataflow_per_layer[0]: [('X0', 128), ('Y0', 1)]
tile size for each dim in actual_dataflow_per_layer[1]: [('X1', 128), ('Y1', 1)]
tile size for each dim in actual_dataflow_per_layer[2]: [('X2', 128), ('Y2', 1)]


Stationarity calculation for Level: DRAM: in_bp = 1, w_bp = 0, int_bp = 0, out_bp = 1


Initialization Level: DRAM: in_reads = 1
Level: DRAM: flat_in_coupling = ['C0', 'Y0', 'R0', 'X0', 'S0'], i = 1, actual_dataflow_per_layer[0] = ['X0', 'Y0']
input read after innermost_dim_sum handling: 1
dim_sum: ['C0'], tile sizes[dim] for dim in dim_sum: [3]
dim_sum: ['Y0', 'R0'], tile sizes[dim] for dim in dim_sum: [1, 3]
dim_sum: ['X0', 'S0'], tile sizes[dim] for dim in dim_sum: [128, 3]
Level: DRAM, Layer 0: after no Spatial, Input in_reads = 1170, i = 1, innermost_dim_sum = None
input remaining dim in actual_dataflow_per_layer[0][:2]: ['X0', 'Y0']
actual_dataflow_per_layer[0]: ['X0', 'Y0'], i = 1
Level: DRAM, Layer 0: multiplying Input in_reads = 1170 by factor of dim X0 with factor 10
Level: DRAM, Layer 0: multiplying Input in_reads = 11700 by factor of dim Y0 with factor 720
Level: DRAM, Layer 0: final Input in_reads = 8,424,000


Initialization Level: DRAM, Layer 10: out_reads = 1, innermost_dim_sum = None, i = 1, actual_dataflow = ['Q', 'P']
out layer read after innermost_dim_sum handling: 1
innermost_dim_sum: None, dim_sum: dim_sum in self.arch.coupling.out_coupling if dim_sum is not innermost_dim_sum: [['Z10'], ['P'], ['Q']]
self.tile_size[dim] for dim in dim_sum: [[16], [1], [128]]
output layer 10 read after no next_spatials handling: 2048
out remaining dim in actual_dataflow_per_layer[10][:2]: ['Q', 'P']
actual_dataflow_per_layer[10]: ['Q', 'P'], i = 1

output layer 10 final read: 14745600, out_reads_factors (orthogonal to output) = 1

BEFORE BYPASS: ignore_bypasses: False, In reads: 8,424,000, Per Layer W Reads: {0: 0, 1: 0, 2: 0, 3: 0, 4: 0, 5: 0, 6: 0, 7: 0, 8: 0, 9: 0, 10: 0}, w_reads: 0,
 Per Layer Intermediate Input reads: {0: 0, 1: 0, 2: 0, 3: 0, 4: 0, 5: 0, 6: 0, 7: 0, 8: 0, 9: 0}, int_in_reads: 0, Per Layer Intermediate Output reads: {0: 0, 1: 0, 2: 0, 3: 0, 4: 0, 5: 0, 6: 0, 7: 0, 8: 0, 9: 0}, int_out_reads: 0, Out reads: 14745600
I AM HANDLING BYPASS NOW


Level: DRAM: Operand = in
No levels in between for bypass operand in


Level: DRAM: Operand = w
Final level name before not bypassing: FeatureMemory
I call MOPs on FeatureMemory
arch.name: DepFiN 10-Layer Architecture, level.name: FeatureMemory
Level (handling bypass): FeatureMemory: Starting MOPs calculation with in_bp: False, w_bp: True, out_bp: False, int_bp: False, dataflow: ['C0', 'Y0', 'X0', 'R0', 'S0', 'Z0', 'C1', 'R1', 'S1', 'Y1', 'X1', 'Z1', 'C2', 'R2', 'S2', 'Y2', 'X2', 'Z2', 'C3', 'R3', 'S3', 'Y3', 'X3', 'Z3', 'C4', 'R4', 'S4', 'Y4', 'X4', 'Z4', 'C5', 'R5', 'S5', 'Y5', 'X5', 'Z5', 'C6', 'R6', 'S6', 'Y6', 'X6', 'Z6', 'C7', 'R7', 'S7', 'Y7', 'X7', 'Z7', 'C8', 'R8', 'S8', 'Y8', 'X8', 'Z8', 'C9', 'R9', 'S9', 'Y9', 'X9', 'Z9', 'C10', 'R10', 'S10', 'P', 'Q', 'Z10'], factors: {C0: {}, Y0: {}, X0: {}, R0: {}, S0: {}, Z0: {}, C1: {}, R1: {}, S1: {}, Y1: {}, X1: {}, Z1: {}, C2: {}, R2: {}, S2: {}, Y2: {}, X2: {}, Z2: {}, C3: {}, R3: {}, S3: {}, Y3: {}, X3: {}, Z3: {}, C4: {}, R4: {}, S4: {}, Y4: {}, X4: {}, Z4: {}, C5: {}, R5: {}, S5: {}, Y5: {}, X5: {}, Z5: {}, C6: {}, R6: {}, S6: {}, Y6: {}, X6: {}, Z6: {}, C7: {}, R7: {}, S7: {}, Y7: {}, X7: {}, Z7: {}, C8: {}, R8: {}, S8: {}, Y8: {}, X8: {}, Z8: {}, C9: {}, R9: {}, S9: {}, Y9: {}, X9: {}, Z9: {}, C10: {}, R10: {}, S10: {}, P: {}, Q: {}, Z10: {}}, tile_sizes: {C0: 3, Y0: 1, X0: 128, R0: 3, S0: 3, Z0: 32, C1: 32, R1: 3, S1: 3, Y1: 1, X1: 128, Z1: 32, C2: 32, R2: 3, S2: 3, Y2: 1, X2: 128, Z2: 32, C3: 32, R3: 3, S3: 3, Y3: 1, X3: 128, Z3: 32, C4: 32, R4: 3, S4: 3, Y4: 1, X4: 128, Z4: 32, C5: 32, R5: 3, S5: 3, Y5: 1, X5: 128, Z5: 32, C6: 32, R6: 3, S6: 3, Y6: 1, X6: 128, Z6: 32, C7: 32, R7: 3, S7: 3, Y7: 1, X7: 128, Z7: 32, C8: 32, R8: 3, S8: 3, Y8: 1, X8: 128, Z8: 32, C9: 32, R9: 3, S9: 3, Y9: 1, X9: 128, Z9: 32, C10: 32, R10: 1, S10: 1, P: 1, Q: 128, Z10: 16}, factors_constraints: {}, bypasses: ['w'], multiple_buffering: 1, multiple_reuses: True
actual_dataflow_per_layer[0]: []
actual_dataflow_per_layer[1]: []
actual_dataflow_per_layer[2]: []
actual_dataflow_per_layer[3]: []
actual_dataflow_per_layer[4]: []
actual_dataflow_per_layer[5]: []
actual_dataflow_per_layer[6]: []
actual_dataflow_per_layer[7]: []
actual_dataflow_per_layer[8]: []
actual_dataflow_per_layer[9]: []
actual_dataflow_per_layer[10]: []
Level: FeatureMemory: actual_dataflow: [], dataflow: ['C0', 'Y0', 'X0', 'R0', 'S0', 'Z0', 'C1', 'R1', 'S1', 'Y1', 'X1', 'Z1', 'C2', 'R2', 'S2', 'Y2', 'X2', 'Z2', 'C3', 'R3', 'S3', 'Y3', 'X3', 'Z3', 'C4', 'R4', 'S4', 'Y4', 'X4', 'Z4', 'C5', 'R5', 'S5', 'Y5', 'X5', 'Z5', 'C6', 'R6', 'S6', 'Y6', 'X6', 'Z6', 'C7', 'R7', 'S7', 'Y7', 'X7', 'Z7', 'C8', 'R8', 'S8', 'Y8', 'X8', 'Z8', 'C9', 'R9', 'S9', 'Y9', 'X9', 'Z9', 'C10', 'R10', 'S10', 'P', 'Q', 'Z10'], actual_dataflow_per_layer: {0: [], 1: [], 2: [], 3: [], 4: [], 5: [], 6: [], 7: [], 8: [], 9: [], 10: []}, factors: {C0: {}, Y0: {}, X0: {}, R0: {}, S0: {}, Z0: {}, C1: {}, R1: {}, S1: {}, Y1: {}, X1: {}, Z1: {}, C2: {}, R2: {}, S2: {}, Y2: {}, X2: {}, Z2: {}, C3: {}, R3: {}, S3: {}, Y3: {}, X3: {}, Z3: {}, C4: {}, R4: {}, S4: {}, Y4: {}, X4: {}, Z4: {}, C5: {}, R5: {}, S5: {}, Y5: {}, X5: {}, Z5: {}, C6: {}, R6: {}, S6: {}, Y6: {}, X6: {}, Z6: {}, C7: {}, R7: {}, S7: {}, Y7: {}, X7: {}, Z7: {}, C8: {}, R8: {}, S8: {}, Y8: {}, X8: {}, Z8: {}, C9: {}, R9: {}, S9: {}, Y9: {}, X9: {}, Z9: {}, C10: {}, R10: {}, S10: {}, P: {}, Q: {}, Z10: {}}, num layers: 11
tile size for each dim in actual_dataflow: []
tile size for each dim in actual_dataflow_per_layer[0]: []
tile size for each dim in actual_dataflow_per_layer[1]: []
tile size for each dim in actual_dataflow_per_layer[2]: []


Stationarity calculation for Level: FeatureMemory: in_bp = False, w_bp = True, int_bp = False, out_bp = False


Initialization Level: FeatureMemory: w_reads = 1, per_layer_w_reads = {0: 1, 1: 1, 2: 1, 3: 1, 4: 1, 5: 1, 6: 1, 7: 1, 8: 1, 9: 1, 10: 1}
actual_dataflow_per_layer[0] = [], flat_weight_coupling[0] = ['Z0', 'C0', 'R0', 'S0']
tile size for each dim of actual_dataflow_per_layer[0]: []
Level: FeatureMemory: innermost_dim_sum = None, i = -1, actual_dataflow_per_layer[0] = []
weight layer 0 read after innermost_dim_sum handling: 1
innermost_dim_sum: None, dim_sum: dim_sum in self.arch.coupling.getWeightCoupling(0) if dim_sum is not innermost_dim_sum: [['Z0'], ['C0'], ['R0'], ['S0']]
self.tile_size[dim] for dim in dim_sum: [[32], [3], [3], [3]]
weight layer 0 read after no next_spatials handling: 864
weight layer 0 read after next_spatials handling: 864
weight remaining dim in actual_dataflow_per_layer[0][:0]: []
actual_dataflow_per_layer[0]: [], i = -1

Level: FeatureMemory, Layer 0: final Weight layer_read = 864


actual_dataflow_per_layer[1] = [], flat_weight_coupling[1] = ['Z1', 'C1', 'R1', 'S1']
tile size for each dim of actual_dataflow_per_layer[1]: []
Level: FeatureMemory: innermost_dim_sum = None, i = -1, actual_dataflow_per_layer[1] = []
weight layer 1 read after innermost_dim_sum handling: 1
innermost_dim_sum: None, dim_sum: dim_sum in self.arch.coupling.getWeightCoupling(1) if dim_sum is not innermost_dim_sum: [['Z1'], ['C1'], ['R1'], ['S1']]
self.tile_size[dim] for dim in dim_sum: [[32], [32], [3], [3]]
weight layer 1 read after no next_spatials handling: 9216
weight layer 1 read after next_spatials handling: 9216
weight remaining dim in actual_dataflow_per_layer[1][:0]: []
actual_dataflow_per_layer[1]: [], i = -1

Level: FeatureMemory, Layer 1: final Weight layer_read = 9,216


actual_dataflow_per_layer[2] = [], flat_weight_coupling[2] = ['Z2', 'C2', 'R2', 'S2']
tile size for each dim of actual_dataflow_per_layer[2]: []
Level: FeatureMemory: innermost_dim_sum = None, i = -1, actual_dataflow_per_layer[2] = []
weight layer 2 read after innermost_dim_sum handling: 1
innermost_dim_sum: None, dim_sum: dim_sum in self.arch.coupling.getWeightCoupling(2) if dim_sum is not innermost_dim_sum: [['Z2'], ['C2'], ['R2'], ['S2']]
self.tile_size[dim] for dim in dim_sum: [[32], [32], [3], [3]]
weight layer 2 read after no next_spatials handling: 9216
weight layer 2 read after next_spatials handling: 9216
weight remaining dim in actual_dataflow_per_layer[2][:0]: []
actual_dataflow_per_layer[2]: [], i = -1

Level: FeatureMemory, Layer 2: final Weight layer_read = 9,216


actual_dataflow_per_layer[3] = [], flat_weight_coupling[3] = ['Z3', 'C3', 'R3', 'S3']
tile size for each dim of actual_dataflow_per_layer[3]: []
Level: FeatureMemory: innermost_dim_sum = None, i = -1, actual_dataflow_per_layer[3] = []
weight layer 3 read after innermost_dim_sum handling: 1
innermost_dim_sum: None, dim_sum: dim_sum in self.arch.coupling.getWeightCoupling(3) if dim_sum is not innermost_dim_sum: [['Z3'], ['C3'], ['R3'], ['S3']]
self.tile_size[dim] for dim in dim_sum: [[32], [32], [3], [3]]
weight layer 3 read after no next_spatials handling: 9216
weight layer 3 read after next_spatials handling: 9216
weight remaining dim in actual_dataflow_per_layer[3][:0]: []
actual_dataflow_per_layer[3]: [], i = -1

Level: FeatureMemory, Layer 3: final Weight layer_read = 9,216


actual_dataflow_per_layer[4] = [], flat_weight_coupling[4] = ['Z4', 'C4', 'R4', 'S4']
tile size for each dim of actual_dataflow_per_layer[4]: []
Level: FeatureMemory: innermost_dim_sum = None, i = -1, actual_dataflow_per_layer[4] = []
weight layer 4 read after innermost_dim_sum handling: 1
innermost_dim_sum: None, dim_sum: dim_sum in self.arch.coupling.getWeightCoupling(4) if dim_sum is not innermost_dim_sum: [['Z4'], ['C4'], ['R4'], ['S4']]
self.tile_size[dim] for dim in dim_sum: [[32], [32], [3], [3]]
weight layer 4 read after no next_spatials handling: 9216
weight layer 4 read after next_spatials handling: 9216
weight remaining dim in actual_dataflow_per_layer[4][:0]: []
actual_dataflow_per_layer[4]: [], i = -1

Level: FeatureMemory, Layer 4: final Weight layer_read = 9,216


actual_dataflow_per_layer[5] = [], flat_weight_coupling[5] = ['Z5', 'C5', 'R5', 'S5']
tile size for each dim of actual_dataflow_per_layer[5]: []
Level: FeatureMemory: innermost_dim_sum = None, i = -1, actual_dataflow_per_layer[5] = []
weight layer 5 read after innermost_dim_sum handling: 1
innermost_dim_sum: None, dim_sum: dim_sum in self.arch.coupling.getWeightCoupling(5) if dim_sum is not innermost_dim_sum: [['Z5'], ['C5'], ['R5'], ['S5']]
self.tile_size[dim] for dim in dim_sum: [[32], [32], [3], [3]]
weight layer 5 read after no next_spatials handling: 9216
weight layer 5 read after next_spatials handling: 9216
weight remaining dim in actual_dataflow_per_layer[5][:0]: []
actual_dataflow_per_layer[5]: [], i = -1

Level: FeatureMemory, Layer 5: final Weight layer_read = 9,216


actual_dataflow_per_layer[6] = [], flat_weight_coupling[6] = ['Z6', 'C6', 'R6', 'S6']
tile size for each dim of actual_dataflow_per_layer[6]: []
Level: FeatureMemory: innermost_dim_sum = None, i = -1, actual_dataflow_per_layer[6] = []
weight layer 6 read after innermost_dim_sum handling: 1
innermost_dim_sum: None, dim_sum: dim_sum in self.arch.coupling.getWeightCoupling(6) if dim_sum is not innermost_dim_sum: [['Z6'], ['C6'], ['R6'], ['S6']]
self.tile_size[dim] for dim in dim_sum: [[32], [32], [3], [3]]
weight layer 6 read after no next_spatials handling: 9216
weight layer 6 read after next_spatials handling: 9216
weight remaining dim in actual_dataflow_per_layer[6][:0]: []
actual_dataflow_per_layer[6]: [], i = -1

Level: FeatureMemory, Layer 6: final Weight layer_read = 9,216


actual_dataflow_per_layer[7] = [], flat_weight_coupling[7] = ['Z7', 'C7', 'R7', 'S7']
tile size for each dim of actual_dataflow_per_layer[7]: []
Level: FeatureMemory: innermost_dim_sum = None, i = -1, actual_dataflow_per_layer[7] = []
weight layer 7 read after innermost_dim_sum handling: 1
innermost_dim_sum: None, dim_sum: dim_sum in self.arch.coupling.getWeightCoupling(7) if dim_sum is not innermost_dim_sum: [['Z7'], ['C7'], ['R7'], ['S7']]
self.tile_size[dim] for dim in dim_sum: [[32], [32], [3], [3]]
weight layer 7 read after no next_spatials handling: 9216
weight layer 7 read after next_spatials handling: 9216
weight remaining dim in actual_dataflow_per_layer[7][:0]: []
actual_dataflow_per_layer[7]: [], i = -1

Level: FeatureMemory, Layer 7: final Weight layer_read = 9,216


actual_dataflow_per_layer[8] = [], flat_weight_coupling[8] = ['Z8', 'C8', 'R8', 'S8']
tile size for each dim of actual_dataflow_per_layer[8]: []
Level: FeatureMemory: innermost_dim_sum = None, i = -1, actual_dataflow_per_layer[8] = []
weight layer 8 read after innermost_dim_sum handling: 1
innermost_dim_sum: None, dim_sum: dim_sum in self.arch.coupling.getWeightCoupling(8) if dim_sum is not innermost_dim_sum: [['Z8'], ['C8'], ['R8'], ['S8']]
self.tile_size[dim] for dim in dim_sum: [[32], [32], [3], [3]]
weight layer 8 read after no next_spatials handling: 9216
weight layer 8 read after next_spatials handling: 9216
weight remaining dim in actual_dataflow_per_layer[8][:0]: []
actual_dataflow_per_layer[8]: [], i = -1

Level: FeatureMemory, Layer 8: final Weight layer_read = 9,216


actual_dataflow_per_layer[9] = [], flat_weight_coupling[9] = ['Z9', 'C9', 'R9', 'S9']
tile size for each dim of actual_dataflow_per_layer[9]: []
Level: FeatureMemory: innermost_dim_sum = None, i = -1, actual_dataflow_per_layer[9] = []
weight layer 9 read after innermost_dim_sum handling: 1
innermost_dim_sum: None, dim_sum: dim_sum in self.arch.coupling.getWeightCoupling(9) if dim_sum is not innermost_dim_sum: [['Z9'], ['C9'], ['R9'], ['S9']]
self.tile_size[dim] for dim in dim_sum: [[32], [32], [3], [3]]
weight layer 9 read after no next_spatials handling: 9216
weight layer 9 read after next_spatials handling: 9216
weight remaining dim in actual_dataflow_per_layer[9][:0]: []
actual_dataflow_per_layer[9]: [], i = -1

Level: FeatureMemory, Layer 9: final Weight layer_read = 9,216


actual_dataflow_per_layer[10] = [], flat_weight_coupling[10] = ['Z10', 'C10', 'R10', 'S10']
tile size for each dim of actual_dataflow_per_layer[10]: []
Level: FeatureMemory: innermost_dim_sum = None, i = -1, actual_dataflow_per_layer[10] = []
weight layer 10 read after innermost_dim_sum handling: 1
innermost_dim_sum: None, dim_sum: dim_sum in self.arch.coupling.getWeightCoupling(10) if dim_sum is not innermost_dim_sum: [['Z10'], ['C10'], ['R10'], ['S10']]
self.tile_size[dim] for dim in dim_sum: [[16], [32], [1], [1]]
weight layer 10 read after no next_spatials handling: 512
weight layer 10 read after next_spatials handling: 512
weight remaining dim in actual_dataflow_per_layer[10][:0]: []
actual_dataflow_per_layer[10]: [], i = -1

Level: FeatureMemory, Layer 10: final Weight layer_read = 512



BEFORE BYPASS: ignore_bypasses: True, In reads: 0, Per Layer W Reads: {0: 864, 1: 9216, 2: 9216, 3: 9216, 4: 9216, 5: 9216, 6: 9216, 7: 9216, 8: 9216, 9: 9216, 10: 512}, w_reads: 84320,
 Per Layer Intermediate Input reads: {0: 0, 1: 0, 2: 0, 3: 0, 4: 0, 5: 0, 6: 0, 7: 0, 8: 0, 9: 0}, int_in_reads: 0, Per Layer Intermediate Output reads: {0: 0, 1: 0, 2: 0, 3: 0, 4: 0, 5: 0, 6: 0, 7: 0, 8: 0, 9: 0}, int_out_reads: 0, Out reads: 0
Start spatials for Level: FeatureMemory

INFO: forcefully updating setting forced_termination_flag to True
Traceback (most recent call last):
  File "/home/matteo/Desktop/FactorFlow_LayerFusion/main_cli.py", line 283, in <module>
    edp, mops, energy, latency, utilization, end_time, arch = run_engine(arch, comp, coupling, bias_read, verbose = options["quiet"])
  File "/home/matteo/Desktop/FactorFlow_LayerFusion/engine.py", line 80, in run_engine
    raise e
  File "/home/matteo/Desktop/FactorFlow_LayerFusion/engine.py", line 68, in run_engine
    arch, wart = optimizeDataflows(arch, comp, bias_read, verbose = Settings.VERBOSE)
  File "/home/matteo/Desktop/FactorFlow_LayerFusion/mappers/breadthfirst_local.py", line 638, in optimizeDataflows
    arch, wart, moves = factorFlow(arch, comp, bias_read, verbose)
  File "/home/matteo/Desktop/FactorFlow_LayerFusion/mappers/breadthfirst_local.py", line 326, in factorFlow
    if verbose: print(f"Initial condition (Wart: {Wart(arch, comp, bias_read):.3e}):")
  File "/home/matteo/Desktop/FactorFlow_LayerFusion/model.py", line 596, in Wart
    WMOPs, max_latency = updateStats(arch, bias_read)
  File "/home/matteo/Desktop/FactorFlow_LayerFusion/model.py", line 87, in updateStats
    level_mops = level.MOPs()
  File "/home/matteo/Desktop/FactorFlow_LayerFusion/levels.py", line 1701, in MOPs
    in_reads_bp, per_layer_w_reads_bp, per_layer_int_in_reads_bp, per_layer_int_out_reads_bp, per_layer_int_out_writes_bp, out_reads_bp, out_writes_bp, out_reads_bp_factors = level.MOPs(operand == 'in', operand == 'w', operand == 'out', operand == 'int', True)
  File "/home/matteo/Desktop/FactorFlow_LayerFusion/levels.py", line 2117, in MOPs
    vprint(f"After Spatials: Level: {self.name}: MOPs in_reads = {in_reads}, per_layer_w_reads = {per_layer_w_reads}, w_reads = {w_reads}, per_layer_int_in_reads = {per_layer_int_in_reads}, int_in_reads = {int_in_reads}, per_layer_int_out_reads = {per_layer_int_out_reads}, int_out_reads = {int_out_reads}, out_reads = {out_reads}, out_writes = {out_writes}, out_reads_factors = {out_reads_factors}\n")
UnboundLocalError: local variable 'out_writes' referenced before assignment
