Creating architecture: Gemmini with coupling: dims: MKN, in_coupling: [K][N], w_coupling: W0: [M][K],, out_coupling: [M][N]
Creating architecture: Gemmini (conv) with coupling: dims: NMPQCRS, in_coupling: [N][C][Pstride*P+Rdilation*R][Qstride*Q+Sdilation*S], w_coupling: W0: [M][C][R][S],, out_coupling: [N][M][P][Q]
Creating architecture: Eyeriss with coupling: dims: MKN, in_coupling: [K][N], w_coupling: W0: [M][K],, out_coupling: [M][N]
Creating architecture: Eyeriss (conv) with coupling: dims: NMPQCRS, in_coupling: [N][C][Pstride*P+Rdilation*R][Qstride*Q+Sdilation*S], w_coupling: W0: [M][C][R][S],, out_coupling: [N][M][P][Q]
Creating architecture: Simba with coupling: dims: MKN, in_coupling: [K][N], w_coupling: W0: [M][K],, out_coupling: [M][N]
Creating architecture: Simba (conv) with coupling: dims: NMPQCRS, in_coupling: [N][C][Pstride*P+Rdilation*R][Qstride*Q+Sdilation*S], w_coupling: W0: [M][C][R][S],, out_coupling: [N][M][P][Q]
Creating architecture: TPUv1 with coupling: dims: MKN, in_coupling: [K][N], w_coupling: W0: [M][K],, out_coupling: [M][N]
Creating architecture: TPUv1 (conv) with coupling: dims: NMPQCRS, in_coupling: [N][C][Pstride*P+Rdilation*R][Qstride*Q+Sdilation*S], w_coupling: W0: [M][C][R][S],, out_coupling: [N][M][P][Q]
------ loading Accelergy ------
ACCELERGY PLUG-INS: ['Library', 'dummy', 'ADC Plug-In', 'DEPRECATED table-based-plug-ins. Use the Library plug-in instead.', 'Neurosim Plug-In', 'Aladdin_table', 'CactiCache', 'CactiDRAM', 'CactiSRAM']
Creating architecture: Thesis_1Layer_1081344B_FMEM_16x18_PEs with coupling: dims: MPQCRS, in_coupling: [C][P+R][Q+S], w_coupling: W0: [M][C][R][S],, out_coupling: [M][P][Q]
Starting engine with mapper: breadthfirst_local

WARNING: running on a Python version without free-threading (GIL enabled), this program relies heavily on true multithreading, thus expect a severe performance hit with your current setup. Consider updating to Python 3.13t or newer.
INFO: running multithreaded with THREADS_COUNT = 8

DEBUG interleave: START - Called from breadthfirst_local.py:600 in optimizeDataflows()
                       array=['M', 'P', 'Q', 'C', 'R', 'S'], elements=[] (len=0)
DEBUG interleave: START - Called from breadthfirst_local.py:600 in optimizeDataflows()
                       array=[], elements=['M', 'P', 'Q', 'C', 'R', 'S'] (len=6)
DEBUG interleave: START - Called from breadthfirst_local.py:600 in optimizeDataflows()
                       array=['M', 'C', 'R', 'S'], elements=['P', 'Q'] (len=2)
DEBUG interleave: START - Called from breadthfirst_local.py:600 in optimizeDataflows()
                       array=['C', 'R', 'S'], elements=['M', 'P', 'Q'] (len=3)
DEBUG interleave: START - Called from breadthfirst_local.py:600 in optimizeDataflows()
                       array=['M', 'Q', 'P'], elements=['C', 'R', 'S'] (len=3)
-------- factorFlow -------- CIAO
Arch after initialization:
Input FC size: 1

Input size: 29198624

Output size: 8294400

Weight size: 8064

Intermediate input size: 0
Total intermediate size (input + output): 0

input_size: 29198624, output_size: 8294400, weight_size: 8064, intermediate_size: 0
Total mem footprint: 37501090



Input FC size: 1

Input size: 3024

Output size: 256

Weight size: 0

Intermediate input size: 0
Total intermediate size (input + output): 0

input_size: 3024, output_size: 256, weight_size: 0, intermediate_size: 0
Total mem footprint: 3282



Input FC size: 1

Input size: 0

Output size: 0

Weight size: 8064

Intermediate input size: 0
Total intermediate size (input + output): 0

input_size: 0, output_size: 0, weight_size: 8064, intermediate_size: 0
Total mem footprint: 8065



Input FC size: 1

Input size: 0

Output size: 0

Weight size: 1

Intermediate input size: 0
Total intermediate size (input + output): 0

input_size: 0, output_size: 0, weight_size: 1, intermediate_size: 0
Total mem footprint: 2



Input FC size: 1

Input size: 0

Output size: 1

Weight size: 0

Intermediate input size: 0
Total intermediate size (input + output): 0

input_size: 0, output_size: 1, weight_size: 0, intermediate_size: 0
Total mem footprint: 2



DRAM ----------> P: 540, Q: 60
FeatureMemory -
WeightMemory --> C: 56, R: 3, S: 3
SACols --------> Q: 16
SARows --------> M: 16
WeightRegister 
OutputRegister 
Compute -------

Starting FactorFlow tiling optimization:

é stato chiamato update stats! 




Questo mops è chiamato da update stats
Level: DRAM, arch bypasses for the level: [], in_bp: 1, w_bp: 0, out_bp: 1, int_in_bp: 1, int_out_bp: 1
DEBUG updateStats pre scaling: Level DRAM:
  in_reads: 29030400
  per_layer_w_reads: {0: 8064}
  per_layer_int_in_reads: {}
  per_layer_int_out_reads: {}
  per_layer_int_out_writes: {}
  out_reads: 8294400
  out_writes: 8294400
  out_reads_factors: 1
scale_per_layer[0]: 1, temporal_iterations_per_layer[0]: 1, spatial_iterations_per_layer[0]: 1
DEBUG: results after scaling: Level DRAM: in_reads=29030400, w_reads=8064, int_in_reads=0, int_out_reads=0, int_out_writes=0, out_writes=8294400, out_reads=8294400, out_reads_factors=1
DEBUG: Level DRAM adjusted out_reads for no bias read: 0
DEBUG updateStats post scaling: Level DRAM:
  in_reads: 29,030,400
  per_layer_w_reads: {0: 8064}
  w_reads: 8,064
  per_layer_int_in_reads: {}
  per_layer_int_in_writes: {}
  int_in_reads: 0
  per_layer_int_out_reads: {}
  per_layer_int_out_writes: {}
  int_out_reads: 0
  out_reads: 0
  out_writes: 8,294,400
  out_reads_factors: 1
in_writes: 0, w_writes: 0, int_in_writes: 0, int_out_writes: 0, out_writes: 8294400
Name of the level: DRAM, level active instances per layer: {0: 1}, level active instances: 1
End first part of update for level: DRAM



Questo mops è chiamato da update stats
Level: FeatureMemory, arch bypasses for the level: ['w'], in_bp: 0, w_bp: 0, out_bp: 0, int_in_bp: 1, int_out_bp: 1
DEBUG updateStats pre scaling: Level FeatureMemory:
  in_reads: 8064
  per_layer_w_reads: {0: 0}
  per_layer_int_in_reads: {}
  per_layer_int_out_reads: {}
  per_layer_int_out_writes: {}
  out_reads: 256
  out_writes: 256
  out_reads_factors: 1
scale_per_layer[0]: 32400, temporal_iterations_per_layer[0]: 32400, spatial_iterations_per_layer[0]: 1
DEBUG: results after scaling: Level FeatureMemory: in_reads=261273600, w_reads=0, int_in_reads=0, int_out_reads=0, int_out_writes=0, out_writes=8294400, out_reads=8294400, out_reads_factors=1
DEBUG: Level FeatureMemory adjusted out_reads for no bias read: 0
DEBUG updateStats post scaling: Level FeatureMemory:
  in_reads: 261,273,600
  per_layer_w_reads: {0: 0}
  w_reads: 0
  per_layer_int_in_reads: {}
  per_layer_int_in_writes: {}
  int_in_reads: 0
  per_layer_int_out_reads: {}
  per_layer_int_out_writes: {}
  int_out_reads: 0
  out_reads: 0
  out_writes: 8,294,400
  out_reads_factors: 1
in_writes: 29030400, w_writes: 0, int_in_writes: 0, int_out_writes: 0, out_writes: 8294400
Name of the level: FeatureMemory, level active instances per layer: {0: 1}, level active instances: 1
End first part of update for level: FeatureMemory



Questo mops è chiamato da update stats
Level: WeightMemory, arch bypasses for the level: ['in', 'out'], in_bp: 0, w_bp: 1, out_bp: 0, int_in_bp: 1, int_out_bp: 1
DEBUG updateStats pre scaling: Level WeightMemory:
  in_reads: 0
  per_layer_w_reads: {0: 8064}
  per_layer_int_in_reads: {}
  per_layer_int_out_reads: {}
  per_layer_int_out_writes: {}
  out_reads: 0
  out_writes: 0
  out_reads_factors: 0
scale_per_layer[0] = 32400, temporal_iterations_per_layer[0] = 32400, spatial_iterations_per_layer[0] = 1
scale_per_layer[0]: 32400, temporal_iterations_per_layer[0]: 32400, spatial_iterations_per_layer[0]: 1
DEBUG: results after scaling: Level WeightMemory: in_reads=0, w_reads=261273600, int_in_reads=0, int_out_reads=0, int_out_writes=0, out_writes=0, out_reads=0, out_reads_factors=0
DEBUG updateStats post scaling: Level WeightMemory:
  in_reads: 0
  per_layer_w_reads: {0: 261273600}
  w_reads: 261,273,600
  per_layer_int_in_reads: {}
  per_layer_int_in_writes: {}
  int_in_reads: 0
  per_layer_int_out_reads: {}
  per_layer_int_out_writes: {}
  int_out_reads: 0
  out_reads: 0
  out_writes: 0
  out_reads_factors: 0
in_writes: 0, w_writes: 8064, int_in_writes: 0, int_out_writes: 0, out_writes: 0
Name of the level: WeightMemory, level active instances per layer: {0: 1}, level active instances: 1
End first part of update for level: WeightMemory



Calculating Fanout Level: SACols, updating spatial and last reads
End of the first part of Update Stats for fanout level: SACols


Calculating Fanout Level: SARows, updating spatial and last reads
End of the first part of Update Stats for fanout level: SARows


Questo mops è chiamato da update stats
Level: WeightRegister, arch bypasses for the level: ['in', 'out'], in_bp: 0, w_bp: 0, out_bp: 0, int_in_bp: 1, int_out_bp: 1
DEBUG updateStats pre scaling: Level WeightRegister:
  in_reads: 0
  per_layer_w_reads: {0: 1}
  per_layer_int_in_reads: {}
  per_layer_int_out_reads: {}
  per_layer_int_out_writes: {}
  out_reads: 0
  out_writes: 0
  out_reads_factors: 0
scale_per_layer[0]: 16329600, temporal_iterations_per_layer[0]: 16329600, spatial_iterations_per_layer[0]: 1
DEBUG: results after scaling: Level WeightRegister: in_reads=0, w_reads=16329600, int_in_reads=0, int_out_reads=0, int_out_writes=0, out_writes=0, out_reads=0, out_reads_factors=0
DEBUG updateStats post scaling: Level WeightRegister:
  in_reads: 0
  per_layer_w_reads: {0: 16329600}
  w_reads: 16,329,600
  per_layer_int_in_reads: {}
  per_layer_int_in_writes: {}
  int_in_reads: 0
  per_layer_int_out_reads: {}
  per_layer_int_out_writes: {}
  int_out_reads: 0
  out_reads: 0
  out_writes: 0
  out_reads_factors: 0
in_writes: 0, w_writes: 261273600, int_in_writes: 0, int_out_writes: 0, out_writes: 0
Name of the level: WeightRegister, level active instances per layer: {0: 1}, level active instances: 256
End first part of update for level: WeightRegister



Questo mops è chiamato da update stats
Level: OutputRegister, arch bypasses for the level: ['in', 'w'], in_bp: 0, w_bp: 0, out_bp: 1, int_in_bp: 1, int_out_bp: 1
DEBUG updateStats pre scaling: Level OutputRegister:
  in_reads: 0
  per_layer_w_reads: {0: 0}
  per_layer_int_in_reads: {}
  per_layer_int_out_reads: {}
  per_layer_int_out_writes: {}
  out_reads: 1
  out_writes: 1
  out_reads_factors: 1
scale_per_layer[0]: 16329600, temporal_iterations_per_layer[0]: 16329600, spatial_iterations_per_layer[0]: 1
DEBUG: results after scaling: Level OutputRegister: in_reads=0, w_reads=0, int_in_reads=0, int_out_reads=0, int_out_writes=0, out_writes=16329600, out_reads=16329600, out_reads_factors=504
DEBUG: Level OutputRegister adjusted out_reads for no bias read: 16297200
DEBUG updateStats post scaling: Level OutputRegister:
  in_reads: 0
  per_layer_w_reads: {0: 0}
  w_reads: 0
  per_layer_int_in_reads: {}
  per_layer_int_in_writes: {}
  int_in_reads: 0
  per_layer_int_out_reads: {}
  per_layer_int_out_writes: {}
  int_out_reads: 0
  out_reads: 16,297,200
  out_writes: 16,329,600
  out_reads_factors: 504
in_writes: 0, w_writes: 0, int_in_writes: 0, int_out_writes: 0, out_writes: 16329600
Name of the level: OutputRegister, level active instances per layer: {0: 1}, level active instances: 256
End first part of update for level: OutputRegister



Calculating WMOPs for Compute Level
Compute Level Compute WMOPs_per_layer: {0: 3671857.943950695}
WMOPs_till_now before compute level: 1,868,142,369.220
Compute Level Compute total WMOPs from per layer sum: 3671857.943950695
Compute Level Compute total WMOPs: 939995633.6513779
Total WMOPs after adding compute level: 1871814227.163475
END FIRST PART OF UPDATE STATS


First cc_per_tile, it is from compute = 1
First cc_per_tile_per_layer it is from compute = {0: 1}


Calculating Latency for Level: OutputRegister
ideal_bandwidth_read + ideal_bandwidth_drain: 0.003898499503968254 vs level.read_bandwidth: 1
entro nel caso ideale read + drain
ideal_bandwidth_fill + ideal_bandwidth_update: 0.00390625 vs level.write_bandwidth: 1
entro nel caso ideale fill + update


Calculating Latency for Level: WeightRegister
ideal_bandwidth_read + ideal_bandwidth_drain: 0.00390625 vs level.read_bandwidth: 1
entro nel caso ideale read + drain
ideal_bandwidth_fill + ideal_bandwidth_update: 0.0 vs level.write_bandwidth: 1
entro nel caso ideale fill + update


Calculating Latency for Level: WeightMemory
ideal_bandwidth_read + ideal_bandwidth_drain: 16.0 vs level.read_bandwidth: 16
entro nel caso ideale read + drain
ideal_bandwidth_fill + ideal_bandwidth_update: 0.0 vs level.write_bandwidth: 16
entro nel caso ideale fill + update


Calculating Latency for Level: FeatureMemory
ideal_bandwidth_read + ideal_bandwidth_drain: 16.0 vs level.read_bandwidth: 132
entro nel caso ideale read + drain
ideal_bandwidth_fill + ideal_bandwidth_update: 2.2857142857142856 vs level.write_bandwidth: 128
entro nel caso ideale fill + update


Calculating Latency for Level: DRAM
ideal_bandwidth_read + ideal_bandwidth_drain: 1.7782716049382716 vs level.read_bandwidth: 12
entro nel caso ideale read + drain
ideal_bandwidth_fill + ideal_bandwidth_update: 0.5079365079365079 vs level.write_bandwidth: 12
entro nel caso ideale fill + update


Final WMOPs and Latency calculation for Level: DRAM


Final WMOPs and Latency calculation for Level: FeatureMemory


Final WMOPs and Latency calculation for Level: WeightMemory


Final WMOPs and Latency calculation for Level: SACols


Final WMOPs and Latency calculation for Level: SARows


Final WMOPs and Latency calculation for Level: WeightRegister


Final WMOPs and Latency calculation for Level: OutputRegister


Final WMOPs and Latency calculation for Level: Compute
Compute level latency: 1
level SACols utilization: 16/18=0.8888888888888888
utilization after level SACols: 0.8888888888888888
level SARows utilization: 16/16=1.0
utilization after level SARows: 0.8888888888888888
level Compute utilization: 1/1=1.0
utilization after level Compute: 0.8888888888888888
Arch: Thesis_1Layer_1081344B_FMEM_16x18_PEs: spatial utilization is 0.8888888888888888
utilization used in WART calculation: 0.8888888888888888
CIAO!
updateStats2
-- fanout maximization --
Input FC size: 1

Input size: 9773344

Output size: 2764800

Weight size: 8064

Intermediate input size: 0
Total intermediate size (input + output): 0

input_size: 9773344, output_size: 2764800, weight_size: 8064, intermediate_size: 0
Total mem footprint: 12546210



Input FC size: 1

Input size: 7345184

Output size: 2073600

Weight size: 8064

Intermediate input size: 0
Total intermediate size (input + output): 0

input_size: 7345184, output_size: 2073600, weight_size: 8064, intermediate_size: 0
Total mem footprint: 9426850



Input FC size: 1

Input size: 14629664

Output size: 4147200

Weight size: 8064

Intermediate input size: 0
Total intermediate size (input + output): 0

input_size: 14629664, output_size: 4147200, weight_size: 8064, intermediate_size: 0
Total mem footprint: 18784930



-- local search of memory levels --
Choices after one step: {}
No valid follow-up configuration, stopping, current Wart: 2.431e-07
Total moves: 0
Total choices: 1
Choices: {}
Getting flat weight coupling for layer None
Getting flat weight coupling for layer None
-- spatial-memory levels co-optimization --
Choices after one step: {}
No valid follow-up configuration, stopping, current Wart: 2.431e-07
Total moves: 0
Total choices: 1
Choices: {}
Getting flat weight coupling for layer None
Getting flat weight coupling for layer None
é stato chiamato update stats! 




Questo mops è chiamato da update stats
Level: DRAM, arch bypasses for the level: [], in_bp: 1, w_bp: 0, out_bp: 1, int_in_bp: 1, int_out_bp: 1
DEBUG updateStats pre scaling: Level DRAM:
  in_reads: 29030400
  per_layer_w_reads: {0: 8064}
  per_layer_int_in_reads: {}
  per_layer_int_out_reads: {}
  per_layer_int_out_writes: {}
  out_reads: 8294400
  out_writes: 8294400
  out_reads_factors: 1
scale_per_layer[0]: 1, temporal_iterations_per_layer[0]: 1, spatial_iterations_per_layer[0]: 1
DEBUG: results after scaling: Level DRAM: in_reads=29030400, w_reads=8064, int_in_reads=0, int_out_reads=0, int_out_writes=0, out_writes=8294400, out_reads=8294400, out_reads_factors=1
DEBUG: Level DRAM adjusted out_reads for no bias read: 0
DEBUG updateStats post scaling: Level DRAM:
  in_reads: 29,030,400
  per_layer_w_reads: {0: 8064}
  w_reads: 8,064
  per_layer_int_in_reads: {}
  per_layer_int_in_writes: {}
  int_in_reads: 0
  per_layer_int_out_reads: {}
  per_layer_int_out_writes: {}
  int_out_reads: 0
  out_reads: 0
  out_writes: 8,294,400
  out_reads_factors: 1
in_writes: 0, w_writes: 0, int_in_writes: 0, int_out_writes: 0, out_writes: 8294400
Name of the level: DRAM, level active instances per layer: {0: 1}, level active instances: 1
End first part of update for level: DRAM



Questo mops è chiamato da update stats
Level: FeatureMemory, arch bypasses for the level: ['w'], in_bp: 0, w_bp: 0, out_bp: 0, int_in_bp: 1, int_out_bp: 1
DEBUG updateStats pre scaling: Level FeatureMemory:
  in_reads: 8064
  per_layer_w_reads: {0: 0}
  per_layer_int_in_reads: {}
  per_layer_int_out_reads: {}
  per_layer_int_out_writes: {}
  out_reads: 256
  out_writes: 256
  out_reads_factors: 1
scale_per_layer[0]: 32400, temporal_iterations_per_layer[0]: 32400, spatial_iterations_per_layer[0]: 1
DEBUG: results after scaling: Level FeatureMemory: in_reads=261273600, w_reads=0, int_in_reads=0, int_out_reads=0, int_out_writes=0, out_writes=8294400, out_reads=8294400, out_reads_factors=1
DEBUG: Level FeatureMemory adjusted out_reads for no bias read: 0
DEBUG updateStats post scaling: Level FeatureMemory:
  in_reads: 261,273,600
  per_layer_w_reads: {0: 0}
  w_reads: 0
  per_layer_int_in_reads: {}
  per_layer_int_in_writes: {}
  int_in_reads: 0
  per_layer_int_out_reads: {}
  per_layer_int_out_writes: {}
  int_out_reads: 0
  out_reads: 0
  out_writes: 8,294,400
  out_reads_factors: 1
in_writes: 29030400, w_writes: 0, int_in_writes: 0, int_out_writes: 0, out_writes: 8294400
Name of the level: FeatureMemory, level active instances per layer: {0: 1}, level active instances: 1
End first part of update for level: FeatureMemory



Questo mops è chiamato da update stats
Level: WeightMemory, arch bypasses for the level: ['in', 'out'], in_bp: 0, w_bp: 1, out_bp: 0, int_in_bp: 1, int_out_bp: 1
DEBUG updateStats pre scaling: Level WeightMemory:
  in_reads: 0
  per_layer_w_reads: {0: 8064}
  per_layer_int_in_reads: {}
  per_layer_int_out_reads: {}
  per_layer_int_out_writes: {}
  out_reads: 0
  out_writes: 0
  out_reads_factors: 0
scale_per_layer[0] = 32400, temporal_iterations_per_layer[0] = 32400, spatial_iterations_per_layer[0] = 1
scale_per_layer[0]: 32400, temporal_iterations_per_layer[0]: 32400, spatial_iterations_per_layer[0]: 1
DEBUG: results after scaling: Level WeightMemory: in_reads=0, w_reads=261273600, int_in_reads=0, int_out_reads=0, int_out_writes=0, out_writes=0, out_reads=0, out_reads_factors=0
DEBUG updateStats post scaling: Level WeightMemory:
  in_reads: 0
  per_layer_w_reads: {0: 261273600}
  w_reads: 261,273,600
  per_layer_int_in_reads: {}
  per_layer_int_in_writes: {}
  int_in_reads: 0
  per_layer_int_out_reads: {}
  per_layer_int_out_writes: {}
  int_out_reads: 0
  out_reads: 0
  out_writes: 0
  out_reads_factors: 0
in_writes: 0, w_writes: 8064, int_in_writes: 0, int_out_writes: 0, out_writes: 0
Name of the level: WeightMemory, level active instances per layer: {0: 1}, level active instances: 1
End first part of update for level: WeightMemory



Calculating Fanout Level: SACols, updating spatial and last reads
End of the first part of Update Stats for fanout level: SACols


Calculating Fanout Level: SARows, updating spatial and last reads
End of the first part of Update Stats for fanout level: SARows


Questo mops è chiamato da update stats
Level: WeightRegister, arch bypasses for the level: ['in', 'out'], in_bp: 0, w_bp: 0, out_bp: 0, int_in_bp: 1, int_out_bp: 1
DEBUG updateStats pre scaling: Level WeightRegister:
  in_reads: 0
  per_layer_w_reads: {0: 1}
  per_layer_int_in_reads: {}
  per_layer_int_out_reads: {}
  per_layer_int_out_writes: {}
  out_reads: 0
  out_writes: 0
  out_reads_factors: 0
scale_per_layer[0]: 16329600, temporal_iterations_per_layer[0]: 16329600, spatial_iterations_per_layer[0]: 1
DEBUG: results after scaling: Level WeightRegister: in_reads=0, w_reads=16329600, int_in_reads=0, int_out_reads=0, int_out_writes=0, out_writes=0, out_reads=0, out_reads_factors=0
DEBUG updateStats post scaling: Level WeightRegister:
  in_reads: 0
  per_layer_w_reads: {0: 16329600}
  w_reads: 16,329,600
  per_layer_int_in_reads: {}
  per_layer_int_in_writes: {}
  int_in_reads: 0
  per_layer_int_out_reads: {}
  per_layer_int_out_writes: {}
  int_out_reads: 0
  out_reads: 0
  out_writes: 0
  out_reads_factors: 0
in_writes: 0, w_writes: 261273600, int_in_writes: 0, int_out_writes: 0, out_writes: 0
Name of the level: WeightRegister, level active instances per layer: {0: 1}, level active instances: 256
End first part of update for level: WeightRegister



Questo mops è chiamato da update stats
Level: OutputRegister, arch bypasses for the level: ['in', 'w'], in_bp: 0, w_bp: 0, out_bp: 1, int_in_bp: 1, int_out_bp: 1
DEBUG updateStats pre scaling: Level OutputRegister:
  in_reads: 0
  per_layer_w_reads: {0: 0}
  per_layer_int_in_reads: {}
  per_layer_int_out_reads: {}
  per_layer_int_out_writes: {}
  out_reads: 1
  out_writes: 1
  out_reads_factors: 1
scale_per_layer[0]: 16329600, temporal_iterations_per_layer[0]: 16329600, spatial_iterations_per_layer[0]: 1
DEBUG: results after scaling: Level OutputRegister: in_reads=0, w_reads=0, int_in_reads=0, int_out_reads=0, int_out_writes=0, out_writes=16329600, out_reads=16329600, out_reads_factors=504
DEBUG: Level OutputRegister adjusted out_reads for no bias read: 16297200
DEBUG updateStats post scaling: Level OutputRegister:
  in_reads: 0
  per_layer_w_reads: {0: 0}
  w_reads: 0
  per_layer_int_in_reads: {}
  per_layer_int_in_writes: {}
  int_in_reads: 0
  per_layer_int_out_reads: {}
  per_layer_int_out_writes: {}
  int_out_reads: 0
  out_reads: 16,297,200
  out_writes: 16,329,600
  out_reads_factors: 504
in_writes: 0, w_writes: 0, int_in_writes: 0, int_out_writes: 0, out_writes: 16329600
Name of the level: OutputRegister, level active instances per layer: {0: 1}, level active instances: 256
End first part of update for level: OutputRegister



Calculating WMOPs for Compute Level
Compute Level Compute WMOPs_per_layer: {0: 3671857.943950695}
WMOPs_till_now before compute level: 1,868,142,369.220
Compute Level Compute total WMOPs from per layer sum: 3671857.943950695
Compute Level Compute total WMOPs: 939995633.6513779
Total WMOPs after adding compute level: 1871814227.163475
END FIRST PART OF UPDATE STATS


First cc_per_tile, it is from compute = 1
First cc_per_tile_per_layer it is from compute = {0: 1}


Calculating Latency for Level: OutputRegister
ideal_bandwidth_read + ideal_bandwidth_drain: 0.003898499503968254 vs level.read_bandwidth: 1
entro nel caso ideale read + drain
ideal_bandwidth_fill + ideal_bandwidth_update: 0.00390625 vs level.write_bandwidth: 1
entro nel caso ideale fill + update


Calculating Latency for Level: WeightRegister
ideal_bandwidth_read + ideal_bandwidth_drain: 0.00390625 vs level.read_bandwidth: 1
entro nel caso ideale read + drain
ideal_bandwidth_fill + ideal_bandwidth_update: 0.0 vs level.write_bandwidth: 1
entro nel caso ideale fill + update


Calculating Latency for Level: WeightMemory
ideal_bandwidth_read + ideal_bandwidth_drain: 16.0 vs level.read_bandwidth: 16
entro nel caso ideale read + drain
ideal_bandwidth_fill + ideal_bandwidth_update: 0.0 vs level.write_bandwidth: 16
entro nel caso ideale fill + update


Calculating Latency for Level: FeatureMemory
ideal_bandwidth_read + ideal_bandwidth_drain: 16.0 vs level.read_bandwidth: 132
entro nel caso ideale read + drain
ideal_bandwidth_fill + ideal_bandwidth_update: 2.2857142857142856 vs level.write_bandwidth: 128
entro nel caso ideale fill + update


Calculating Latency for Level: DRAM
ideal_bandwidth_read + ideal_bandwidth_drain: 1.7782716049382716 vs level.read_bandwidth: 12
entro nel caso ideale read + drain
ideal_bandwidth_fill + ideal_bandwidth_update: 0.5079365079365079 vs level.write_bandwidth: 12
entro nel caso ideale fill + update


Final WMOPs and Latency calculation for Level: DRAM


Final WMOPs and Latency calculation for Level: FeatureMemory


Final WMOPs and Latency calculation for Level: WeightMemory


Final WMOPs and Latency calculation for Level: SACols


Final WMOPs and Latency calculation for Level: SARows


Final WMOPs and Latency calculation for Level: WeightRegister


Final WMOPs and Latency calculation for Level: OutputRegister


Final WMOPs and Latency calculation for Level: Compute
Compute level latency: 1
é stato chiamato update stats! 




Questo mops è chiamato da update stats
Level: DRAM, arch bypasses for the level: [], in_bp: 1, w_bp: 0, out_bp: 1, int_in_bp: 1, int_out_bp: 1
DEBUG updateStats pre scaling: Level DRAM:
  in_reads: 29030400
  per_layer_w_reads: {0: 8064}
  per_layer_int_in_reads: {}
  per_layer_int_out_reads: {}
  per_layer_int_out_writes: {}
  out_reads: 8294400
  out_writes: 8294400
  out_reads_factors: 1
scale_per_layer[0]: 1, temporal_iterations_per_layer[0]: 1, spatial_iterations_per_layer[0]: 1
DEBUG: results after scaling: Level DRAM: in_reads=29030400, w_reads=8064, int_in_reads=0, int_out_reads=0, int_out_writes=0, out_writes=8294400, out_reads=8294400, out_reads_factors=1
DEBUG: Level DRAM adjusted out_reads for no bias read: 0
DEBUG updateStats post scaling: Level DRAM:
  in_reads: 29,030,400
  per_layer_w_reads: {0: 8064}
  w_reads: 8,064
  per_layer_int_in_reads: {}
  per_layer_int_in_writes: {}
  int_in_reads: 0
  per_layer_int_out_reads: {}
  per_layer_int_out_writes: {}
  int_out_reads: 0
  out_reads: 0
  out_writes: 8,294,400
  out_reads_factors: 1
in_writes: 0, w_writes: 0, int_in_writes: 0, int_out_writes: 0, out_writes: 8294400
Name of the level: DRAM, level active instances per layer: {0: 1}, level active instances: 1
End first part of update for level: DRAM



Questo mops è chiamato da update stats
Level: FeatureMemory, arch bypasses for the level: ['w'], in_bp: 0, w_bp: 0, out_bp: 0, int_in_bp: 1, int_out_bp: 1
DEBUG updateStats pre scaling: Level FeatureMemory:
  in_reads: 8064
  per_layer_w_reads: {0: 0}
  per_layer_int_in_reads: {}
  per_layer_int_out_reads: {}
  per_layer_int_out_writes: {}
  out_reads: 256
  out_writes: 256
  out_reads_factors: 1
scale_per_layer[0]: 32400, temporal_iterations_per_layer[0]: 32400, spatial_iterations_per_layer[0]: 1
DEBUG: results after scaling: Level FeatureMemory: in_reads=261273600, w_reads=0, int_in_reads=0, int_out_reads=0, int_out_writes=0, out_writes=8294400, out_reads=8294400, out_reads_factors=1
DEBUG: Level FeatureMemory adjusted out_reads for no bias read: 0
DEBUG updateStats post scaling: Level FeatureMemory:
  in_reads: 261,273,600
  per_layer_w_reads: {0: 0}
  w_reads: 0
  per_layer_int_in_reads: {}
  per_layer_int_in_writes: {}
  int_in_reads: 0
  per_layer_int_out_reads: {}
  per_layer_int_out_writes: {}
  int_out_reads: 0
  out_reads: 0
  out_writes: 8,294,400
  out_reads_factors: 1
in_writes: 29030400, w_writes: 0, int_in_writes: 0, int_out_writes: 0, out_writes: 8294400
Name of the level: FeatureMemory, level active instances per layer: {0: 1}, level active instances: 1
End first part of update for level: FeatureMemory



Questo mops è chiamato da update stats
Level: WeightMemory, arch bypasses for the level: ['in', 'out'], in_bp: 0, w_bp: 1, out_bp: 0, int_in_bp: 1, int_out_bp: 1
DEBUG updateStats pre scaling: Level WeightMemory:
  in_reads: 0
  per_layer_w_reads: {0: 8064}
  per_layer_int_in_reads: {}
  per_layer_int_out_reads: {}
  per_layer_int_out_writes: {}
  out_reads: 0
  out_writes: 0
  out_reads_factors: 0
scale_per_layer[0] = 32400, temporal_iterations_per_layer[0] = 32400, spatial_iterations_per_layer[0] = 1
scale_per_layer[0]: 32400, temporal_iterations_per_layer[0]: 32400, spatial_iterations_per_layer[0]: 1
DEBUG: results after scaling: Level WeightMemory: in_reads=0, w_reads=261273600, int_in_reads=0, int_out_reads=0, int_out_writes=0, out_writes=0, out_reads=0, out_reads_factors=0
DEBUG updateStats post scaling: Level WeightMemory:
  in_reads: 0
  per_layer_w_reads: {0: 261273600}
  w_reads: 261,273,600
  per_layer_int_in_reads: {}
  per_layer_int_in_writes: {}
  int_in_reads: 0
  per_layer_int_out_reads: {}
  per_layer_int_out_writes: {}
  int_out_reads: 0
  out_reads: 0
  out_writes: 0
  out_reads_factors: 0
in_writes: 0, w_writes: 8064, int_in_writes: 0, int_out_writes: 0, out_writes: 0
Name of the level: WeightMemory, level active instances per layer: {0: 1}, level active instances: 1
End first part of update for level: WeightMemory



Calculating Fanout Level: SACols, updating spatial and last reads
End of the first part of Update Stats for fanout level: SACols


Calculating Fanout Level: SARows, updating spatial and last reads
End of the first part of Update Stats for fanout level: SARows


Questo mops è chiamato da update stats
Level: WeightRegister, arch bypasses for the level: ['in', 'out'], in_bp: 0, w_bp: 0, out_bp: 0, int_in_bp: 1, int_out_bp: 1
DEBUG updateStats pre scaling: Level WeightRegister:
  in_reads: 0
  per_layer_w_reads: {0: 1}
  per_layer_int_in_reads: {}
  per_layer_int_out_reads: {}
  per_layer_int_out_writes: {}
  out_reads: 0
  out_writes: 0
  out_reads_factors: 0
scale_per_layer[0]: 16329600, temporal_iterations_per_layer[0]: 16329600, spatial_iterations_per_layer[0]: 1
DEBUG: results after scaling: Level WeightRegister: in_reads=0, w_reads=16329600, int_in_reads=0, int_out_reads=0, int_out_writes=0, out_writes=0, out_reads=0, out_reads_factors=0
DEBUG updateStats post scaling: Level WeightRegister:
  in_reads: 0
  per_layer_w_reads: {0: 16329600}
  w_reads: 16,329,600
  per_layer_int_in_reads: {}
  per_layer_int_in_writes: {}
  int_in_reads: 0
  per_layer_int_out_reads: {}
  per_layer_int_out_writes: {}
  int_out_reads: 0
  out_reads: 0
  out_writes: 0
  out_reads_factors: 0
in_writes: 0, w_writes: 261273600, int_in_writes: 0, int_out_writes: 0, out_writes: 0
Name of the level: WeightRegister, level active instances per layer: {0: 1}, level active instances: 256
End first part of update for level: WeightRegister



Questo mops è chiamato da update stats
Level: OutputRegister, arch bypasses for the level: ['in', 'w'], in_bp: 0, w_bp: 0, out_bp: 1, int_in_bp: 1, int_out_bp: 1
DEBUG updateStats pre scaling: Level OutputRegister:
  in_reads: 0
  per_layer_w_reads: {0: 0}
  per_layer_int_in_reads: {}
  per_layer_int_out_reads: {}
  per_layer_int_out_writes: {}
  out_reads: 1
  out_writes: 1
  out_reads_factors: 1
scale_per_layer[0]: 16329600, temporal_iterations_per_layer[0]: 16329600, spatial_iterations_per_layer[0]: 1
DEBUG: results after scaling: Level OutputRegister: in_reads=0, w_reads=0, int_in_reads=0, int_out_reads=0, int_out_writes=0, out_writes=16329600, out_reads=16329600, out_reads_factors=504
DEBUG: Level OutputRegister adjusted out_reads for no bias read: 16297200
DEBUG updateStats post scaling: Level OutputRegister:
  in_reads: 0
  per_layer_w_reads: {0: 0}
  w_reads: 0
  per_layer_int_in_reads: {}
  per_layer_int_in_writes: {}
  int_in_reads: 0
  per_layer_int_out_reads: {}
  per_layer_int_out_writes: {}
  int_out_reads: 0
  out_reads: 16,297,200
  out_writes: 16,329,600
  out_reads_factors: 504
in_writes: 0, w_writes: 0, int_in_writes: 0, int_out_writes: 0, out_writes: 16329600
Name of the level: OutputRegister, level active instances per layer: {0: 1}, level active instances: 256
End first part of update for level: OutputRegister



Calculating WMOPs for Compute Level
Compute Level Compute WMOPs_per_layer: {0: 3671857.943950695}
WMOPs_till_now before compute level: 1,868,142,369.220
Compute Level Compute total WMOPs from per layer sum: 3671857.943950695
Compute Level Compute total WMOPs: 939995633.6513779
Total WMOPs after adding compute level: 1871814227.163475
END FIRST PART OF UPDATE STATS


First cc_per_tile, it is from compute = 1
First cc_per_tile_per_layer it is from compute = {0: 1}


Calculating Latency for Level: OutputRegister
ideal_bandwidth_read + ideal_bandwidth_drain: 0.003898499503968254 vs level.read_bandwidth: 1
entro nel caso ideale read + drain
ideal_bandwidth_fill + ideal_bandwidth_update: 0.00390625 vs level.write_bandwidth: 1
entro nel caso ideale fill + update


Calculating Latency for Level: WeightRegister
ideal_bandwidth_read + ideal_bandwidth_drain: 0.00390625 vs level.read_bandwidth: 1
entro nel caso ideale read + drain
ideal_bandwidth_fill + ideal_bandwidth_update: 0.0 vs level.write_bandwidth: 1
entro nel caso ideale fill + update


Calculating Latency for Level: WeightMemory
ideal_bandwidth_read + ideal_bandwidth_drain: 16.0 vs level.read_bandwidth: 16
entro nel caso ideale read + drain
ideal_bandwidth_fill + ideal_bandwidth_update: 0.0 vs level.write_bandwidth: 16
entro nel caso ideale fill + update


Calculating Latency for Level: FeatureMemory
ideal_bandwidth_read + ideal_bandwidth_drain: 16.0 vs level.read_bandwidth: 132
entro nel caso ideale read + drain
ideal_bandwidth_fill + ideal_bandwidth_update: 2.2857142857142856 vs level.write_bandwidth: 128
entro nel caso ideale fill + update


Calculating Latency for Level: DRAM
ideal_bandwidth_read + ideal_bandwidth_drain: 1.7782716049382716 vs level.read_bandwidth: 12
entro nel caso ideale read + drain
ideal_bandwidth_fill + ideal_bandwidth_update: 0.5079365079365079 vs level.write_bandwidth: 12
entro nel caso ideale fill + update


Final WMOPs and Latency calculation for Level: DRAM


Final WMOPs and Latency calculation for Level: FeatureMemory


Final WMOPs and Latency calculation for Level: WeightMemory


Final WMOPs and Latency calculation for Level: SACols


Final WMOPs and Latency calculation for Level: SARows


Final WMOPs and Latency calculation for Level: WeightRegister


Final WMOPs and Latency calculation for Level: OutputRegister


Final WMOPs and Latency calculation for Level: Compute
Compute level latency: 1

Final condition:
Wart: 2.431e-07
EDP: 3.057e+04 (J*cycle)
DRAM ----------> P: 540, Q: 60
FeatureMemory -
WeightMemory --> C: 56, R: 3, S: 3
SACols --------> Q: 16
SARows --------> M: 16
WeightRegister 
OutputRegister 
Compute -------

Visited mappings: 1

Performed moves: 0
é stato chiamato update stats! 




Questo mops è chiamato da update stats
Level: DRAM, arch bypasses for the level: [], in_bp: 1, w_bp: 0, out_bp: 1, int_in_bp: 1, int_out_bp: 1
DEBUG updateStats pre scaling: Level DRAM:
  in_reads: 29030400
  per_layer_w_reads: {0: 8064}
  per_layer_int_in_reads: {}
  per_layer_int_out_reads: {}
  per_layer_int_out_writes: {}
  out_reads: 8294400
  out_writes: 8294400
  out_reads_factors: 1
scale_per_layer[0]: 1, temporal_iterations_per_layer[0]: 1, spatial_iterations_per_layer[0]: 1
DEBUG: results after scaling: Level DRAM: in_reads=29030400, w_reads=8064, int_in_reads=0, int_out_reads=0, int_out_writes=0, out_writes=8294400, out_reads=8294400, out_reads_factors=1
DEBUG: Level DRAM adjusted out_reads for no bias read: 0
DEBUG updateStats post scaling: Level DRAM:
  in_reads: 29,030,400
  per_layer_w_reads: {0: 8064}
  w_reads: 8,064
  per_layer_int_in_reads: {}
  per_layer_int_in_writes: {}
  int_in_reads: 0
  per_layer_int_out_reads: {}
  per_layer_int_out_writes: {}
  int_out_reads: 0
  out_reads: 0
  out_writes: 8,294,400
  out_reads_factors: 1
in_writes: 0, w_writes: 0, int_in_writes: 0, int_out_writes: 0, out_writes: 8294400
Name of the level: DRAM, level active instances per layer: {0: 1}, level active instances: 1
End first part of update for level: DRAM



Questo mops è chiamato da update stats
Level: FeatureMemory, arch bypasses for the level: ['w'], in_bp: 0, w_bp: 0, out_bp: 0, int_in_bp: 1, int_out_bp: 1
DEBUG updateStats pre scaling: Level FeatureMemory:
  in_reads: 8064
  per_layer_w_reads: {0: 0}
  per_layer_int_in_reads: {}
  per_layer_int_out_reads: {}
  per_layer_int_out_writes: {}
  out_reads: 256
  out_writes: 256
  out_reads_factors: 1
scale_per_layer[0]: 32400, temporal_iterations_per_layer[0]: 32400, spatial_iterations_per_layer[0]: 1
DEBUG: results after scaling: Level FeatureMemory: in_reads=261273600, w_reads=0, int_in_reads=0, int_out_reads=0, int_out_writes=0, out_writes=8294400, out_reads=8294400, out_reads_factors=1
DEBUG: Level FeatureMemory adjusted out_reads for no bias read: 0
DEBUG updateStats post scaling: Level FeatureMemory:
  in_reads: 261,273,600
  per_layer_w_reads: {0: 0}
  w_reads: 0
  per_layer_int_in_reads: {}
  per_layer_int_in_writes: {}
  int_in_reads: 0
  per_layer_int_out_reads: {}
  per_layer_int_out_writes: {}
  int_out_reads: 0
  out_reads: 0
  out_writes: 8,294,400
  out_reads_factors: 1
in_writes: 29030400, w_writes: 0, int_in_writes: 0, int_out_writes: 0, out_writes: 8294400
Name of the level: FeatureMemory, level active instances per layer: {0: 1}, level active instances: 1
End first part of update for level: FeatureMemory



Questo mops è chiamato da update stats
Level: WeightMemory, arch bypasses for the level: ['in', 'out'], in_bp: 0, w_bp: 1, out_bp: 0, int_in_bp: 1, int_out_bp: 1
DEBUG updateStats pre scaling: Level WeightMemory:
  in_reads: 0
  per_layer_w_reads: {0: 8064}
  per_layer_int_in_reads: {}
  per_layer_int_out_reads: {}
  per_layer_int_out_writes: {}
  out_reads: 0
  out_writes: 0
  out_reads_factors: 0
scale_per_layer[0] = 32400, temporal_iterations_per_layer[0] = 32400, spatial_iterations_per_layer[0] = 1
scale_per_layer[0]: 32400, temporal_iterations_per_layer[0]: 32400, spatial_iterations_per_layer[0]: 1
DEBUG: results after scaling: Level WeightMemory: in_reads=0, w_reads=261273600, int_in_reads=0, int_out_reads=0, int_out_writes=0, out_writes=0, out_reads=0, out_reads_factors=0
DEBUG updateStats post scaling: Level WeightMemory:
  in_reads: 0
  per_layer_w_reads: {0: 261273600}
  w_reads: 261,273,600
  per_layer_int_in_reads: {}
  per_layer_int_in_writes: {}
  int_in_reads: 0
  per_layer_int_out_reads: {}
  per_layer_int_out_writes: {}
  int_out_reads: 0
  out_reads: 0
  out_writes: 0
  out_reads_factors: 0
in_writes: 0, w_writes: 8064, int_in_writes: 0, int_out_writes: 0, out_writes: 0
Name of the level: WeightMemory, level active instances per layer: {0: 1}, level active instances: 1
End first part of update for level: WeightMemory



Calculating Fanout Level: SACols, updating spatial and last reads
End of the first part of Update Stats for fanout level: SACols


Calculating Fanout Level: SARows, updating spatial and last reads
End of the first part of Update Stats for fanout level: SARows


Questo mops è chiamato da update stats
Level: WeightRegister, arch bypasses for the level: ['in', 'out'], in_bp: 0, w_bp: 0, out_bp: 0, int_in_bp: 1, int_out_bp: 1
DEBUG updateStats pre scaling: Level WeightRegister:
  in_reads: 0
  per_layer_w_reads: {0: 1}
  per_layer_int_in_reads: {}
  per_layer_int_out_reads: {}
  per_layer_int_out_writes: {}
  out_reads: 0
  out_writes: 0
  out_reads_factors: 0
scale_per_layer[0]: 16329600, temporal_iterations_per_layer[0]: 16329600, spatial_iterations_per_layer[0]: 1
DEBUG: results after scaling: Level WeightRegister: in_reads=0, w_reads=16329600, int_in_reads=0, int_out_reads=0, int_out_writes=0, out_writes=0, out_reads=0, out_reads_factors=0
DEBUG updateStats post scaling: Level WeightRegister:
  in_reads: 0
  per_layer_w_reads: {0: 16329600}
  w_reads: 16,329,600
  per_layer_int_in_reads: {}
  per_layer_int_in_writes: {}
  int_in_reads: 0
  per_layer_int_out_reads: {}
  per_layer_int_out_writes: {}
  int_out_reads: 0
  out_reads: 0
  out_writes: 0
  out_reads_factors: 0
in_writes: 0, w_writes: 261273600, int_in_writes: 0, int_out_writes: 0, out_writes: 0
Name of the level: WeightRegister, level active instances per layer: {0: 1}, level active instances: 256
End first part of update for level: WeightRegister



Questo mops è chiamato da update stats
Level: OutputRegister, arch bypasses for the level: ['in', 'w'], in_bp: 0, w_bp: 0, out_bp: 1, int_in_bp: 1, int_out_bp: 1
DEBUG updateStats pre scaling: Level OutputRegister:
  in_reads: 0
  per_layer_w_reads: {0: 0}
  per_layer_int_in_reads: {}
  per_layer_int_out_reads: {}
  per_layer_int_out_writes: {}
  out_reads: 1
  out_writes: 1
  out_reads_factors: 1
scale_per_layer[0]: 16329600, temporal_iterations_per_layer[0]: 16329600, spatial_iterations_per_layer[0]: 1
DEBUG: results after scaling: Level OutputRegister: in_reads=0, w_reads=0, int_in_reads=0, int_out_reads=0, int_out_writes=0, out_writes=16329600, out_reads=16329600, out_reads_factors=504
DEBUG: Level OutputRegister adjusted out_reads for no bias read: 16297200
DEBUG updateStats post scaling: Level OutputRegister:
  in_reads: 0
  per_layer_w_reads: {0: 0}
  w_reads: 0
  per_layer_int_in_reads: {}
  per_layer_int_in_writes: {}
  int_in_reads: 0
  per_layer_int_out_reads: {}
  per_layer_int_out_writes: {}
  int_out_reads: 0
  out_reads: 16,297,200
  out_writes: 16,329,600
  out_reads_factors: 504
in_writes: 0, w_writes: 0, int_in_writes: 0, int_out_writes: 0, out_writes: 16329600
Name of the level: OutputRegister, level active instances per layer: {0: 1}, level active instances: 256
End first part of update for level: OutputRegister



Calculating WMOPs for Compute Level
Compute Level Compute WMOPs_per_layer: {0: 3671857.943950695}
WMOPs_till_now before compute level: 1,868,142,369.220
Compute Level Compute total WMOPs from per layer sum: 3671857.943950695
Compute Level Compute total WMOPs: 939995633.6513779
Total WMOPs after adding compute level: 1871814227.163475
END FIRST PART OF UPDATE STATS


First cc_per_tile, it is from compute = 1
First cc_per_tile_per_layer it is from compute = {0: 1}


Calculating Latency for Level: OutputRegister
ideal_bandwidth_read + ideal_bandwidth_drain: 0.003898499503968254 vs level.read_bandwidth: 1
entro nel caso ideale read + drain
ideal_bandwidth_fill + ideal_bandwidth_update: 0.00390625 vs level.write_bandwidth: 1
entro nel caso ideale fill + update


Calculating Latency for Level: WeightRegister
ideal_bandwidth_read + ideal_bandwidth_drain: 0.00390625 vs level.read_bandwidth: 1
entro nel caso ideale read + drain
ideal_bandwidth_fill + ideal_bandwidth_update: 0.0 vs level.write_bandwidth: 1
entro nel caso ideale fill + update


Calculating Latency for Level: WeightMemory
ideal_bandwidth_read + ideal_bandwidth_drain: 16.0 vs level.read_bandwidth: 16
entro nel caso ideale read + drain
ideal_bandwidth_fill + ideal_bandwidth_update: 0.0 vs level.write_bandwidth: 16
entro nel caso ideale fill + update


Calculating Latency for Level: FeatureMemory
ideal_bandwidth_read + ideal_bandwidth_drain: 16.0 vs level.read_bandwidth: 132
entro nel caso ideale read + drain
ideal_bandwidth_fill + ideal_bandwidth_update: 2.2857142857142856 vs level.write_bandwidth: 128
entro nel caso ideale fill + update


Calculating Latency for Level: DRAM
ideal_bandwidth_read + ideal_bandwidth_drain: 1.7782716049382716 vs level.read_bandwidth: 12
entro nel caso ideale read + drain
ideal_bandwidth_fill + ideal_bandwidth_update: 0.5079365079365079 vs level.write_bandwidth: 12
entro nel caso ideale fill + update


Final WMOPs and Latency calculation for Level: DRAM


Final WMOPs and Latency calculation for Level: FeatureMemory


Final WMOPs and Latency calculation for Level: WeightMemory


Final WMOPs and Latency calculation for Level: SACols


Final WMOPs and Latency calculation for Level: SARows


Final WMOPs and Latency calculation for Level: WeightRegister


Final WMOPs and Latency calculation for Level: OutputRegister


Final WMOPs and Latency calculation for Level: Compute
Compute level latency: 1
DRAM in_reads set to: 29030400, w_reads set to: 8064, out_reads: 0, int_in_reads: 0, int_out_reads: 0
DRAM Reads: 29038464: in:29030400, w:8064, out:0, int_in:0, int_out:0
level SACols utilization: 16/18=0.8888888888888888
utilization after level SACols: 0.8888888888888888
level SARows utilization: 16/16=1.0
utilization after level SARows: 0.8888888888888888
level Compute utilization: 1/1=1.0
utilization after level Compute: 0.8888888888888888
Arch: Thesis_1Layer_1081344B_FMEM_16x18_PEs: spatial utilization is 0.8888888888888888

Finished in: 0.063s

Best mapping found with:
	Wart: 2.431e-07
	EDP: 3.057e+04 (J*cycle)
	Energy: 1.665e+03 (uJ)
	Latency: 1.633e+07 (cc)

Mapping:
DRAM ----------> P: 540, Q: 60
FeatureMemory -
WeightMemory --> C: 56, R: 3, S: 3
SACols --------> Q: 16
SARows --------> M: 16
WeightRegister 
OutputRegister 
Compute -------

Final MOPs per memory level:
PRINT MOP FUSION!!!
DRAM:		Output Reads = 0 (reads) + 0 (drains), Output Writes = 8,294,400 (updates) + 0 (fills)
DRAM:		Input Reads = 29,030,400 (reads), Input Writes = 0 (writes)
DRAM:		Per-Layer W_R: [L0: 8,064], Total: 8,064
DRAM:		Total Reads = 29,038,464, Total Writes = 8,294,400
DEBUG: Calculating WMOPs for level DRAM with reads=29038464, writes=8294400
DEBUG: WMOPs for level DRAM = 1,194,651,648.000, 1.195e+09 pJ
FeatureMemory:	Output Reads = 0 (reads) + 0 (drains), Output Writes = 8,294,400 (updates) + 0 (fills)
FeatureMemory:	Input Reads = 261,273,600 (reads), Input Writes = 29,030,400 (writes)
FeatureMemory:	Per-Layer W_R: [L0: 0], Total: 0
FeatureMemory:	Total Reads = 261,273,600, Total Writes = 37,324,800
DEBUG: Calculating WMOPs for level FeatureMemory with reads=261273600, writes=37324800
DEBUG: WMOPs for level FeatureMemory = 1,435,038,063.709, 1.435e+09 pJ
WeightMemory:	Per-Layer W_R: [L0: 261,273,600], Total: 261,273,600
WeightMemory:	Total Reads = 261,273,600, Total Writes = 0
DEBUG: Calculating WMOPs for level WeightMemory with reads=261273600, writes=0
DEBUG: WMOPs for level WeightMemory = 1,641,818,972.029, 1.642e+09 pJ
WeightRegister:	Per-Layer W_R: [L0: 16,329,600], Total: 16,329,600
WeightRegister:	Total Reads = 16,329,600, Total Writes = 0
DEBUG: Calculating WMOPs for level WeightRegister with reads=16329600, writes=0
DEBUG: WMOPs for level WeightRegister = 1,654,742,778.799, 1.655e+09 pJ
OutputRegister:	Output Reads = 16,297,200 (reads) + 0 (drains), Output Writes = 16,329,600 (updates) + 0 (fills)
OutputRegister:	Per-Layer W_R: [L0: 0], Total: 0
OutputRegister:	Total Reads = 16,297,200, Total Writes = 16,329,600
DEBUG: Calculating WMOPs for level OutputRegister with reads=16297200, writes=16329600
DEBUG: WMOPs for level OutputRegister = 1,661,355,078.773, 1.661e+09 pJ
Totals:		584,212,464 R, 61,948,800 W, 646,161,264 Tot
Energy:		1,665.027 uJ

Final Latency per level:
DRAM:		16,329,600 cc Read Drain and 16,329,600 cc Fill Update Latency, 12.0 Read Bandwidth and 12.0 Write Bandwidth,
		1.778 R and 0.508 U and 0.000 F and 0.000 D Ideal Bandwidth,
		1 cc per Tile, 0 Stall Cycles
FeatureMemory:	16,329,600 cc Read Drain and 16,329,600 cc Fill Update Latency, 132.0 Read Bandwidth and 128.0 Write Bandwidth,
		16.000 R and 0.508 U and 1.778 F and 0.000 D Ideal Bandwidth,
		1 cc per Tile, 0 Stall Cycles
WeightMemory:	16,329,600 cc Read Drain and 16,329,600 cc Fill Update Latency, 16.0 Read Bandwidth and 16.0 Write Bandwidth,
		16.000 R and 0.000 U and 0.000 F and 0.000 D Ideal Bandwidth,
		1 cc per Tile, 0 Stall Cycles
WeightRegister:	16,329,600 cc Read Drain and 16,329,600 cc Fill Update Latency, 1.0 Read Bandwidth and 1.0 Write Bandwidth,
		0.004 R and 0.000 U and 0.000 F and 0.000 D Ideal Bandwidth,
		1 cc per Tile, 0 Stall Cycles
OutputRegister:	16,329,600 cc Read Drain and 16,329,600 cc Fill Update Latency, 1.0 Read Bandwidth and 1.0 Write Bandwidth,
		0.004 R and 0.004 U and 0.000 F and 0.000 D Ideal Bandwidth,
		1 cc per Tile, 0 Stall Cycles
Max Latency:	16,329,600 cc of level OutputRegister

============================================================
RESULT
============================================================
Energy: 1.6650e+03 μJ
Latency: 1.6330e+07 cycles
EDP: 3.0566e+04
Utilization: 88.89%
Mapping time: 0.06 s

Final Mapping:
DRAM[M=1 P=540 Q=60 C=1 R=1 S=1] FeatureMemory[M=1 P=1 Q=1 C=1 R=1 S=1] WeightMemory[Q=1 P=1 M=1 C=56 R=3 S=3] SACols[Q=16] SARows[M=16] WeightRegister[C=1 R=1 S=1 M=1 P=1 Q=1] OutputRegister[M=1 Q=1 P=1 C=1 R=1 S=1] Compute] 
Results exported to: results/results_20260212_163718.csv

================================================================================
EXPERIMENT SUMMARY
================================================================================

Total experiments: 1
Successful: 1
Failed: 0

────────────────────────────────────────────────────────────────────────────────
Results by workload:
────────────────────────────────────────────────────────────────────────────────

FSRCNN:
  single/L7_output, fmem_size: 1056kB, wmem_size: 524kB, pe_rows: 16, pe_cols: 18 -> E=1.67e+03μJ, L=1.63e+07cc, EDP=3.06e+04
