Creating architecture: Gemmini with coupling: dims: MKN, in_coupling: [K][N], w_coupling: W0: [M][K],, out_coupling: [M][N]
Creating architecture: Gemmini (conv) with coupling: dims: NMPQCRS, in_coupling: [N][C][Pstride*P+Rdilation*R][Qstride*Q+Sdilation*S], w_coupling: W0: [M][C][R][S],, out_coupling: [N][M][P][Q]
Creating architecture: Eyeriss with coupling: dims: MKN, in_coupling: [K][N], w_coupling: W0: [M][K],, out_coupling: [M][N]
Creating architecture: Eyeriss (conv) with coupling: dims: NMPQCRS, in_coupling: [N][C][Pstride*P+Rdilation*R][Qstride*Q+Sdilation*S], w_coupling: W0: [M][C][R][S],, out_coupling: [N][M][P][Q]
Creating architecture: Simba with coupling: dims: MKN, in_coupling: [K][N], w_coupling: W0: [M][K],, out_coupling: [M][N]
Creating architecture: Simba (conv) with coupling: dims: NMPQCRS, in_coupling: [N][C][Pstride*P+Rdilation*R][Qstride*Q+Sdilation*S], w_coupling: W0: [M][C][R][S],, out_coupling: [N][M][P][Q]
Creating architecture: TPUv1 with coupling: dims: MKN, in_coupling: [K][N], w_coupling: W0: [M][K],, out_coupling: [M][N]
Creating architecture: TPUv1 (conv) with coupling: dims: NMPQCRS, in_coupling: [N][C][Pstride*P+Rdilation*R][Qstride*Q+Sdilation*S], w_coupling: W0: [M][C][R][S],, out_coupling: [N][M][P][Q]

==========================================================================================
FUSION COMPARISON CASE STUDIES: MCCNN
==========================================================================================
Architecture: DepFiN, FMEM=1056KB, PE=8x256
WMEM: shared per case study — max(min_wmem) across all variants
  Full fusion WMEM=524KB (from --wmem-size, used as fallback)
Tile size: auto-detected per fusion level
==========================================================================================

--- FULL FUSION: mccnn/full/4layer ---
  [WMEM auto-sized: 28 KB for 4 fused layers]
------ loading Accelergy ------
ACCELERGY PLUG-INS: ['Library', 'dummy', 'ADC Plug-In', 'DEPRECATED table-based-plug-ins. Use the Library plug-in instead.', 'Neurosim Plug-In', 'Aladdin_table', 'CactiCache', 'CactiDRAM', 'CactiSRAM']
Creating architecture: Thesis_4Layers_1081344KB_FMEM_8x256_PEs with coupling: dims: C0Y0X0R0S0Z0C1R1S1Y1X1Z1C2R2S2Y2X2Z2C3R3S3PQZ3, in_coupling: [C0][Y0+R0][X0+S0], w_coupling: W0: [Z0][C0][R0][S0],W1: [Z1][C1][R1][S1],W2: [Z2][C2][R2][S2],W3: [Z3][C3][R3][S3],, out_coupling: [Z3][P][Q]
final_layer_dims: {'Q', 'C3', 'R0', 'S0', 'C0', 'R3', 'S3', 'Y0', 'X0', 'Z3', 'P'}, coupling.dims: ['C0', 'Y0', 'X0', 'R0', 'S0', 'Z0', 'C1', 'R1', 'S1', 'Y1', 'X1', 'Z1', 'C2', 'R2', 'S2', 'Y2', 'X2', 'Z2', 'C3', 'R3', 'S3', 'P', 'Q', 'Z3']
INFO: Arch: Thesis_4Layers_1081344KB_FMEM_8x256_PEs: identified intermediate dimensions: {'Z2', 'C1', 'Y1', 'Y2', 'Z1', 'R2', 'X2', 'X1', 'R1', 'S1', 'Z0', 'S2', 'C2'}
INFO: Added high constraint for intermediate dimension P in level WeightRegister
INFO: Added high constraint for intermediate dimension R1 in level WeightRegister
INFO: Added high constraint for intermediate dimension P in level AccumulationIntermediateOutputRegister
INFO: Added high constraint for intermediate dimension R1 in level AccumulationIntermediateOutputRegister
INFO: Added high constraint for intermediate dimension P in level AccumulationOutputRegister
INFO: Added high constraint for intermediate dimension R1 in level AccumulationOutputRegister
  ✓ Energy: 1.227e+04 μJ, Latency: 8.074e+06 cc, EDP: 1.16e+05, MOPs: (27890637840, 13165905456)

--- CS1: NON-FUSED (single layers) ---
  [CS1 shared WMEM = 10 KB (max of 4 layers: L0=1KB, L1=9KB, L2=9KB, L3=9KB)]
  [WMEM=10KB for L0]
Creating architecture: Thesis_1Layer_1081344B_FMEM_8x256_PEs with coupling: dims: MPQCRS, in_coupling: [C][P+R][Q+S], w_coupling: W0: [M][C][R][S],, out_coupling: [M][P][Q]
  ✓ L0: E=5.343e+02 μJ, L=1.245e+06 cc, MOPs=(47969616, 30435696)
  [WMEM=10KB for L1]
Creating architecture: Thesis_1Layer_1081344B_FMEM_8x256_PEs with coupling: dims: MPQCRS, in_coupling: [C][P+R][Q+S], w_coupling: W0: [M][C][R][S],, out_coupling: [M][P][Q]
  ✓ L1: E=1.433e+03 μJ, L=4.189e+06 cc, MOPs=(608795328, 47430144)
  [WMEM=10KB for L2]
Creating architecture: Thesis_1Layer_1081344B_FMEM_8x256_PEs with coupling: dims: MPQCRS, in_coupling: [C][P+R][Q+S], w_coupling: W0: [M][C][R][S],, out_coupling: [M][P][Q]
  ✓ L2: E=1.433e+03 μJ, L=4.189e+06 cc, MOPs=(608795328, 47430144)
  [WMEM=10KB for L3]
Creating architecture: Thesis_1Layer_1081344B_FMEM_8x256_PEs with coupling: dims: MPQCRS, in_coupling: [C][P+R][Q+S], w_coupling: W0: [M][C][R][S],, out_coupling: [M][P][Q]
  ✓ L3: E=1.433e+03 μJ, L=4.189e+06 cc, MOPs=(608795328, 47430144)

--- CS2: INTERMEDIATE FUSION (2layer) ---
  [CS2 shared WMEM = 19 KB (max of 2 segments: L0_L1=10KB, L2_L3=18KB)]
  [WMEM=19KB for L0_L1 (2L)]
Creating architecture: Thesis_2Layers_1081344KB_FMEM_8x256_PEs with coupling: dims: C0Y0X0R0S0Z0C1R1S1Z1PQ, in_coupling: [C0][Y0+R0][X0+S0], w_coupling: W0: [Z0][C0][R0][S0],W1: [Z1][C1][R1][S1],, out_coupling: [Z1][P][Q]
final_layer_dims: {'C1', 'Q', 'Z1', 'R0', 'S0', 'R1', 'S1', 'C0', 'Y0', 'X0', 'P'}, coupling.dims: ['C0', 'Y0', 'X0', 'R0', 'S0', 'Z0', 'C1', 'R1', 'S1', 'Z1', 'P', 'Q']
INFO: Arch: Thesis_2Layers_1081344KB_FMEM_8x256_PEs: identified intermediate dimensions: {'Z0'}
INFO: Added high constraint for intermediate dimension P in level WeightRegister
INFO: Added high constraint for intermediate dimension R1 in level WeightRegister
INFO: Added high constraint for intermediate dimension P in level AccumulationIntermediateOutputRegister
INFO: Added high constraint for intermediate dimension R1 in level AccumulationIntermediateOutputRegister
INFO: Added high constraint for intermediate dimension P in level AccumulationOutputRegister
INFO: Added high constraint for intermediate dimension R1 in level AccumulationOutputRegister
  ✓ L0_L1 (2L): E=4.440e+03 μJ, L=2.858e+06 cc, MOPs=(9498119184, 4498533936)
  [WMEM=19KB for L2_L3 (2L)]
Creating architecture: Thesis_2Layers_1081344KB_FMEM_8x256_PEs with coupling: dims: C0Y0X0R0S0Z0C1R1S1Z1PQ, in_coupling: [C0][Y0+R0][X0+S0], w_coupling: W0: [Z0][C0][R0][S0],W1: [Z1][C1][R1][S1],, out_coupling: [Z1][P][Q]
final_layer_dims: {'C1', 'Q', 'Z1', 'R0', 'S0', 'R1', 'S1', 'C0', 'Y0', 'X0', 'P'}, coupling.dims: ['C0', 'Y0', 'X0', 'R0', 'S0', 'Z0', 'C1', 'R1', 'S1', 'Z1', 'P', 'Q']
INFO: Arch: Thesis_2Layers_1081344KB_FMEM_8x256_PEs: identified intermediate dimensions: {'Z0'}
INFO: Added high constraint for intermediate dimension P in level WeightRegister
INFO: Added high constraint for intermediate dimension R1 in level WeightRegister
INFO: Added high constraint for intermediate dimension P in level AccumulationIntermediateOutputRegister
INFO: Added high constraint for intermediate dimension R1 in level AccumulationIntermediateOutputRegister
INFO: Added high constraint for intermediate dimension P in level AccumulationOutputRegister
INFO: Added high constraint for intermediate dimension R1 in level AccumulationOutputRegister
  ✓ L2_L3 (2L): E=8.571e+03 μJ, L=5.216e+06 cc, MOPs=(18392518656, 8682315264)

====================================================================================================
FUSION COMPARISON RESULTS: MCCNN (DEPFIN)
====================================================================================================
Level                        Energy (μJ)   Latency (cc)            EDP       DRAM Reads      DRAM Writes
----------------------------------------------------------------------------------------------------
Full Fusion                    1.227e+04      8.074e+06       1.16e+05          494,928       14,943,744
Σ Singles (CS1)                4.833e+03      1.381e+07       1.87e+04       45,326,160       59,774,976
Σ Intermediate (CS2)           1.301e+04      8.074e+06       6.58e+04       15,438,672       29,887,488

────────────────────────────────────────────────────────────────────────────────────────────────────
RATIOS (Full Fusion / Baseline) — values < 1.0 mean fusion wins
────────────────────────────────────────────────────────────────────────────────────────────────────
Comparison                              Energy    Latency            EDP   DRAM Rds   DRAM Wrs
----------------------------------------------------------------------------------------------------
CS1: Full / Σ Singles                   2.5386     0.5846         6.2117     0.0109     0.2500
    → Savings (%)                      -153.9%     +41.5%        -521.2%     +98.9%     +75.0%
CS2: Full / Σ Intermediate              0.9430     1.0000         1.7660     0.0321     0.5000
    → Savings (%)                        +5.7%      +0.0%         -76.6%     +96.8%     +50.0%

──────────────────────────────────────────────────────────────────────────────────────────
CS1 vs CS2: Intermediate fusion captures how much of full fusion benefit?
  Latency: intermediate captures 100.0% of full fusion benefit
====================================================================================================

Results exported to: results/results_20260213_130627.csv

================================================================================
EXPERIMENT SUMMARY
================================================================================

Total experiments: 7
Successful: 7
Failed: 0

────────────────────────────────────────────────────────────────────────────────
Results by workload:
────────────────────────────────────────────────────────────────────────────────

MCCNN:
  full/4layer, fmem_size: 1056kB, wmem_size: 28kB, pe_rows: 8, pe_cols: 256 -> E=1.23e+04μJ, L=8.07e+06cc, EDP=1.16e+05
  single/L0, fmem_size: 1056kB, wmem_size: 10kB, pe_rows: 8, pe_cols: 256 -> E=5.34e+02μJ, L=1.25e+06cc, EDP=6.65e+02
  single/L1, fmem_size: 1056kB, wmem_size: 10kB, pe_rows: 8, pe_cols: 256 -> E=1.43e+03μJ, L=4.19e+06cc, EDP=6.01e+03
  single/L2, fmem_size: 1056kB, wmem_size: 10kB, pe_rows: 8, pe_cols: 256 -> E=1.43e+03μJ, L=4.19e+06cc, EDP=6.01e+03
  single/L3, fmem_size: 1056kB, wmem_size: 10kB, pe_rows: 8, pe_cols: 256 -> E=1.43e+03μJ, L=4.19e+06cc, EDP=6.01e+03
  2layer/L0_L1, fmem_size: 1056kB, wmem_size: 19kB, pe_rows: 8, pe_cols: 256 -> E=4.44e+03μJ, L=2.86e+06cc, EDP=1.45e+04
  2layer/L2_L3, fmem_size: 1056kB, wmem_size: 19kB, pe_rows: 8, pe_cols: 256 -> E=8.57e+03μJ, L=5.22e+06cc, EDP=5.12e+04
