Creating architecture: Gemmini with coupling: dims: MKN, in_coupling: [K][N], w_coupling: W0: [M][K],, out_coupling: [M][N]
Creating architecture: Gemmini (conv) with coupling: dims: NMPQCRS, in_coupling: [N][C][Pstride*P+Rdilation*R][Qstride*Q+Sdilation*S], w_coupling: W0: [M][C][R][S],, out_coupling: [N][M][P][Q]
Creating architecture: Eyeriss with coupling: dims: MKN, in_coupling: [K][N], w_coupling: W0: [M][K],, out_coupling: [M][N]
Creating architecture: Eyeriss (conv) with coupling: dims: NMPQCRS, in_coupling: [N][C][Pstride*P+Rdilation*R][Qstride*Q+Sdilation*S], w_coupling: W0: [M][C][R][S],, out_coupling: [N][M][P][Q]
Creating architecture: Simba with coupling: dims: MKN, in_coupling: [K][N], w_coupling: W0: [M][K],, out_coupling: [M][N]
Creating architecture: Simba (conv) with coupling: dims: NMPQCRS, in_coupling: [N][C][Pstride*P+Rdilation*R][Qstride*Q+Sdilation*S], w_coupling: W0: [M][C][R][S],, out_coupling: [N][M][P][Q]
Creating architecture: TPUv1 with coupling: dims: MKN, in_coupling: [K][N], w_coupling: W0: [M][K],, out_coupling: [M][N]
Creating architecture: TPUv1 (conv) with coupling: dims: NMPQCRS, in_coupling: [N][C][Pstride*P+Rdilation*R][Qstride*Q+Sdilation*S], w_coupling: W0: [M][C][R][S],, out_coupling: [N][M][P][Q]

==========================================================================================
FUSION COMPARISON CASE STUDIES: FSRCNN
==========================================================================================
Architecture: DepFiN, FMEM=1056KB, PE=4x512
WMEM: shared per case study — max(min_wmem) across all variants
  Full fusion WMEM=524KB (from --wmem-size, used as fallback)
Tile size: auto-detected per fusion level
==========================================================================================

--- FULL FUSION: fsrcnn/full/8layer ---
  [WMEM auto-sized: 19 KB for 8 fused layers]
------ loading Accelergy ------
ACCELERGY PLUG-INS: ['Library', 'dummy', 'ADC Plug-In', 'DEPRECATED table-based-plug-ins. Use the Library plug-in instead.', 'Neurosim Plug-In', 'Aladdin_table', 'CactiCache', 'CactiDRAM', 'CactiSRAM']
Creating architecture: Thesis_8Layers_1081344KB_FMEM_4x512_PEs with coupling: dims: C0Y0X0R0S0Z0C1R1S1Y1X1Z1C2R2S2Y2X2Z2C3R3S3Y3X3Z3C4R4S4Y4X4Z4C5R5S5Y5X5Z5C6R6S6Y6X6Z6C7R7S7PQZ7, in_coupling: [C0][Y0+R0][X0+S0], w_coupling: W0: [Z0][C0][R0][S0],W1: [Z1][C1][R1][S1],W2: [Z2][C2][R2][S2],W3: [Z3][C3][R3][S3],W4: [Z4][C4][R4][S4],W5: [Z5][C5][R5][S5],W6: [Z6][C6][R6][S6],W7: [Z7][C7][R7][S7],, out_coupling: [Z7][P][Q]
final_layer_dims: {'Q', 'R7', 'S0', 'Y0', 'C7', 'Z7', 'S7', 'C0', 'R0', 'P', 'X0'}, coupling.dims: ['C0', 'Y0', 'X0', 'R0', 'S0', 'Z0', 'C1', 'R1', 'S1', 'Y1', 'X1', 'Z1', 'C2', 'R2', 'S2', 'Y2', 'X2', 'Z2', 'C3', 'R3', 'S3', 'Y3', 'X3', 'Z3', 'C4', 'R4', 'S4', 'Y4', 'X4', 'Z4', 'C5', 'R5', 'S5', 'Y5', 'X5', 'Z5', 'C6', 'R6', 'S6', 'Y6', 'X6', 'Z6', 'C7', 'R7', 'S7', 'P', 'Q', 'Z7']
INFO: Arch: Thesis_8Layers_1081344KB_FMEM_4x512_PEs: identified intermediate dimensions: {'S2', 'X3', 'Z4', 'S5', 'R5', 'C1', 'Y5', 'R1', 'R3', 'Y6', 'Z5', 'X6', 'C6', 'Z3', 'X1', 'C2', 'R6', 'C3', 'Y3', 'Y2', 'X2', 'R4', 'R2', 'Z6', 'X5', 'S6', 'Y1', 'C5', 'C4', 'Z0', 'Z2', 'Y4', 'X4', 'S3', 'Z1', 'S1', 'S4'}
INFO: Added high constraint for intermediate dimension P in level WeightRegister
INFO: Added high constraint for intermediate dimension R1 in level WeightRegister
INFO: Added high constraint for intermediate dimension P in level AccumulationIntermediateOutputRegister
INFO: Added high constraint for intermediate dimension R1 in level AccumulationIntermediateOutputRegister
INFO: Added high constraint for intermediate dimension P in level AccumulationOutputRegister
INFO: Added high constraint for intermediate dimension R1 in level AccumulationOutputRegister
  ✓ Energy: 1.003e+04 μJ, Latency: 5.680e+06 cc, EDP: 6.50e+04, MOPs: (22127482152, 9938246400)

--- CS1: NON-FUSED (single layers) ---
  [CS1 shared WMEM = 8 KB (max of 8 layers: L0_feature_extraction=5KB, L1_shrinking=1KB, L2_mapping1=2KB, L3_mapping2=2KB, L4_mapping3=2KB, L5_mapping4=2KB, L6_expanding=1KB, L7_output=8KB)]
  [WMEM=8KB for L0_feature_extraction]
Creating architecture: Thesis_1Layer_1081344B_FMEM_4x512_PEs with coupling: dims: MPQCRS, in_coupling: [C][P+R][Q+S], w_coupling: W0: [M][C][R][S],, out_coupling: [M][P][Q]
  ✓ L0_feature_extraction: E=1.472e+03 μJ, L=4.344e+06 cc, MOPs=(610729080, 60750000)
  [WMEM=8KB for L1_shrinking]
Creating architecture: Thesis_1Layer_1081344B_FMEM_4x512_PEs with coupling: dims: MPQCRS, in_coupling: [C][P+R][Q+S], w_coupling: W0: [M][C][R][S],, out_coupling: [M][P][Q]
  ✓ L1_shrinking: E=1.233e+03 μJ, L=2.419e+06 cc, MOPs=(129649272, 41653440)
  [WMEM=8KB for L2_mapping1]
Creating architecture: Thesis_1Layer_1081344B_FMEM_4x512_PEs with coupling: dims: MPQCRS, in_coupling: [C][P+R][Q+S], w_coupling: W0: [M][C][R][S],, out_coupling: [M][P][Q]
  ✓ L2_mapping1: E=5.501e+02 μJ, L=1.320e+06 cc, MOPs=(188721576, 19012320)
  [WMEM=8KB for L3_mapping2]
Creating architecture: Thesis_1Layer_1081344B_FMEM_4x512_PEs with coupling: dims: MPQCRS, in_coupling: [C][P+R][Q+S], w_coupling: W0: [M][C][R][S],, out_coupling: [M][P][Q]
  ✓ L3_mapping2: E=5.501e+02 μJ, L=1.320e+06 cc, MOPs=(188721576, 19012320)
  [WMEM=8KB for L4_mapping3]
Creating architecture: Thesis_1Layer_1081344B_FMEM_4x512_PEs with coupling: dims: MPQCRS, in_coupling: [C][P+R][Q+S], w_coupling: W0: [M][C][R][S],, out_coupling: [M][P][Q]
  ✓ L4_mapping3: E=5.501e+02 μJ, L=1.320e+06 cc, MOPs=(188721576, 19012320)
  [WMEM=8KB for L5_mapping4]
Creating architecture: Thesis_1Layer_1081344B_FMEM_4x512_PEs with coupling: dims: MPQCRS, in_coupling: [C][P+R][Q+S], w_coupling: W0: [M][C][R][S],, out_coupling: [M][P][Q]
  ✓ L5_mapping4: E=5.501e+02 μJ, L=1.320e+06 cc, MOPs=(188721576, 19012320)
  [WMEM=8KB for L6_expanding]
Creating architecture: Thesis_1Layer_1081344B_FMEM_4x512_PEs with coupling: dims: MPQCRS, in_coupling: [C][P+R][Q+S], w_coupling: W0: [M][C][R][S],, out_coupling: [M][P][Q]
  ✓ L6_expanding: E=1.256e+03 μJ, L=2.419e+06 cc, MOPs=(152446992, 64463040)
  [WMEM=8KB for L7_output]
Creating architecture: Thesis_1Layer_1081344B_FMEM_4x512_PEs with coupling: dims: MPQCRS, in_coupling: [C][P+R][Q+S], w_coupling: W0: [M][C][R][S],, out_coupling: [M][P][Q]
  ✓ L7_output: E=2.077e+03 μJ, L=7.980e+06 cc, MOPs=(1103781024, 47796480)

--- CS2: INTERMEDIATE FUSION (3layer) ---
  [CS2 shared WMEM = 9 KB (max of 3 segments: L0_L1_L2=7KB, L3_L4_L5=4KB, L6_L7_expanding_output=9KB)]
  [WMEM=9KB for L0_L1_L2 (3L)]
Creating architecture: Thesis_3Layers_1081344KB_FMEM_4x512_PEs with coupling: dims: C0Y0X0R0S0Z0C1R1S1Y1X1Z1C2R2S2PQZ2, in_coupling: [C0][Y0+R0][X0+S0], w_coupling: W0: [Z0][C0][R0][S0],W1: [Z1][C1][R1][S1],W2: [Z2][C2][R2][S2],, out_coupling: [Z2][P][Q]
final_layer_dims: {'Q', 'S2', 'S0', 'R2', 'Z2', 'C2', 'Y0', 'C0', 'R0', 'P', 'X0'}, coupling.dims: ['C0', 'Y0', 'X0', 'R0', 'S0', 'Z0', 'C1', 'R1', 'S1', 'Y1', 'X1', 'Z1', 'C2', 'R2', 'S2', 'P', 'Q', 'Z2']
INFO: Arch: Thesis_3Layers_1081344KB_FMEM_4x512_PEs: identified intermediate dimensions: {'Y1', 'X1', 'Z0', 'C1', 'R1', 'Z1', 'S1'}
INFO: Added high constraint for intermediate dimension P in level WeightRegister
INFO: Added high constraint for intermediate dimension R1 in level WeightRegister
INFO: Added high constraint for intermediate dimension P in level AccumulationIntermediateOutputRegister
INFO: Added high constraint for intermediate dimension R1 in level AccumulationIntermediateOutputRegister
INFO: Added high constraint for intermediate dimension P in level AccumulationOutputRegister
INFO: Added high constraint for intermediate dimension R1 in level AccumulationOutputRegister
  ✓ L0_L1_L2 (3L): E=3.292e+03 μJ, L=2.030e+06 cc, MOPs=(7279301208, 3281990400)
  [WMEM=9KB for L3_L4_L5 (3L)]
Creating architecture: Thesis_3Layers_1081344KB_FMEM_4x512_PEs with coupling: dims: C0Y0X0R0S0Z0C1R1S1Y1X1Z1C2R2S2PQZ2, in_coupling: [C0][Y0+R0][X0+S0], w_coupling: W0: [Z0][C0][R0][S0],W1: [Z1][C1][R1][S1],W2: [Z2][C2][R2][S2],, out_coupling: [Z2][P][Q]
final_layer_dims: {'Q', 'S2', 'S0', 'R2', 'Z2', 'C2', 'Y0', 'C0', 'R0', 'P', 'X0'}, coupling.dims: ['C0', 'Y0', 'X0', 'R0', 'S0', 'Z0', 'C1', 'R1', 'S1', 'Y1', 'X1', 'Z1', 'C2', 'R2', 'S2', 'P', 'Q', 'Z2']
INFO: Arch: Thesis_3Layers_1081344KB_FMEM_4x512_PEs: identified intermediate dimensions: {'Y1', 'X1', 'Z0', 'C1', 'R1', 'Z1', 'S1'}
INFO: Added high constraint for intermediate dimension P in level WeightRegister
INFO: Added high constraint for intermediate dimension R1 in level WeightRegister
INFO: Added high constraint for intermediate dimension P in level AccumulationIntermediateOutputRegister
INFO: Added high constraint for intermediate dimension R1 in level AccumulationIntermediateOutputRegister
INFO: Added high constraint for intermediate dimension P in level AccumulationOutputRegister
INFO: Added high constraint for intermediate dimension R1 in level AccumulationOutputRegister
  ✓ L3_L4_L5 (3L): E=2.305e+03 μJ, L=1.390e+06 cc, MOPs=(4576490928, 2059084800)
  [WMEM=9KB for L6_L7_expanding_output (2L)]
Creating architecture: Thesis_2Layers_1081344KB_FMEM_4x512_PEs with coupling: dims: C0Y0X0R0S0Z0C1R1S1Z1PQ, in_coupling: [C0][Y0+R0][X0+S0], w_coupling: W0: [Z0][C0][R0][S0],W1: [Z1][C1][R1][S1],, out_coupling: [Z1][P][Q]
final_layer_dims: {'Q', 'C0', 'S0', 'S1', 'C1', 'Y0', 'R1', 'Z1', 'R0', 'P', 'X0'}, coupling.dims: ['C0', 'Y0', 'X0', 'R0', 'S0', 'Z0', 'C1', 'R1', 'S1', 'Z1', 'P', 'Q']
INFO: Arch: Thesis_2Layers_1081344KB_FMEM_4x512_PEs: identified intermediate dimensions: {'Z0'}
INFO: Added high constraint for intermediate dimension P in level WeightRegister
INFO: Added high constraint for intermediate dimension R1 in level WeightRegister
INFO: Added high constraint for intermediate dimension P in level AccumulationIntermediateOutputRegister
INFO: Added high constraint for intermediate dimension R1 in level AccumulationIntermediateOutputRegister
INFO: Added high constraint for intermediate dimension P in level AccumulationOutputRegister
INFO: Added high constraint for intermediate dimension R1 in level AccumulationOutputRegister
  ✓ L6_L7_expanding_output (2L): E=4.735e+03 μJ, L=2.805e+06 cc, MOPs=(10271690016, 4609612800)

====================================================================================================
FUSION COMPARISON RESULTS: FSRCNN (DEPFIN)
====================================================================================================
Level                        Energy (μJ)   Latency (cc)            EDP       DRAM Reads      DRAM Writes
----------------------------------------------------------------------------------------------------
Full Fusion                    1.003e+04      5.680e+06       6.50e+04        1,573,992        8,294,400
Σ Singles (CS1)                8.238e+03      2.244e+07       3.19e+04       90,738,792       97,459,200
Σ Intermediate (CS2)           1.033e+04      6.224e+06       2.52e+04       14,015,592       20,736,000

────────────────────────────────────────────────────────────────────────────────────────────────────
RATIOS (Full Fusion / Baseline) — values < 1.0 mean fusion wins
────────────────────────────────────────────────────────────────────────────────────────────────────
Comparison                              Energy    Latency            EDP   DRAM Rds   DRAM Wrs
----------------------------------------------------------------------------------------------------
CS1: Full / Σ Singles                   1.2173     0.2531         2.0376     0.0173     0.0851
    → Savings (%)                       -21.7%     +74.7%        -103.8%     +98.3%     +91.5%
CS2: Full / Σ Intermediate              0.9706     0.9125         2.5753     0.1123     0.4000
    → Savings (%)                        +2.9%      +8.7%        -157.5%     +88.8%     +60.0%

──────────────────────────────────────────────────────────────────────────────────────────
CS1 vs CS2: Intermediate fusion captures how much of full fusion benefit?
  Latency: intermediate captures 96.8% of full fusion benefit
====================================================================================================

Results exported to: results/results_20260213_123806.csv

================================================================================
EXPERIMENT SUMMARY
================================================================================

Total experiments: 12
Successful: 12
Failed: 0

────────────────────────────────────────────────────────────────────────────────
Results by workload:
────────────────────────────────────────────────────────────────────────────────

FSRCNN:
  full/8layer, fmem_size: 1056kB, wmem_size: 19kB, pe_rows: 4, pe_cols: 512 -> E=1.00e+04μJ, L=5.68e+06cc, EDP=6.50e+04
  single/L0_feature_extraction, fmem_size: 1056kB, wmem_size: 8kB, pe_rows: 4, pe_cols: 512 -> E=1.47e+03μJ, L=4.34e+06cc, EDP=6.40e+03
  single/L1_shrinking, fmem_size: 1056kB, wmem_size: 8kB, pe_rows: 4, pe_cols: 512 -> E=1.23e+03μJ, L=2.42e+06cc, EDP=2.98e+03
  single/L2_mapping1, fmem_size: 1056kB, wmem_size: 8kB, pe_rows: 4, pe_cols: 512 -> E=5.50e+02μJ, L=1.32e+06cc, EDP=7.26e+02
  single/L3_mapping2, fmem_size: 1056kB, wmem_size: 8kB, pe_rows: 4, pe_cols: 512 -> E=5.50e+02μJ, L=1.32e+06cc, EDP=7.26e+02
  single/L4_mapping3, fmem_size: 1056kB, wmem_size: 8kB, pe_rows: 4, pe_cols: 512 -> E=5.50e+02μJ, L=1.32e+06cc, EDP=7.26e+02
  single/L5_mapping4, fmem_size: 1056kB, wmem_size: 8kB, pe_rows: 4, pe_cols: 512 -> E=5.50e+02μJ, L=1.32e+06cc, EDP=7.26e+02
  single/L6_expanding, fmem_size: 1056kB, wmem_size: 8kB, pe_rows: 4, pe_cols: 512 -> E=1.26e+03μJ, L=2.42e+06cc, EDP=3.04e+03
  single/L7_output, fmem_size: 1056kB, wmem_size: 8kB, pe_rows: 4, pe_cols: 512 -> E=2.08e+03μJ, L=7.98e+06cc, EDP=1.66e+04
  3layer/L0_L1_L2, fmem_size: 1056kB, wmem_size: 9kB, pe_rows: 4, pe_cols: 512 -> E=3.29e+03μJ, L=2.03e+06cc, EDP=7.29e+03
  3layer/L3_L4_L5, fmem_size: 1056kB, wmem_size: 9kB, pe_rows: 4, pe_cols: 512 -> E=2.30e+03μJ, L=1.39e+06cc, EDP=3.47e+03
  3layer/L6_L7_expanding_output, fmem_size: 1056kB, wmem_size: 9kB, pe_rows: 4, pe_cols: 512 -> E=4.74e+03μJ, L=2.80e+06cc, EDP=1.45e+04
