Creating architecture: Gemmini with coupling: dims: MKN, in_coupling: [K][N], w_coupling: W0: [M][K],, out_coupling: [M][N]
Creating architecture: Gemmini (conv) with coupling: dims: NMPQCRS, in_coupling: [N][C][Pstride*P+Rdilation*R][Qstride*Q+Sdilation*S], w_coupling: W0: [M][C][R][S],, out_coupling: [N][M][P][Q]
Creating architecture: Eyeriss with coupling: dims: MKN, in_coupling: [K][N], w_coupling: W0: [M][K],, out_coupling: [M][N]
Creating architecture: Eyeriss (conv) with coupling: dims: NMPQCRS, in_coupling: [N][C][Pstride*P+Rdilation*R][Qstride*Q+Sdilation*S], w_coupling: W0: [M][C][R][S],, out_coupling: [N][M][P][Q]
Creating architecture: Simba with coupling: dims: MKN, in_coupling: [K][N], w_coupling: W0: [M][K],, out_coupling: [M][N]
Creating architecture: Simba (conv) with coupling: dims: NMPQCRS, in_coupling: [N][C][Pstride*P+Rdilation*R][Qstride*Q+Sdilation*S], w_coupling: W0: [M][C][R][S],, out_coupling: [N][M][P][Q]
Creating architecture: TPUv1 with coupling: dims: MKN, in_coupling: [K][N], w_coupling: W0: [M][K],, out_coupling: [M][N]
Creating architecture: TPUv1 (conv) with coupling: dims: NMPQCRS, in_coupling: [N][C][Pstride*P+Rdilation*R][Qstride*Q+Sdilation*S], w_coupling: W0: [M][C][R][S],, out_coupling: [N][M][P][Q]

============================================================
Architecture sweep for resnet18/full/17layer (DepFiN)
4 configurations to test
FMEM sizes: [266] KB, WMEM sizes: [10738] KB
PE configs: ['16x128', '32x128', '64x128', '128x128']
Tile size override: 7
============================================================

[1/4] FMEM=266KB, WMEM=10738KB, PE=16x128
------ loading Accelergy ------
ACCELERGY PLUG-INS: ['Library', 'dummy', 'ADC Plug-In', 'DEPRECATED table-based-plug-ins. Use the Library plug-in instead.', 'Neurosim Plug-In', 'Aladdin_table', 'CactiCache', 'CactiDRAM', 'CactiSRAM']
[Stride-Aware Tiling] output_tile=7, cumulative_stride=16x16
  Input tile (X0): 112, Output tile (Q): 7
[Tile Size Override] tile_size=7, scale_bandwidth=False, fmem_bw=(132, 128)
Creating architecture: Thesis_17Layers_272384KB_FMEM_16x128_PEs with coupling: dims: C0Y0X0R0S0Z0C1R1S1Y1X1Z1C2R2S2Y2X2Z2C3R3S3Y3X3Z3C4R4S4Y4X4Z4C5R5S5Y5X5Z5C6R6S6Y6X6Z6C7R7S7Y7X7Z7C8R8S8Y8X8Z8C9R9S9Y9X9Z9C10R10S10Y10X10Z10C11R11S11Y11X11Z11C12R12S12Y12X12Z12C13R13S13Y13X13Z13C14R14S14Y14X14Z14C15R15S15Y15X15Z15C16R16S16PQZ16, in_coupling: [C0][Y0+R0][X0+S0], w_coupling: W0: [Z0][C0][R0][S0],W1: [Z1][C1][R1][S1],W2: [Z2][C2][R2][S2],W3: [Z3][C3][R3][S3],W4: [Z4][C4][R4][S4],W5: [Z5][C5][R5][S5],W6: [Z6][C6][R6][S6],W7: [Z7][C7][R7][S7],W8: [Z8][C8][R8][S8],W9: [Z9][C9][R9][S9],W10: [Z10][C10][R10][S10],W11: [Z11][C11][R11][S11],W12: [Z12][C12][R12][S12],W13: [Z13][C13][R13][S13],W14: [Z14][C14][R14][S14],W15: [Z15][C15][R15][S15],W16: [Z16][C16][R16][S16],, out_coupling: [Z16][P][Q]
final_layer_dims: {'C16', 'R16', 'R0', 'Y0', 'S0', 'C0', 'S16', 'Q', 'Z16', 'X0', 'P'}, coupling.dims: ['C0', 'Y0', 'X0', 'R0', 'S0', 'Z0', 'C1', 'R1', 'S1', 'Y1', 'X1', 'Z1', 'C2', 'R2', 'S2', 'Y2', 'X2', 'Z2', 'C3', 'R3', 'S3', 'Y3', 'X3', 'Z3', 'C4', 'R4', 'S4', 'Y4', 'X4', 'Z4', 'C5', 'R5', 'S5', 'Y5', 'X5', 'Z5', 'C6', 'R6', 'S6', 'Y6', 'X6', 'Z6', 'C7', 'R7', 'S7', 'Y7', 'X7', 'Z7', 'C8', 'R8', 'S8', 'Y8', 'X8', 'Z8', 'C9', 'R9', 'S9', 'Y9', 'X9', 'Z9', 'C10', 'R10', 'S10', 'Y10', 'X10', 'Z10', 'C11', 'R11', 'S11', 'Y11', 'X11', 'Z11', 'C12', 'R12', 'S12', 'Y12', 'X12', 'Z12', 'C13', 'R13', 'S13', 'Y13', 'X13', 'Z13', 'C14', 'R14', 'S14', 'Y14', 'X14', 'Z14', 'C15', 'R15', 'S15', 'Y15', 'X15', 'Z15', 'C16', 'R16', 'S16', 'P', 'Q', 'Z16']
INFO: Arch: Thesis_17Layers_272384KB_FMEM_16x128_PEs: identified intermediate dimensions: {'Y1', 'R3', 'C9', 'Y12', 'X6', 'X12', 'Z6', 'X2', 'X13', 'R14', 'R5', 'Z2', 'R12', 'X1', 'Y6', 'R8', 'Z9', 'Z1', 'Z0', 'S4', 'Y7', 'C1', 'S1', 'Z3', 'X10', 'S10', 'Y3', 'R4', 'Z5', 'C13', 'S8', 'C4', 'X7', 'C2', 'C7', 'C12', 'Z4', 'X15', 'C6', 'Z15', 'S2', 'Z13', 'R6', 'R13', 'Z8', 'Y11', 'C15', 'R15', 'S7', 'Z10', 'Y4', 'S6', 'Z14', 'R11', 'R1', 'X4', 'X5', 'C10', 'Z7', 'S12', 'S14', 'R2', 'Y15', 'Z12', 'S13', 'S3', 'S9', 'C11', 'X3', 'C8', 'X9', 'S15', 'Y9', 'Y10', 'Y2', 'Y5', 'S5', 'R10', 'Y13', 'Y14', 'Y8', 'S11', 'X8', 'C3', 'X11', 'R9', 'R7', 'X14', 'C14', 'C5', 'Z11'}
INFO: Added high constraint for intermediate dimension P in level WeightRegister
INFO: Added high constraint for intermediate dimension R1 in level WeightRegister
INFO: Added high constraint for intermediate dimension P in level AccumulationIntermediateOutputRegister
INFO: Added high constraint for intermediate dimension R1 in level AccumulationIntermediateOutputRegister
INFO: Added high constraint for intermediate dimension P in level AccumulationOutputRegister
INFO: Added high constraint for intermediate dimension R1 in level AccumulationOutputRegister
  ✓ EDP: 1.51e+05
[2/4] FMEM=266KB, WMEM=10738KB, PE=32x128
[Stride-Aware Tiling] output_tile=7, cumulative_stride=16x16
  Input tile (X0): 112, Output tile (Q): 7
[Tile Size Override] tile_size=7, scale_bandwidth=False, fmem_bw=(132, 128)
Creating architecture: Thesis_17Layers_272384KB_FMEM_32x128_PEs with coupling: dims: C0Y0X0R0S0Z0C1R1S1Y1X1Z1C2R2S2Y2X2Z2C3R3S3Y3X3Z3C4R4S4Y4X4Z4C5R5S5Y5X5Z5C6R6S6Y6X6Z6C7R7S7Y7X7Z7C8R8S8Y8X8Z8C9R9S9Y9X9Z9C10R10S10Y10X10Z10C11R11S11Y11X11Z11C12R12S12Y12X12Z12C13R13S13Y13X13Z13C14R14S14Y14X14Z14C15R15S15Y15X15Z15C16R16S16PQZ16, in_coupling: [C0][Y0+R0][X0+S0], w_coupling: W0: [Z0][C0][R0][S0],W1: [Z1][C1][R1][S1],W2: [Z2][C2][R2][S2],W3: [Z3][C3][R3][S3],W4: [Z4][C4][R4][S4],W5: [Z5][C5][R5][S5],W6: [Z6][C6][R6][S6],W7: [Z7][C7][R7][S7],W8: [Z8][C8][R8][S8],W9: [Z9][C9][R9][S9],W10: [Z10][C10][R10][S10],W11: [Z11][C11][R11][S11],W12: [Z12][C12][R12][S12],W13: [Z13][C13][R13][S13],W14: [Z14][C14][R14][S14],W15: [Z15][C15][R15][S15],W16: [Z16][C16][R16][S16],, out_coupling: [Z16][P][Q]
final_layer_dims: {'C16', 'R16', 'R0', 'Y0', 'S0', 'C0', 'S16', 'Q', 'Z16', 'X0', 'P'}, coupling.dims: ['C0', 'Y0', 'X0', 'R0', 'S0', 'Z0', 'C1', 'R1', 'S1', 'Y1', 'X1', 'Z1', 'C2', 'R2', 'S2', 'Y2', 'X2', 'Z2', 'C3', 'R3', 'S3', 'Y3', 'X3', 'Z3', 'C4', 'R4', 'S4', 'Y4', 'X4', 'Z4', 'C5', 'R5', 'S5', 'Y5', 'X5', 'Z5', 'C6', 'R6', 'S6', 'Y6', 'X6', 'Z6', 'C7', 'R7', 'S7', 'Y7', 'X7', 'Z7', 'C8', 'R8', 'S8', 'Y8', 'X8', 'Z8', 'C9', 'R9', 'S9', 'Y9', 'X9', 'Z9', 'C10', 'R10', 'S10', 'Y10', 'X10', 'Z10', 'C11', 'R11', 'S11', 'Y11', 'X11', 'Z11', 'C12', 'R12', 'S12', 'Y12', 'X12', 'Z12', 'C13', 'R13', 'S13', 'Y13', 'X13', 'Z13', 'C14', 'R14', 'S14', 'Y14', 'X14', 'Z14', 'C15', 'R15', 'S15', 'Y15', 'X15', 'Z15', 'C16', 'R16', 'S16', 'P', 'Q', 'Z16']
INFO: Arch: Thesis_17Layers_272384KB_FMEM_32x128_PEs: identified intermediate dimensions: {'Y1', 'R3', 'C9', 'Y12', 'X6', 'X12', 'Z6', 'X2', 'X13', 'R14', 'R5', 'Z2', 'R12', 'X1', 'Y6', 'R8', 'Z9', 'Z1', 'Z0', 'S4', 'Y7', 'C1', 'S1', 'Z3', 'X10', 'S10', 'Y3', 'R4', 'Z5', 'C13', 'S8', 'C4', 'X7', 'C2', 'C7', 'C12', 'Z4', 'X15', 'C6', 'Z15', 'S2', 'Z13', 'R6', 'R13', 'Z8', 'Y11', 'C15', 'R15', 'S7', 'Z10', 'Y4', 'S6', 'Z14', 'R11', 'R1', 'X4', 'X5', 'C10', 'Z7', 'S12', 'S14', 'R2', 'Y15', 'Z12', 'S13', 'S3', 'S9', 'C11', 'X3', 'C8', 'X9', 'S15', 'Y9', 'Y10', 'Y2', 'Y5', 'S5', 'R10', 'Y13', 'Y14', 'Y8', 'S11', 'X8', 'C3', 'X11', 'R9', 'R7', 'X14', 'C14', 'C5', 'Z11'}
INFO: Added high constraint for intermediate dimension P in level WeightRegister
INFO: Added high constraint for intermediate dimension R1 in level WeightRegister
INFO: Added high constraint for intermediate dimension P in level AccumulationIntermediateOutputRegister
INFO: Added high constraint for intermediate dimension R1 in level AccumulationIntermediateOutputRegister
INFO: Added high constraint for intermediate dimension P in level AccumulationOutputRegister
INFO: Added high constraint for intermediate dimension R1 in level AccumulationOutputRegister
  ✓ EDP: 1.51e+05
[3/4] FMEM=266KB, WMEM=10738KB, PE=64x128
[Stride-Aware Tiling] output_tile=7, cumulative_stride=16x16
  Input tile (X0): 112, Output tile (Q): 7
[Tile Size Override] tile_size=7, scale_bandwidth=False, fmem_bw=(132, 128)
Creating architecture: Thesis_17Layers_272384KB_FMEM_64x128_PEs with coupling: dims: C0Y0X0R0S0Z0C1R1S1Y1X1Z1C2R2S2Y2X2Z2C3R3S3Y3X3Z3C4R4S4Y4X4Z4C5R5S5Y5X5Z5C6R6S6Y6X6Z6C7R7S7Y7X7Z7C8R8S8Y8X8Z8C9R9S9Y9X9Z9C10R10S10Y10X10Z10C11R11S11Y11X11Z11C12R12S12Y12X12Z12C13R13S13Y13X13Z13C14R14S14Y14X14Z14C15R15S15Y15X15Z15C16R16S16PQZ16, in_coupling: [C0][Y0+R0][X0+S0], w_coupling: W0: [Z0][C0][R0][S0],W1: [Z1][C1][R1][S1],W2: [Z2][C2][R2][S2],W3: [Z3][C3][R3][S3],W4: [Z4][C4][R4][S4],W5: [Z5][C5][R5][S5],W6: [Z6][C6][R6][S6],W7: [Z7][C7][R7][S7],W8: [Z8][C8][R8][S8],W9: [Z9][C9][R9][S9],W10: [Z10][C10][R10][S10],W11: [Z11][C11][R11][S11],W12: [Z12][C12][R12][S12],W13: [Z13][C13][R13][S13],W14: [Z14][C14][R14][S14],W15: [Z15][C15][R15][S15],W16: [Z16][C16][R16][S16],, out_coupling: [Z16][P][Q]
final_layer_dims: {'C16', 'R16', 'R0', 'Y0', 'S0', 'C0', 'S16', 'Q', 'Z16', 'X0', 'P'}, coupling.dims: ['C0', 'Y0', 'X0', 'R0', 'S0', 'Z0', 'C1', 'R1', 'S1', 'Y1', 'X1', 'Z1', 'C2', 'R2', 'S2', 'Y2', 'X2', 'Z2', 'C3', 'R3', 'S3', 'Y3', 'X3', 'Z3', 'C4', 'R4', 'S4', 'Y4', 'X4', 'Z4', 'C5', 'R5', 'S5', 'Y5', 'X5', 'Z5', 'C6', 'R6', 'S6', 'Y6', 'X6', 'Z6', 'C7', 'R7', 'S7', 'Y7', 'X7', 'Z7', 'C8', 'R8', 'S8', 'Y8', 'X8', 'Z8', 'C9', 'R9', 'S9', 'Y9', 'X9', 'Z9', 'C10', 'R10', 'S10', 'Y10', 'X10', 'Z10', 'C11', 'R11', 'S11', 'Y11', 'X11', 'Z11', 'C12', 'R12', 'S12', 'Y12', 'X12', 'Z12', 'C13', 'R13', 'S13', 'Y13', 'X13', 'Z13', 'C14', 'R14', 'S14', 'Y14', 'X14', 'Z14', 'C15', 'R15', 'S15', 'Y15', 'X15', 'Z15', 'C16', 'R16', 'S16', 'P', 'Q', 'Z16']
INFO: Arch: Thesis_17Layers_272384KB_FMEM_64x128_PEs: identified intermediate dimensions: {'Y1', 'R3', 'C9', 'Y12', 'X6', 'X12', 'Z6', 'X2', 'X13', 'R14', 'R5', 'Z2', 'R12', 'X1', 'Y6', 'R8', 'Z9', 'Z1', 'Z0', 'S4', 'Y7', 'C1', 'S1', 'Z3', 'X10', 'S10', 'Y3', 'R4', 'Z5', 'C13', 'S8', 'C4', 'X7', 'C2', 'C7', 'C12', 'Z4', 'X15', 'C6', 'Z15', 'S2', 'Z13', 'R6', 'R13', 'Z8', 'Y11', 'C15', 'R15', 'S7', 'Z10', 'Y4', 'S6', 'Z14', 'R11', 'R1', 'X4', 'X5', 'C10', 'Z7', 'S12', 'S14', 'R2', 'Y15', 'Z12', 'S13', 'S3', 'S9', 'C11', 'X3', 'C8', 'X9', 'S15', 'Y9', 'Y10', 'Y2', 'Y5', 'S5', 'R10', 'Y13', 'Y14', 'Y8', 'S11', 'X8', 'C3', 'X11', 'R9', 'R7', 'X14', 'C14', 'C5', 'Z11'}
INFO: Added high constraint for intermediate dimension P in level WeightRegister
INFO: Added high constraint for intermediate dimension R1 in level WeightRegister
INFO: Added high constraint for intermediate dimension P in level AccumulationIntermediateOutputRegister
INFO: Added high constraint for intermediate dimension R1 in level AccumulationIntermediateOutputRegister
INFO: Added high constraint for intermediate dimension P in level AccumulationOutputRegister
INFO: Added high constraint for intermediate dimension R1 in level AccumulationOutputRegister
  ✓ EDP: 1.51e+05
[4/4] FMEM=266KB, WMEM=10738KB, PE=128x128
[Stride-Aware Tiling] output_tile=7, cumulative_stride=16x16
  Input tile (X0): 112, Output tile (Q): 7
[Tile Size Override] tile_size=7, scale_bandwidth=False, fmem_bw=(132, 128)
Creating architecture: Thesis_17Layers_272384KB_FMEM_128x128_PEs with coupling: dims: C0Y0X0R0S0Z0C1R1S1Y1X1Z1C2R2S2Y2X2Z2C3R3S3Y3X3Z3C4R4S4Y4X4Z4C5R5S5Y5X5Z5C6R6S6Y6X6Z6C7R7S7Y7X7Z7C8R8S8Y8X8Z8C9R9S9Y9X9Z9C10R10S10Y10X10Z10C11R11S11Y11X11Z11C12R12S12Y12X12Z12C13R13S13Y13X13Z13C14R14S14Y14X14Z14C15R15S15Y15X15Z15C16R16S16PQZ16, in_coupling: [C0][Y0+R0][X0+S0], w_coupling: W0: [Z0][C0][R0][S0],W1: [Z1][C1][R1][S1],W2: [Z2][C2][R2][S2],W3: [Z3][C3][R3][S3],W4: [Z4][C4][R4][S4],W5: [Z5][C5][R5][S5],W6: [Z6][C6][R6][S6],W7: [Z7][C7][R7][S7],W8: [Z8][C8][R8][S8],W9: [Z9][C9][R9][S9],W10: [Z10][C10][R10][S10],W11: [Z11][C11][R11][S11],W12: [Z12][C12][R12][S12],W13: [Z13][C13][R13][S13],W14: [Z14][C14][R14][S14],W15: [Z15][C15][R15][S15],W16: [Z16][C16][R16][S16],, out_coupling: [Z16][P][Q]
final_layer_dims: {'C16', 'R16', 'R0', 'Y0', 'S0', 'C0', 'S16', 'Q', 'Z16', 'X0', 'P'}, coupling.dims: ['C0', 'Y0', 'X0', 'R0', 'S0', 'Z0', 'C1', 'R1', 'S1', 'Y1', 'X1', 'Z1', 'C2', 'R2', 'S2', 'Y2', 'X2', 'Z2', 'C3', 'R3', 'S3', 'Y3', 'X3', 'Z3', 'C4', 'R4', 'S4', 'Y4', 'X4', 'Z4', 'C5', 'R5', 'S5', 'Y5', 'X5', 'Z5', 'C6', 'R6', 'S6', 'Y6', 'X6', 'Z6', 'C7', 'R7', 'S7', 'Y7', 'X7', 'Z7', 'C8', 'R8', 'S8', 'Y8', 'X8', 'Z8', 'C9', 'R9', 'S9', 'Y9', 'X9', 'Z9', 'C10', 'R10', 'S10', 'Y10', 'X10', 'Z10', 'C11', 'R11', 'S11', 'Y11', 'X11', 'Z11', 'C12', 'R12', 'S12', 'Y12', 'X12', 'Z12', 'C13', 'R13', 'S13', 'Y13', 'X13', 'Z13', 'C14', 'R14', 'S14', 'Y14', 'X14', 'Z14', 'C15', 'R15', 'S15', 'Y15', 'X15', 'Z15', 'C16', 'R16', 'S16', 'P', 'Q', 'Z16']
INFO: Arch: Thesis_17Layers_272384KB_FMEM_128x128_PEs: identified intermediate dimensions: {'Y1', 'R3', 'C9', 'Y12', 'X6', 'X12', 'Z6', 'X2', 'X13', 'R14', 'R5', 'Z2', 'R12', 'X1', 'Y6', 'R8', 'Z9', 'Z1', 'Z0', 'S4', 'Y7', 'C1', 'S1', 'Z3', 'X10', 'S10', 'Y3', 'R4', 'Z5', 'C13', 'S8', 'C4', 'X7', 'C2', 'C7', 'C12', 'Z4', 'X15', 'C6', 'Z15', 'S2', 'Z13', 'R6', 'R13', 'Z8', 'Y11', 'C15', 'R15', 'S7', 'Z10', 'Y4', 'S6', 'Z14', 'R11', 'R1', 'X4', 'X5', 'C10', 'Z7', 'S12', 'S14', 'R2', 'Y15', 'Z12', 'S13', 'S3', 'S9', 'C11', 'X3', 'C8', 'X9', 'S15', 'Y9', 'Y10', 'Y2', 'Y5', 'S5', 'R10', 'Y13', 'Y14', 'Y8', 'S11', 'X8', 'C3', 'X11', 'R9', 'R7', 'X14', 'C14', 'C5', 'Z11'}
INFO: Added high constraint for intermediate dimension P in level WeightRegister
INFO: Added high constraint for intermediate dimension R1 in level WeightRegister
INFO: Added high constraint for intermediate dimension P in level AccumulationIntermediateOutputRegister
INFO: Added high constraint for intermediate dimension R1 in level AccumulationIntermediateOutputRegister
INFO: Added high constraint for intermediate dimension P in level AccumulationOutputRegister
INFO: Added high constraint for intermediate dimension R1 in level AccumulationOutputRegister
  ✓ EDP: 1.51e+05
Results exported to: results/results_20260216_141248.csv

================================================================================
EXPERIMENT SUMMARY
================================================================================

Total experiments: 4
Successful: 4
Failed: 0

────────────────────────────────────────────────────────────────────────────────
Results by workload:
────────────────────────────────────────────────────────────────────────────────

RESNET18:
  full/17layer, fmem_size: 266kB, wmem_size: 10738kB, pe_rows: 16, pe_cols: 128 -> E=1.08e+04μJ, L=7.81e+06cc, EDP=1.51e+05
  full/17layer, fmem_size: 266kB, wmem_size: 10738kB, pe_rows: 32, pe_cols: 128 -> E=1.08e+04μJ, L=7.81e+06cc, EDP=1.51e+05
  full/17layer, fmem_size: 266kB, wmem_size: 10738kB, pe_rows: 64, pe_cols: 128 -> E=1.08e+04μJ, L=7.81e+06cc, EDP=1.51e+05
  full/17layer, fmem_size: 266kB, wmem_size: 10738kB, pe_rows: 128, pe_cols: 128 -> E=1.08e+04μJ, L=7.81e+06cc, EDP=1.51e+05
