Creating architecture: Gemmini with coupling: dims: MKN, in_coupling: [K][N], w_coupling: W0: [M][K],, out_coupling: [M][N]
Creating architecture: Gemmini (conv) with coupling: dims: NMPQCRS, in_coupling: [N][C][Pstride*P+Rdilation*R][Qstride*Q+Sdilation*S], w_coupling: W0: [M][C][R][S],, out_coupling: [N][M][P][Q]
Creating architecture: Eyeriss with coupling: dims: MKN, in_coupling: [K][N], w_coupling: W0: [M][K],, out_coupling: [M][N]
Creating architecture: Eyeriss (conv) with coupling: dims: NMPQCRS, in_coupling: [N][C][Pstride*P+Rdilation*R][Qstride*Q+Sdilation*S], w_coupling: W0: [M][C][R][S],, out_coupling: [N][M][P][Q]
Creating architecture: Simba with coupling: dims: MKN, in_coupling: [K][N], w_coupling: W0: [M][K],, out_coupling: [M][N]
Creating architecture: Simba (conv) with coupling: dims: NMPQCRS, in_coupling: [N][C][Pstride*P+Rdilation*R][Qstride*Q+Sdilation*S], w_coupling: W0: [M][C][R][S],, out_coupling: [N][M][P][Q]
Creating architecture: TPUv1 with coupling: dims: MKN, in_coupling: [K][N], w_coupling: W0: [M][K],, out_coupling: [M][N]
Creating architecture: TPUv1 (conv) with coupling: dims: NMPQCRS, in_coupling: [N][C][Pstride*P+Rdilation*R][Qstride*Q+Sdilation*S], w_coupling: W0: [M][C][R][S],, out_coupling: [N][M][P][Q]

======================================================================
TILE SIZE SWEEP CASE STUDY
======================================================================
Workload: mccnn/full/4layer (4 layers)
Architecture: DepFiN, FMEM=522KB, WMEM=28KB, PE=16x128
Bandwidth scaling: ENABLED (base=128)
Tile sizes to test: [69, 46, 27, 18, 9, 3]
Total: 6 configurations
======================================================================

[1/6] Tile size: 69 (PE utilization: 53.9%)
------ loading Accelergy ------
ACCELERGY PLUG-INS: ['Library', 'dummy', 'ADC Plug-In', 'DEPRECATED table-based-plug-ins. Use the Library plug-in instead.', 'Neurosim Plug-In', 'Aladdin_table', 'CactiCache', 'CactiDRAM', 'CactiSRAM']
[Tile Size Override] tile_size=69, scale_bandwidth=True, fmem_bw=(71, 69)
Creating architecture: Thesis_4Layers_534528KB_FMEM_16x128_PEs with coupling: dims: C0Y0X0R0S0Z0C1R1S1Y1X1Z1C2R2S2Y2X2Z2C3R3S3PQZ3, in_coupling: [C0][Y0+R0][X0+S0], w_coupling: W0: [Z0][C0][R0][S0],W1: [Z1][C1][R1][S1],W2: [Z2][C2][R2][S2],W3: [Z3][C3][R3][S3],, out_coupling: [Z3][P][Q]
final_layer_dims: {'X0', 'C3', 'C0', 'Y0', 'S0', 'P', 'R3', 'R0', 'Q', 'S3', 'Z3'}, coupling.dims: ['C0', 'Y0', 'X0', 'R0', 'S0', 'Z0', 'C1', 'R1', 'S1', 'Y1', 'X1', 'Z1', 'C2', 'R2', 'S2', 'Y2', 'X2', 'Z2', 'C3', 'R3', 'S3', 'P', 'Q', 'Z3']
INFO: Arch: Thesis_4Layers_534528KB_FMEM_16x128_PEs: identified intermediate dimensions: {'C2', 'Z2', 'C1', 'R2', 'S2', 'X2', 'Z1', 'Y1', 'S1', 'R1', 'Z0', 'X1', 'Y2'}
INFO: Added high constraint for intermediate dimension P in level WeightRegister
INFO: Added high constraint for intermediate dimension R1 in level WeightRegister
INFO: Added high constraint for intermediate dimension P in level AccumulationIntermediateOutputRegister
INFO: Added high constraint for intermediate dimension R1 in level AccumulationIntermediateOutputRegister
INFO: Added high constraint for intermediate dimension P in level AccumulationOutputRegister
INFO: Added high constraint for intermediate dimension R1 in level AccumulationOutputRegister
  ✓ Energy: 1.131e+04 μJ, Latency: 1.218e+07 cc, EDP: 1.64e+05, Util: 8.4%, DRAM_Read: 494928, DRAM_Write: 14943744
[2/6] Tile size: 46 (PE utilization: 35.9%)
[Tile Size Override] tile_size=46, scale_bandwidth=True, fmem_bw=(47, 46)
Creating architecture: Thesis_4Layers_534528KB_FMEM_16x128_PEs with coupling: dims: C0Y0X0R0S0Z0C1R1S1Y1X1Z1C2R2S2Y2X2Z2C3R3S3PQZ3, in_coupling: [C0][Y0+R0][X0+S0], w_coupling: W0: [Z0][C0][R0][S0],W1: [Z1][C1][R1][S1],W2: [Z2][C2][R2][S2],W3: [Z3][C3][R3][S3],, out_coupling: [Z3][P][Q]
final_layer_dims: {'X0', 'C3', 'C0', 'Y0', 'S0', 'P', 'R3', 'R0', 'Q', 'S3', 'Z3'}, coupling.dims: ['C0', 'Y0', 'X0', 'R0', 'S0', 'Z0', 'C1', 'R1', 'S1', 'Y1', 'X1', 'Z1', 'C2', 'R2', 'S2', 'Y2', 'X2', 'Z2', 'C3', 'R3', 'S3', 'P', 'Q', 'Z3']
INFO: Arch: Thesis_4Layers_534528KB_FMEM_16x128_PEs: identified intermediate dimensions: {'C2', 'Z2', 'C1', 'R2', 'S2', 'X2', 'Z1', 'Y1', 'S1', 'R1', 'Z0', 'X1', 'Y2'}
INFO: Added high constraint for intermediate dimension P in level WeightRegister
INFO: Added high constraint for intermediate dimension R1 in level WeightRegister
INFO: Added high constraint for intermediate dimension P in level AccumulationIntermediateOutputRegister
INFO: Added high constraint for intermediate dimension R1 in level AccumulationIntermediateOutputRegister
INFO: Added high constraint for intermediate dimension P in level AccumulationOutputRegister
INFO: Added high constraint for intermediate dimension R1 in level AccumulationOutputRegister
  ✓ Energy: 1.133e+04 μJ, Latency: 1.827e+07 cc, EDP: 2.46e+05, Util: 1.7%, DRAM_Read: 494928, DRAM_Write: 14943744
[3/6] Tile size: 27 (PE utilization: 21.1%)
[Tile Size Override] tile_size=27, scale_bandwidth=True, fmem_bw=(27, 27)
Creating architecture: Thesis_4Layers_534528KB_FMEM_16x128_PEs with coupling: dims: C0Y0X0R0S0Z0C1R1S1Y1X1Z1C2R2S2Y2X2Z2C3R3S3PQZ3, in_coupling: [C0][Y0+R0][X0+S0], w_coupling: W0: [Z0][C0][R0][S0],W1: [Z1][C1][R1][S1],W2: [Z2][C2][R2][S2],W3: [Z3][C3][R3][S3],, out_coupling: [Z3][P][Q]
final_layer_dims: {'X0', 'C3', 'C0', 'Y0', 'S0', 'P', 'R3', 'R0', 'Q', 'S3', 'Z3'}, coupling.dims: ['C0', 'Y0', 'X0', 'R0', 'S0', 'Z0', 'C1', 'R1', 'S1', 'Y1', 'X1', 'Z1', 'C2', 'R2', 'S2', 'Y2', 'X2', 'Z2', 'C3', 'R3', 'S3', 'P', 'Q', 'Z3']
INFO: Arch: Thesis_4Layers_534528KB_FMEM_16x128_PEs: identified intermediate dimensions: {'C2', 'Z2', 'C1', 'R2', 'S2', 'X2', 'Z1', 'Y1', 'S1', 'R1', 'Z0', 'X1', 'Y2'}
INFO: Added high constraint for intermediate dimension P in level WeightRegister
INFO: Added high constraint for intermediate dimension R1 in level WeightRegister
INFO: Added high constraint for intermediate dimension P in level AccumulationIntermediateOutputRegister
INFO: Added high constraint for intermediate dimension R1 in level AccumulationIntermediateOutputRegister
INFO: Added high constraint for intermediate dimension P in level AccumulationOutputRegister
INFO: Added high constraint for intermediate dimension R1 in level AccumulationOutputRegister
  ✓ Energy: 1.136e+04 μJ, Latency: 3.114e+07 cc, EDP: 4.20e+05, Util: 0.2%, DRAM_Read: 494928, DRAM_Write: 14943744
[4/6] Tile size: 18 (PE utilization: 14.1%)
[Tile Size Override] tile_size=18, scale_bandwidth=True, fmem_bw=(18, 18)
Creating architecture: Thesis_4Layers_534528KB_FMEM_16x128_PEs with coupling: dims: C0Y0X0R0S0Z0C1R1S1Y1X1Z1C2R2S2Y2X2Z2C3R3S3PQZ3, in_coupling: [C0][Y0+R0][X0+S0], w_coupling: W0: [Z0][C0][R0][S0],W1: [Z1][C1][R1][S1],W2: [Z2][C2][R2][S2],W3: [Z3][C3][R3][S3],, out_coupling: [Z3][P][Q]
final_layer_dims: {'X0', 'C3', 'C0', 'Y0', 'S0', 'P', 'R3', 'R0', 'Q', 'S3', 'Z3'}, coupling.dims: ['C0', 'Y0', 'X0', 'R0', 'S0', 'Z0', 'C1', 'R1', 'S1', 'Y1', 'X1', 'Z1', 'C2', 'R2', 'S2', 'Y2', 'X2', 'Z2', 'C3', 'R3', 'S3', 'P', 'Q', 'Z3']
INFO: Arch: Thesis_4Layers_534528KB_FMEM_16x128_PEs: identified intermediate dimensions: {'C2', 'Z2', 'C1', 'R2', 'S2', 'X2', 'Z1', 'Y1', 'S1', 'R1', 'Z0', 'X1', 'Y2'}
INFO: Added high constraint for intermediate dimension P in level WeightRegister
INFO: Added high constraint for intermediate dimension R1 in level WeightRegister
INFO: Added high constraint for intermediate dimension P in level AccumulationIntermediateOutputRegister
INFO: Added high constraint for intermediate dimension R1 in level AccumulationIntermediateOutputRegister
INFO: Added high constraint for intermediate dimension P in level AccumulationOutputRegister
INFO: Added high constraint for intermediate dimension R1 in level AccumulationOutputRegister
  ✓ Energy: 1.140e+04 μJ, Latency: 4.671e+07 cc, EDP: 6.31e+05, Util: 0.0%, DRAM_Read: 494928, DRAM_Write: 14943744
[5/6] Tile size: 9 (PE utilization: 7.0%)
[Tile Size Override] tile_size=9, scale_bandwidth=True, fmem_bw=(9, 9)
Creating architecture: Thesis_4Layers_534528KB_FMEM_16x128_PEs with coupling: dims: C0Y0X0R0S0Z0C1R1S1Y1X1Z1C2R2S2Y2X2Z2C3R3S3PQZ3, in_coupling: [C0][Y0+R0][X0+S0], w_coupling: W0: [Z0][C0][R0][S0],W1: [Z1][C1][R1][S1],W2: [Z2][C2][R2][S2],W3: [Z3][C3][R3][S3],, out_coupling: [Z3][P][Q]
final_layer_dims: {'X0', 'C3', 'C0', 'Y0', 'S0', 'P', 'R3', 'R0', 'Q', 'S3', 'Z3'}, coupling.dims: ['C0', 'Y0', 'X0', 'R0', 'S0', 'Z0', 'C1', 'R1', 'S1', 'Y1', 'X1', 'Z1', 'C2', 'R2', 'S2', 'Y2', 'X2', 'Z2', 'C3', 'R3', 'S3', 'P', 'Q', 'Z3']
INFO: Arch: Thesis_4Layers_534528KB_FMEM_16x128_PEs: identified intermediate dimensions: {'C2', 'Z2', 'C1', 'R2', 'S2', 'X2', 'Z1', 'Y1', 'S1', 'R1', 'Z0', 'X1', 'Y2'}
INFO: Added high constraint for intermediate dimension P in level WeightRegister
INFO: Added high constraint for intermediate dimension R1 in level WeightRegister
INFO: Added high constraint for intermediate dimension P in level AccumulationIntermediateOutputRegister
INFO: Added high constraint for intermediate dimension R1 in level AccumulationIntermediateOutputRegister
INFO: Added high constraint for intermediate dimension P in level AccumulationOutputRegister
INFO: Added high constraint for intermediate dimension R1 in level AccumulationOutputRegister
  ✓ Energy: 1.152e+04 μJ, Latency: 9.343e+07 cc, EDP: 1.27e+06, Util: 0.0%, DRAM_Read: 494928, DRAM_Write: 14943744
[6/6] Tile size: 3 (PE utilization: 2.3%)
[Tile Size Override] tile_size=3, scale_bandwidth=True, fmem_bw=(3, 3)
Creating architecture: Thesis_4Layers_534528KB_FMEM_16x128_PEs with coupling: dims: C0Y0X0R0S0Z0C1R1S1Y1X1Z1C2R2S2Y2X2Z2C3R3S3PQZ3, in_coupling: [C0][Y0+R0][X0+S0], w_coupling: W0: [Z0][C0][R0][S0],W1: [Z1][C1][R1][S1],W2: [Z2][C2][R2][S2],W3: [Z3][C3][R3][S3],, out_coupling: [Z3][P][Q]
final_layer_dims: {'X0', 'C3', 'C0', 'Y0', 'S0', 'P', 'R3', 'R0', 'Q', 'S3', 'Z3'}, coupling.dims: ['C0', 'Y0', 'X0', 'R0', 'S0', 'Z0', 'C1', 'R1', 'S1', 'Y1', 'X1', 'Z1', 'C2', 'R2', 'S2', 'Y2', 'X2', 'Z2', 'C3', 'R3', 'S3', 'P', 'Q', 'Z3']
INFO: Arch: Thesis_4Layers_534528KB_FMEM_16x128_PEs: identified intermediate dimensions: {'C2', 'Z2', 'C1', 'R2', 'S2', 'X2', 'Z1', 'Y1', 'S1', 'R1', 'Z0', 'X1', 'Y2'}
INFO: Added high constraint for intermediate dimension P in level WeightRegister
INFO: Added high constraint for intermediate dimension R1 in level WeightRegister
INFO: Added high constraint for intermediate dimension P in level AccumulationIntermediateOutputRegister
INFO: Added high constraint for intermediate dimension R1 in level AccumulationIntermediateOutputRegister
INFO: Added high constraint for intermediate dimension P in level AccumulationOutputRegister
INFO: Added high constraint for intermediate dimension R1 in level AccumulationOutputRegister
  ✓ Energy: 1.199e+04 μJ, Latency: 2.803e+08 cc, EDP: 3.95e+06, Util: 0.0%, DRAM_Read: 494928, DRAM_Write: 14943744

======================================================================
TILE SIZE SWEEP SUMMARY
======================================================================
  Tile  PE Util   Energy(μJ)    Latency(cc)          EDP     Util   DRAM R   DRAM W
----------------------------------------------------------------------
    69    53.9%    1.131e+04      1.218e+07     1.64e+05    8.4%   494928 14943744
    46    35.9%    1.133e+04      1.827e+07     2.46e+05    1.7%   494928 14943744
    27    21.1%    1.136e+04      3.114e+07     4.20e+05    0.2%   494928 14943744
    18    14.1%    1.140e+04      4.671e+07     6.31e+05    0.0%   494928 14943744
     9     7.0%    1.152e+04      9.343e+07     1.27e+06    0.0%   494928 14943744
     3     2.3%    1.199e+04      2.803e+08     3.95e+06    0.0%   494928 14943744

Best EDP: tile_size=69, EDP=1.64e+05
Results exported to: results/results_20260216_171722.csv

================================================================================
EXPERIMENT SUMMARY
================================================================================

Total experiments: 6
Successful: 6
Failed: 0

────────────────────────────────────────────────────────────────────────────────
Results by workload:
────────────────────────────────────────────────────────────────────────────────

MCCNN:
  full/4layer, fmem_size: 522kB, wmem_size: 28kB, pe_rows: 16, pe_cols: 128 -> E=1.13e+04μJ, L=1.22e+07cc, EDP=1.64e+05
  full/4layer, fmem_size: 522kB, wmem_size: 28kB, pe_rows: 16, pe_cols: 128 -> E=1.13e+04μJ, L=1.83e+07cc, EDP=2.46e+05
  full/4layer, fmem_size: 522kB, wmem_size: 28kB, pe_rows: 16, pe_cols: 128 -> E=1.14e+04μJ, L=3.11e+07cc, EDP=4.20e+05
  full/4layer, fmem_size: 522kB, wmem_size: 28kB, pe_rows: 16, pe_cols: 128 -> E=1.14e+04μJ, L=4.67e+07cc, EDP=6.31e+05
  full/4layer, fmem_size: 522kB, wmem_size: 28kB, pe_rows: 16, pe_cols: 128 -> E=1.15e+04μJ, L=9.34e+07cc, EDP=1.27e+06
  full/4layer, fmem_size: 522kB, wmem_size: 28kB, pe_rows: 16, pe_cols: 128 -> E=1.20e+04μJ, L=2.80e+08cc, EDP=3.95e+06
