Creating architecture: Gemmini with coupling: dims: MKN, in_coupling: [K][N], w_coupling: W0: [M][K],, out_coupling: [M][N]
Creating architecture: Gemmini (conv) with coupling: dims: NMPQCRS, in_coupling: [N][C][Pstride*P+Rdilation*R][Qstride*Q+Sdilation*S], w_coupling: W0: [M][C][R][S],, out_coupling: [N][M][P][Q]
Creating architecture: Eyeriss with coupling: dims: MKN, in_coupling: [K][N], w_coupling: W0: [M][K],, out_coupling: [M][N]
Creating architecture: Eyeriss (conv) with coupling: dims: NMPQCRS, in_coupling: [N][C][Pstride*P+Rdilation*R][Qstride*Q+Sdilation*S], w_coupling: W0: [M][C][R][S],, out_coupling: [N][M][P][Q]
Creating architecture: Simba with coupling: dims: MKN, in_coupling: [K][N], w_coupling: W0: [M][K],, out_coupling: [M][N]
Creating architecture: Simba (conv) with coupling: dims: NMPQCRS, in_coupling: [N][C][Pstride*P+Rdilation*R][Qstride*Q+Sdilation*S], w_coupling: W0: [M][C][R][S],, out_coupling: [N][M][P][Q]
Creating architecture: TPUv1 with coupling: dims: MKN, in_coupling: [K][N], w_coupling: W0: [M][K],, out_coupling: [M][N]
Creating architecture: TPUv1 (conv) with coupling: dims: NMPQCRS, in_coupling: [N][C][Pstride*P+Rdilation*R][Qstride*Q+Sdilation*S], w_coupling: W0: [M][C][R][S],, out_coupling: [N][M][P][Q]

==========================================================================================
FUSION COMPARISON CASE STUDIES: MCCNN
==========================================================================================
Architecture: DepFiN, FMEM=1056KB, WMEM=524KB, PE=16x128
Tile size: auto-detected per fusion level
==========================================================================================

--- FULL FUSION: mccnn/full/4layer ---
------ loading Accelergy ------
ACCELERGY PLUG-INS: ['Library', 'dummy', 'ADC Plug-In', 'DEPRECATED table-based-plug-ins. Use the Library plug-in instead.', 'Neurosim Plug-In', 'Aladdin_table', 'CactiCache', 'CactiDRAM', 'CactiSRAM']
Creating architecture: Thesis_4Layers_1081344KB_FMEM_16x128_PEs with coupling: dims: C0Y0X0R0S0Z0C1R1S1Y1X1Z1C2R2S2Y2X2Z2C3R3S3PQZ3, in_coupling: [C0][Y0+R0][X0+S0], w_coupling: W0: [Z0][C0][R0][S0],W1: [Z1][C1][R1][S1],W2: [Z2][C2][R2][S2],W3: [Z3][C3][R3][S3],, out_coupling: [Z3][P][Q]
final_layer_dims: {'Q', 'Y0', 'C0', 'S3', 'X0', 'C3', 'Z3', 'R3', 'P', 'S0', 'R0'}, coupling.dims: ['C0', 'Y0', 'X0', 'R0', 'S0', 'Z0', 'C1', 'R1', 'S1', 'Y1', 'X1', 'Z1', 'C2', 'R2', 'S2', 'Y2', 'X2', 'Z2', 'C3', 'R3', 'S3', 'P', 'Q', 'Z3']
INFO: Arch: Thesis_4Layers_1081344KB_FMEM_16x128_PEs: identified intermediate dimensions: {'X1', 'Y1', 'X2', 'C1', 'Y2', 'S2', 'Z2', 'R2', 'C2', 'Z0', 'S1', 'Z1', 'R1'}
INFO: Added high constraint for intermediate dimension P in level WeightRegister
INFO: Added high constraint for intermediate dimension R1 in level WeightRegister
INFO: Added high constraint for intermediate dimension P in level AccumulationIntermediateOutputRegister
INFO: Added high constraint for intermediate dimension R1 in level AccumulationIntermediateOutputRegister
INFO: Added high constraint for intermediate dimension P in level AccumulationOutputRegister
INFO: Added high constraint for intermediate dimension R1 in level AccumulationOutputRegister
  ✓ Energy: 1.996e+04 μJ, Latency: 1.197e+07 cc, EDP: 3.62e+05, MOPs: (27201317040, 13165905456)

--- CS1: NON-FUSED (single layers) ---
Creating architecture: Thesis_1Layer_1081344B_FMEM_16x128_PEs with coupling: dims: MPQCRS, in_coupling: [C][P+R][Q+S], w_coupling: W0: [M][C][R][S],, out_coupling: [M][P][Q]
  ✓ L0: E=5.291e+02 μJ, L=1.245e+06 cc, MOPs=(40939920, 30476304)
Creating architecture: Thesis_1Layer_1081344B_FMEM_16x128_PEs with coupling: dims: MPQCRS, in_coupling: [C][P+R][Q+S], w_coupling: W0: [M][C][R][S],, out_coupling: [M][P][Q]
  ✓ L1: E=1.267e+03 μJ, L=3.898e+06 cc, MOPs=(383984928, 48729600)
Creating architecture: Thesis_1Layer_1081344B_FMEM_16x128_PEs with coupling: dims: MPQCRS, in_coupling: [C][P+R][Q+S], w_coupling: W0: [M][C][R][S],, out_coupling: [M][P][Q]
  ✓ L2: E=1.267e+03 μJ, L=3.898e+06 cc, MOPs=(383984928, 48729600)
Creating architecture: Thesis_1Layer_1081344B_FMEM_16x128_PEs with coupling: dims: MPQCRS, in_coupling: [C][P+R][Q+S], w_coupling: W0: [M][C][R][S],, out_coupling: [M][P][Q]
  ✓ L3: E=1.267e+03 μJ, L=3.898e+06 cc, MOPs=(383984928, 48729600)

--- CS2: INTERMEDIATE FUSION (2layer) ---
Creating architecture: Thesis_2Layers_1081344KB_FMEM_16x128_PEs with coupling: dims: C0Y0X0R0S0Z0C1R1S1Z1PQ, in_coupling: [C0][Y0+R0][X0+S0], w_coupling: W0: [Z0][C0][R0][S0],W1: [Z1][C1][R1][S1],, out_coupling: [Z1][P][Q]
final_layer_dims: {'Q', 'Y0', 'C0', 'C1', 'X0', 'P', 'S0', 'S1', 'Z1', 'R1', 'R0'}, coupling.dims: ['C0', 'Y0', 'X0', 'R0', 'S0', 'Z0', 'C1', 'R1', 'S1', 'Z1', 'P', 'Q']
INFO: Arch: Thesis_2Layers_1081344KB_FMEM_16x128_PEs: identified intermediate dimensions: {'Z0'}
INFO: Added high constraint for intermediate dimension P in level WeightRegister
INFO: Added high constraint for intermediate dimension R1 in level WeightRegister
INFO: Added high constraint for intermediate dimension P in level AccumulationIntermediateOutputRegister
INFO: Added high constraint for intermediate dimension R1 in level AccumulationIntermediateOutputRegister
INFO: Added high constraint for intermediate dimension P in level AccumulationOutputRegister
INFO: Added high constraint for intermediate dimension R1 in level AccumulationOutputRegister
  ✓ L0_L1 (2L): E=7.132e+03 μJ, L=4.145e+06 cc, MOPs=(9263607984, 4498533936)
Creating architecture: Thesis_2Layers_1081344KB_FMEM_16x128_PEs with coupling: dims: C0Y0X0R0S0Z0C1R1S1Z1PQ, in_coupling: [C0][Y0+R0][X0+S0], w_coupling: W0: [Z0][C0][R0][S0],W1: [Z1][C1][R1][S1],, out_coupling: [Z1][P][Q]
final_layer_dims: {'Q', 'Y0', 'C0', 'C1', 'X0', 'P', 'S0', 'S1', 'Z1', 'R1', 'R0'}, coupling.dims: ['C0', 'Y0', 'X0', 'R0', 'S0', 'Z0', 'C1', 'R1', 'S1', 'Z1', 'P', 'Q']
INFO: Arch: Thesis_2Layers_1081344KB_FMEM_16x128_PEs: identified intermediate dimensions: {'Z0'}
INFO: Added high constraint for intermediate dimension P in level WeightRegister
INFO: Added high constraint for intermediate dimension R1 in level WeightRegister
INFO: Added high constraint for intermediate dimension P in level AccumulationIntermediateOutputRegister
INFO: Added high constraint for intermediate dimension R1 in level AccumulationIntermediateOutputRegister
INFO: Added high constraint for intermediate dimension P in level AccumulationOutputRegister
INFO: Added high constraint for intermediate dimension R1 in level AccumulationOutputRegister
  ✓ L2_L3 (2L): E=1.379e+04 μJ, L=7.824e+06 cc, MOPs=(17937709056, 8682315264)

====================================================================================================
FUSION COMPARISON RESULTS: MCCNN (DEPFIN)
====================================================================================================
Level                        Energy (μJ)   Latency (cc)            EDP       DRAM Reads      DRAM Writes
----------------------------------------------------------------------------------------------------
Full Fusion                    1.996e+04      1.197e+07       3.62e+05          494,928       14,943,744
Σ Singles (CS1)                4.331e+03      1.294e+07       5.60e+10       45,326,160       59,774,976
Σ Intermediate (CS2)           2.092e+04      1.197e+07       2.50e+11       15,438,672       29,887,488

────────────────────────────────────────────────────────────────────────────────────────────────────
RATIOS (Full Fusion / Baseline) — values < 1.0 mean fusion wins
────────────────────────────────────────────────────────────────────────────────────────────────────
Comparison                              Energy    Latency            EDP   DRAM Rds   DRAM Wrs
----------------------------------------------------------------------------------------------------
CS1: Full / Σ Singles                   4.6090     0.9249         0.0000     0.0109     0.2500
    → Savings (%)                      -360.9%      +7.5%        +100.0%     +98.9%     +75.0%
CS2: Full / Σ Intermediate              0.9540     1.0000         0.0000     0.0321     0.5000
    → Savings (%)                        +4.6%      +0.0%        +100.0%     +96.8%     +50.0%

──────────────────────────────────────────────────────────────────────────────────────────
CS1 vs CS2: Intermediate fusion captures how much of full fusion benefit?
  Latency: intermediate captures 100.0% of full fusion benefit
====================================================================================================

Results exported to: results/results_20260212_122026.csv

================================================================================
EXPERIMENT SUMMARY
================================================================================

Total experiments: 7
Successful: 7
Failed: 0

────────────────────────────────────────────────────────────────────────────────
Results by workload:
────────────────────────────────────────────────────────────────────────────────

MCCNN:
  full/4layer, fmem_size: 1056kB, wmem_size: 524kB, pe_rows: 16, pe_cols: 128 -> E=2.00e+04μJ, L=1.20e+07cc, EDP=3.62e+05
  single/L0, fmem_size: 1056kB, wmem_size: 524kB, pe_rows: 16, pe_cols: 128 -> E=5.29e+02μJ, L=1.25e+06cc, EDP=6.61e+02
  single/L1, fmem_size: 1056kB, wmem_size: 524kB, pe_rows: 16, pe_cols: 128 -> E=1.27e+03μJ, L=3.90e+06cc, EDP=5.13e+03
  single/L2, fmem_size: 1056kB, wmem_size: 524kB, pe_rows: 16, pe_cols: 128 -> E=1.27e+03μJ, L=3.90e+06cc, EDP=5.13e+03
  single/L3, fmem_size: 1056kB, wmem_size: 524kB, pe_rows: 16, pe_cols: 128 -> E=1.27e+03μJ, L=3.90e+06cc, EDP=5.13e+03
  2layer/L0_L1, fmem_size: 1056kB, wmem_size: 524kB, pe_rows: 16, pe_cols: 128 -> E=7.13e+03μJ, L=4.14e+06cc, EDP=4.41e+04
  2layer/L2_L3, fmem_size: 1056kB, wmem_size: 524kB, pe_rows: 16, pe_cols: 128 -> E=1.38e+04μJ, L=7.82e+06cc, EDP=1.61e+05
