Creating architecture: Gemmini with coupling: dims: MKN, in_coupling: [K][N], w_coupling: W0: [M][K],, out_coupling: [M][N]
Creating architecture: Gemmini (conv) with coupling: dims: NMPQCRS, in_coupling: [N][C][Pstride*P+Rdilation*R][Qstride*Q+Sdilation*S], w_coupling: W0: [M][C][R][S],, out_coupling: [N][M][P][Q]
Creating architecture: Eyeriss with coupling: dims: MKN, in_coupling: [K][N], w_coupling: W0: [M][K],, out_coupling: [M][N]
Creating architecture: Eyeriss (conv) with coupling: dims: NMPQCRS, in_coupling: [N][C][Pstride*P+Rdilation*R][Qstride*Q+Sdilation*S], w_coupling: W0: [M][C][R][S],, out_coupling: [N][M][P][Q]
Creating architecture: Simba with coupling: dims: MKN, in_coupling: [K][N], w_coupling: W0: [M][K],, out_coupling: [M][N]
Creating architecture: Simba (conv) with coupling: dims: NMPQCRS, in_coupling: [N][C][Pstride*P+Rdilation*R][Qstride*Q+Sdilation*S], w_coupling: W0: [M][C][R][S],, out_coupling: [N][M][P][Q]
Creating architecture: TPUv1 with coupling: dims: MKN, in_coupling: [K][N], w_coupling: W0: [M][K],, out_coupling: [M][N]
Creating architecture: TPUv1 (conv) with coupling: dims: NMPQCRS, in_coupling: [N][C][Pstride*P+Rdilation*R][Qstride*Q+Sdilation*S], w_coupling: W0: [M][C][R][S],, out_coupling: [N][M][P][Q]

======================================================================
TILE SIZE SWEEP CASE STUDY
======================================================================
Workload: mccnn/full/4layer (4 layers)
Architecture: DepFiN, FMEM=1056KB, WMEM=524KB, PE=16x128
Bandwidth scaling: ENABLED (base=128)
Tile sizes to test: [128, 69, 46, 27, 9, 3]
Total: 6 configurations
======================================================================

[1/6] Tile size: 128 (PE utilization: 100.0%)
------ loading Accelergy ------
ACCELERGY PLUG-INS: ['Library', 'dummy', 'ADC Plug-In', 'DEPRECATED table-based-plug-ins. Use the Library plug-in instead.', 'Neurosim Plug-In', 'Aladdin_table', 'CactiCache', 'CactiDRAM', 'CactiSRAM']
Warning: stride-aware tile 128 for Q is not valid for dim_size 1242 (must divide evenly and be <= 128). Using GCD fallback.
Warning: stride-aware tile 128 for X2 is not valid for dim_size 1242 (must divide evenly and be <= 128). Using GCD fallback.
Warning: stride-aware tile 128 for X1 is not valid for dim_size 1242 (must divide evenly and be <= 128). Using GCD fallback.
Warning: stride-aware tile 128 for X0 is not valid for dim_size 1242 (must divide evenly and be <= 128). Using GCD fallback.
[Tile Size Override] tile_size=128, scale_bandwidth=True, fmem_bw=(132, 128)
Creating architecture: Thesis_4Layers_1081344KB_FMEM_16x128_PEs with coupling: dims: C0Y0X0R0S0Z0C1R1S1Y1X1Z1C2R2S2Y2X2Z2C3R3S3PQZ3, in_coupling: [C0][Y0+R0][X0+S0], w_coupling: W0: [Z0][C0][R0][S0],W1: [Z1][C1][R1][S1],W2: [Z2][C2][R2][S2],W3: [Z3][C3][R3][S3],, out_coupling: [Z3][P][Q]
final_layer_dims: {'S0', 'P', 'C3', 'Q', 'Z3', 'R3', 'R0', 'S3', 'X0', 'C0', 'Y0'}, coupling.dims: ['C0', 'Y0', 'X0', 'R0', 'S0', 'Z0', 'C1', 'R1', 'S1', 'Y1', 'X1', 'Z1', 'C2', 'R2', 'S2', 'Y2', 'X2', 'Z2', 'C3', 'R3', 'S3', 'P', 'Q', 'Z3']
INFO: Arch: Thesis_4Layers_1081344KB_FMEM_16x128_PEs: identified intermediate dimensions: {'R2', 'C1', 'Z0', 'S2', 'Z2', 'X1', 'S1', 'X2', 'Z1', 'C2', 'R1', 'Y2', 'Y1'}
INFO: Added high constraint for intermediate dimension P in level WeightRegister
INFO: Added high constraint for intermediate dimension R1 in level WeightRegister
INFO: Added high constraint for intermediate dimension P in level AccumulationIntermediateOutputRegister
INFO: Added high constraint for intermediate dimension R1 in level AccumulationIntermediateOutputRegister
INFO: Added high constraint for intermediate dimension P in level AccumulationOutputRegister
INFO: Added high constraint for intermediate dimension R1 in level AccumulationOutputRegister
  ✓ Energy: 1.996e+04 μJ, Latency: 1.197e+07 cc, EDP: 3.62e+05, Util: 8.4%
[2/6] Tile size: 69 (PE utilization: 53.9%)
[Tile Size Override] tile_size=69, scale_bandwidth=True, fmem_bw=(71, 69)
Creating architecture: Thesis_4Layers_1081344KB_FMEM_16x128_PEs with coupling: dims: C0Y0X0R0S0Z0C1R1S1Y1X1Z1C2R2S2Y2X2Z2C3R3S3PQZ3, in_coupling: [C0][Y0+R0][X0+S0], w_coupling: W0: [Z0][C0][R0][S0],W1: [Z1][C1][R1][S1],W2: [Z2][C2][R2][S2],W3: [Z3][C3][R3][S3],, out_coupling: [Z3][P][Q]
final_layer_dims: {'S0', 'P', 'C3', 'Q', 'Z3', 'R3', 'R0', 'S3', 'X0', 'C0', 'Y0'}, coupling.dims: ['C0', 'Y0', 'X0', 'R0', 'S0', 'Z0', 'C1', 'R1', 'S1', 'Y1', 'X1', 'Z1', 'C2', 'R2', 'S2', 'Y2', 'X2', 'Z2', 'C3', 'R3', 'S3', 'P', 'Q', 'Z3']
INFO: Arch: Thesis_4Layers_1081344KB_FMEM_16x128_PEs: identified intermediate dimensions: {'R2', 'C1', 'Z0', 'S2', 'Z2', 'X1', 'S1', 'X2', 'Z1', 'C2', 'R1', 'Y2', 'Y1'}
INFO: Added high constraint for intermediate dimension P in level WeightRegister
INFO: Added high constraint for intermediate dimension R1 in level WeightRegister
INFO: Added high constraint for intermediate dimension P in level AccumulationIntermediateOutputRegister
INFO: Added high constraint for intermediate dimension R1 in level AccumulationIntermediateOutputRegister
INFO: Added high constraint for intermediate dimension P in level AccumulationOutputRegister
INFO: Added high constraint for intermediate dimension R1 in level AccumulationOutputRegister
  ✓ Energy: 1.996e+04 μJ, Latency: 1.218e+07 cc, EDP: 3.69e+05, Util: 8.4%
[3/6] Tile size: 46 (PE utilization: 35.9%)
[Tile Size Override] tile_size=46, scale_bandwidth=True, fmem_bw=(47, 46)
Creating architecture: Thesis_4Layers_1081344KB_FMEM_16x128_PEs with coupling: dims: C0Y0X0R0S0Z0C1R1S1Y1X1Z1C2R2S2Y2X2Z2C3R3S3PQZ3, in_coupling: [C0][Y0+R0][X0+S0], w_coupling: W0: [Z0][C0][R0][S0],W1: [Z1][C1][R1][S1],W2: [Z2][C2][R2][S2],W3: [Z3][C3][R3][S3],, out_coupling: [Z3][P][Q]
final_layer_dims: {'S0', 'P', 'C3', 'Q', 'Z3', 'R3', 'R0', 'S3', 'X0', 'C0', 'Y0'}, coupling.dims: ['C0', 'Y0', 'X0', 'R0', 'S0', 'Z0', 'C1', 'R1', 'S1', 'Y1', 'X1', 'Z1', 'C2', 'R2', 'S2', 'Y2', 'X2', 'Z2', 'C3', 'R3', 'S3', 'P', 'Q', 'Z3']
INFO: Arch: Thesis_4Layers_1081344KB_FMEM_16x128_PEs: identified intermediate dimensions: {'R2', 'C1', 'Z0', 'S2', 'Z2', 'X1', 'S1', 'X2', 'Z1', 'C2', 'R1', 'Y2', 'Y1'}
INFO: Added high constraint for intermediate dimension P in level WeightRegister
INFO: Added high constraint for intermediate dimension R1 in level WeightRegister
INFO: Added high constraint for intermediate dimension P in level AccumulationIntermediateOutputRegister
INFO: Added high constraint for intermediate dimension R1 in level AccumulationIntermediateOutputRegister
INFO: Added high constraint for intermediate dimension P in level AccumulationOutputRegister
INFO: Added high constraint for intermediate dimension R1 in level AccumulationOutputRegister
  ✓ Energy: 2.004e+04 μJ, Latency: 1.827e+07 cc, EDP: 5.55e+05, Util: 1.7%
[4/6] Tile size: 27 (PE utilization: 21.1%)
[Tile Size Override] tile_size=27, scale_bandwidth=True, fmem_bw=(27, 27)
Creating architecture: Thesis_4Layers_1081344KB_FMEM_16x128_PEs with coupling: dims: C0Y0X0R0S0Z0C1R1S1Y1X1Z1C2R2S2Y2X2Z2C3R3S3PQZ3, in_coupling: [C0][Y0+R0][X0+S0], w_coupling: W0: [Z0][C0][R0][S0],W1: [Z1][C1][R1][S1],W2: [Z2][C2][R2][S2],W3: [Z3][C3][R3][S3],, out_coupling: [Z3][P][Q]
final_layer_dims: {'S0', 'P', 'C3', 'Q', 'Z3', 'R3', 'R0', 'S3', 'X0', 'C0', 'Y0'}, coupling.dims: ['C0', 'Y0', 'X0', 'R0', 'S0', 'Z0', 'C1', 'R1', 'S1', 'Y1', 'X1', 'Z1', 'C2', 'R2', 'S2', 'Y2', 'X2', 'Z2', 'C3', 'R3', 'S3', 'P', 'Q', 'Z3']
INFO: Arch: Thesis_4Layers_1081344KB_FMEM_16x128_PEs: identified intermediate dimensions: {'R2', 'C1', 'Z0', 'S2', 'Z2', 'X1', 'S1', 'X2', 'Z1', 'C2', 'R1', 'Y2', 'Y1'}
INFO: Added high constraint for intermediate dimension P in level WeightRegister
INFO: Added high constraint for intermediate dimension R1 in level WeightRegister
INFO: Added high constraint for intermediate dimension P in level AccumulationIntermediateOutputRegister
INFO: Added high constraint for intermediate dimension R1 in level AccumulationIntermediateOutputRegister
INFO: Added high constraint for intermediate dimension P in level AccumulationOutputRegister
INFO: Added high constraint for intermediate dimension R1 in level AccumulationOutputRegister
  ✓ Energy: 2.019e+04 μJ, Latency: 3.114e+07 cc, EDP: 9.50e+05, Util: 0.2%
[5/6] Tile size: 9 (PE utilization: 7.0%)
[Tile Size Override] tile_size=9, scale_bandwidth=True, fmem_bw=(9, 9)
Creating architecture: Thesis_4Layers_1081344KB_FMEM_16x128_PEs with coupling: dims: C0Y0X0R0S0Z0C1R1S1Y1X1Z1C2R2S2Y2X2Z2C3R3S3PQZ3, in_coupling: [C0][Y0+R0][X0+S0], w_coupling: W0: [Z0][C0][R0][S0],W1: [Z1][C1][R1][S1],W2: [Z2][C2][R2][S2],W3: [Z3][C3][R3][S3],, out_coupling: [Z3][P][Q]
final_layer_dims: {'S0', 'P', 'C3', 'Q', 'Z3', 'R3', 'R0', 'S3', 'X0', 'C0', 'Y0'}, coupling.dims: ['C0', 'Y0', 'X0', 'R0', 'S0', 'Z0', 'C1', 'R1', 'S1', 'Y1', 'X1', 'Z1', 'C2', 'R2', 'S2', 'Y2', 'X2', 'Z2', 'C3', 'R3', 'S3', 'P', 'Q', 'Z3']
INFO: Arch: Thesis_4Layers_1081344KB_FMEM_16x128_PEs: identified intermediate dimensions: {'R2', 'C1', 'Z0', 'S2', 'Z2', 'X1', 'S1', 'X2', 'Z1', 'C2', 'R1', 'Y2', 'Y1'}
INFO: Added high constraint for intermediate dimension P in level WeightRegister
INFO: Added high constraint for intermediate dimension R1 in level WeightRegister
INFO: Added high constraint for intermediate dimension P in level AccumulationIntermediateOutputRegister
INFO: Added high constraint for intermediate dimension R1 in level AccumulationIntermediateOutputRegister
INFO: Added high constraint for intermediate dimension P in level AccumulationOutputRegister
INFO: Added high constraint for intermediate dimension R1 in level AccumulationOutputRegister
  ✓ Energy: 2.096e+04 μJ, Latency: 9.343e+07 cc, EDP: 2.92e+06, Util: 0.0%
[6/6] Tile size: 3 (PE utilization: 2.3%)
[Tile Size Override] tile_size=3, scale_bandwidth=True, fmem_bw=(3, 3)
Creating architecture: Thesis_4Layers_1081344KB_FMEM_16x128_PEs with coupling: dims: C0Y0X0R0S0Z0C1R1S1Y1X1Z1C2R2S2Y2X2Z2C3R3S3PQZ3, in_coupling: [C0][Y0+R0][X0+S0], w_coupling: W0: [Z0][C0][R0][S0],W1: [Z1][C1][R1][S1],W2: [Z2][C2][R2][S2],W3: [Z3][C3][R3][S3],, out_coupling: [Z3][P][Q]
final_layer_dims: {'S0', 'P', 'C3', 'Q', 'Z3', 'R3', 'R0', 'S3', 'X0', 'C0', 'Y0'}, coupling.dims: ['C0', 'Y0', 'X0', 'R0', 'S0', 'Z0', 'C1', 'R1', 'S1', 'Y1', 'X1', 'Z1', 'C2', 'R2', 'S2', 'Y2', 'X2', 'Z2', 'C3', 'R3', 'S3', 'P', 'Q', 'Z3']
INFO: Arch: Thesis_4Layers_1081344KB_FMEM_16x128_PEs: identified intermediate dimensions: {'R2', 'C1', 'Z0', 'S2', 'Z2', 'X1', 'S1', 'X2', 'Z1', 'C2', 'R1', 'Y2', 'Y1'}
INFO: Added high constraint for intermediate dimension P in level WeightRegister
INFO: Added high constraint for intermediate dimension R1 in level WeightRegister
INFO: Added high constraint for intermediate dimension P in level AccumulationIntermediateOutputRegister
INFO: Added high constraint for intermediate dimension R1 in level AccumulationIntermediateOutputRegister
INFO: Added high constraint for intermediate dimension P in level AccumulationOutputRegister
INFO: Added high constraint for intermediate dimension R1 in level AccumulationOutputRegister
  ✓ Energy: 2.325e+04 μJ, Latency: 2.803e+08 cc, EDP: 9.41e+06, Util: 0.0%

======================================================================
TILE SIZE SWEEP SUMMARY
======================================================================
  Tile  PE Util   Energy(μJ)    Latency(cc)          EDP     Util
----------------------------------------------------------------------
   128   100.0%    1.996e+04      1.197e+07     3.62e+05    8.4%
    69    53.9%    1.996e+04      1.218e+07     3.69e+05    8.4%
    46    35.9%    2.004e+04      1.827e+07     5.55e+05    1.7%
    27    21.1%    2.019e+04      3.114e+07     9.50e+05    0.2%
     9     7.0%    2.096e+04      9.343e+07     2.92e+06    0.0%
     3     2.3%    2.325e+04      2.803e+08     9.41e+06    0.0%

Best EDP: tile_size=128, EDP=3.62e+05
Results exported to: results/results_20260211_160657.csv

================================================================================
EXPERIMENT SUMMARY
================================================================================

Total experiments: 6
Successful: 6
Failed: 0

────────────────────────────────────────────────────────────────────────────────
Results by workload:
────────────────────────────────────────────────────────────────────────────────

MCCNN:
  full/4layer, fmem_size: 1056kB, wmem_size: 524kB, pe_rows: 16, pe_cols: 128 -> E=2.00e+04μJ, L=1.20e+07cc, EDP=3.62e+05
  full/4layer, fmem_size: 1056kB, wmem_size: 524kB, pe_rows: 16, pe_cols: 128 -> E=2.00e+04μJ, L=1.22e+07cc, EDP=3.69e+05
  full/4layer, fmem_size: 1056kB, wmem_size: 524kB, pe_rows: 16, pe_cols: 128 -> E=2.00e+04μJ, L=1.83e+07cc, EDP=5.55e+05
  full/4layer, fmem_size: 1056kB, wmem_size: 524kB, pe_rows: 16, pe_cols: 128 -> E=2.02e+04μJ, L=3.11e+07cc, EDP=9.50e+05
  full/4layer, fmem_size: 1056kB, wmem_size: 524kB, pe_rows: 16, pe_cols: 128 -> E=2.10e+04μJ, L=9.34e+07cc, EDP=2.92e+06
  full/4layer, fmem_size: 1056kB, wmem_size: 524kB, pe_rows: 16, pe_cols: 128 -> E=2.33e+04μJ, L=2.80e+08cc, EDP=9.41e+06
