Creating architecture: Gemmini with coupling: dims: MKN, in_coupling: [K][N], w_coupling: W0: [M][K],, out_coupling: [M][N]
Creating architecture: Gemmini (conv) with coupling: dims: NMPQCRS, in_coupling: [N][C][Pstride*P+Rdilation*R][Qstride*Q+Sdilation*S], w_coupling: W0: [M][C][R][S],, out_coupling: [N][M][P][Q]
Creating architecture: Eyeriss with coupling: dims: MKN, in_coupling: [K][N], w_coupling: W0: [M][K],, out_coupling: [M][N]
Creating architecture: Eyeriss (conv) with coupling: dims: NMPQCRS, in_coupling: [N][C][Pstride*P+Rdilation*R][Qstride*Q+Sdilation*S], w_coupling: W0: [M][C][R][S],, out_coupling: [N][M][P][Q]
Creating architecture: Simba with coupling: dims: MKN, in_coupling: [K][N], w_coupling: W0: [M][K],, out_coupling: [M][N]
Creating architecture: Simba (conv) with coupling: dims: NMPQCRS, in_coupling: [N][C][Pstride*P+Rdilation*R][Qstride*Q+Sdilation*S], w_coupling: W0: [M][C][R][S],, out_coupling: [N][M][P][Q]
Creating architecture: TPUv1 with coupling: dims: MKN, in_coupling: [K][N], w_coupling: W0: [M][K],, out_coupling: [M][N]
Creating architecture: TPUv1 (conv) with coupling: dims: NMPQCRS, in_coupling: [N][C][Pstride*P+Rdilation*R][Qstride*Q+Sdilation*S], w_coupling: W0: [M][C][R][S],, out_coupling: [N][M][P][Q]
Warning: --sweep-wreg-pe is designed for Eyeriss architecture, setting arch_type=eyeriss

====================================================================================================
CASE STUDY 1: WRegister Size vs Minimum PE Configuration
====================================================================================================
Workload: resnet18/full/17layer
GlobalBuffer: 128 KB, Tile: 7
Other registers: InReg=50000, IntReg=50000, OutReg=50000
WRegister sizes to sweep: [5000, 10000, 20000, 50000]

Grid search space:
  - PE rows: [4, 8, 12, 16, 32, 64, 80, 128, 256, 320, 512]
  - PE cols: [4, 8, 12, 16, 32, 64, 80, 128, 256, 320, 512]
  - Total combinations: 121
====================================================================================================


[WReg=5000] Searching for optimal PE configurations...
------ loading Accelergy for Eyeriss ------
------ loading Accelergy ------
ACCELERGY PLUG-INS: ['Library', 'dummy', 'ADC Plug-In', 'DEPRECATED table-based-plug-ins. Use the Library plug-in instead.', 'Neurosim Plug-In', 'Aladdin_table', 'CactiCache', 'CactiDRAM', 'CactiSRAM']
[Constrained Eyeriss] 17 layers, tile_size=7
  DRAM: {'Q': 1, 'P': 7, 'X0': 16, 'Y0': 112, 'Z0': 1, 'C0': 1, 'R0': 1, 'S0': 1, 'X1': 8, 'Y1': 56, 'Z1': 1, 'C1': 1, 'R1': 1, 'S1': 1, 'X2': 8, 'Y2': 56, 'Z2': 1, 'C2': 1, 'R2': 1, 'S2': 1, 'X3': 8, 'Y3': 56, 'Z3': 1, 'C3': 1, 'R3': 1, 'S3': 1, 'X4': 8, 'Y4': 56, 'Z4': 1, 'C4': 1, 'R4': 1, 'S4': 1, 'X5': 8, 'Y5': 56, 'Z5': 1, 'C5': 1, 'R5': 1, 'S5': 1, 'X6': 4, 'Y6': 28, 'Z6': 1, 'C6': 1, 'R6': 1, 'S6': 1, 'X7': 4, 'Y7': 28, 'Z7': 1, 'C7': 1, 'R7': 1, 'S7': 1, 'X8': 4, 'Y8': 28, 'Z8': 1, 'C8': 1, 'R8': 1, 'S8': 1, 'X9': 4, 'Y9': 28, 'Z9': 1, 'C9': 1, 'R9': 1, 'S9': 1, 'X10': 2, 'Y10': 14, 'Z10': 1, 'C10': 1, 'R10': 1, 'S10': 1, 'X11': 2, 'Y11': 14, 'Z11': 1, 'C11': 1, 'R11': 1, 'S11': 1, 'X12': 2, 'Y12': 14, 'Z12': 1, 'C12': 1, 'R12': 1, 'S12': 1, 'X13': 2, 'Y13': 14, 'Z13': 1, 'C13': 1, 'R13': 1, 'S13': 1, 'X14': 1, 'Y14': 7, 'Z14': 1, 'C14': 1, 'R14': 1, 'S14': 1, 'X15': 1, 'Y15': 7, 'Z15': 1, 'C15': 1, 'R15': 1, 'S15': 1, 'Z16': 1, 'C16': 1, 'R16': 1, 'S16': 1}
  GlobalBuffer: {'Q': 7, 'P': 1, 'X0': 7, 'Y0': 1, 'Z0': 1, 'C0': 1, 'R0': 1, 'S0': 1, 'X1': 7, 'Y1': 1, 'Z1': 1, 'C1': 1, 'R1': 1, 'S1': 1, 'X2': 7, 'Y2': 1, 'Z2': 1, 'C2': 1, 'R2': 1, 'S2': 1, 'X3': 7, 'Y3': 1, 'Z3': 1, 'C3': 1, 'R3': 1, 'S3': 1, 'X4': 7, 'Y4': 1, 'Z4': 1, 'C4': 1, 'R4': 1, 'S4': 1, 'X5': 7, 'Y5': 1, 'Z5': 1, 'C5': 1, 'R5': 1, 'S5': 1, 'X6': 7, 'Y6': 1, 'Z6': 1, 'C6': 1, 'R6': 1, 'S6': 1, 'X7': 7, 'Y7': 1, 'Z7': 1, 'C7': 1, 'R7': 1, 'S7': 1, 'X8': 7, 'Y8': 1, 'Z8': 1, 'C8': 1, 'R8': 1, 'S8': 1, 'X9': 7, 'Y9': 1, 'Z9': 1, 'C9': 1, 'R9': 1, 'S9': 1, 'X10': 7, 'Y10': 1, 'Z10': 1, 'C10': 1, 'R10': 1, 'S10': 1, 'X11': 7, 'Y11': 1, 'Z11': 1, 'C11': 1, 'R11': 1, 'S11': 1, 'X12': 7, 'Y12': 1, 'Z12': 1, 'C12': 1, 'R12': 1, 'S12': 1, 'X13': 7, 'Y13': 1, 'Z13': 1, 'C13': 1, 'R13': 1, 'S13': 1, 'X14': 7, 'Y14': 1, 'Z14': 1, 'C14': 1, 'R14': 1, 'S14': 1, 'X15': 7, 'Y15': 1, 'Z15': 1, 'C15': 1, 'R15': 1, 'S15': 1, 'Z16': 1, 'C16': 1, 'R16': 1, 'S16': 1}
  SACols: {'Q': 1, 'Z16': 4}
  SARows_0: {'S0': 4, 'C0': 1, 'Z0': 1}
  SARows_1: {'S1': 3, 'C1': 1, 'Z1': 1}
  SARows_2: {'S2': 3, 'C2': 1, 'Z2': 1}
  SARows_3: {'S3': 3, 'C3': 1, 'Z3': 1}
  SARows_4: {'S4': 3, 'C4': 1, 'Z4': 1}
  SARows_5: {'S5': 3, 'C5': 1, 'Z5': 1}
  SARows_6: {'S6': 3, 'C6': 1, 'Z6': 1}
  SARows_7: {'S7': 3, 'C7': 1, 'Z7': 1}
  SARows_8: {'S8': 3, 'C8': 1, 'Z8': 1}
  SARows_9: {'S9': 3, 'C9': 1, 'Z9': 1}
  SARows_10: {'S10': 3, 'C10': 1, 'Z10': 1}
  SARows_11: {'S11': 3, 'C11': 1, 'Z11': 1}
  SARows_12: {'S12': 3, 'C12': 1, 'Z12': 1}
  SARows_13: {'S13': 3, 'C13': 1, 'Z13': 1}
  SARows_14: {'S14': 3, 'C14': 1, 'Z14': 1}
  SARows_15: {'S15': 3, 'C15': 1, 'Z15': 1}
  SARows_16: {'S16': 3, 'C16': 1, 'Z16': 1}
Creating architecture: Eyeriss_Constrained_17L_tile7_4x4 with coupling: dims: C0Y0X0R0S0Z0C1R1S1Y1X1Z1C2R2S2Y2X2Z2C3R3S3Y3X3Z3C4R4S4Y4X4Z4C5R5S5Y5X5Z5C6R6S6Y6X6Z6C7R7S7Y7X7Z7C8R8S8Y8X8Z8C9R9S9Y9X9Z9C10R10S10Y10X10Z10C11R11S11Y11X11Z11C12R12S12Y12X12Z12C13R13S13Y13X13Z13C14R14S14Y14X14Z14C15R15S15Y15X15Z15C16R16S16PQZ16, in_coupling: [C0][Y0+R0][X0+S0], w_coupling: W0: [Z0][C0][R0][S0],W1: [Z1][C1][R1][S1],W2: [Z2][C2][R2][S2],W3: [Z3][C3][R3][S3],W4: [Z4][C4][R4][S4],W5: [Z5][C5][R5][S5],W6: [Z6][C6][R6][S6],W7: [Z7][C7][R7][S7],W8: [Z8][C8][R8][S8],W9: [Z9][C9][R9][S9],W10: [Z10][C10][R10][S10],W11: [Z11][C11][R11][S11],W12: [Z12][C12][R12][S12],W13: [Z13][C13][R13][S13],W14: [Z14][C14][R14][S14],W15: [Z15][C15][R15][S15],W16: [Z16][C16][R16][S16],, out_coupling: [Z16][P][Q]
final_layer_dims: {'S16', 'Q', 'R0', 'R16', 'S0', 'P', 'Y0', 'X0', 'C16', 'C0', 'Z16'}, coupling.dims: ['C0', 'Y0', 'X0', 'R0', 'S0', 'Z0', 'C1', 'R1', 'S1', 'Y1', 'X1', 'Z1', 'C2', 'R2', 'S2', 'Y2', 'X2', 'Z2', 'C3', 'R3', 'S3', 'Y3', 'X3', 'Z3', 'C4', 'R4', 'S4', 'Y4', 'X4', 'Z4', 'C5', 'R5', 'S5', 'Y5', 'X5', 'Z5', 'C6', 'R6', 'S6', 'Y6', 'X6', 'Z6', 'C7', 'R7', 'S7', 'Y7', 'X7', 'Z7', 'C8', 'R8', 'S8', 'Y8', 'X8', 'Z8', 'C9', 'R9', 'S9', 'Y9', 'X9', 'Z9', 'C10', 'R10', 'S10', 'Y10', 'X10', 'Z10', 'C11', 'R11', 'S11', 'Y11', 'X11', 'Z11', 'C12', 'R12', 'S12', 'Y12', 'X12', 'Z12', 'C13', 'R13', 'S13', 'Y13', 'X13', 'Z13', 'C14', 'R14', 'S14', 'Y14', 'X14', 'Z14', 'C15', 'R15', 'S15', 'Y15', 'X15', 'Z15', 'C16', 'R16', 'S16', 'P', 'Q', 'Z16']
------ loading Accelergy for Eyeriss ------
[Constrained Eyeriss] 17 layers, tile_size=7
  DRAM: {'Q': 1, 'P': 7, 'X0': 16, 'Y0': 112, 'Z0': 1, 'C0': 1, 'R0': 1, 'S0': 1, 'X1': 8, 'Y1': 56, 'Z1': 1, 'C1': 1, 'R1': 1, 'S1': 1, 'X2': 8, 'Y2': 56, 'Z2': 1, 'C2': 1, 'R2': 1, 'S2': 1, 'X3': 8, 'Y3': 56, 'Z3': 1, 'C3': 1, 'R3': 1, 'S3': 1, 'X4': 8, 'Y4': 56, 'Z4': 1, 'C4': 1, 'R4': 1, 'S4': 1, 'X5': 8, 'Y5': 56, 'Z5': 1, 'C5': 1, 'R5': 1, 'S5': 1, 'X6': 4, 'Y6': 28, 'Z6': 1, 'C6': 1, 'R6': 1, 'S6': 1, 'X7': 4, 'Y7': 28, 'Z7': 1, 'C7': 1, 'R7': 1, 'S7': 1, 'X8': 4, 'Y8': 28, 'Z8': 1, 'C8': 1, 'R8': 1, 'S8': 1, 'X9': 4, 'Y9': 28, 'Z9': 1, 'C9': 1, 'R9': 1, 'S9': 1, 'X10': 2, 'Y10': 14, 'Z10': 1, 'C10': 1, 'R10': 1, 'S10': 1, 'X11': 2, 'Y11': 14, 'Z11': 1, 'C11': 1, 'R11': 1, 'S11': 1, 'X12': 2, 'Y12': 14, 'Z12': 1, 'C12': 1, 'R12': 1, 'S12': 1, 'X13': 2, 'Y13': 14, 'Z13': 1, 'C13': 1, 'R13': 1, 'S13': 1, 'X14': 1, 'Y14': 7, 'Z14': 1, 'C14': 1, 'R14': 1, 'S14': 1, 'X15': 1, 'Y15': 7, 'Z15': 1, 'C15': 1, 'R15': 1, 'S15': 1, 'Z16': 1, 'C16': 1, 'R16': 1, 'S16': 1}
  GlobalBuffer: {'Q': 1, 'P': 1, 'X0': 1, 'Y0': 1, 'Z0': 1, 'C0': 1, 'R0': 1, 'S0': 1, 'X1': 1, 'Y1': 1, 'Z1': 1, 'C1': 1, 'R1': 1, 'S1': 1, 'X2': 1, 'Y2': 1, 'Z2': 1, 'C2': 1, 'R2': 1, 'S2': 1, 'X3': 1, 'Y3': 1, 'Z3': 1, 'C3': 1, 'R3': 1, 'S3': 1, 'X4': 1, 'Y4': 1, 'Z4': 1, 'C4': 1, 'R4': 1, 'S4': 1, 'X5': 1, 'Y5': 1, 'Z5': 1, 'C5': 1, 'R5': 1, 'S5': 1, 'X6': 1, 'Y6': 1, 'Z6': 1, 'C6': 1, 'R6': 1, 'S6': 1, 'X7': 1, 'Y7': 1, 'Z7': 1, 'C7': 1, 'R7': 1, 'S7': 1, 'X8': 1, 'Y8': 1, 'Z8': 1, 'C8': 1, 'R8': 1, 'S8': 1, 'X9': 1, 'Y9': 1, 'Z9': 1, 'C9': 1, 'R9': 1, 'S9': 1, 'X10': 1, 'Y10': 1, 'Z10': 1, 'C10': 1, 'R10': 1, 'S10': 1, 'X11': 1, 'Y11': 1, 'Z11': 1, 'C11': 1, 'R11': 1, 'S11': 1, 'X12': 1, 'Y12': 1, 'Z12': 1, 'C12': 1, 'R12': 1, 'S12': 1, 'X13': 1, 'Y13': 1, 'Z13': 1, 'C13': 1, 'R13': 1, 'S13': 1, 'X14': 1, 'Y14': 1, 'Z14': 1, 'C14': 1, 'R14': 1, 'S14': 1, 'X15': 1, 'Y15': 1, 'Z15': 1, 'C15': 1, 'R15': 1, 'S15': 1, 'Z16': 1, 'C16': 1, 'R16': 1, 'S16': 1}
  SACols: {'Q': 7, 'Z16': 1}
  SARows_0: {'S0': 4, 'C0': 1, 'Z0': 1}
  SARows_1: {'S1': 3, 'C1': 1, 'Z1': 1}
  SARows_2: {'S2': 3, 'C2': 1, 'Z2': 1}
  SARows_3: {'S3': 3, 'C3': 1, 'Z3': 1}
  SARows_4: {'S4': 3, 'C4': 1, 'Z4': 1}
  SARows_5: {'S5': 3, 'C5': 1, 'Z5': 1}
  SARows_6: {'S6': 3, 'C6': 1, 'Z6': 1}
  SARows_7: {'S7': 3, 'C7': 1, 'Z7': 1}
  SARows_8: {'S8': 3, 'C8': 1, 'Z8': 1}
  SARows_9: {'S9': 3, 'C9': 1, 'Z9': 1}
  SARows_10: {'S10': 3, 'C10': 1, 'Z10': 1}
  SARows_11: {'S11': 3, 'C11': 1, 'Z11': 1}
  SARows_12: {'S12': 3, 'C12': 1, 'Z12': 1}
  SARows_13: {'S13': 3, 'C13': 1, 'Z13': 1}
  SARows_14: {'S14': 3, 'C14': 1, 'Z14': 1}
  SARows_15: {'S15': 3, 'C15': 1, 'Z15': 1}
  SARows_16: {'S16': 3, 'C16': 1, 'Z16': 1}
Creating architecture: Eyeriss_Constrained_17L_tile7_8x4 with coupling: dims: C0Y0X0R0S0Z0C1R1S1Y1X1Z1C2R2S2Y2X2Z2C3R3S3Y3X3Z3C4R4S4Y4X4Z4C5R5S5Y5X5Z5C6R6S6Y6X6Z6C7R7S7Y7X7Z7C8R8S8Y8X8Z8C9R9S9Y9X9Z9C10R10S10Y10X10Z10C11R11S11Y11X11Z11C12R12S12Y12X12Z12C13R13S13Y13X13Z13C14R14S14Y14X14Z14C15R15S15Y15X15Z15C16R16S16PQZ16, in_coupling: [C0][Y0+R0][X0+S0], w_coupling: W0: [Z0][C0][R0][S0],W1: [Z1][C1][R1][S1],W2: [Z2][C2][R2][S2],W3: [Z3][C3][R3][S3],W4: [Z4][C4][R4][S4],W5: [Z5][C5][R5][S5],W6: [Z6][C6][R6][S6],W7: [Z7][C7][R7][S7],W8: [Z8][C8][R8][S8],W9: [Z9][C9][R9][S9],W10: [Z10][C10][R10][S10],W11: [Z11][C11][R11][S11],W12: [Z12][C12][R12][S12],W13: [Z13][C13][R13][S13],W14: [Z14][C14][R14][S14],W15: [Z15][C15][R15][S15],W16: [Z16][C16][R16][S16],, out_coupling: [Z16][P][Q]
final_layer_dims: {'S16', 'Q', 'R0', 'R16', 'S0', 'P', 'Y0', 'X0', 'C16', 'C0', 'Z16'}, coupling.dims: ['C0', 'Y0', 'X0', 'R0', 'S0', 'Z0', 'C1', 'R1', 'S1', 'Y1', 'X1', 'Z1', 'C2', 'R2', 'S2', 'Y2', 'X2', 'Z2', 'C3', 'R3', 'S3', 'Y3', 'X3', 'Z3', 'C4', 'R4', 'S4', 'Y4', 'X4', 'Z4', 'C5', 'R5', 'S5', 'Y5', 'X5', 'Z5', 'C6', 'R6', 'S6', 'Y6', 'X6', 'Z6', 'C7', 'R7', 'S7', 'Y7', 'X7', 'Z7', 'C8', 'R8', 'S8', 'Y8', 'X8', 'Z8', 'C9', 'R9', 'S9', 'Y9', 'X9', 'Z9', 'C10', 'R10', 'S10', 'Y10', 'X10', 'Z10', 'C11', 'R11', 'S11', 'Y11', 'X11', 'Z11', 'C12', 'R12', 'S12', 'Y12', 'X12', 'Z12', 'C13', 'R13', 'S13', 'Y13', 'X13', 'Z13', 'C14', 'R14', 'S14', 'Y14', 'X14', 'Z14', 'C15', 'R15', 'S15', 'Y15', 'X15', 'Z15', 'C16', 'R16', 'S16', 'P', 'Q', 'Z16']
------ loading Accelergy for Eyeriss ------
[Constrained Eyeriss] 17 layers, tile_size=7
  DRAM: {'Q': 1, 'P': 7, 'X0': 16, 'Y0': 112, 'Z0': 1, 'C0': 1, 'R0': 1, 'S0': 1, 'X1': 8, 'Y1': 56, 'Z1': 1, 'C1': 1, 'R1': 1, 'S1': 1, 'X2': 8, 'Y2': 56, 'Z2': 1, 'C2': 1, 'R2': 1, 'S2': 1, 'X3': 8, 'Y3': 56, 'Z3': 1, 'C3': 1, 'R3': 1, 'S3': 1, 'X4': 8, 'Y4': 56, 'Z4': 1, 'C4': 1, 'R4': 1, 'S4': 1, 'X5': 8, 'Y5': 56, 'Z5': 1, 'C5': 1, 'R5': 1, 'S5': 1, 'X6': 4, 'Y6': 28, 'Z6': 1, 'C6': 1, 'R6': 1, 'S6': 1, 'X7': 4, 'Y7': 28, 'Z7': 1, 'C7': 1, 'R7': 1, 'S7': 1, 'X8': 4, 'Y8': 28, 'Z8': 1, 'C8': 1, 'R8': 1, 'S8': 1, 'X9': 4, 'Y9': 28, 'Z9': 1, 'C9': 1, 'R9': 1, 'S9': 1, 'X10': 2, 'Y10': 14, 'Z10': 1, 'C10': 1, 'R10': 1, 'S10': 1, 'X11': 2, 'Y11': 14, 'Z11': 1, 'C11': 1, 'R11': 1, 'S11': 1, 'X12': 2, 'Y12': 14, 'Z12': 1, 'C12': 1, 'R12': 1, 'S12': 1, 'X13': 2, 'Y13': 14, 'Z13': 1, 'C13': 1, 'R13': 1, 'S13': 1, 'X14': 1, 'Y14': 7, 'Z14': 1, 'C14': 1, 'R14': 1, 'S14': 1, 'X15': 1, 'Y15': 7, 'Z15': 1, 'C15': 1, 'R15': 1, 'S15': 1, 'Z16': 1, 'C16': 1, 'R16': 1, 'S16': 1}
  GlobalBuffer: {'Q': 1, 'P': 1, 'X0': 1, 'Y0': 1, 'Z0': 1, 'C0': 1, 'R0': 1, 'S0': 1, 'X1': 1, 'Y1': 1, 'Z1': 1, 'C1': 1, 'R1': 1, 'S1': 1, 'X2': 1, 'Y2': 1, 'Z2': 1, 'C2': 1, 'R2': 1, 'S2': 1, 'X3': 1, 'Y3': 1, 'Z3': 1, 'C3': 1, 'R3': 1, 'S3': 1, 'X4': 1, 'Y4': 1, 'Z4': 1, 'C4': 1, 'R4': 1, 'S4': 1, 'X5': 1, 'Y5': 1, 'Z5': 1, 'C5': 1, 'R5': 1, 'S5': 1, 'X6': 1, 'Y6': 1, 'Z6': 1, 'C6': 1, 'R6': 1, 'S6': 1, 'X7': 1, 'Y7': 1, 'Z7': 1, 'C7': 1, 'R7': 1, 'S7': 1, 'X8': 1, 'Y8': 1, 'Z8': 1, 'C8': 1, 'R8': 1, 'S8': 1, 'X9': 1, 'Y9': 1, 'Z9': 1, 'C9': 1, 'R9': 1, 'S9': 1, 'X10': 1, 'Y10': 1, 'Z10': 1, 'C10': 1, 'R10': 1, 'S10': 1, 'X11': 1, 'Y11': 1, 'Z11': 1, 'C11': 1, 'R11': 1, 'S11': 1, 'X12': 1, 'Y12': 1, 'Z12': 1, 'C12': 1, 'R12': 1, 'S12': 1, 'X13': 1, 'Y13': 1, 'Z13': 1, 'C13': 1, 'R13': 1, 'S13': 1, 'X14': 1, 'Y14': 1, 'Z14': 1, 'C14': 1, 'R14': 1, 'S14': 1, 'X15': 1, 'Y15': 1, 'Z15': 1, 'C15': 1, 'R15': 1, 'S15': 1, 'Z16': 1, 'C16': 1, 'R16': 1, 'S16': 1}
  SACols: {'Q': 7, 'Z16': 1}
  SARows_0: {'S0': 4, 'C0': 1, 'Z0': 1}
  SARows_1: {'S1': 3, 'C1': 1, 'Z1': 1}
  SARows_2: {'S2': 3, 'C2': 1, 'Z2': 1}
  SARows_3: {'S3': 3, 'C3': 1, 'Z3': 1}
  SARows_4: {'S4': 3, 'C4': 1, 'Z4': 1}
  SARows_5: {'S5': 3, 'C5': 1, 'Z5': 1}
  SARows_6: {'S6': 3, 'C6': 1, 'Z6': 1}
  SARows_7: {'S7': 3, 'C7': 1, 'Z7': 1}
  SARows_8: {'S8': 3, 'C8': 1, 'Z8': 1}
  SARows_9: {'S9': 3, 'C9': 1, 'Z9': 1}
  SARows_10: {'S10': 3, 'C10': 1, 'Z10': 1}
  SARows_11: {'S11': 3, 'C11': 1, 'Z11': 1}
  SARows_12: {'S12': 3, 'C12': 1, 'Z12': 1}
  SARows_13: {'S13': 3, 'C13': 1, 'Z13': 1}
  SARows_14: {'S14': 3, 'C14': 1, 'Z14': 1}
  SARows_15: {'S15': 3, 'C15': 1, 'Z15': 1}
  SARows_16: {'S16': 3, 'C16': 1, 'Z16': 1}
Creating architecture: Eyeriss_Constrained_17L_tile7_12x4 with coupling: dims: C0Y0X0R0S0Z0C1R1S1Y1X1Z1C2R2S2Y2X2Z2C3R3S3Y3X3Z3C4R4S4Y4X4Z4C5R5S5Y5X5Z5C6R6S6Y6X6Z6C7R7S7Y7X7Z7C8R8S8Y8X8Z8C9R9S9Y9X9Z9C10R10S10Y10X10Z10C11R11S11Y11X11Z11C12R12S12Y12X12Z12C13R13S13Y13X13Z13C14R14S14Y14X14Z14C15R15S15Y15X15Z15C16R16S16PQZ16, in_coupling: [C0][Y0+R0][X0+S0], w_coupling: W0: [Z0][C0][R0][S0],W1: [Z1][C1][R1][S1],W2: [Z2][C2][R2][S2],W3: [Z3][C3][R3][S3],W4: [Z4][C4][R4][S4],W5: [Z5][C5][R5][S5],W6: [Z6][C6][R6][S6],W7: [Z7][C7][R7][S7],W8: [Z8][C8][R8][S8],W9: [Z9][C9][R9][S9],W10: [Z10][C10][R10][S10],W11: [Z11][C11][R11][S11],W12: [Z12][C12][R12][S12],W13: [Z13][C13][R13][S13],W14: [Z14][C14][R14][S14],W15: [Z15][C15][R15][S15],W16: [Z16][C16][R16][S16],, out_coupling: [Z16][P][Q]
final_layer_dims: {'S16', 'Q', 'R0', 'R16', 'S0', 'P', 'Y0', 'X0', 'C16', 'C0', 'Z16'}, coupling.dims: ['C0', 'Y0', 'X0', 'R0', 'S0', 'Z0', 'C1', 'R1', 'S1', 'Y1', 'X1', 'Z1', 'C2', 'R2', 'S2', 'Y2', 'X2', 'Z2', 'C3', 'R3', 'S3', 'Y3', 'X3', 'Z3', 'C4', 'R4', 'S4', 'Y4', 'X4', 'Z4', 'C5', 'R5', 'S5', 'Y5', 'X5', 'Z5', 'C6', 'R6', 'S6', 'Y6', 'X6', 'Z6', 'C7', 'R7', 'S7', 'Y7', 'X7', 'Z7', 'C8', 'R8', 'S8', 'Y8', 'X8', 'Z8', 'C9', 'R9', 'S9', 'Y9', 'X9', 'Z9', 'C10', 'R10', 'S10', 'Y10', 'X10', 'Z10', 'C11', 'R11', 'S11', 'Y11', 'X11', 'Z11', 'C12', 'R12', 'S12', 'Y12', 'X12', 'Z12', 'C13', 'R13', 'S13', 'Y13', 'X13', 'Z13', 'C14', 'R14', 'S14', 'Y14', 'X14', 'Z14', 'C15', 'R15', 'S15', 'Y15', 'X15', 'Z15', 'C16', 'R16', 'S16', 'P', 'Q', 'Z16']
------ loading Accelergy for Eyeriss ------
[Constrained Eyeriss] 17 layers, tile_size=7
  DRAM: {'Q': 1, 'P': 7, 'X0': 16, 'Y0': 112, 'Z0': 1, 'C0': 1, 'R0': 1, 'S0': 1, 'X1': 8, 'Y1': 56, 'Z1': 1, 'C1': 1, 'R1': 1, 'S1': 1, 'X2': 8, 'Y2': 56, 'Z2': 1, 'C2': 1, 'R2': 1, 'S2': 1, 'X3': 8, 'Y3': 56, 'Z3': 1, 'C3': 1, 'R3': 1, 'S3': 1, 'X4': 8, 'Y4': 56, 'Z4': 1, 'C4': 1, 'R4': 1, 'S4': 1, 'X5': 8, 'Y5': 56, 'Z5': 1, 'C5': 1, 'R5': 1, 'S5': 1, 'X6': 4, 'Y6': 28, 'Z6': 1, 'C6': 1, 'R6': 1, 'S6': 1, 'X7': 4, 'Y7': 28, 'Z7': 1, 'C7': 1, 'R7': 1, 'S7': 1, 'X8': 4, 'Y8': 28, 'Z8': 1, 'C8': 1, 'R8': 1, 'S8': 1, 'X9': 4, 'Y9': 28, 'Z9': 1, 'C9': 1, 'R9': 1, 'S9': 1, 'X10': 2, 'Y10': 14, 'Z10': 1, 'C10': 1, 'R10': 1, 'S10': 1, 'X11': 2, 'Y11': 14, 'Z11': 1, 'C11': 1, 'R11': 1, 'S11': 1, 'X12': 2, 'Y12': 14, 'Z12': 1, 'C12': 1, 'R12': 1, 'S12': 1, 'X13': 2, 'Y13': 14, 'Z13': 1, 'C13': 1, 'R13': 1, 'S13': 1, 'X14': 1, 'Y14': 7, 'Z14': 1, 'C14': 1, 'R14': 1, 'S14': 1, 'X15': 1, 'Y15': 7, 'Z15': 1, 'C15': 1, 'R15': 1, 'S15': 1, 'Z16': 1, 'C16': 1, 'R16': 1, 'S16': 1}
  GlobalBuffer: {'Q': 1, 'P': 1, 'X0': 1, 'Y0': 1, 'Z0': 1, 'C0': 1, 'R0': 1, 'S0': 1, 'X1': 1, 'Y1': 1, 'Z1': 1, 'C1': 1, 'R1': 1, 'S1': 1, 'X2': 1, 'Y2': 1, 'Z2': 1, 'C2': 1, 'R2': 1, 'S2': 1, 'X3': 1, 'Y3': 1, 'Z3': 1, 'C3': 1, 'R3': 1, 'S3': 1, 'X4': 1, 'Y4': 1, 'Z4': 1, 'C4': 1, 'R4': 1, 'S4': 1, 'X5': 1, 'Y5': 1, 'Z5': 1, 'C5': 1, 'R5': 1, 'S5': 1, 'X6': 1, 'Y6': 1, 'Z6': 1, 'C6': 1, 'R6': 1, 'S6': 1, 'X7': 1, 'Y7': 1, 'Z7': 1, 'C7': 1, 'R7': 1, 'S7': 1, 'X8': 1, 'Y8': 1, 'Z8': 1, 'C8': 1, 'R8': 1, 'S8': 1, 'X9': 1, 'Y9': 1, 'Z9': 1, 'C9': 1, 'R9': 1, 'S9': 1, 'X10': 1, 'Y10': 1, 'Z10': 1, 'C10': 1, 'R10': 1, 'S10': 1, 'X11': 1, 'Y11': 1, 'Z11': 1, 'C11': 1, 'R11': 1, 'S11': 1, 'X12': 1, 'Y12': 1, 'Z12': 1, 'C12': 1, 'R12': 1, 'S12': 1, 'X13': 1, 'Y13': 1, 'Z13': 1, 'C13': 1, 'R13': 1, 'S13': 1, 'X14': 1, 'Y14': 1, 'Z14': 1, 'C14': 1, 'R14': 1, 'S14': 1, 'X15': 1, 'Y15': 1, 'Z15': 1, 'C15': 1, 'R15': 1, 'S15': 1, 'Z16': 1, 'C16': 1, 'R16': 1, 'S16': 1}
  SACols: {'Q': 7, 'Z16': 2}
  SARows_0: {'S0': 4, 'C0': 1, 'Z0': 1}
  SARows_1: {'S1': 3, 'C1': 1, 'Z1': 1}
  SARows_2: {'S2': 3, 'C2': 1, 'Z2': 1}
  SARows_3: {'S3': 3, 'C3': 1, 'Z3': 1}
  SARows_4: {'S4': 3, 'C4': 1, 'Z4': 1}
  SARows_5: {'S5': 3, 'C5': 1, 'Z5': 1}
  SARows_6: {'S6': 3, 'C6': 1, 'Z6': 1}
  SARows_7: {'S7': 3, 'C7': 1, 'Z7': 1}
  SARows_8: {'S8': 3, 'C8': 1, 'Z8': 1}
  SARows_9: {'S9': 3, 'C9': 1, 'Z9': 1}
  SARows_10: {'S10': 3, 'C10': 1, 'Z10': 1}
  SARows_11: {'S11': 3, 'C11': 1, 'Z11': 1}
  SARows_12: {'S12': 3, 'C12': 1, 'Z12': 1}
  SARows_13: {'S13': 3, 'C13': 1, 'Z13': 1}
  SARows_14: {'S14': 3, 'C14': 1, 'Z14': 1}
  SARows_15: {'S15': 3, 'C15': 1, 'Z15': 1}
  SARows_16: {'S16': 3, 'C16': 1, 'Z16': 1}
Creating architecture: Eyeriss_Constrained_17L_tile7_16x4 with coupling: dims: C0Y0X0R0S0Z0C1R1S1Y1X1Z1C2R2S2Y2X2Z2C3R3S3Y3X3Z3C4R4S4Y4X4Z4C5R5S5Y5X5Z5C6R6S6Y6X6Z6C7R7S7Y7X7Z7C8R8S8Y8X8Z8C9R9S9Y9X9Z9C10R10S10Y10X10Z10C11R11S11Y11X11Z11C12R12S12Y12X12Z12C13R13S13Y13X13Z13C14R14S14Y14X14Z14C15R15S15Y15X15Z15C16R16S16PQZ16, in_coupling: [C0][Y0+R0][X0+S0], w_coupling: W0: [Z0][C0][R0][S0],W1: [Z1][C1][R1][S1],W2: [Z2][C2][R2][S2],W3: [Z3][C3][R3][S3],W4: [Z4][C4][R4][S4],W5: [Z5][C5][R5][S5],W6: [Z6][C6][R6][S6],W7: [Z7][C7][R7][S7],W8: [Z8][C8][R8][S8],W9: [Z9][C9][R9][S9],W10: [Z10][C10][R10][S10],W11: [Z11][C11][R11][S11],W12: [Z12][C12][R12][S12],W13: [Z13][C13][R13][S13],W14: [Z14][C14][R14][S14],W15: [Z15][C15][R15][S15],W16: [Z16][C16][R16][S16],, out_coupling: [Z16][P][Q]
final_layer_dims: {'S16', 'Q', 'R0', 'R16', 'S0', 'P', 'Y0', 'X0', 'C16', 'C0', 'Z16'}, coupling.dims: ['C0', 'Y0', 'X0', 'R0', 'S0', 'Z0', 'C1', 'R1', 'S1', 'Y1', 'X1', 'Z1', 'C2', 'R2', 'S2', 'Y2', 'X2', 'Z2', 'C3', 'R3', 'S3', 'Y3', 'X3', 'Z3', 'C4', 'R4', 'S4', 'Y4', 'X4', 'Z4', 'C5', 'R5', 'S5', 'Y5', 'X5', 'Z5', 'C6', 'R6', 'S6', 'Y6', 'X6', 'Z6', 'C7', 'R7', 'S7', 'Y7', 'X7', 'Z7', 'C8', 'R8', 'S8', 'Y8', 'X8', 'Z8', 'C9', 'R9', 'S9', 'Y9', 'X9', 'Z9', 'C10', 'R10', 'S10', 'Y10', 'X10', 'Z10', 'C11', 'R11', 'S11', 'Y11', 'X11', 'Z11', 'C12', 'R12', 'S12', 'Y12', 'X12', 'Z12', 'C13', 'R13', 'S13', 'Y13', 'X13', 'Z13', 'C14', 'R14', 'S14', 'Y14', 'X14', 'Z14', 'C15', 'R15', 'S15', 'Y15', 'X15', 'Z15', 'C16', 'R16', 'S16', 'P', 'Q', 'Z16']
------ loading Accelergy for Eyeriss ------
[Constrained Eyeriss] 17 layers, tile_size=7
  DRAM: {'Q': 1, 'P': 7, 'X0': 16, 'Y0': 112, 'Z0': 1, 'C0': 1, 'R0': 1, 'S0': 1, 'X1': 8, 'Y1': 56, 'Z1': 1, 'C1': 1, 'R1': 1, 'S1': 1, 'X2': 8, 'Y2': 56, 'Z2': 1, 'C2': 1, 'R2': 1, 'S2': 1, 'X3': 8, 'Y3': 56, 'Z3': 1, 'C3': 1, 'R3': 1, 'S3': 1, 'X4': 8, 'Y4': 56, 'Z4': 1, 'C4': 1, 'R4': 1, 'S4': 1, 'X5': 8, 'Y5': 56, 'Z5': 1, 'C5': 1, 'R5': 1, 'S5': 1, 'X6': 4, 'Y6': 28, 'Z6': 1, 'C6': 1, 'R6': 1, 'S6': 1, 'X7': 4, 'Y7': 28, 'Z7': 1, 'C7': 1, 'R7': 1, 'S7': 1, 'X8': 4, 'Y8': 28, 'Z8': 1, 'C8': 1, 'R8': 1, 'S8': 1, 'X9': 4, 'Y9': 28, 'Z9': 1, 'C9': 1, 'R9': 1, 'S9': 1, 'X10': 2, 'Y10': 14, 'Z10': 1, 'C10': 1, 'R10': 1, 'S10': 1, 'X11': 2, 'Y11': 14, 'Z11': 1, 'C11': 1, 'R11': 1, 'S11': 1, 'X12': 2, 'Y12': 14, 'Z12': 1, 'C12': 1, 'R12': 1, 'S12': 1, 'X13': 2, 'Y13': 14, 'Z13': 1, 'C13': 1, 'R13': 1, 'S13': 1, 'X14': 1, 'Y14': 7, 'Z14': 1, 'C14': 1, 'R14': 1, 'S14': 1, 'X15': 1, 'Y15': 7, 'Z15': 1, 'C15': 1, 'R15': 1, 'S15': 1, 'Z16': 1, 'C16': 1, 'R16': 1, 'S16': 1}
  GlobalBuffer: {'Q': 1, 'P': 1, 'X0': 1, 'Y0': 1, 'Z0': 1, 'C0': 1, 'R0': 1, 'S0': 1, 'X1': 1, 'Y1': 1, 'Z1': 1, 'C1': 1, 'R1': 1, 'S1': 1, 'X2': 1, 'Y2': 1, 'Z2': 1, 'C2': 1, 'R2': 1, 'S2': 1, 'X3': 1, 'Y3': 1, 'Z3': 1, 'C3': 1, 'R3': 1, 'S3': 1, 'X4': 1, 'Y4': 1, 'Z4': 1, 'C4': 1, 'R4': 1, 'S4': 1, 'X5': 1, 'Y5': 1, 'Z5': 1, 'C5': 1, 'R5': 1, 'S5': 1, 'X6': 1, 'Y6': 1, 'Z6': 1, 'C6': 1, 'R6': 1, 'S6': 1, 'X7': 1, 'Y7': 1, 'Z7': 1, 'C7': 1, 'R7': 1, 'S7': 1, 'X8': 1, 'Y8': 1, 'Z8': 1, 'C8': 1, 'R8': 1, 'S8': 1, 'X9': 1, 'Y9': 1, 'Z9': 1, 'C9': 1, 'R9': 1, 'S9': 1, 'X10': 1, 'Y10': 1, 'Z10': 1, 'C10': 1, 'R10': 1, 'S10': 1, 'X11': 1, 'Y11': 1, 'Z11': 1, 'C11': 1, 'R11': 1, 'S11': 1, 'X12': 1, 'Y12': 1, 'Z12': 1, 'C12': 1, 'R12': 1, 'S12': 1, 'X13': 1, 'Y13': 1, 'Z13': 1, 'C13': 1, 'R13': 1, 'S13': 1, 'X14': 1, 'Y14': 1, 'Z14': 1, 'C14': 1, 'R14': 1, 'S14': 1, 'X15': 1, 'Y15': 1, 'Z15': 1, 'C15': 1, 'R15': 1, 'S15': 1, 'Z16': 1, 'C16': 1, 'R16': 1, 'S16': 1}
  SACols: {'Q': 7, 'Z16': 4}
  SARows_0: {'S0': 4, 'C0': 1, 'Z0': 1}
  SARows_1: {'S1': 3, 'C1': 1, 'Z1': 1}
  SARows_2: {'S2': 3, 'C2': 1, 'Z2': 1}
  SARows_3: {'S3': 3, 'C3': 1, 'Z3': 1}
  SARows_4: {'S4': 3, 'C4': 1, 'Z4': 1}
  SARows_5: {'S5': 3, 'C5': 1, 'Z5': 1}
  SARows_6: {'S6': 3, 'C6': 1, 'Z6': 1}
  SARows_7: {'S7': 3, 'C7': 1, 'Z7': 1}
  SARows_8: {'S8': 3, 'C8': 1, 'Z8': 1}
  SARows_9: {'S9': 3, 'C9': 1, 'Z9': 1}
  SARows_10: {'S10': 3, 'C10': 1, 'Z10': 1}
  SARows_11: {'S11': 3, 'C11': 1, 'Z11': 1}
  SARows_12: {'S12': 3, 'C12': 1, 'Z12': 1}
  SARows_13: {'S13': 3, 'C13': 1, 'Z13': 1}
  SARows_14: {'S14': 3, 'C14': 1, 'Z14': 1}
  SARows_15: {'S15': 3, 'C15': 1, 'Z15': 1}
  SARows_16: {'S16': 3, 'C16': 1, 'Z16': 1}
Creating architecture: Eyeriss_Constrained_17L_tile7_32x4 with coupling: dims: C0Y0X0R0S0Z0C1R1S1Y1X1Z1C2R2S2Y2X2Z2C3R3S3Y3X3Z3C4R4S4Y4X4Z4C5R5S5Y5X5Z5C6R6S6Y6X6Z6C7R7S7Y7X7Z7C8R8S8Y8X8Z8C9R9S9Y9X9Z9C10R10S10Y10X10Z10C11R11S11Y11X11Z11C12R12S12Y12X12Z12C13R13S13Y13X13Z13C14R14S14Y14X14Z14C15R15S15Y15X15Z15C16R16S16PQZ16, in_coupling: [C0][Y0+R0][X0+S0], w_coupling: W0: [Z0][C0][R0][S0],W1: [Z1][C1][R1][S1],W2: [Z2][C2][R2][S2],W3: [Z3][C3][R3][S3],W4: [Z4][C4][R4][S4],W5: [Z5][C5][R5][S5],W6: [Z6][C6][R6][S6],W7: [Z7][C7][R7][S7],W8: [Z8][C8][R8][S8],W9: [Z9][C9][R9][S9],W10: [Z10][C10][R10][S10],W11: [Z11][C11][R11][S11],W12: [Z12][C12][R12][S12],W13: [Z13][C13][R13][S13],W14: [Z14][C14][R14][S14],W15: [Z15][C15][R15][S15],W16: [Z16][C16][R16][S16],, out_coupling: [Z16][P][Q]
final_layer_dims: {'S16', 'Q', 'R0', 'R16', 'S0', 'P', 'Y0', 'X0', 'C16', 'C0', 'Z16'}, coupling.dims: ['C0', 'Y0', 'X0', 'R0', 'S0', 'Z0', 'C1', 'R1', 'S1', 'Y1', 'X1', 'Z1', 'C2', 'R2', 'S2', 'Y2', 'X2', 'Z2', 'C3', 'R3', 'S3', 'Y3', 'X3', 'Z3', 'C4', 'R4', 'S4', 'Y4', 'X4', 'Z4', 'C5', 'R5', 'S5', 'Y5', 'X5', 'Z5', 'C6', 'R6', 'S6', 'Y6', 'X6', 'Z6', 'C7', 'R7', 'S7', 'Y7', 'X7', 'Z7', 'C8', 'R8', 'S8', 'Y8', 'X8', 'Z8', 'C9', 'R9', 'S9', 'Y9', 'X9', 'Z9', 'C10', 'R10', 'S10', 'Y10', 'X10', 'Z10', 'C11', 'R11', 'S11', 'Y11', 'X11', 'Z11', 'C12', 'R12', 'S12', 'Y12', 'X12', 'Z12', 'C13', 'R13', 'S13', 'Y13', 'X13', 'Z13', 'C14', 'R14', 'S14', 'Y14', 'X14', 'Z14', 'C15', 'R15', 'S15', 'Y15', 'X15', 'Z15', 'C16', 'R16', 'S16', 'P', 'Q', 'Z16']
------ loading Accelergy for Eyeriss ------
[Constrained Eyeriss] 17 layers, tile_size=7
  DRAM: {'Q': 1, 'P': 7, 'X0': 16, 'Y0': 112, 'Z0': 1, 'C0': 1, 'R0': 1, 'S0': 1, 'X1': 8, 'Y1': 56, 'Z1': 1, 'C1': 1, 'R1': 1, 'S1': 1, 'X2': 8, 'Y2': 56, 'Z2': 1, 'C2': 1, 'R2': 1, 'S2': 1, 'X3': 8, 'Y3': 56, 'Z3': 1, 'C3': 1, 'R3': 1, 'S3': 1, 'X4': 8, 'Y4': 56, 'Z4': 1, 'C4': 1, 'R4': 1, 'S4': 1, 'X5': 8, 'Y5': 56, 'Z5': 1, 'C5': 1, 'R5': 1, 'S5': 1, 'X6': 4, 'Y6': 28, 'Z6': 1, 'C6': 1, 'R6': 1, 'S6': 1, 'X7': 4, 'Y7': 28, 'Z7': 1, 'C7': 1, 'R7': 1, 'S7': 1, 'X8': 4, 'Y8': 28, 'Z8': 1, 'C8': 1, 'R8': 1, 'S8': 1, 'X9': 4, 'Y9': 28, 'Z9': 1, 'C9': 1, 'R9': 1, 'S9': 1, 'X10': 2, 'Y10': 14, 'Z10': 1, 'C10': 1, 'R10': 1, 'S10': 1, 'X11': 2, 'Y11': 14, 'Z11': 1, 'C11': 1, 'R11': 1, 'S11': 1, 'X12': 2, 'Y12': 14, 'Z12': 1, 'C12': 1, 'R12': 1, 'S12': 1, 'X13': 2, 'Y13': 14, 'Z13': 1, 'C13': 1, 'R13': 1, 'S13': 1, 'X14': 1, 'Y14': 7, 'Z14': 1, 'C14': 1, 'R14': 1, 'S14': 1, 'X15': 1, 'Y15': 7, 'Z15': 1, 'C15': 1, 'R15': 1, 'S15': 1, 'Z16': 1, 'C16': 1, 'R16': 1, 'S16': 1}
  GlobalBuffer: {'Q': 1, 'P': 1, 'X0': 1, 'Y0': 1, 'Z0': 1, 'C0': 1, 'R0': 1, 'S0': 1, 'X1': 1, 'Y1': 1, 'Z1': 1, 'C1': 1, 'R1': 1, 'S1': 1, 'X2': 1, 'Y2': 1, 'Z2': 1, 'C2': 1, 'R2': 1, 'S2': 1, 'X3': 1, 'Y3': 1, 'Z3': 1, 'C3': 1, 'R3': 1, 'S3': 1, 'X4': 1, 'Y4': 1, 'Z4': 1, 'C4': 1, 'R4': 1, 'S4': 1, 'X5': 1, 'Y5': 1, 'Z5': 1, 'C5': 1, 'R5': 1, 'S5': 1, 'X6': 1, 'Y6': 1, 'Z6': 1, 'C6': 1, 'R6': 1, 'S6': 1, 'X7': 1, 'Y7': 1, 'Z7': 1, 'C7': 1, 'R7': 1, 'S7': 1, 'X8': 1, 'Y8': 1, 'Z8': 1, 'C8': 1, 'R8': 1, 'S8': 1, 'X9': 1, 'Y9': 1, 'Z9': 1, 'C9': 1, 'R9': 1, 'S9': 1, 'X10': 1, 'Y10': 1, 'Z10': 1, 'C10': 1, 'R10': 1, 'S10': 1, 'X11': 1, 'Y11': 1, 'Z11': 1, 'C11': 1, 'R11': 1, 'S11': 1, 'X12': 1, 'Y12': 1, 'Z12': 1, 'C12': 1, 'R12': 1, 'S12': 1, 'X13': 1, 'Y13': 1, 'Z13': 1, 'C13': 1, 'R13': 1, 'S13': 1, 'X14': 1, 'Y14': 1, 'Z14': 1, 'C14': 1, 'R14': 1, 'S14': 1, 'X15': 1, 'Y15': 1, 'Z15': 1, 'C15': 1, 'R15': 1, 'S15': 1, 'Z16': 1, 'C16': 1, 'R16': 1, 'S16': 1}
  SACols: {'Q': 7, 'Z16': 8}
  SARows_0: {'S0': 4, 'C0': 1, 'Z0': 1}
  SARows_1: {'S1': 3, 'C1': 1, 'Z1': 1}
  SARows_2: {'S2': 3, 'C2': 1, 'Z2': 1}
  SARows_3: {'S3': 3, 'C3': 1, 'Z3': 1}
  SARows_4: {'S4': 3, 'C4': 1, 'Z4': 1}
  SARows_5: {'S5': 3, 'C5': 1, 'Z5': 1}
  SARows_6: {'S6': 3, 'C6': 1, 'Z6': 1}
  SARows_7: {'S7': 3, 'C7': 1, 'Z7': 1}
  SARows_8: {'S8': 3, 'C8': 1, 'Z8': 1}
  SARows_9: {'S9': 3, 'C9': 1, 'Z9': 1}
  SARows_10: {'S10': 3, 'C10': 1, 'Z10': 1}
  SARows_11: {'S11': 3, 'C11': 1, 'Z11': 1}
  SARows_12: {'S12': 3, 'C12': 1, 'Z12': 1}
  SARows_13: {'S13': 3, 'C13': 1, 'Z13': 1}
  SARows_14: {'S14': 3, 'C14': 1, 'Z14': 1}
  SARows_15: {'S15': 3, 'C15': 1, 'Z15': 1}
  SARows_16: {'S16': 3, 'C16': 1, 'Z16': 1}
Creating architecture: Eyeriss_Constrained_17L_tile7_64x4 with coupling: dims: C0Y0X0R0S0Z0C1R1S1Y1X1Z1C2R2S2Y2X2Z2C3R3S3Y3X3Z3C4R4S4Y4X4Z4C5R5S5Y5X5Z5C6R6S6Y6X6Z6C7R7S7Y7X7Z7C8R8S8Y8X8Z8C9R9S9Y9X9Z9C10R10S10Y10X10Z10C11R11S11Y11X11Z11C12R12S12Y12X12Z12C13R13S13Y13X13Z13C14R14S14Y14X14Z14C15R15S15Y15X15Z15C16R16S16PQZ16, in_coupling: [C0][Y0+R0][X0+S0], w_coupling: W0: [Z0][C0][R0][S0],W1: [Z1][C1][R1][S1],W2: [Z2][C2][R2][S2],W3: [Z3][C3][R3][S3],W4: [Z4][C4][R4][S4],W5: [Z5][C5][R5][S5],W6: [Z6][C6][R6][S6],W7: [Z7][C7][R7][S7],W8: [Z8][C8][R8][S8],W9: [Z9][C9][R9][S9],W10: [Z10][C10][R10][S10],W11: [Z11][C11][R11][S11],W12: [Z12][C12][R12][S12],W13: [Z13][C13][R13][S13],W14: [Z14][C14][R14][S14],W15: [Z15][C15][R15][S15],W16: [Z16][C16][R16][S16],, out_coupling: [Z16][P][Q]
final_layer_dims: {'S16', 'Q', 'R0', 'R16', 'S0', 'P', 'Y0', 'X0', 'C16', 'C0', 'Z16'}, coupling.dims: ['C0', 'Y0', 'X0', 'R0', 'S0', 'Z0', 'C1', 'R1', 'S1', 'Y1', 'X1', 'Z1', 'C2', 'R2', 'S2', 'Y2', 'X2', 'Z2', 'C3', 'R3', 'S3', 'Y3', 'X3', 'Z3', 'C4', 'R4', 'S4', 'Y4', 'X4', 'Z4', 'C5', 'R5', 'S5', 'Y5', 'X5', 'Z5', 'C6', 'R6', 'S6', 'Y6', 'X6', 'Z6', 'C7', 'R7', 'S7', 'Y7', 'X7', 'Z7', 'C8', 'R8', 'S8', 'Y8', 'X8', 'Z8', 'C9', 'R9', 'S9', 'Y9', 'X9', 'Z9', 'C10', 'R10', 'S10', 'Y10', 'X10', 'Z10', 'C11', 'R11', 'S11', 'Y11', 'X11', 'Z11', 'C12', 'R12', 'S12', 'Y12', 'X12', 'Z12', 'C13', 'R13', 'S13', 'Y13', 'X13', 'Z13', 'C14', 'R14', 'S14', 'Y14', 'X14', 'Z14', 'C15', 'R15', 'S15', 'Y15', 'X15', 'Z15', 'C16', 'R16', 'S16', 'P', 'Q', 'Z16']
------ loading Accelergy for Eyeriss ------
[Constrained Eyeriss] 17 layers, tile_size=7
  DRAM: {'Q': 1, 'P': 7, 'X0': 16, 'Y0': 112, 'Z0': 1, 'C0': 1, 'R0': 1, 'S0': 1, 'X1': 8, 'Y1': 56, 'Z1': 1, 'C1': 1, 'R1': 1, 'S1': 1, 'X2': 8, 'Y2': 56, 'Z2': 1, 'C2': 1, 'R2': 1, 'S2': 1, 'X3': 8, 'Y3': 56, 'Z3': 1, 'C3': 1, 'R3': 1, 'S3': 1, 'X4': 8, 'Y4': 56, 'Z4': 1, 'C4': 1, 'R4': 1, 'S4': 1, 'X5': 8, 'Y5': 56, 'Z5': 1, 'C5': 1, 'R5': 1, 'S5': 1, 'X6': 4, 'Y6': 28, 'Z6': 1, 'C6': 1, 'R6': 1, 'S6': 1, 'X7': 4, 'Y7': 28, 'Z7': 1, 'C7': 1, 'R7': 1, 'S7': 1, 'X8': 4, 'Y8': 28, 'Z8': 1, 'C8': 1, 'R8': 1, 'S8': 1, 'X9': 4, 'Y9': 28, 'Z9': 1, 'C9': 1, 'R9': 1, 'S9': 1, 'X10': 2, 'Y10': 14, 'Z10': 1, 'C10': 1, 'R10': 1, 'S10': 1, 'X11': 2, 'Y11': 14, 'Z11': 1, 'C11': 1, 'R11': 1, 'S11': 1, 'X12': 2, 'Y12': 14, 'Z12': 1, 'C12': 1, 'R12': 1, 'S12': 1, 'X13': 2, 'Y13': 14, 'Z13': 1, 'C13': 1, 'R13': 1, 'S13': 1, 'X14': 1, 'Y14': 7, 'Z14': 1, 'C14': 1, 'R14': 1, 'S14': 1, 'X15': 1, 'Y15': 7, 'Z15': 1, 'C15': 1, 'R15': 1, 'S15': 1, 'Z16': 1, 'C16': 1, 'R16': 1, 'S16': 1}
  GlobalBuffer: {'Q': 1, 'P': 1, 'X0': 1, 'Y0': 1, 'Z0': 1, 'C0': 1, 'R0': 1, 'S0': 1, 'X1': 1, 'Y1': 1, 'Z1': 1, 'C1': 1, 'R1': 1, 'S1': 1, 'X2': 1, 'Y2': 1, 'Z2': 1, 'C2': 1, 'R2': 1, 'S2': 1, 'X3': 1, 'Y3': 1, 'Z3': 1, 'C3': 1, 'R3': 1, 'S3': 1, 'X4': 1, 'Y4': 1, 'Z4': 1, 'C4': 1, 'R4': 1, 'S4': 1, 'X5': 1, 'Y5': 1, 'Z5': 1, 'C5': 1, 'R5': 1, 'S5': 1, 'X6': 1, 'Y6': 1, 'Z6': 1, 'C6': 1, 'R6': 1, 'S6': 1, 'X7': 1, 'Y7': 1, 'Z7': 1, 'C7': 1, 'R7': 1, 'S7': 1, 'X8': 1, 'Y8': 1, 'Z8': 1, 'C8': 1, 'R8': 1, 'S8': 1, 'X9': 1, 'Y9': 1, 'Z9': 1, 'C9': 1, 'R9': 1, 'S9': 1, 'X10': 1, 'Y10': 1, 'Z10': 1, 'C10': 1, 'R10': 1, 'S10': 1, 'X11': 1, 'Y11': 1, 'Z11': 1, 'C11': 1, 'R11': 1, 'S11': 1, 'X12': 1, 'Y12': 1, 'Z12': 1, 'C12': 1, 'R12': 1, 'S12': 1, 'X13': 1, 'Y13': 1, 'Z13': 1, 'C13': 1, 'R13': 1, 'S13': 1, 'X14': 1, 'Y14': 1, 'Z14': 1, 'C14': 1, 'R14': 1, 'S14': 1, 'X15': 1, 'Y15': 1, 'Z15': 1, 'C15': 1, 'R15': 1, 'S15': 1, 'Z16': 1, 'C16': 1, 'R16': 1, 'S16': 1}
  SACols: {'Q': 7, 'Z16': 8}
  SARows_0: {'S0': 4, 'C0': 1, 'Z0': 1}
  SARows_1: {'S1': 3, 'C1': 1, 'Z1': 1}
  SARows_2: {'S2': 3, 'C2': 1, 'Z2': 1}
  SARows_3: {'S3': 3, 'C3': 1, 'Z3': 1}
  SARows_4: {'S4': 3, 'C4': 1, 'Z4': 1}
  SARows_5: {'S5': 3, 'C5': 1, 'Z5': 1}
  SARows_6: {'S6': 3, 'C6': 1, 'Z6': 1}
  SARows_7: {'S7': 3, 'C7': 1, 'Z7': 1}
  SARows_8: {'S8': 3, 'C8': 1, 'Z8': 1}
  SARows_9: {'S9': 3, 'C9': 1, 'Z9': 1}
  SARows_10: {'S10': 3, 'C10': 1, 'Z10': 1}
  SARows_11: {'S11': 3, 'C11': 1, 'Z11': 1}
  SARows_12: {'S12': 3, 'C12': 1, 'Z12': 1}
  SARows_13: {'S13': 3, 'C13': 1, 'Z13': 1}
  SARows_14: {'S14': 3, 'C14': 1, 'Z14': 1}
  SARows_15: {'S15': 3, 'C15': 1, 'Z15': 1}
  SARows_16: {'S16': 3, 'C16': 1, 'Z16': 1}
Creating architecture: Eyeriss_Constrained_17L_tile7_80x4 with coupling: dims: C0Y0X0R0S0Z0C1R1S1Y1X1Z1C2R2S2Y2X2Z2C3R3S3Y3X3Z3C4R4S4Y4X4Z4C5R5S5Y5X5Z5C6R6S6Y6X6Z6C7R7S7Y7X7Z7C8R8S8Y8X8Z8C9R9S9Y9X9Z9C10R10S10Y10X10Z10C11R11S11Y11X11Z11C12R12S12Y12X12Z12C13R13S13Y13X13Z13C14R14S14Y14X14Z14C15R15S15Y15X15Z15C16R16S16PQZ16, in_coupling: [C0][Y0+R0][X0+S0], w_coupling: W0: [Z0][C0][R0][S0],W1: [Z1][C1][R1][S1],W2: [Z2][C2][R2][S2],W3: [Z3][C3][R3][S3],W4: [Z4][C4][R4][S4],W5: [Z5][C5][R5][S5],W6: [Z6][C6][R6][S6],W7: [Z7][C7][R7][S7],W8: [Z8][C8][R8][S8],W9: [Z9][C9][R9][S9],W10: [Z10][C10][R10][S10],W11: [Z11][C11][R11][S11],W12: [Z12][C12][R12][S12],W13: [Z13][C13][R13][S13],W14: [Z14][C14][R14][S14],W15: [Z15][C15][R15][S15],W16: [Z16][C16][R16][S16],, out_coupling: [Z16][P][Q]
final_layer_dims: {'S16', 'Q', 'R0', 'R16', 'S0', 'P', 'Y0', 'X0', 'C16', 'C0', 'Z16'}, coupling.dims: ['C0', 'Y0', 'X0', 'R0', 'S0', 'Z0', 'C1', 'R1', 'S1', 'Y1', 'X1', 'Z1', 'C2', 'R2', 'S2', 'Y2', 'X2', 'Z2', 'C3', 'R3', 'S3', 'Y3', 'X3', 'Z3', 'C4', 'R4', 'S4', 'Y4', 'X4', 'Z4', 'C5', 'R5', 'S5', 'Y5', 'X5', 'Z5', 'C6', 'R6', 'S6', 'Y6', 'X6', 'Z6', 'C7', 'R7', 'S7', 'Y7', 'X7', 'Z7', 'C8', 'R8', 'S8', 'Y8', 'X8', 'Z8', 'C9', 'R9', 'S9', 'Y9', 'X9', 'Z9', 'C10', 'R10', 'S10', 'Y10', 'X10', 'Z10', 'C11', 'R11', 'S11', 'Y11', 'X11', 'Z11', 'C12', 'R12', 'S12', 'Y12', 'X12', 'Z12', 'C13', 'R13', 'S13', 'Y13', 'X13', 'Z13', 'C14', 'R14', 'S14', 'Y14', 'X14', 'Z14', 'C15', 'R15', 'S15', 'Y15', 'X15', 'Z15', 'C16', 'R16', 'S16', 'P', 'Q', 'Z16']
------ loading Accelergy for Eyeriss ------
[Constrained Eyeriss] 17 layers, tile_size=7
  DRAM: {'Q': 1, 'P': 7, 'X0': 16, 'Y0': 112, 'Z0': 1, 'C0': 1, 'R0': 1, 'S0': 1, 'X1': 8, 'Y1': 56, 'Z1': 1, 'C1': 1, 'R1': 1, 'S1': 1, 'X2': 8, 'Y2': 56, 'Z2': 1, 'C2': 1, 'R2': 1, 'S2': 1, 'X3': 8, 'Y3': 56, 'Z3': 1, 'C3': 1, 'R3': 1, 'S3': 1, 'X4': 8, 'Y4': 56, 'Z4': 1, 'C4': 1, 'R4': 1, 'S4': 1, 'X5': 8, 'Y5': 56, 'Z5': 1, 'C5': 1, 'R5': 1, 'S5': 1, 'X6': 4, 'Y6': 28, 'Z6': 1, 'C6': 1, 'R6': 1, 'S6': 1, 'X7': 4, 'Y7': 28, 'Z7': 1, 'C7': 1, 'R7': 1, 'S7': 1, 'X8': 4, 'Y8': 28, 'Z8': 1, 'C8': 1, 'R8': 1, 'S8': 1, 'X9': 4, 'Y9': 28, 'Z9': 1, 'C9': 1, 'R9': 1, 'S9': 1, 'X10': 2, 'Y10': 14, 'Z10': 1, 'C10': 1, 'R10': 1, 'S10': 1, 'X11': 2, 'Y11': 14, 'Z11': 1, 'C11': 1, 'R11': 1, 'S11': 1, 'X12': 2, 'Y12': 14, 'Z12': 1, 'C12': 1, 'R12': 1, 'S12': 1, 'X13': 2, 'Y13': 14, 'Z13': 1, 'C13': 1, 'R13': 1, 'S13': 1, 'X14': 1, 'Y14': 7, 'Z14': 1, 'C14': 1, 'R14': 1, 'S14': 1, 'X15': 1, 'Y15': 7, 'Z15': 1, 'C15': 1, 'R15': 1, 'S15': 1, 'Z16': 1, 'C16': 1, 'R16': 1, 'S16': 1}
  GlobalBuffer: {'Q': 1, 'P': 1, 'X0': 1, 'Y0': 1, 'Z0': 1, 'C0': 1, 'R0': 1, 'S0': 1, 'X1': 1, 'Y1': 1, 'Z1': 1, 'C1': 1, 'R1': 1, 'S1': 1, 'X2': 1, 'Y2': 1, 'Z2': 1, 'C2': 1, 'R2': 1, 'S2': 1, 'X3': 1, 'Y3': 1, 'Z3': 1, 'C3': 1, 'R3': 1, 'S3': 1, 'X4': 1, 'Y4': 1, 'Z4': 1, 'C4': 1, 'R4': 1, 'S4': 1, 'X5': 1, 'Y5': 1, 'Z5': 1, 'C5': 1, 'R5': 1, 'S5': 1, 'X6': 1, 'Y6': 1, 'Z6': 1, 'C6': 1, 'R6': 1, 'S6': 1, 'X7': 1, 'Y7': 1, 'Z7': 1, 'C7': 1, 'R7': 1, 'S7': 1, 'X8': 1, 'Y8': 1, 'Z8': 1, 'C8': 1, 'R8': 1, 'S8': 1, 'X9': 1, 'Y9': 1, 'Z9': 1, 'C9': 1, 'R9': 1, 'S9': 1, 'X10': 1, 'Y10': 1, 'Z10': 1, 'C10': 1, 'R10': 1, 'S10': 1, 'X11': 1, 'Y11': 1, 'Z11': 1, 'C11': 1, 'R11': 1, 'S11': 1, 'X12': 1, 'Y12': 1, 'Z12': 1, 'C12': 1, 'R12': 1, 'S12': 1, 'X13': 1, 'Y13': 1, 'Z13': 1, 'C13': 1, 'R13': 1, 'S13': 1, 'X14': 1, 'Y14': 1, 'Z14': 1, 'C14': 1, 'R14': 1, 'S14': 1, 'X15': 1, 'Y15': 1, 'Z15': 1, 'C15': 1, 'R15': 1, 'S15': 1, 'Z16': 1, 'C16': 1, 'R16': 1, 'S16': 1}
  SACols: {'Q': 7, 'Z16': 16}
  SARows_0: {'S0': 4, 'C0': 1, 'Z0': 1}
  SARows_1: {'S1': 3, 'C1': 1, 'Z1': 1}
  SARows_2: {'S2': 3, 'C2': 1, 'Z2': 1}
  SARows_3: {'S3': 3, 'C3': 1, 'Z3': 1}
  SARows_4: {'S4': 3, 'C4': 1, 'Z4': 1}
  SARows_5: {'S5': 3, 'C5': 1, 'Z5': 1}
  SARows_6: {'S6': 3, 'C6': 1, 'Z6': 1}
  SARows_7: {'S7': 3, 'C7': 1, 'Z7': 1}
  SARows_8: {'S8': 3, 'C8': 1, 'Z8': 1}
  SARows_9: {'S9': 3, 'C9': 1, 'Z9': 1}
  SARows_10: {'S10': 3, 'C10': 1, 'Z10': 1}
  SARows_11: {'S11': 3, 'C11': 1, 'Z11': 1}
  SARows_12: {'S12': 3, 'C12': 1, 'Z12': 1}
  SARows_13: {'S13': 3, 'C13': 1, 'Z13': 1}
  SARows_14: {'S14': 3, 'C14': 1, 'Z14': 1}
  SARows_15: {'S15': 3, 'C15': 1, 'Z15': 1}
  SARows_16: {'S16': 3, 'C16': 1, 'Z16': 1}
Creating architecture: Eyeriss_Constrained_17L_tile7_128x4 with coupling: dims: C0Y0X0R0S0Z0C1R1S1Y1X1Z1C2R2S2Y2X2Z2C3R3S3Y3X3Z3C4R4S4Y4X4Z4C5R5S5Y5X5Z5C6R6S6Y6X6Z6C7R7S7Y7X7Z7C8R8S8Y8X8Z8C9R9S9Y9X9Z9C10R10S10Y10X10Z10C11R11S11Y11X11Z11C12R12S12Y12X12Z12C13R13S13Y13X13Z13C14R14S14Y14X14Z14C15R15S15Y15X15Z15C16R16S16PQZ16, in_coupling: [C0][Y0+R0][X0+S0], w_coupling: W0: [Z0][C0][R0][S0],W1: [Z1][C1][R1][S1],W2: [Z2][C2][R2][S2],W3: [Z3][C3][R3][S3],W4: [Z4][C4][R4][S4],W5: [Z5][C5][R5][S5],W6: [Z6][C6][R6][S6],W7: [Z7][C7][R7][S7],W8: [Z8][C8][R8][S8],W9: [Z9][C9][R9][S9],W10: [Z10][C10][R10][S10],W11: [Z11][C11][R11][S11],W12: [Z12][C12][R12][S12],W13: [Z13][C13][R13][S13],W14: [Z14][C14][R14][S14],W15: [Z15][C15][R15][S15],W16: [Z16][C16][R16][S16],, out_coupling: [Z16][P][Q]
final_layer_dims: {'S16', 'Q', 'R0', 'R16', 'S0', 'P', 'Y0', 'X0', 'C16', 'C0', 'Z16'}, coupling.dims: ['C0', 'Y0', 'X0', 'R0', 'S0', 'Z0', 'C1', 'R1', 'S1', 'Y1', 'X1', 'Z1', 'C2', 'R2', 'S2', 'Y2', 'X2', 'Z2', 'C3', 'R3', 'S3', 'Y3', 'X3', 'Z3', 'C4', 'R4', 'S4', 'Y4', 'X4', 'Z4', 'C5', 'R5', 'S5', 'Y5', 'X5', 'Z5', 'C6', 'R6', 'S6', 'Y6', 'X6', 'Z6', 'C7', 'R7', 'S7', 'Y7', 'X7', 'Z7', 'C8', 'R8', 'S8', 'Y8', 'X8', 'Z8', 'C9', 'R9', 'S9', 'Y9', 'X9', 'Z9', 'C10', 'R10', 'S10', 'Y10', 'X10', 'Z10', 'C11', 'R11', 'S11', 'Y11', 'X11', 'Z11', 'C12', 'R12', 'S12', 'Y12', 'X12', 'Z12', 'C13', 'R13', 'S13', 'Y13', 'X13', 'Z13', 'C14', 'R14', 'S14', 'Y14', 'X14', 'Z14', 'C15', 'R15', 'S15', 'Y15', 'X15', 'Z15', 'C16', 'R16', 'S16', 'P', 'Q', 'Z16']
------ loading Accelergy for Eyeriss ------
[Constrained Eyeriss] 17 layers, tile_size=7
  DRAM: {'Q': 1, 'P': 7, 'X0': 16, 'Y0': 112, 'Z0': 1, 'C0': 1, 'R0': 1, 'S0': 1, 'X1': 8, 'Y1': 56, 'Z1': 1, 'C1': 1, 'R1': 1, 'S1': 1, 'X2': 8, 'Y2': 56, 'Z2': 1, 'C2': 1, 'R2': 1, 'S2': 1, 'X3': 8, 'Y3': 56, 'Z3': 1, 'C3': 1, 'R3': 1, 'S3': 1, 'X4': 8, 'Y4': 56, 'Z4': 1, 'C4': 1, 'R4': 1, 'S4': 1, 'X5': 8, 'Y5': 56, 'Z5': 1, 'C5': 1, 'R5': 1, 'S5': 1, 'X6': 4, 'Y6': 28, 'Z6': 1, 'C6': 1, 'R6': 1, 'S6': 1, 'X7': 4, 'Y7': 28, 'Z7': 1, 'C7': 1, 'R7': 1, 'S7': 1, 'X8': 4, 'Y8': 28, 'Z8': 1, 'C8': 1, 'R8': 1, 'S8': 1, 'X9': 4, 'Y9': 28, 'Z9': 1, 'C9': 1, 'R9': 1, 'S9': 1, 'X10': 2, 'Y10': 14, 'Z10': 1, 'C10': 1, 'R10': 1, 'S10': 1, 'X11': 2, 'Y11': 14, 'Z11': 1, 'C11': 1, 'R11': 1, 'S11': 1, 'X12': 2, 'Y12': 14, 'Z12': 1, 'C12': 1, 'R12': 1, 'S12': 1, 'X13': 2, 'Y13': 14, 'Z13': 1, 'C13': 1, 'R13': 1, 'S13': 1, 'X14': 1, 'Y14': 7, 'Z14': 1, 'C14': 1, 'R14': 1, 'S14': 1, 'X15': 1, 'Y15': 7, 'Z15': 1, 'C15': 1, 'R15': 1, 'S15': 1, 'Z16': 1, 'C16': 1, 'R16': 1, 'S16': 1}
  GlobalBuffer: {'Q': 1, 'P': 1, 'X0': 1, 'Y0': 1, 'Z0': 1, 'C0': 1, 'R0': 1, 'S0': 1, 'X1': 1, 'Y1': 1, 'Z1': 1, 'C1': 1, 'R1': 1, 'S1': 1, 'X2': 1, 'Y2': 1, 'Z2': 1, 'C2': 1, 'R2': 1, 'S2': 1, 'X3': 1, 'Y3': 1, 'Z3': 1, 'C3': 1, 'R3': 1, 'S3': 1, 'X4': 1, 'Y4': 1, 'Z4': 1, 'C4': 1, 'R4': 1, 'S4': 1, 'X5': 1, 'Y5': 1, 'Z5': 1, 'C5': 1, 'R5': 1, 'S5': 1, 'X6': 1, 'Y6': 1, 'Z6': 1, 'C6': 1, 'R6': 1, 'S6': 1, 'X7': 1, 'Y7': 1, 'Z7': 1, 'C7': 1, 'R7': 1, 'S7': 1, 'X8': 1, 'Y8': 1, 'Z8': 1, 'C8': 1, 'R8': 1, 'S8': 1, 'X9': 1, 'Y9': 1, 'Z9': 1, 'C9': 1, 'R9': 1, 'S9': 1, 'X10': 1, 'Y10': 1, 'Z10': 1, 'C10': 1, 'R10': 1, 'S10': 1, 'X11': 1, 'Y11': 1, 'Z11': 1, 'C11': 1, 'R11': 1, 'S11': 1, 'X12': 1, 'Y12': 1, 'Z12': 1, 'C12': 1, 'R12': 1, 'S12': 1, 'X13': 1, 'Y13': 1, 'Z13': 1, 'C13': 1, 'R13': 1, 'S13': 1, 'X14': 1, 'Y14': 1, 'Z14': 1, 'C14': 1, 'R14': 1, 'S14': 1, 'X15': 1, 'Y15': 1, 'Z15': 1, 'C15': 1, 'R15': 1, 'S15': 1, 'Z16': 1, 'C16': 1, 'R16': 1, 'S16': 1}
  SACols: {'Q': 7, 'Z16': 32}
  SARows_0: {'S0': 4, 'C0': 1, 'Z0': 1}
  SARows_1: {'S1': 3, 'C1': 1, 'Z1': 1}
  SARows_2: {'S2': 3, 'C2': 1, 'Z2': 1}
  SARows_3: {'S3': 3, 'C3': 1, 'Z3': 1}
  SARows_4: {'S4': 3, 'C4': 1, 'Z4': 1}
  SARows_5: {'S5': 3, 'C5': 1, 'Z5': 1}
  SARows_6: {'S6': 3, 'C6': 1, 'Z6': 1}
  SARows_7: {'S7': 3, 'C7': 1, 'Z7': 1}
  SARows_8: {'S8': 3, 'C8': 1, 'Z8': 1}
  SARows_9: {'S9': 3, 'C9': 1, 'Z9': 1}
  SARows_10: {'S10': 3, 'C10': 1, 'Z10': 1}
  SARows_11: {'S11': 3, 'C11': 1, 'Z11': 1}
  SARows_12: {'S12': 3, 'C12': 1, 'Z12': 1}
  SARows_13: {'S13': 3, 'C13': 1, 'Z13': 1}
  SARows_14: {'S14': 3, 'C14': 1, 'Z14': 1}
  SARows_15: {'S15': 3, 'C15': 1, 'Z15': 1}
  SARows_16: {'S16': 3, 'C16': 1, 'Z16': 1}
Creating architecture: Eyeriss_Constrained_17L_tile7_256x4 with coupling: dims: C0Y0X0R0S0Z0C1R1S1Y1X1Z1C2R2S2Y2X2Z2C3R3S3Y3X3Z3C4R4S4Y4X4Z4C5R5S5Y5X5Z5C6R6S6Y6X6Z6C7R7S7Y7X7Z7C8R8S8Y8X8Z8C9R9S9Y9X9Z9C10R10S10Y10X10Z10C11R11S11Y11X11Z11C12R12S12Y12X12Z12C13R13S13Y13X13Z13C14R14S14Y14X14Z14C15R15S15Y15X15Z15C16R16S16PQZ16, in_coupling: [C0][Y0+R0][X0+S0], w_coupling: W0: [Z0][C0][R0][S0],W1: [Z1][C1][R1][S1],W2: [Z2][C2][R2][S2],W3: [Z3][C3][R3][S3],W4: [Z4][C4][R4][S4],W5: [Z5][C5][R5][S5],W6: [Z6][C6][R6][S6],W7: [Z7][C7][R7][S7],W8: [Z8][C8][R8][S8],W9: [Z9][C9][R9][S9],W10: [Z10][C10][R10][S10],W11: [Z11][C11][R11][S11],W12: [Z12][C12][R12][S12],W13: [Z13][C13][R13][S13],W14: [Z14][C14][R14][S14],W15: [Z15][C15][R15][S15],W16: [Z16][C16][R16][S16],, out_coupling: [Z16][P][Q]
final_layer_dims: {'S16', 'Q', 'R0', 'R16', 'S0', 'P', 'Y0', 'X0', 'C16', 'C0', 'Z16'}, coupling.dims: ['C0', 'Y0', 'X0', 'R0', 'S0', 'Z0', 'C1', 'R1', 'S1', 'Y1', 'X1', 'Z1', 'C2', 'R2', 'S2', 'Y2', 'X2', 'Z2', 'C3', 'R3', 'S3', 'Y3', 'X3', 'Z3', 'C4', 'R4', 'S4', 'Y4', 'X4', 'Z4', 'C5', 'R5', 'S5', 'Y5', 'X5', 'Z5', 'C6', 'R6', 'S6', 'Y6', 'X6', 'Z6', 'C7', 'R7', 'S7', 'Y7', 'X7', 'Z7', 'C8', 'R8', 'S8', 'Y8', 'X8', 'Z8', 'C9', 'R9', 'S9', 'Y9', 'X9', 'Z9', 'C10', '