Creating architecture: Gemmini with coupling: dims: MKN, in_coupling: [K][N], w_coupling: W0: [M][K],, out_coupling: [M][N]
Creating architecture: Gemmini (conv) with coupling: dims: NMPQCRS, in_coupling: [N][C][Pstride*P+Rdilation*R][Qstride*Q+Sdilation*S], w_coupling: W0: [M][C][R][S],, out_coupling: [N][M][P][Q]
Creating architecture: Eyeriss with coupling: dims: MKN, in_coupling: [K][N], w_coupling: W0: [M][K],, out_coupling: [M][N]
Creating architecture: Eyeriss (conv) with coupling: dims: NMPQCRS, in_coupling: [N][C][Pstride*P+Rdilation*R][Qstride*Q+Sdilation*S], w_coupling: W0: [M][C][R][S],, out_coupling: [N][M][P][Q]
Creating architecture: Simba with coupling: dims: MKN, in_coupling: [K][N], w_coupling: W0: [M][K],, out_coupling: [M][N]
Creating architecture: Simba (conv) with coupling: dims: NMPQCRS, in_coupling: [N][C][Pstride*P+Rdilation*R][Qstride*Q+Sdilation*S], w_coupling: W0: [M][C][R][S],, out_coupling: [N][M][P][Q]
Creating architecture: TPUv1 with coupling: dims: MKN, in_coupling: [K][N], w_coupling: W0: [M][K],, out_coupling: [M][N]
Creating architecture: TPUv1 (conv) with coupling: dims: NMPQCRS, in_coupling: [N][C][Pstride*P+Rdilation*R][Qstride*Q+Sdilation*S], w_coupling: W0: [M][C][R][S],, out_coupling: [N][M][P][Q]

====================================================================================================
FIXED-CONFIG FUSION COMPARISON: RESNET18 -- FULL FUSION vs Sum PARTIAL FUSION
====================================================================================================
Architecture: Eyeriss, PE=256x16 (4,096 total)
  GB=128KB, WReg=3600, InReg=400, IntReg=350, OutReg=64
  Tile size override: 1
  ⚡ DRAM energy override: 160.0 pJ/byte (default: 32 pJ/byte)
  ALL experiments use IDENTICAL architecture (fair comparison)
====================================================================================================

  Per-block tile sizes (from full fusion stride propagation):
    s1b1: tile=8
    s1b2: tile=8
    s2b1: tile=4
    s2b2: tile=4
    s3b1: tile=2
    s3b2: tile=2
    s4b1: tile=1
    s4b2: tile=1
--- FULL FUSION: resnet18/full/17layer ---
------ loading Accelergy for Eyeriss ------
------ loading Accelergy ------
ACCELERGY PLUG-INS: ['Library', 'dummy', 'ADC Plug-In', 'DEPRECATED table-based-plug-ins. Use the Library plug-in instead.', 'Neurosim Plug-In', 'Aladdin_table', 'CactiCache', 'CactiDRAM', 'CactiSRAM']
[Constrained Eyeriss] 17 layers, tile_size=1
  DRAM: {'Q': 7, 'P': 7, 'X0': 112, 'Y0': 112, 'Z0': 1, 'C0': 1, 'R0': 1, 'S0': 1, 'X1': 56, 'Y1': 56, 'Z1': 1, 'C1': 1, 'R1': 1, 'S1': 1, 'X2': 56, 'Y2': 56, 'Z2': 1, 'C2': 1, 'R2': 1, 'S2': 1, 'X3': 56, 'Y3': 56, 'Z3': 1, 'C3': 1, 'R3': 1, 'S3': 1, 'X4': 56, 'Y4': 56, 'Z4': 1, 'C4': 1, 'R4': 1, 'S4': 1, 'X5': 56, 'Y5': 56, 'Z5': 1, 'C5': 1, 'R5': 1, 'S5': 1, 'X6': 28, 'Y6': 28, 'Z6': 1, 'C6': 1, 'R6': 1, 'S6': 1, 'X7': 28, 'Y7': 28, 'Z7': 1, 'C7': 1, 'R7': 1, 'S7': 1, 'X8': 28, 'Y8': 28, 'Z8': 1, 'C8': 1, 'R8': 1, 'S8': 1, 'X9': 28, 'Y9': 28, 'Z9': 1, 'C9': 1, 'R9': 1, 'S9': 1, 'X10': 14, 'Y10': 14, 'Z10': 1, 'C10': 1, 'R10': 1, 'S10': 1, 'X11': 14, 'Y11': 14, 'Z11': 1, 'C11': 1, 'R11': 1, 'S11': 1, 'X12': 14, 'Y12': 14, 'Z12': 1, 'C12': 1, 'R12': 1, 'S12': 1, 'X13': 14, 'Y13': 14, 'Z13': 1, 'C13': 1, 'R13': 1, 'S13': 1, 'X14': 7, 'Y14': 7, 'Z14': 1, 'C14': 1, 'R14': 1, 'S14': 1, 'X15': 7, 'Y15': 7, 'Z15': 1, 'C15': 1, 'R15': 1, 'S15': 1, 'Z16': 1, 'C16': 1, 'R16': 1, 'S16': 1}
  GlobalBuffer: {'Q': 1, 'P': 1, 'X0': 1, 'Y0': 1, 'Z0': 1, 'C0': 1, 'R0': 1, 'S0': 1, 'X1': 1, 'Y1': 1, 'Z1': 1, 'C1': 1, 'R1': 1, 'S1': 1, 'X2': 1, 'Y2': 1, 'Z2': 1, 'C2': 1, 'R2': 1, 'S2': 1, 'X3': 1, 'Y3': 1, 'Z3': 1, 'C3': 1, 'R3': 1, 'S3': 1, 'X4': 1, 'Y4': 1, 'Z4': 1, 'C4': 1, 'R4': 1, 'S4': 1, 'X5': 1, 'Y5': 1, 'Z5': 1, 'C5': 1, 'R5': 1, 'S5': 1, 'X6': 1, 'Y6': 1, 'Z6': 1, 'C6': 1, 'R6': 1, 'S6': 1, 'X7': 1, 'Y7': 1, 'Z7': 1, 'C7': 1, 'R7': 1, 'S7': 1, 'X8': 1, 'Y8': 1, 'Z8': 1, 'C8': 1, 'R8': 1, 'S8': 1, 'X9': 1, 'Y9': 1, 'Z9': 1, 'C9': 1, 'R9': 1, 'S9': 1, 'X10': 1, 'Y10': 1, 'Z10': 1, 'C10': 1, 'R10': 1, 'S10': 1, 'X11': 1, 'Y11': 1, 'Z11': 1, 'C11': 1, 'R11': 1, 'S11': 1, 'X12': 1, 'Y12': 1, 'Z12': 1, 'C12': 1, 'R12': 1, 'S12': 1, 'X13': 1, 'Y13': 1, 'Z13': 1, 'C13': 1, 'R13': 1, 'S13': 1, 'X14': 1, 'Y14': 1, 'Z14': 1, 'C14': 1, 'R14': 1, 'S14': 1, 'X15': 1, 'Y15': 1, 'Z15': 1, 'C15': 1, 'R15': 1, 'S15': 1, 'Z16': 1, 'C16': 1, 'R16': 1, 'S16': 1}
  SACols: {'Q': 1, 'Z16': 16}
  SARows_0: {'S0': 7, 'C0': 3, 'Z0': 4}
  SARows_1: {'S1': 3, 'C1': 64, 'Z1': 1}
  SARows_2: {'S2': 3, 'C2': 64, 'Z2': 1}
  SARows_3: {'S3': 3, 'C3': 64, 'Z3': 1}
  SARows_4: {'S4': 3, 'C4': 64, 'Z4': 1}
  SARows_5: {'S5': 3, 'C5': 64, 'Z5': 1}
  SARows_6: {'S6': 3, 'C6': 64, 'Z6': 1}
  SARows_7: {'S7': 3, 'C7': 64, 'Z7': 1}
  SARows_8: {'S8': 3, 'C8': 64, 'Z8': 1}
  SARows_9: {'S9': 3, 'C9': 64, 'Z9': 1}
  SARows_10: {'S10': 3, 'C10': 64, 'Z10': 1}
  SARows_11: {'S11': 3, 'C11': 64, 'Z11': 1}
  SARows_12: {'S12': 3, 'C12': 64, 'Z12': 1}
  SARows_13: {'S13': 3, 'C13': 64, 'Z13': 1}
  SARows_14: {'S14': 3, 'C14': 64, 'Z14': 1}
  SARows_15: {'S15': 3, 'C15': 64, 'Z15': 1}
  SARows_16: {'S16': 3, 'C16': 64, 'Z16': 1}
Creating architecture: Eyeriss_Constrained_17L_tile1_16x256 with coupling: dims: C0Y0X0R0S0Z0C1R1S1Y1X1Z1C2R2S2Y2X2Z2C3R3S3Y3X3Z3C4R4S4Y4X4Z4C5R5S5Y5X5Z5C6R6S6Y6X6Z6C7R7S7Y7X7Z7C8R8S8Y8X8Z8C9R9S9Y9X9Z9C10R10S10Y10X10Z10C11R11S11Y11X11Z11C12R12S12Y12X12Z12C13R13S13Y13X13Z13C14R14S14Y14X14Z14C15R15S15Y15X15Z15C16R16S16PQZ16, in_coupling: [C0][Y0+R0][X0+S0], w_coupling: W0: [Z0][C0][R0][S0],W1: [Z1][C1][R1][S1],W2: [Z2][C2][R2][S2],W3: [Z3][C3][R3][S3],W4: [Z4][C4][R4][S4],W5: [Z5][C5][R5][S5],W6: [Z6][C6][R6][S6],W7: [Z7][C7][R7][S7],W8: [Z8][C8][R8][S8],W9: [Z9][C9][R9][S9],W10: [Z10][C10][R10][S10],W11: [Z11][C11][R11][S11],W12: [Z12][C12][R12][S12],W13: [Z13][C13][R13][S13],W14: [Z14][C14][R14][S14],W15: [Z15][C15][R15][S15],W16: [Z16][C16][R16][S16],, out_coupling: [Z16][P][Q]
final_layer_dims: {'S0', 'S16', 'Y0', 'R0', 'P', 'Z16', 'C16', 'R16', 'Q', 'C0', 'X0'}, coupling.dims: ['C0', 'Y0', 'X0', 'R0', 'S0', 'Z0', 'C1', 'R1', 'S1', 'Y1', 'X1', 'Z1', 'C2', 'R2', 'S2', 'Y2', 'X2', 'Z2', 'C3', 'R3', 'S3', 'Y3', 'X3', 'Z3', 'C4', 'R4', 'S4', 'Y4', 'X4', 'Z4', 'C5', 'R5', 'S5', 'Y5', 'X5', 'Z5', 'C6', 'R6', 'S6', 'Y6', 'X6', 'Z6', 'C7', 'R7', 'S7', 'Y7', 'X7', 'Z7', 'C8', 'R8', 'S8', 'Y8', 'X8', 'Z8', 'C9', 'R9', 'S9', 'Y9', 'X9', 'Z9', 'C10', 'R10', 'S10', 'Y10', 'X10', 'Z10', 'C11', 'R11', 'S11', 'Y11', 'X11', 'Z11', 'C12', 'R12', 'S12', 'Y12', 'X12', 'Z12', 'C13', 'R13', 'S13', 'Y13', 'X13', 'Z13', 'C14', 'R14', 'S14', 'Y14', 'X14', 'Z14', 'C15', 'R15', 'S15', 'Y15', 'X15', 'Z15', 'C16', 'R16', 'S16', 'P', 'Q', 'Z16']
INFO: Arch: Eyeriss_Constrained_17L_tile1_16x256: identified intermediate dimensions: {'C12', 'Y1', 'Y4', 'Y14', 'S3', 'C10', 'C7', 'R7', 'S11', 'Z12', 'Z13', 'R12', 'Z15', 'S1', 'X13', 'Y11', 'Z5', 'S6', 'S5', 'Z4', 'C6', 'C11', 'C15', 'X10', 'S9', 'X15', 'Z3', 'R14', 'X7', 'X11', 'X9', 'X5', 'X2', 'X6', 'S4', 'Z7', 'R13', 'S8', 'Y6', 'C14', 'Y10', 'X1', 'S10', 'Z14', 'Z9', 'R3', 'Z1', 'X14', 'C8', 'X8', 'C1', 'S12', 'Z11', 'Y12', 'R4', 'Y3', 'R5', 'R15', 'R11', 'Y5', 'S15', 'S7', 'Z10', 'R1', 'R10', 'R9', 'C9', 'Z6', 'Y13', 'Z0', 'S13', 'S14', 'X3', 'Z2', 'R6', 'C4', 'Y2', 'X12', 'Y7', 'S2', 'Y9', 'X4', 'R2', 'Y15', 'C2', 'R8', 'C5', 'Z8', 'C13', 'Y8', 'C3'}
INFO: Added high constraint for intermediate dimension P in level InRegister
INFO: Added high constraint for intermediate dimension R1 in level InRegister
INFO: Added high constraint for intermediate dimension P in level WRegister
INFO: Added high constraint for intermediate dimension R1 in level WRegister
INFO: Added high constraint for intermediate dimension P in level IntermediateRegister
INFO: Added high constraint for intermediate dimension R1 in level IntermediateRegister
INFO: Added high constraint for intermediate dimension P in level OutRegister
INFO: Added high constraint for intermediate dimension R1 in level OutRegister
WARNING: Arch: Eyeriss_Constrained_17L_tile1_16x256 -> Level: IntermediateRegister: updating constraint (Z0: 16) to (Z0: 1) to fit the computation.
WARNING: Arch: Eyeriss_Constrained_17L_tile1_16x256 -> Level: IntermediateRegister: updating constraint (Z1: 64) to (Z1: 4) to fit the computation.
WARNING: Arch: Eyeriss_Constrained_17L_tile1_16x256 -> Level: IntermediateRegister: updating constraint (Z2: 64) to (Z2: 4) to fit the computation.
WARNING: Arch: Eyeriss_Constrained_17L_tile1_16x256 -> Level: IntermediateRegister: updating constraint (Z3: 64) to (Z3: 4) to fit the computation.
WARNING: Arch: Eyeriss_Constrained_17L_tile1_16x256 -> Level: IntermediateRegister: updating constraint (Z4: 64) to (Z4: 4) to fit the computation.
WARNING: Arch: Eyeriss_Constrained_17L_tile1_16x256 -> Level: IntermediateRegister: updating constraint (Z5: 128) to (Z5: 8) to fit the computation.
WARNING: Arch: Eyeriss_Constrained_17L_tile1_16x256 -> Level: IntermediateRegister: updating constraint (Z6: 128) to (Z6: 8) to fit the computation.
WARNING: Arch: Eyeriss_Constrained_17L_tile1_16x256 -> Level: IntermediateRegister: updating constraint (Z7: 128) to (Z7: 8) to fit the computation.
WARNING: Arch: Eyeriss_Constrained_17L_tile1_16x256 -> Level: IntermediateRegister: updating constraint (Z8: 128) to (Z8: 8) to fit the computation.
WARNING: Arch: Eyeriss_Constrained_17L_tile1_16x256 -> Level: IntermediateRegister: updating constraint (Z9: 256) to (Z9: 16) to fit the computation.
WARNING: Arch: Eyeriss_Constrained_17L_tile1_16x256 -> Level: IntermediateRegister: updating constraint (Z10: 256) to (Z10: 16) to fit the computation.
WARNING: Arch: Eyeriss_Constrained_17L_tile1_16x256 -> Level: IntermediateRegister: updating constraint (Z11: 256) to (Z11: 16) to fit the computation.
WARNING: Arch: Eyeriss_Constrained_17L_tile1_16x256 -> Level: IntermediateRegister: updating constraint (Z12: 256) to (Z12: 16) to fit the computation.
WARNING: Arch: Eyeriss_Constrained_17L_tile1_16x256 -> Level: IntermediateRegister: updating constraint (Z13: 512) to (Z13: 32) to fit the computation.
WARNING: Arch: Eyeriss_Constrained_17L_tile1_16x256 -> Level: IntermediateRegister: updating constraint (Z14: 512) to (Z14: 32) to fit the computation.
WARNING: Arch: Eyeriss_Constrained_17L_tile1_16x256 -> Level: IntermediateRegister: updating constraint (Z15: 512) to (Z15: 32) to fit the computation.
WARNING: Arch: Eyeriss_Constrained_17L_tile1_16x256 -> Level: OutRegister: updating constraint (Z16: 512) to (Z16: 32) to fit the computation.
  OK Energy: 5.197e+04 uJ, Latency: 3.059e+06 cc, EDP: 1.60e+05

--- BASELINE: PARTIAL FUSION (2layer) ---
------ loading Accelergy for Eyeriss ------
[Constrained Eyeriss] 2 layers, tile_size=8
  DRAM: {'Q': 7, 'P': 56, 'X0': 14, 'Y0': 112, 'Z0': 1, 'C0': 1, 'R0': 1, 'S0': 1, 'Z1': 1, 'C1': 1, 'R1': 1, 'S1': 1}
  GlobalBuffer: {'Q': 8, 'P': 1, 'X0': 8, 'Y0': 1, 'Z0': 1, 'C0': 1, 'R0': 1, 'S0': 1, 'Z1': 1, 'C1': 1, 'R1': 1, 'S1': 1}
  SACols: {'Q': 1, 'Z1': 16}
  SARows_0: {'S0': 7, 'C0': 3, 'Z0': 4}
  SARows_1: {'S1': 3, 'C1': 64, 'Z1': 1}
Creating architecture: Eyeriss_Constrained_2L_tile8_16x256 with coupling: dims: C0Y0X0R0S0Z0C1R1S1Z1PQ, in_coupling: [C0][Y0+R0][X0+S0], w_coupling: W0: [Z0][C0][R0][S0],W1: [Z1][C1][R1][S1],, out_coupling: [Z1][P][Q]
final_layer_dims: {'S0', 'Z1', 'Q', 'Y0', 'R0', 'P', 'S1', 'C1', 'C0', 'R1', 'X0'}, coupling.dims: ['C0', 'Y0', 'X0', 'R0', 'S0', 'Z0', 'C1', 'R1', 'S1', 'Z1', 'P', 'Q']
INFO: Arch: Eyeriss_Constrained_2L_tile8_16x256: identified intermediate dimensions: {'Z0'}
INFO: Added high constraint for intermediate dimension P in level InRegister
INFO: Added high constraint for intermediate dimension R1 in level InRegister
INFO: Added high constraint for intermediate dimension P in level WRegister
INFO: Added high constraint for intermediate dimension R1 in level WRegister
INFO: Added high constraint for intermediate dimension P in level IntermediateRegister
INFO: Added high constraint for intermediate dimension R1 in level IntermediateRegister
INFO: Added high constraint for intermediate dimension P in level OutRegister
INFO: Added high constraint for intermediate dimension R1 in level OutRegister
WARNING: Arch: Eyeriss_Constrained_2L_tile8_16x256 -> Level: IntermediateRegister: updating constraint (Z0: 16) to (Z0: 1) to fit the computation.
WARNING: Arch: Eyeriss_Constrained_2L_tile8_16x256 -> Level: OutRegister: updating constraint (Z1: 64) to (Z1: 4) to fit the computation.
  OK s1b1 (2L, tile=8): E=5.142e+03 uJ, L=1.380e+05 cc, EDP=7.12e+02
------ loading Accelergy for Eyeriss ------
[Constrained Eyeriss] 3 layers, tile_size=8
  DRAM: {'Q': 7, 'P': 56, 'X0': 7, 'Y0': 56, 'Z0': 1, 'C0': 1, 'R0': 1, 'S0': 1, 'X1': 7, 'Y1': 56, 'Z1': 1, 'C1': 1, 'R1': 1, 'S1': 1, 'Z2': 1, 'C2': 1, 'R2': 1, 'S2': 1}
  GlobalBuffer: {'Q': 8, 'P': 1, 'X0': 8, 'Y0': 1, 'Z0': 1, 'C0': 1, 'R0': 1, 'S0': 1, 'X1': 8, 'Y1': 1, 'Z1': 1, 'C1': 1, 'R1': 1, 'S1': 1, 'Z2': 1, 'C2': 1, 'R2': 1, 'S2': 1}
  SACols: {'Q': 1, 'Z2': 16}
  SARows_0: {'S0': 3, 'C0': 64, 'Z0': 1}
  SARows_1: {'S1': 3, 'C1': 64, 'Z1': 1}
  SARows_2: {'S2': 3, 'C2': 64, 'Z2': 1}
Creating architecture: Eyeriss_Constrained_3L_tile8_16x256 with coupling: dims: C0Y0X0R0S0Z0C1R1S1Y1X1Z1C2R2S2PQZ2, in_coupling: [C0][Y0+R0][X0+S0], w_coupling: W0: [Z0][C0][R0][S0],W1: [Z1][C1][R1][S1],W2: [Z2][C2][R2][S2],, out_coupling: [Z2][P][Q]
final_layer_dims: {'S0', 'S2', 'Y0', 'R0', 'R2', 'P', 'C2', 'C0', 'Q', 'Z2', 'X0'}, coupling.dims: ['C0', 'Y0', 'X0', 'R0', 'S0', 'Z0', 'C1', 'R1', 'S1', 'Y1', 'X1', 'Z1', 'C2', 'R2', 'S2', 'P', 'Q', 'Z2']
INFO: Arch: Eyeriss_Constrained_3L_tile8_16x256: identified intermediate dimensions: {'Y1', 'Z1', 'X1', 'S1', 'Z0', 'C1', 'R1'}
INFO: Added high constraint for intermediate dimension P in level InRegister
INFO: Added high constraint for intermediate dimension R1 in level InRegister
INFO: Added high constraint for intermediate dimension P in level WRegister
INFO: Added high constraint for intermediate dimension R1 in level WRegister
INFO: Added high constraint for intermediate dimension P in level IntermediateRegister
INFO: Added high constraint for intermediate dimension R1 in level IntermediateRegister
INFO: Added high constraint for intermediate dimension P in level OutRegister
INFO: Added high constraint for intermediate dimension R1 in level OutRegister
WARNING: Arch: Eyeriss_Constrained_3L_tile8_16x256 -> Level: IntermediateRegister: updating constraint (Z0: 64) to (Z0: 4) to fit the computation.
WARNING: Arch: Eyeriss_Constrained_3L_tile8_16x256 -> Level: IntermediateRegister: updating constraint (Z1: 64) to (Z1: 4) to fit the computation.
WARNING: Arch: Eyeriss_Constrained_3L_tile8_16x256 -> Level: OutRegister: updating constraint (Z2: 64) to (Z2: 4) to fit the computation.
  OK s1b2 (3L, tile=8): E=7.609e+03 uJ, L=1.597e+05 cc, EDP=1.22e+03
------ loading Accelergy for Eyeriss ------
[Constrained Eyeriss] 2 layers, tile_size=4
  DRAM: {'Q': 7, 'P': 28, 'X0': 14, 'Y0': 56, 'Z0': 1, 'C0': 1, 'R0': 1, 'S0': 1, 'Z1': 1, 'C1': 1, 'R1': 1, 'S1': 1}
  GlobalBuffer: {'Q': 4, 'P': 1, 'X0': 4, 'Y0': 1, 'Z0': 1, 'C0': 1, 'R0': 1, 'S0': 1, 'Z1': 1, 'C1': 1, 'R1': 1, 'S1': 1}
  SACols: {'Q': 1, 'Z1': 16}
  SARows_0: {'S0': 3, 'C0': 64, 'Z0': 1}
  SARows_1: {'S1': 3, 'C1': 64, 'Z1': 1}
Creating architecture: Eyeriss_Constrained_2L_tile4_16x256 with coupling: dims: C0Y0X0R0S0Z0C1R1S1Z1PQ, in_coupling: [C0][Y0+R0][X0+S0], w_coupling: W0: [Z0][C0][R0][S0],W1: [Z1][C1][R1][S1],, out_coupling: [Z1][P][Q]
final_layer_dims: {'S0', 'Z1', 'Q', 'Y0', 'R0', 'P', 'S1', 'C1', 'C0', 'R1', 'X0'}, coupling.dims: ['C0', 'Y0', 'X0', 'R0', 'S0', 'Z0', 'C1', 'R1', 'S1', 'Z1', 'P', 'Q']
INFO: Arch: Eyeriss_Constrained_2L_tile4_16x256: identified intermediate dimensions: {'Z0'}
INFO: Added high constraint for intermediate dimension P in level InRegister
INFO: Added high constraint for intermediate dimension R1 in level InRegister
INFO: Added high constraint for intermediate dimension P in level WRegister
INFO: Added high constraint for intermediate dimension R1 in level WRegister
INFO: Added high constraint for intermediate dimension P in level IntermediateRegister
INFO: Added high constraint for intermediate dimension R1 in level IntermediateRegister
INFO: Added high constraint for intermediate dimension P in level OutRegister
INFO: Added high constraint for intermediate dimension R1 in level OutRegister
WARNING: Arch: Eyeriss_Constrained_2L_tile4_16x256 -> Level: IntermediateRegister: updating constraint (Z0: 128) to (Z0: 8) to fit the computation.
WARNING: Arch: Eyeriss_Constrained_2L_tile4_16x256 -> Level: OutRegister: updating constraint (Z1: 128) to (Z1: 8) to fit the computation.
  OK s2b1 (2L, tile=4): E=7.553e+03 uJ, L=1.129e+05 cc, EDP=8.54e+02
------ loading Accelergy for Eyeriss ------
[Constrained Eyeriss] 2 layers, tile_size=4
  DRAM: {'Q': 7, 'P': 28, 'X0': 7, 'Y0': 28, 'Z0': 1, 'C0': 1, 'R0': 1, 'S0': 1, 'Z1': 1, 'C1': 1, 'R1': 1, 'S1': 1}
  GlobalBuffer: {'Q': 4, 'P': 1, 'X0': 4, 'Y0': 1, 'Z0': 1, 'C0': 1, 'R0': 1, 'S0': 1, 'Z1': 1, 'C1': 1, 'R1': 1, 'S1': 1}
  SACols: {'Q': 1, 'Z1': 16}
  SARows_0: {'S0': 3, 'C0': 64, 'Z0': 1}
  SARows_1: {'S1': 3, 'C1': 64, 'Z1': 1}
Creating architecture: Eyeriss_Constrained_2L_tile4_16x256 with coupling: dims: C0Y0X0R0S0Z0C1R1S1Z1PQ, in_coupling: [C0][Y0+R0][X0+S0], w_coupling: W0: [Z0][C0][R0][S0],W1: [Z1][C1][R1][S1],, out_coupling: [Z1][P][Q]
final_layer_dims: {'S0', 'Z1', 'Q', 'Y0', 'R0', 'P', 'S1', 'C1', 'C0', 'R1', 'X0'}, coupling.dims: ['C0', 'Y0', 'X0', 'R0', 'S0', 'Z0', 'C1', 'R1', 'S1', 'Z1', 'P', 'Q']
INFO: Arch: Eyeriss_Constrained_2L_tile4_16x256: identified intermediate dimensions: {'Z0'}
INFO: Added high constraint for intermediate dimension P in level InRegister
INFO: Added high constraint for intermediate dimension R1 in level InRegister
INFO: Added high constraint for intermediate dimension P in level WRegister
INFO: Added high constraint for intermediate dimension R1 in level WRegister
INFO: Added high constraint for intermediate dimension P in level IntermediateRegister
INFO: Added high constraint for intermediate dimension R1 in level IntermediateRegister
INFO: Added high constraint for intermediate dimension P in level OutRegister
INFO: Added high constraint for intermediate dimension R1 in level OutRegister
WARNING: Arch: Eyeriss_Constrained_2L_tile4_16x256 -> Level: IntermediateRegister: updating constraint (Z0: 128) to (Z0: 8) to fit the computation.
WARNING: Arch: Eyeriss_Constrained_2L_tile4_16x256 -> Level: OutRegister: updating constraint (Z1: 128) to (Z1: 8) to fit the computation.
  OK s2b2 (2L, tile=4): E=4.906e+03 uJ, L=9.958e+04 cc, EDP=4.90e+02
------ loading Accelergy for Eyeriss ------
[Constrained Eyeriss] 2 layers, tile_size=2
  DRAM: {'Q': 7, 'P': 14, 'X0': 14, 'Y0': 28, 'Z0': 1, 'C0': 1, 'R0': 1, 'S0': 1, 'Z1': 1, 'C1': 1, 'R1': 1, 'S1': 1}
  GlobalBuffer: {'Q': 2, 'P': 1, 'X0': 2, 'Y0': 1, 'Z0': 1, 'C0': 1, 'R0': 1, 'S0': 1, 'Z1': 1, 'C1': 1, 'R1': 1, 'S1': 1}
  SACols: {'Q': 1, 'Z1': 16}
  SARows_0: {'S0': 3, 'C0': 64, 'Z0': 1}
  SARows_1: {'S1': 3, 'C1': 64, 'Z1': 1}
Creating architecture: Eyeriss_Constrained_2L_tile2_16x256 with coupling: dims: C0Y0X0R0S0Z0C1R1S1Z1PQ, in_coupling: [C0][Y0+R0][X0+S0], w_coupling: W0: [Z0][C0][R0][S0],W1: [Z1][C1][R1][S1],, out_coupling: [Z1][P][Q]
final_layer_dims: {'S0', 'Z1', 'Q', 'Y0', 'R0', 'P', 'S1', 'C1', 'C0', 'R1', 'X0'}, coupling.dims: ['C0', 'Y0', 'X0', 'R0', 'S0', 'Z0', 'C1', 'R1', 'S1', 'Z1', 'P', 'Q']
INFO: Arch: Eyeriss_Constrained_2L_tile2_16x256: identified intermediate dimensions: {'Z0'}
INFO: Added high constraint for intermediate dimension P in level InRegister
INFO: Added high constraint for intermediate dimension R1 in level InRegister
INFO: Added high constraint for intermediate dimension P in level WRegister
INFO: Added high constraint for intermediate dimension R1 in level WRegister
INFO: Added high constraint for intermediate dimension P in level IntermediateRegister
INFO: Added high constraint for intermediate dimension R1 in level IntermediateRegister
INFO: Added high constraint for intermediate dimension P in level OutRegister
INFO: Added high constraint for intermediate dimension R1 in level OutRegister
WARNING: Arch: Eyeriss_Constrained_2L_tile2_16x256 -> Level: IntermediateRegister: updating constraint (Z0: 256) to (Z0: 16) to fit the computation.
WARNING: Arch: Eyeriss_Constrained_2L_tile2_16x256 -> Level: OutRegister: updating constraint (Z1: 256) to (Z1: 16) to fit the computation.
  OK s3b1 (2L, tile=2): E=7.464e+03 uJ, L=2.463e+05 cc, EDP=1.84e+03
------ loading Accelergy for Eyeriss ------
[Constrained Eyeriss] 2 layers, tile_size=2
  DRAM: {'Q': 7, 'P': 14, 'X0': 7, 'Y0': 14, 'Z0': 1, 'C0': 1, 'R0': 1, 'S0': 1, 'Z1': 1, 'C1': 1, 'R1': 1, 'S1': 1}
  GlobalBuffer: {'Q': 2, 'P': 1, 'X0': 2, 'Y0': 1, 'Z0': 1, 'C0': 1, 'R0': 1, 'S0': 1, 'Z1': 1, 'C1': 1, 'R1': 1, 'S1': 1}
  SACols: {'Q': 1, 'Z1': 16}
  SARows_0: {'S0': 3, 'C0': 64, 'Z0': 1}
  SARows_1: {'S1': 3, 'C1': 64, 'Z1': 1}
Creating architecture: Eyeriss_Constrained_2L_tile2_16x256 with coupling: dims: C0Y0X0R0S0Z0C1R1S1Z1PQ, in_coupling: [C0][Y0+R0][X0+S0], w_coupling: W0: [Z0][C0][R0][S0],W1: [Z1][C1][R1][S1],, out_coupling: [Z1][P][Q]
final_layer_dims: {'S0', 'Z1', 'Q', 'Y0', 'R0', 'P', 'S1', 'C1', 'C0', 'R1', 'X0'}, coupling.dims: ['C0', 'Y0', 'X0', 'R0', 'S0', 'Z0', 'C1', 'R1', 'S1', 'Z1', 'P', 'Q']
INFO: Arch: Eyeriss_Constrained_2L_tile2_16x256: identified intermediate dimensions: {'Z0'}
INFO: Added high constraint for intermediate dimension P in level InRegister
INFO: Added high constraint for intermediate dimension R1 in level InRegister
INFO: Added high constraint for intermediate dimension P in level WRegister
INFO: Added high constraint for intermediate dimension R1 in level WRegister
INFO: Added high constraint for intermediate dimension P in level IntermediateRegister
INFO: Added high constraint for intermediate dimension R1 in level IntermediateRegister
INFO: Added high constraint for intermediate dimension P in level OutRegister
INFO: Added high constraint for intermediate dimension R1 in level OutRegister
WARNING: Arch: Eyeriss_Constrained_2L_tile2_16x256 -> Level: IntermediateRegister: updating constraint (Z0: 256) to (Z0: 16) to fit the computation.
WARNING: Arch: Eyeriss_Constrained_2L_tile2_16x256 -> Level: OutRegister: updating constraint (Z1: 256) to (Z1: 16) to fit the computation.
  OK s3b2 (2L, tile=2): E=4.979e+03 uJ, L=3.075e+05 cc, EDP=1.54e+03
------ loading Accelergy for Eyeriss ------
[Constrained Eyeriss] 2 layers, tile_size=1
  DRAM: {'Q': 7, 'P': 7, 'X0': 14, 'Y0': 14, 'Z0': 1, 'C0': 1, 'R0': 1, 'S0': 1, 'Z1': 1, 'C1': 1, 'R1': 1, 'S1': 1}
  GlobalBuffer: {'Q': 1, 'P': 1, 'X0': 1, 'Y0': 1, 'Z0': 1, 'C0': 1, 'R0': 1, 'S0': 1, 'Z1': 1, 'C1': 1, 'R1': 1, 'S1': 1}
  SACols: {'Q': 1, 'Z1': 16}
  SARows_0: {'S0': 3, 'C0': 64, 'Z0': 1}
  SARows_1: {'S1': 3, 'C1': 64, 'Z1': 1}
Creating architecture: Eyeriss_Constrained_2L_tile1_16x256 with coupling: dims: C0Y0X0R0S0Z0C1R1S1Z1PQ, in_coupling: [C0][Y0+R0][X0+S0], w_coupling: W0: [Z0][C0][R0][S0],W1: [Z1][C1][R1][S1],, out_coupling: [Z1][P][Q]
final_layer_dims: {'S0', 'Z1', 'Q', 'Y0', 'R0', 'P', 'S1', 'C1', 'C0', 'R1', 'X0'}, coupling.dims: ['C0', 'Y0', 'X0', 'R0', 'S0', 'Z0', 'C1', 'R1', 'S1', 'Z1', 'P', 'Q']
INFO: Arch: Eyeriss_Constrained_2L_tile1_16x256: identified intermediate dimensions: {'Z0'}
INFO: Added high constraint for intermediate dimension P in level InRegister
INFO: Added high constraint for intermediate dimension R1 in level InRegister
INFO: Added high constraint for intermediate dimension P in level WRegister
INFO: Added high constraint for intermediate dimension R1 in level WRegister
INFO: Added high constraint for intermediate dimension P in level IntermediateRegister
INFO: Added high constraint for intermediate dimension R1 in level IntermediateRegister
INFO: Added high constraint for intermediate dimension P in level OutRegister
INFO: Added high constraint for intermediate dimension R1 in level OutRegister
WARNING: Arch: Eyeriss_Constrained_2L_tile1_16x256 -> Level: IntermediateRegister: updating constraint (Z0: 512) to (Z0: 32) to fit the computation.
WARNING: Arch: Eyeriss_Constrained_2L_tile1_16x256 -> Level: OutRegister: updating constraint (Z1: 512) to (Z1: 32) to fit the computation.
  OK s4b1 (2L, tile=1): E=7.791e+03 uJ, L=8.973e+05 cc, EDP=7.05e+03
------ loading Accelergy for Eyeriss ------
[Constrained Eyeriss] 2 layers, tile_size=1
  DRAM: {'Q': 7, 'P': 7, 'X0': 7, 'Y0': 7, 'Z0': 1, 'C0': 1, 'R0': 1, 'S0': 1, 'Z1': 1, 'C1': 1, 'R1': 1, 'S1': 1}
  GlobalBuffer: {'Q': 1, 'P': 1, 'X0': 1, 'Y0': 1, 'Z0': 1, 'C0': 1, 'R0': 1, 'S0': 1, 'Z1': 1, 'C1': 1, 'R1': 1, 'S1': 1}
  SACols: {'Q': 1, 'Z1': 16}
  SARows_0: {'S0': 3, 'C0': 64, 'Z0': 1}
  SARows_1: {'S1': 3, 'C1': 64, 'Z1': 1}
Creating architecture: Eyeriss_Constrained_2L_tile1_16x256 with coupling: dims: C0Y0X0R0S0Z0C1R1S1Z1PQ, in_coupling: [C0][Y0+R0][X0+S0], w_coupling: W0: [Z0][C0][R0][S0],W1: [Z1][C1][R1][S1],, out_coupling: [Z1][P][Q]
final_layer_dims: {'S0', 'Z1', 'Q', 'Y0', 'R0', 'P', 'S1', 'C1', 'C0', 'R1', 'X0'}, coupling.dims: ['C0', 'Y0', 'X0', 'R0', 'S0', 'Z0', 'C1', 'R1', 'S1', 'Z1', 'P', 'Q']
INFO: Arch: Eyeriss_Constrained_2L_tile1_16x256: identified intermediate dimensions: {'Z0'}
INFO: Added high constraint for intermediate dimension P in level InRegister
INFO: Added high constraint for intermediate dimension R1 in level InRegister
INFO: Added high constraint for intermediate dimension P in level WRegister
INFO: Added high constraint for intermediate dimension R1 in level WRegister
INFO: Added high constraint for intermediate dimension P in level IntermediateRegister
INFO: Added high constraint for intermediate dimension R1 in level IntermediateRegister
INFO: Added high constraint for intermediate dimension P in level OutRegister
INFO: Added high constraint for intermediate dimension R1 in level OutRegister
WARNING: Arch: Eyeriss_Constrained_2L_tile1_16x256 -> Level: IntermediateRegister: updating constraint (Z0: 512) to (Z0: 32) to fit the computation.
WARNING: Arch: Eyeriss_Constrained_2L_tile1_16x256 -> Level: OutRegister: updating constraint (Z1: 512) to (Z1: 32) to fit the computation.
  OK s4b2 (2L, tile=1): E=5.511e+03 uJ, L=1.186e+06 cc, EDP=6.64e+03

====================================================================================================
COMPARISON RESULTS: RESNET18 -- FULL FUSION vs Sum PARTIAL FUSION
====================================================================================================
  Architecture: Eyeriss 256x16, GB=128KB, WReg=3600, InReg=400, IntReg=350, OutReg=64
====================================================================================================
Level                        Energy (uJ)   Latency (cc)            EDP       DRAM Reads      DRAM Writes
----------------------------------------------------------------------------------------------------
Full Fusion (1 ok)             5.197e+04      3.059e+06       1.59e+05       11,032,512           25,088
Sum Partial Fusion (8 ok)      5.096e+04      3.147e+06       1.60e+05       11,760,064          752,640

----------------------------------------------------------------------------------------------------
RATIOS (Full Fusion / Sum Partial Fusion) -- values < 1.0 mean fusion wins
----------------------------------------------------------------------------------------------------
Metric                    Ratio      Savings
---------------------------------------------
Energy                   1.0198        -2.0%
Latency                  0.9719        +2.8%
EDP                      0.9912        +0.9%
DRAM Reads               0.9381        +6.2%
DRAM Writes              0.0333       +96.7%

----------------------------------------------------------------------------------------------------
BASELINE DETAIL (Sum Partial Fusion):
----------------------------------------------------------------------------------------------------
Layer/Segment                     Energy (uJ)   Latency (cc)            EDP     Status
-------------------------------------------------------------------------------------
2layer/s1b1                         5.142e+03      1.380e+05       7.12e+02         OK
2layer/s1b2                         7.609e+03      1.597e+05       1.22e+03         OK
2layer/s2b1                         7.553e+03      1.129e+05       8.54e+02         OK
2layer/s2b2                         4.906e+03      9.958e+04       4.90e+02         OK
2layer/s3b1                         7.464e+03      2.463e+05       1.84e+03         OK
2layer/s3b2                         4.979e+03      3.075e+05       1.54e+03         OK
2layer/s4b1                         7.791e+03      8.973e+05       7.05e+03         OK
2layer/s4b2                         5.511e+03      1.186e+06       6.64e+03         OK

====================================================================================================

Results exported to: results/results_20260226_130620.csv

================================================================================
EXPERIMENT SUMMARY
================================================================================

Total experiments: 9
Successful: 9
Failed: 0

────────────────────────────────────────────────────────────────────────────────
Results by workload:
────────────────────────────────────────────────────────────────────────────────

RESNET18:
  full/17layer, fmem_size: 1056kB, wmem_size: 524kB, pe_rows: 256, pe_cols: 16 -> E=5.20e+04μJ, L=3.06e+06cc, EDP=1.60e+05
  2layer/s1b1, fmem_size: 1056kB, wmem_size: 524kB, pe_rows: 256, pe_cols: 16 -> E=5.14e+03μJ, L=1.38e+05cc, EDP=7.12e+02
  2layer/s1b2, fmem_size: 1056kB, wmem_size: 524kB, pe_rows: 256, pe_cols: 16 -> E=7.61e+03μJ, L=1.60e+05cc, EDP=1.22e+03
  2layer/s2b1, fmem_size: 1056kB, wmem_size: 524kB, pe_rows: 256, pe_cols: 16 -> E=7.55e+03μJ, L=1.13e+05cc, EDP=8.54e+02
  2layer/s2b2, fmem_size: 1056kB, wmem_size: 524kB, pe_rows: 256, pe_cols: 16 -> E=4.91e+03μJ, L=9.96e+04cc, EDP=4.90e+02
  2layer/s3b1, fmem_size: 1056kB, wmem_size: 524kB, pe_rows: 256, pe_cols: 16 -> E=7.46e+03μJ, L=2.46e+05cc, EDP=1.84e+03
  2layer/s3b2, fmem_size: 1056kB, wmem_size: 524kB, pe_rows: 256, pe_cols: 16 -> E=4.98e+03μJ, L=3.07e+05cc, EDP=1.54e+03
  2layer/s4b1, fmem_size: 1056kB, wmem_size: 524kB, pe_rows: 256, pe_cols: 16 -> E=7.79e+03μJ, L=8.97e+05cc, EDP=7.05e+03
  2layer/s4b2, fmem_size: 1056kB, wmem_size: 524kB, pe_rows: 256, pe_cols: 16 -> E=5.51e+03μJ, L=1.19e+06cc, EDP=6.64e+03
