Creating architecture: Gemmini with coupling: dims: MKN, in_coupling: [K][N], w_coupling: W0: [M][K],, out_coupling: [M][N]
Creating architecture: Gemmini (conv) with coupling: dims: NMPQCRS, in_coupling: [N][C][Pstride*P+Rdilation*R][Qstride*Q+Sdilation*S], w_coupling: W0: [M][C][R][S],, out_coupling: [N][M][P][Q]
Creating architecture: Eyeriss with coupling: dims: MKN, in_coupling: [K][N], w_coupling: W0: [M][K],, out_coupling: [M][N]
Creating architecture: Eyeriss (conv) with coupling: dims: NMPQCRS, in_coupling: [N][C][Pstride*P+Rdilation*R][Qstride*Q+Sdilation*S], w_coupling: W0: [M][C][R][S],, out_coupling: [N][M][P][Q]
Creating architecture: Simba with coupling: dims: MKN, in_coupling: [K][N], w_coupling: W0: [M][K],, out_coupling: [M][N]
Creating architecture: Simba (conv) with coupling: dims: NMPQCRS, in_coupling: [N][C][Pstride*P+Rdilation*R][Qstride*Q+Sdilation*S], w_coupling: W0: [M][C][R][S],, out_coupling: [N][M][P][Q]
Creating architecture: TPUv1 with coupling: dims: MKN, in_coupling: [K][N], w_coupling: W0: [M][K],, out_coupling: [M][N]
Creating architecture: TPUv1 (conv) with coupling: dims: NMPQCRS, in_coupling: [N][C][Pstride*P+Rdilation*R][Qstride*Q+Sdilation*S], w_coupling: W0: [M][C][R][S],, out_coupling: [N][M][P][Q]

====================================================================================================
FIXED-CONFIG FUSION COMPARISON: VGG16 -- FULL FUSION vs Sum SINGLES
====================================================================================================
Architecture: Eyeriss, PE=256x16 (4,096 total)
  GB=128KB, WReg=4800, InReg=400, IntReg=350, OutReg=64
  Tile size override: 1
  ⚡ DRAM energy override: 160.0 pJ/byte (default: 32 pJ/byte)
  ALL experiments use IDENTICAL architecture (fair comparison)
====================================================================================================

  Per-block tile sizes (from full fusion stride propagation):
    block1: tile=16
    block2: tile=8
    block3: tile=4
    L6: tile=4
    block4: tile=2
    L9: tile=2
    block5: tile=1
    L12: tile=1
--- FULL FUSION: vgg16/full/13layer ---
------ loading Accelergy for Eyeriss ------
------ loading Accelergy ------
ACCELERGY PLUG-INS: ['Library', 'dummy', 'ADC Plug-In', 'DEPRECATED table-based-plug-ins. Use the Library plug-in instead.', 'Neurosim Plug-In', 'Aladdin_table', 'CactiCache', 'CactiDRAM', 'CactiSRAM']
[Constrained Eyeriss] 13 layers, tile_size=1
  DRAM: {'Q': 14, 'P': 14, 'X0': 224, 'Y0': 224, 'Z0': 1, 'C0': 1, 'R0': 1, 'S0': 1, 'X1': 224, 'Y1': 224, 'Z1': 1, 'C1': 1, 'R1': 1, 'S1': 1, 'X2': 112, 'Y2': 112, 'Z2': 1, 'C2': 1, 'R2': 1, 'S2': 1, 'X3': 112, 'Y3': 112, 'Z3': 1, 'C3': 1, 'R3': 1, 'S3': 1, 'X4': 56, 'Y4': 56, 'Z4': 1, 'C4': 1, 'R4': 1, 'S4': 1, 'X5': 56, 'Y5': 56, 'Z5': 1, 'C5': 1, 'R5': 1, 'S5': 1, 'X6': 56, 'Y6': 56, 'Z6': 1, 'C6': 1, 'R6': 1, 'S6': 1, 'X7': 28, 'Y7': 28, 'Z7': 1, 'C7': 1, 'R7': 1, 'S7': 1, 'X8': 28, 'Y8': 28, 'Z8': 1, 'C8': 1, 'R8': 1, 'S8': 1, 'X9': 28, 'Y9': 28, 'Z9': 1, 'C9': 1, 'R9': 1, 'S9': 1, 'X10': 14, 'Y10': 14, 'Z10': 1, 'C10': 1, 'R10': 1, 'S10': 1, 'X11': 14, 'Y11': 14, 'Z11': 1, 'C11': 1, 'R11': 1, 'S11': 1, 'Z12': 1, 'C12': 1, 'R12': 1, 'S12': 1}
  GlobalBuffer: {'Q': 1, 'P': 1, 'X0': 1, 'Y0': 1, 'Z0': 1, 'C0': 1, 'R0': 1, 'S0': 1, 'X1': 1, 'Y1': 1, 'Z1': 1, 'C1': 1, 'R1': 1, 'S1': 1, 'X2': 1, 'Y2': 1, 'Z2': 1, 'C2': 1, 'R2': 1, 'S2': 1, 'X3': 1, 'Y3': 1, 'Z3': 1, 'C3': 1, 'R3': 1, 'S3': 1, 'X4': 1, 'Y4': 1, 'Z4': 1, 'C4': 1, 'R4': 1, 'S4': 1, 'X5': 1, 'Y5': 1, 'Z5': 1, 'C5': 1, 'R5': 1, 'S5': 1, 'X6': 1, 'Y6': 1, 'Z6': 1, 'C6': 1, 'R6': 1, 'S6': 1, 'X7': 1, 'Y7': 1, 'Z7': 1, 'C7': 1, 'R7': 1, 'S7': 1, 'X8': 1, 'Y8': 1, 'Z8': 1, 'C8': 1, 'R8': 1, 'S8': 1, 'X9': 1, 'Y9': 1, 'Z9': 1, 'C9': 1, 'R9': 1, 'S9': 1, 'X10': 1, 'Y10': 1, 'Z10': 1, 'C10': 1, 'R10': 1, 'S10': 1, 'X11': 1, 'Y11': 1, 'Z11': 1, 'C11': 1, 'R11': 1, 'S11': 1, 'Z12': 1, 'C12': 1, 'R12': 1, 'S12': 1}
  SACols: {'Q': 1, 'Z12': 16}
  SARows_0: {'S0': 3, 'C0': 3, 'Z0': 4}
  SARows_1: {'S1': 3, 'C1': 64, 'Z1': 1}
  SARows_2: {'S2': 3, 'C2': 64, 'Z2': 1}
  SARows_3: {'S3': 3, 'C3': 64, 'Z3': 1}
  SARows_4: {'S4': 3, 'C4': 64, 'Z4': 1}
  SARows_5: {'S5': 3, 'C5': 64, 'Z5': 1}
  SARows_6: {'S6': 3, 'C6': 64, 'Z6': 1}
  SARows_7: {'S7': 3, 'C7': 64, 'Z7': 1}
  SARows_8: {'S8': 3, 'C8': 64, 'Z8': 1}
  SARows_9: {'S9': 3, 'C9': 64, 'Z9': 1}
  SARows_10: {'S10': 3, 'C10': 64, 'Z10': 1}
  SARows_11: {'S11': 3, 'C11': 64, 'Z11': 1}
  SARows_12: {'S12': 3, 'C12': 64, 'Z12': 1}
Creating architecture: Eyeriss_Constrained_13L_tile1_16x256 with coupling: dims: C0Y0X0R0S0Z0C1R1S1Y1X1Z1C2R2S2Y2X2Z2C3R3S3Y3X3Z3C4R4S4Y4X4Z4C5R5S5Y5X5Z5C6R6S6Y6X6Z6C7R7S7Y7X7Z7C8R8S8Y8X8Z8C9R9S9Y9X9Z9C10R10S10Y10X10Z10C11R11S11Y11X11Z11C12R12S12PQZ12, in_coupling: [C0][Y0+R0][X0+S0], w_coupling: W0: [Z0][C0][R0][S0],W1: [Z1][C1][R1][S1],W2: [Z2][C2][R2][S2],W3: [Z3][C3][R3][S3],W4: [Z4][C4][R4][S4],W5: [Z5][C5][R5][S5],W6: [Z6][C6][R6][S6],W7: [Z7][C7][R7][S7],W8: [Z8][C8][R8][S8],W9: [Z9][C9][R9][S9],W10: [Z10][C10][R10][S10],W11: [Z11][C11][R11][S11],W12: [Z12][C12][R12][S12],, out_coupling: [Z12][P][Q]
final_layer_dims: {'P', 'C12', 'Q', 'C0', 'R0', 'Y0', 'S0', 'Z12', 'X0', 'S12', 'R12'}, coupling.dims: ['C0', 'Y0', 'X0', 'R0', 'S0', 'Z0', 'C1', 'R1', 'S1', 'Y1', 'X1', 'Z1', 'C2', 'R2', 'S2', 'Y2', 'X2', 'Z2', 'C3', 'R3', 'S3', 'Y3', 'X3', 'Z3', 'C4', 'R4', 'S4', 'Y4', 'X4', 'Z4', 'C5', 'R5', 'S5', 'Y5', 'X5', 'Z5', 'C6', 'R6', 'S6', 'Y6', 'X6', 'Z6', 'C7', 'R7', 'S7', 'Y7', 'X7', 'Z7', 'C8', 'R8', 'S8', 'Y8', 'X8', 'Z8', 'C9', 'R9', 'S9', 'Y9', 'X9', 'Z9', 'C10', 'R10', 'S10', 'Y10', 'X10', 'Z10', 'C11', 'R11', 'S11', 'Y11', 'X11', 'Z11', 'C12', 'R12', 'S12', 'P', 'Q', 'Z12']
INFO: Arch: Eyeriss_Constrained_13L_tile1_16x256: identified intermediate dimensions: {'X9', 'S5', 'C9', 'R5', 'Z8', 'X4', 'X11', 'R1', 'X2', 'Y9', 'Y6', 'S8', 'S6', 'Y10', 'S10', 'C1', 'Z2', 'S7', 'S3', 'R9', 'X7', 'Z10', 'R2', 'S2', 'X3', 'S4', 'C7', 'S1', 'Y8', 'X10', 'Z1', 'R11', 'R3', 'C2', 'Z0', 'C11', 'C4', 'Y4', 'R4', 'Y3', 'X6', 'X1', 'R6', 'R7', 'Z4', 'Y5', 'S11', 'Y1', 'Z3', 'X5', 'C5', 'Z9', 'Y7', 'C10', 'R10', 'Z7', 'Y11', 'Z6', 'X8', 'C6', 'S9', 'R8', 'Z11', 'Y2', 'C8', 'C3', 'Z5'}
INFO: Added high constraint for intermediate dimension P in level InRegister
INFO: Added high constraint for intermediate dimension R1 in level InRegister
INFO: Added high constraint for intermediate dimension P in level WRegister
INFO: Added high constraint for intermediate dimension R1 in level WRegister
INFO: Added high constraint for intermediate dimension P in level IntermediateRegister
INFO: Added high constraint for intermediate dimension R1 in level IntermediateRegister
INFO: Added high constraint for intermediate dimension P in level OutRegister
INFO: Added high constraint for intermediate dimension R1 in level OutRegister
WARNING: Arch: Eyeriss_Constrained_13L_tile1_16x256 -> Level: IntermediateRegister: updating constraint (Z0: 16) to (Z0: 1) to fit the computation.
WARNING: Arch: Eyeriss_Constrained_13L_tile1_16x256 -> Level: IntermediateRegister: updating constraint (Z1: 64) to (Z1: 4) to fit the computation.
WARNING: Arch: Eyeriss_Constrained_13L_tile1_16x256 -> Level: IntermediateRegister: updating constraint (Z2: 128) to (Z2: 8) to fit the computation.
WARNING: Arch: Eyeriss_Constrained_13L_tile1_16x256 -> Level: IntermediateRegister: updating constraint (Z3: 128) to (Z3: 8) to fit the computation.
WARNING: Arch: Eyeriss_Constrained_13L_tile1_16x256 -> Level: IntermediateRegister: updating constraint (Z4: 256) to (Z4: 16) to fit the computation.
WARNING: Arch: Eyeriss_Constrained_13L_tile1_16x256 -> Level: IntermediateRegister: updating constraint (Z5: 256) to (Z5: 16) to fit the computation.
WARNING: Arch: Eyeriss_Constrained_13L_tile1_16x256 -> Level: IntermediateRegister: updating constraint (Z6: 256) to (Z6: 16) to fit the computation.
WARNING: Arch: Eyeriss_Constrained_13L_tile1_16x256 -> Level: IntermediateRegister: updating constraint (Z7: 512) to (Z7: 32) to fit the computation.
WARNING: Arch: Eyeriss_Constrained_13L_tile1_16x256 -> Level: IntermediateRegister: updating constraint (Z8: 512) to (Z8: 32) to fit the computation.
WARNING: Arch: Eyeriss_Constrained_13L_tile1_16x256 -> Level: IntermediateRegister: updating constraint (Z9: 512) to (Z9: 32) to fit the computation.
WARNING: Arch: Eyeriss_Constrained_13L_tile1_16x256 -> Level: IntermediateRegister: updating constraint (Z10: 512) to (Z10: 32) to fit the computation.
WARNING: Arch: Eyeriss_Constrained_13L_tile1_16x256 -> Level: IntermediateRegister: updating constraint (Z11: 512) to (Z11: 32) to fit the computation.
WARNING: Arch: Eyeriss_Constrained_13L_tile1_16x256 -> Level: OutRegister: updating constraint (Z12: 512) to (Z12: 32) to fit the computation.
  OK Energy: 4.191e+05 uJ, Latency: 6.715e+06 cc, EDP: 2.82e+06

--- BASELINE: SINGLE LAYERS ---
------ loading Accelergy for Eyeriss ------
[Constrained Eyeriss] Single layer, tile_size=1
  DRAM: {'Q': 224, 'P': 224, 'M': 1, 'C': 1, 'R': 1, 'S': 1}
  GlobalBuffer: {'Q': 1, 'P': 1, 'M': 1, 'C': 1, 'R': 1, 'S': 1}
  SACols: {'Q': 1, 'M': 16}
  SARows: {'S': 3, 'C': 3, 'M': 4}
  WRegister: {'C': 1, 'R': 3, 'M': 1, 'P': 1, 'Q': 1, 'S': 1}
  OutRegister: {'M': 1, 'C': 1, 'P': 1, 'Q': 1, 'R': 1, 'S': 1}
Creating architecture: Eyeriss_Constrained_1L_tile1_16x256 with coupling: dims: MPQCRS, in_coupling: [C][P+R][Q+S], w_coupling: W0: [M][C][R][S],, out_coupling: [M][P][Q]
  OK L0: E=6.109e+02 uJ, L=8.028e+05 cc, EDP=4.90e+02
------ loading Accelergy for Eyeriss ------
[Constrained Eyeriss] Single layer, tile_size=1
  DRAM: {'Q': 224, 'P': 224, 'M': 1, 'C': 1, 'R': 1, 'S': 1}
  GlobalBuffer: {'Q': 1, 'P': 1, 'M': 1, 'C': 1, 'R': 1, 'S': 1}
  SACols: {'Q': 1, 'M': 16}
  SARows: {'S': 3, 'C': 64, 'M': 1}
  WRegister: {'C': 1, 'R': 3, 'M': 1, 'P': 1, 'Q': 1, 'S': 1}
  OutRegister: {'M': 4, 'C': 1, 'P': 1, 'Q': 1, 'R': 1, 'S': 1}
Creating architecture: Eyeriss_Constrained_1L_tile1_16x256 with coupling: dims: MPQCRS, in_coupling: [C][P+R][Q+S], w_coupling: W0: [M][C][R][S],, out_coupling: [M][P][Q]
  OK L1: E=1.577e+03 uJ, L=8.120e+05 cc, EDP=1.28e+03
------ loading Accelergy for Eyeriss ------
[Constrained Eyeriss] Single layer, tile_size=1
  DRAM: {'Q': 112, 'P': 112, 'M': 1, 'C': 1, 'R': 1, 'S': 1}
  GlobalBuffer: {'Q': 1, 'P': 1, 'M': 1, 'C': 1, 'R': 1, 'S': 1}
  SACols: {'Q': 1, 'M': 16}
  SARows: {'S': 3, 'C': 64, 'M': 1}
  WRegister: {'C': 1, 'R': 3, 'M': 1, 'P': 1, 'Q': 1, 'S': 1}
  OutRegister: {'M': 8, 'C': 1, 'P': 1, 'Q': 1, 'R': 1, 'S': 1}
Creating architecture: Eyeriss_Constrained_1L_tile1_16x256 with coupling: dims: MPQCRS, in_coupling: [C][P+R][Q+S], w_coupling: W0: [M][C][R][S],, out_coupling: [M][P][Q]
  OK L2: E=5.925e+02 uJ, L=4.014e+05 cc, EDP=2.39e+02
------ loading Accelergy for Eyeriss ------
[Constrained Eyeriss] Single layer, tile_size=1
  DRAM: {'Q': 112, 'P': 112, 'M': 1, 'C': 1, 'R': 1, 'S': 1}
  GlobalBuffer: {'Q': 1, 'P': 1, 'M': 1, 'C': 1, 'R': 1, 'S': 1}
  SACols: {'Q': 1, 'M': 16}
  SARows: {'S': 3, 'C': 64, 'M': 1}
  WRegister: {'C': 2, 'R': 3, 'M': 1, 'P': 1, 'Q': 1, 'S': 1}
  OutRegister: {'M': 8, 'C': 1, 'P': 1, 'Q': 1, 'R': 1, 'S': 1}
Creating architecture: Eyeriss_Constrained_1L_tile1_16x256 with coupling: dims: MPQCRS, in_coupling: [C][P+R][Q+S], w_coupling: W0: [M][C][R][S],, out_coupling: [M][P][Q]
  OK L3: E=8.170e+02 uJ, L=6.021e+05 cc, EDP=4.94e+02
------ loading Accelergy for Eyeriss ------
[Constrained Eyeriss] Single layer, tile_size=1
  DRAM: {'Q': 56, 'P': 56, 'M': 1, 'C': 1, 'R': 1, 'S': 1}
  GlobalBuffer: {'Q': 1, 'P': 1, 'M': 1, 'C': 1, 'R': 1, 'S': 1}
  SACols: {'Q': 1, 'M': 16}
  SARows: {'S': 3, 'C': 64, 'M': 1}
  WRegister: {'C': 2, 'R': 3, 'M': 1, 'P': 1, 'Q': 1, 'S': 1}
  OutRegister: {'M': 16, 'C': 1, 'P': 1, 'Q': 1, 'R': 1, 'S': 1}
Creating architecture: Eyeriss_Constrained_1L_tile1_16x256 with coupling: dims: MPQCRS, in_coupling: [C][P+R][Q+S], w_coupling: W0: [M][C][R][S],, out_coupling: [M][P][Q]
  OK L4: E=3.414e+02 uJ, L=3.011e+05 cc, EDP=1.05e+02
------ loading Accelergy for Eyeriss ------
[Constrained Eyeriss] Single layer, tile_size=1
  DRAM: {'Q': 56, 'P': 56, 'M': 1, 'C': 1, 'R': 1, 'S': 1}
  GlobalBuffer: {'Q': 1, 'P': 1, 'M': 1, 'C': 1, 'R': 1, 'S': 1}
  SACols: {'Q': 1, 'M': 16}
  SARows: {'S': 3, 'C': 64, 'M': 1}
  WRegister: {'C': 4, 'R': 3, 'M': 1, 'P': 1, 'Q': 1, 'S': 1}
  OutRegister: {'M': 16, 'C': 1, 'P': 1, 'Q': 1, 'R': 1, 'S': 1}
Creating architecture: Eyeriss_Constrained_1L_tile1_16x256 with coupling: dims: MPQCRS, in_coupling: [C][P+R][Q+S], w_coupling: W0: [M][C][R][S],, out_coupling: [M][P][Q]
  OK L5: E=4.989e+02 uJ, L=6.021e+05 cc, EDP=3.09e+02
------ loading Accelergy for Eyeriss ------
[Constrained Eyeriss] Single layer, tile_size=1
  DRAM: {'Q': 56, 'P': 56, 'M': 1, 'C': 1, 'R': 1, 'S': 1}
  GlobalBuffer: {'Q': 1, 'P': 1, 'M': 1, 'C': 1, 'R': 1, 'S': 1}
  SACols: {'Q': 1, 'M': 16}
  SARows: {'S': 3, 'C': 64, 'M': 1}
  WRegister: {'C': 4, 'R': 3, 'M': 1, 'P': 1, 'Q': 1, 'S': 1}
  OutRegister: {'M': 16, 'C': 1, 'P': 1, 'Q': 1, 'R': 1, 'S': 1}
Creating architecture: Eyeriss_Constrained_1L_tile1_16x256 with coupling: dims: MPQCRS, in_coupling: [C][P+R][Q+S], w_coupling: W0: [M][C][R][S],, out_coupling: [M][P][Q]
  OK L6: E=4.989e+02 uJ, L=6.021e+05 cc, EDP=3.09e+02
------ loading Accelergy for Eyeriss ------
[Constrained Eyeriss] Single layer, tile_size=1
  DRAM: {'Q': 28, 'P': 28, 'M': 1, 'C': 1, 'R': 1, 'S': 1}
  GlobalBuffer: {'Q': 1, 'P': 1, 'M': 1, 'C': 1, 'R': 1, 'S': 1}
  SACols: {'Q': 1, 'M': 16}
  SARows: {'S': 3, 'C': 64, 'M': 1}
  WRegister: {'C': 4, 'R': 3, 'M': 1, 'P': 1, 'Q': 1, 'S': 1}
  OutRegister: {'M': 32, 'C': 1, 'P': 1, 'Q': 1, 'R': 1, 'S': 1}
Creating architecture: Eyeriss_Constrained_1L_tile1_16x256 with coupling: dims: MPQCRS, in_coupling: [C][P+R][Q+S], w_coupling: W0: [M][C][R][S],, out_coupling: [M][P][Q]
  OK L7: E=3.397e+02 uJ, L=3.451e+05 cc, EDP=1.27e+02
------ loading Accelergy for Eyeriss ------
[Constrained Eyeriss] Single layer, tile_size=1
  DRAM: {'Q': 28, 'P': 28, 'M': 1, 'C': 1, 'R': 1, 'S': 1}
  GlobalBuffer: {'Q': 1, 'P': 1, 'M': 1, 'C': 1, 'R': 1, 'S': 1}
  SACols: {'Q': 1, 'M': 16}
  SARows: {'S': 3, 'C': 64, 'M': 1}
  WRegister: {'C': 8, 'R': 3, 'M': 1, 'P': 1, 'Q': 1, 'S': 1}
  OutRegister: {'M': 32, 'C': 1, 'P': 1, 'Q': 1, 'R': 1, 'S': 1}
Creating architecture: Eyeriss_Constrained_1L_tile1_16x256 with coupling: dims: MPQCRS, in_coupling: [C][P+R][Q+S], w_coupling: W0: [M][C][R][S],, out_coupling: [M][P][Q]
  OK L8: E=5.875e+02 uJ, L=6.902e+05 cc, EDP=4.43e+02
------ loading Accelergy for Eyeriss ------
[Constrained Eyeriss] Single layer, tile_size=1
  DRAM: {'Q': 28, 'P': 28, 'M': 1, 'C': 1, 'R': 1, 'S': 1}
  GlobalBuffer: {'Q': 1, 'P': 1, 'M': 1, 'C': 1, 'R': 1, 'S': 1}
  SACols: {'Q': 1, 'M': 16}
  SARows: {'S': 3, 'C': 64, 'M': 1}
  WRegister: {'C': 8, 'R': 3, 'M': 1, 'P': 1, 'Q': 1, 'S': 1}
  OutRegister: {'M': 32, 'C': 1, 'P': 1, 'Q': 1, 'R': 1, 'S': 1}
Creating architecture: Eyeriss_Constrained_1L_tile1_16x256 with coupling: dims: MPQCRS, in_coupling: [C][P+R][Q+S], w_coupling: W0: [M][C][R][S],, out_coupling: [M][P][Q]
  OK L9: E=5.875e+02 uJ, L=6.902e+05 cc, EDP=4.43e+02
------ loading Accelergy for Eyeriss ------
[Constrained Eyeriss] Single layer, tile_size=1
  DRAM: {'Q': 14, 'P': 14, 'M': 1, 'C': 1, 'R': 1, 'S': 1}
  GlobalBuffer: {'Q': 1, 'P': 1, 'M': 1, 'C': 1, 'R': 1, 'S': 1}
  SACols: {'Q': 1, 'M': 16}
  SARows: {'S': 3, 'C': 64, 'M': 1}
  WRegister: {'C': 8, 'R': 3, 'M': 1, 'P': 1, 'Q': 1, 'S': 1}
  OutRegister: {'M': 32, 'C': 1, 'P': 1, 'Q': 1, 'R': 1, 'S': 1}
Creating architecture: Eyeriss_Constrained_1L_tile1_16x256 with coupling: dims: MPQCRS, in_coupling: [C][P+R][Q+S], w_coupling: W0: [M][C][R][S],, out_coupling: [M][P][Q]
  OK L10: E=4.300e+02 uJ, L=6.149e+05 cc, EDP=2.98e+02
------ loading Accelergy for Eyeriss ------
[Constrained Eyeriss] Single layer, tile_size=1
  DRAM: {'Q': 14, 'P': 14, 'M': 1, 'C': 1, 'R': 1, 'S': 1}
  GlobalBuffer: {'Q': 1, 'P': 1, 'M': 1, 'C': 1, 'R': 1, 'S': 1}
  SACols: {'Q': 1, 'M': 16}
  SARows: {'S': 3, 'C': 64, 'M': 1}
  WRegister: {'C': 8, 'R': 3, 'M': 1, 'P': 1, 'Q': 1, 'S': 1}
  OutRegister: {'M': 32, 'C': 1, 'P': 1, 'Q': 1, 'R': 1, 'S': 1}
Creating architecture: Eyeriss_Constrained_1L_tile1_16x256 with coupling: dims: MPQCRS, in_coupling: [C][P+R][Q+S], w_coupling: W0: [M][C][R][S],, out_coupling: [M][P][Q]
  OK L11: E=4.300e+02 uJ, L=6.149e+05 cc, EDP=2.98e+02
------ loading Accelergy for Eyeriss ------
[Constrained Eyeriss] Single layer, tile_size=1
  DRAM: {'Q': 14, 'P': 14, 'M': 1, 'C': 1, 'R': 1, 'S': 1}
  GlobalBuffer: {'Q': 1, 'P': 1, 'M': 1, 'C': 1, 'R': 1, 'S': 1}
  SACols: {'Q': 1, 'M': 16}
  SARows: {'S': 3, 'C': 64, 'M': 1}
  WRegister: {'C': 8, 'R': 3, 'M': 1, 'P': 1, 'Q': 1, 'S': 1}
  OutRegister: {'M': 32, 'C': 1, 'P': 1, 'Q': 1, 'R': 1, 'S': 1}
Creating architecture: Eyeriss_Constrained_1L_tile1_16x256 with coupling: dims: MPQCRS, in_coupling: [C][P+R][Q+S], w_coupling: W0: [M][C][R][S],, out_coupling: [M][P][Q]
  OK L12: E=4.300e+02 uJ, L=6.149e+05 cc, EDP=2.98e+02
  [skip] L13 (not in fusion)
  [skip] L14 (not in fusion)
  [skip] L15 (not in fusion)

====================================================================================================
COMPARISON RESULTS: VGG16 -- FULL FUSION vs Sum SINGLES
====================================================================================================
  Architecture: Eyeriss 256x16, GB=128KB, WReg=4800, InReg=400, IntReg=350, OutReg=64
====================================================================================================
Level                        Energy (uJ)   Latency (cc)            EDP       DRAM Reads      DRAM Writes
----------------------------------------------------------------------------------------------------
Full Fusion (1 ok)             4.191e+05      6.715e+06       2.81e+06       14,860,992          100,352
Sum Singles (13 ok)            7.742e+03      7.694e+06       5.96e+04       23,792,320       13,547,520

----------------------------------------------------------------------------------------------------
RATIOS (Full Fusion / Sum Singles) -- values < 1.0 mean fusion wins
----------------------------------------------------------------------------------------------------
Metric                    Ratio      Savings
---------------------------------------------
Energy                  54.1361     -5313.6%
Latency                  0.8728       +12.7%
EDP                     47.2484     -4624.8%
DRAM Reads               0.6246       +37.5%
DRAM Writes              0.0074       +99.3%

----------------------------------------------------------------------------------------------------
BASELINE DETAIL (Sum Singles):
----------------------------------------------------------------------------------------------------
Layer/Segment                     Energy (uJ)   Latency (cc)            EDP     Status
-------------------------------------------------------------------------------------
L0                                  6.109e+02      8.028e+05       4.90e+02         OK
L1                                  1.577e+03      8.120e+05       1.28e+03         OK
L2                                  5.925e+02      4.014e+05       2.39e+02         OK
L3                                  8.170e+02      6.021e+05       4.94e+02         OK
L4                                  3.414e+02      3.011e+05       1.05e+02         OK
L5                                  4.989e+02      6.021e+05       3.09e+02         OK
L6                                  4.989e+02      6.021e+05       3.09e+02         OK
L7                                  3.397e+02      3.451e+05       1.27e+02         OK
L8                                  5.875e+02      6.902e+05       4.43e+02         OK
L9                                  5.875e+02      6.902e+05       4.43e+02         OK
L10                                 4.300e+02      6.149e+05       2.98e+02         OK
L11                                 4.300e+02      6.149e+05       2.98e+02         OK
L12                                 4.300e+02      6.149e+05       2.98e+02         OK

====================================================================================================

Results exported to: results/results_20260226_124723.csv

================================================================================
EXPERIMENT SUMMARY
================================================================================

Total experiments: 14
Successful: 14
Failed: 0

────────────────────────────────────────────────────────────────────────────────
Results by workload:
────────────────────────────────────────────────────────────────────────────────

VGG16:
  full/13layer, fmem_size: 1056kB, wmem_size: 524kB, pe_rows: 256, pe_cols: 16 -> E=4.19e+05μJ, L=6.71e+06cc, EDP=2.82e+06
  single/L0, fmem_size: 1056kB, wmem_size: 524kB, pe_rows: 256, pe_cols: 16 -> E=6.11e+02μJ, L=8.03e+05cc, EDP=4.90e+02
  single/L1, fmem_size: 1056kB, wmem_size: 524kB, pe_rows: 256, pe_cols: 16 -> E=1.58e+03μJ, L=8.12e+05cc, EDP=1.28e+03
  single/L2, fmem_size: 1056kB, wmem_size: 524kB, pe_rows: 256, pe_cols: 16 -> E=5.93e+02μJ, L=4.01e+05cc, EDP=2.39e+02
  single/L3, fmem_size: 1056kB, wmem_size: 524kB, pe_rows: 256, pe_cols: 16 -> E=8.17e+02μJ, L=6.02e+05cc, EDP=4.94e+02
  single/L4, fmem_size: 1056kB, wmem_size: 524kB, pe_rows: 256, pe_cols: 16 -> E=3.41e+02μJ, L=3.01e+05cc, EDP=1.05e+02
  single/L5, fmem_size: 1056kB, wmem_size: 524kB, pe_rows: 256, pe_cols: 16 -> E=4.99e+02μJ, L=6.02e+05cc, EDP=3.09e+02
  single/L6, fmem_size: 1056kB, wmem_size: 524kB, pe_rows: 256, pe_cols: 16 -> E=4.99e+02μJ, L=6.02e+05cc, EDP=3.09e+02
  single/L7, fmem_size: 1056kB, wmem_size: 524kB, pe_rows: 256, pe_cols: 16 -> E=3.40e+02μJ, L=3.45e+05cc, EDP=1.27e+02
  single/L8, fmem_size: 1056kB, wmem_size: 524kB, pe_rows: 256, pe_cols: 16 -> E=5.87e+02μJ, L=6.90e+05cc, EDP=4.43e+02
  single/L9, fmem_size: 1056kB, wmem_size: 524kB, pe_rows: 256, pe_cols: 16 -> E=5.87e+02μJ, L=6.90e+05cc, EDP=4.43e+02
  single/L10, fmem_size: 1056kB, wmem_size: 524kB, pe_rows: 256, pe_cols: 16 -> E=4.30e+02μJ, L=6.15e+05cc, EDP=2.98e+02
  single/L11, fmem_size: 1056kB, wmem_size: 524kB, pe_rows: 256, pe_cols: 16 -> E=4.30e+02μJ, L=6.15e+05cc, EDP=2.98e+02
  single/L12, fmem_size: 1056kB, wmem_size: 524kB, pe_rows: 256, pe_cols: 16 -> E=4.30e+02μJ, L=6.15e+05cc, EDP=2.98e+02
