Creating architecture: Gemmini with coupling: dims: MKN, in_coupling: [K][N], w_coupling: W0: [M][K],, out_coupling: [M][N]
Creating architecture: Gemmini (conv) with coupling: dims: NMPQCRS, in_coupling: [N][C][Pstride*P+Rdilation*R][Qstride*Q+Sdilation*S], w_coupling: W0: [M][C][R][S],, out_coupling: [N][M][P][Q]
Creating architecture: Eyeriss with coupling: dims: MKN, in_coupling: [K][N], w_coupling: W0: [M][K],, out_coupling: [M][N]
Creating architecture: Eyeriss (conv) with coupling: dims: NMPQCRS, in_coupling: [N][C][Pstride*P+Rdilation*R][Qstride*Q+Sdilation*S], w_coupling: W0: [M][C][R][S],, out_coupling: [N][M][P][Q]
Creating architecture: Simba with coupling: dims: MKN, in_coupling: [K][N], w_coupling: W0: [M][K],, out_coupling: [M][N]
Creating architecture: Simba (conv) with coupling: dims: NMPQCRS, in_coupling: [N][C][Pstride*P+Rdilation*R][Qstride*Q+Sdilation*S], w_coupling: W0: [M][C][R][S],, out_coupling: [N][M][P][Q]
Creating architecture: TPUv1 with coupling: dims: MKN, in_coupling: [K][N], w_coupling: W0: [M][K],, out_coupling: [M][N]
Creating architecture: TPUv1 (conv) with coupling: dims: NMPQCRS, in_coupling: [N][C][Pstride*P+Rdilation*R][Qstride*Q+Sdilation*S], w_coupling: W0: [M][C][R][S],, out_coupling: [N][M][P][Q]

====================================================================================================
FIXED-CONFIG FUSION COMPARISON: VGG16 -- Sum PARTIAL FUSION vs Sum SINGLES
====================================================================================================
Architecture: Eyeriss, PE=256x16 (4,096 total)
  GB=128KB, WReg=2200, InReg=400, IntReg=350, OutReg=64
  Tile size override: 1
  ⚡ DRAM energy override: 160.0 pJ/byte (default: 32 pJ/byte)
  ALL experiments use IDENTICAL architecture (fair comparison)
====================================================================================================

  Per-block tile sizes (from full fusion stride propagation):
    block1: tile=16
    block2: tile=8
    block3: tile=4
    L6: tile=4
    block4: tile=2
    L9: tile=2
    block5: tile=1
    L12: tile=1
--- PARTIAL FUSION (block) ---
------ loading Accelergy for Eyeriss ------
------ loading Accelergy ------
ACCELERGY PLUG-INS: ['Library', 'dummy', 'ADC Plug-In', 'DEPRECATED table-based-plug-ins. Use the Library plug-in instead.', 'Neurosim Plug-In', 'Aladdin_table', 'CactiCache', 'CactiDRAM', 'CactiSRAM']
[Constrained Eyeriss] 2 layers, tile_size=16
  DRAM: {'Q': 14, 'P': 224, 'X0': 14, 'Y0': 224, 'Z0': 1, 'C0': 1, 'R0': 1, 'S0': 1, 'Z1': 1, 'C1': 1, 'R1': 1, 'S1': 1}
  GlobalBuffer: {'Q': 16, 'P': 1, 'X0': 16, 'Y0': 1, 'Z0': 1, 'C0': 1, 'R0': 1, 'S0': 1, 'Z1': 1, 'C1': 1, 'R1': 1, 'S1': 1}
  SACols: {'Q': 1, 'Z1': 16}
  SARows_0: {'S0': 3, 'C0': 3, 'Z0': 4}
  SARows_1: {'S1': 3, 'C1': 64, 'Z1': 1}
Creating architecture: Eyeriss_Constrained_2L_tile16_16x256 with coupling: dims: C0Y0X0R0S0Z0C1R1S1Z1PQ, in_coupling: [C0][Y0+R0][X0+S0], w_coupling: W0: [Z0][C0][R0][S0],W1: [Z1][C1][R1][S1],, out_coupling: [Z1][P][Q]
final_layer_dims: {'C0', 'Z1', 'S0', 'R0', 'Y0', 'X0', 'Q', 'S1', 'R1', 'C1', 'P'}, coupling.dims: ['C0', 'Y0', 'X0', 'R0', 'S0', 'Z0', 'C1', 'R1', 'S1', 'Z1', 'P', 'Q']
INFO: Arch: Eyeriss_Constrained_2L_tile16_16x256: identified intermediate dimensions: {'Z0'}
INFO: Added high constraint for intermediate dimension P in level InRegister
INFO: Added high constraint for intermediate dimension R1 in level InRegister
INFO: Added high constraint for intermediate dimension P in level WRegister
INFO: Added high constraint for intermediate dimension R1 in level WRegister
INFO: Added high constraint for intermediate dimension P in level IntermediateRegister
INFO: Added high constraint for intermediate dimension R1 in level IntermediateRegister
INFO: Added high constraint for intermediate dimension P in level OutRegister
INFO: Added high constraint for intermediate dimension R1 in level OutRegister
WARNING: Arch: Eyeriss_Constrained_2L_tile16_16x256 -> Level: IntermediateRegister: updating constraint (Z0: 16) to (Z0: 1) to fit the computation.
WARNING: Arch: Eyeriss_Constrained_2L_tile16_16x256 -> Level: OutRegister: updating constraint (Z1: 64) to (Z1: 4) to fit the computation.
  OK block1 (2L, tile=16): E=2.677e+04 uJ, L=1.032e+06 cc, EDP=2.79e+04
------ loading Accelergy for Eyeriss ------
[Constrained Eyeriss] 2 layers, tile_size=8
  DRAM: {'Q': 14, 'P': 112, 'X0': 14, 'Y0': 112, 'Z0': 1, 'C0': 1, 'R0': 1, 'S0': 1, 'Z1': 1, 'C1': 1, 'R1': 1, 'S1': 1}
  GlobalBuffer: {'Q': 8, 'P': 1, 'X0': 8, 'Y0': 1, 'Z0': 1, 'C0': 1, 'R0': 1, 'S0': 1, 'Z1': 1, 'C1': 1, 'R1': 1, 'S1': 1}
  SACols: {'Q': 1, 'Z1': 16}
  SARows_0: {'S0': 3, 'C0': 64, 'Z0': 1}
  SARows_1: {'S1': 3, 'C1': 64, 'Z1': 1}
Creating architecture: Eyeriss_Constrained_2L_tile8_16x256 with coupling: dims: C0Y0X0R0S0Z0C1R1S1Z1PQ, in_coupling: [C0][Y0+R0][X0+S0], w_coupling: W0: [Z0][C0][R0][S0],W1: [Z1][C1][R1][S1],, out_coupling: [Z1][P][Q]
final_layer_dims: {'C0', 'Z1', 'S0', 'R0', 'Y0', 'X0', 'Q', 'S1', 'R1', 'C1', 'P'}, coupling.dims: ['C0', 'Y0', 'X0', 'R0', 'S0', 'Z0', 'C1', 'R1', 'S1', 'Z1', 'P', 'Q']
INFO: Arch: Eyeriss_Constrained_2L_tile8_16x256: identified intermediate dimensions: {'Z0'}
INFO: Added high constraint for intermediate dimension P in level InRegister
INFO: Added high constraint for intermediate dimension R1 in level InRegister
INFO: Added high constraint for intermediate dimension P in level WRegister
INFO: Added high constraint for intermediate dimension R1 in level WRegister
INFO: Added high constraint for intermediate dimension P in level IntermediateRegister
INFO: Added high constraint for intermediate dimension R1 in level IntermediateRegister
INFO: Added high constraint for intermediate dimension P in level OutRegister
INFO: Added high constraint for intermediate dimension R1 in level OutRegister
WARNING: Arch: Eyeriss_Constrained_2L_tile8_16x256 -> Level: IntermediateRegister: updating constraint (Z0: 128) to (Z0: 8) to fit the computation.
WARNING: Arch: Eyeriss_Constrained_2L_tile8_16x256 -> Level: OutRegister: updating constraint (Z1: 128) to (Z1: 8) to fit the computation.
  OK block2 (2L, tile=8): E=3.952e+04 uJ, L=9.032e+05 cc, EDP=3.58e+04
------ loading Accelergy for Eyeriss ------
[Constrained Eyeriss] 2 layers, tile_size=4
  DRAM: {'Q': 14, 'P': 56, 'X0': 14, 'Y0': 56, 'Z0': 1, 'C0': 1, 'R0': 1, 'S0': 1, 'Z1': 1, 'C1': 1, 'R1': 1, 'S1': 1}
  GlobalBuffer: {'Q': 4, 'P': 1, 'X0': 4, 'Y0': 1, 'Z0': 1, 'C0': 1, 'R0': 1, 'S0': 1, 'Z1': 1, 'C1': 1, 'R1': 1, 'S1': 1}
  SACols: {'Q': 1, 'Z1': 16}
  SARows_0: {'S0': 3, 'C0': 64, 'Z0': 1}
  SARows_1: {'S1': 3, 'C1': 64, 'Z1': 1}
Creating architecture: Eyeriss_Constrained_2L_tile4_16x256 with coupling: dims: C0Y0X0R0S0Z0C1R1S1Z1PQ, in_coupling: [C0][Y0+R0][X0+S0], w_coupling: W0: [Z0][C0][R0][S0],W1: [Z1][C1][R1][S1],, out_coupling: [Z1][P][Q]
final_layer_dims: {'C0', 'Z1', 'S0', 'R0', 'Y0', 'X0', 'Q', 'S1', 'R1', 'C1', 'P'}, coupling.dims: ['C0', 'Y0', 'X0', 'R0', 'S0', 'Z0', 'C1', 'R1', 'S1', 'Z1', 'P', 'Q']
INFO: Arch: Eyeriss_Constrained_2L_tile4_16x256: identified intermediate dimensions: {'Z0'}
INFO: Added high constraint for intermediate dimension P in level InRegister
INFO: Added high constraint for intermediate dimension R1 in level InRegister
INFO: Added high constraint for intermediate dimension P in level WRegister
INFO: Added high constraint for intermediate dimension R1 in level WRegister
INFO: Added high constraint for intermediate dimension P in level IntermediateRegister
INFO: Added high constraint for intermediate dimension R1 in level IntermediateRegister
INFO: Added high constraint for intermediate dimension P in level OutRegister
INFO: Added high constraint for intermediate dimension R1 in level OutRegister
WARNING: Arch: Eyeriss_Constrained_2L_tile4_16x256 -> Level: IntermediateRegister: updating constraint (Z0: 256) to (Z0: 16) to fit the computation.
WARNING: Arch: Eyeriss_Constrained_2L_tile4_16x256 -> Level: OutRegister: updating constraint (Z1: 256) to (Z1: 16) to fit the computation.
  OK block3 (2L, tile=4): E=3.874e+04 uJ, L=9.032e+05 cc, EDP=3.51e+04
------ loading Accelergy for Eyeriss ------
[Constrained Eyeriss] Single layer, tile_size=4
  DRAM: {'Q': 14, 'P': 56, 'M': 1, 'C': 1, 'R': 1, 'S': 1}
  GlobalBuffer: {'Q': 4, 'P': 1, 'M': 1, 'C': 1, 'R': 1, 'S': 1}
  SACols: {'Q': 1, 'M': 16}
  SARows: {'S': 3, 'C': 64, 'M': 1}
  WRegister: {'C': 4, 'R': 3, 'M': 1, 'P': 1, 'Q': 1, 'S': 1}
  OutRegister: {'M': 16, 'C': 1, 'P': 1, 'Q': 1, 'R': 1, 'S': 1}
Creating architecture: Eyeriss_Constrained_1L_tile4_16x256 with coupling: dims: MPQCRS, in_coupling: [C][P+R][Q+S], w_coupling: W0: [M][C][R][S],, out_coupling: [M][P][Q]
  OK L6 (1L, tile=4): E=4.914e+02 uJ, L=6.021e+05 cc, EDP=3.00e+02
------ loading Accelergy for Eyeriss ------
[Constrained Eyeriss] 2 layers, tile_size=2
  DRAM: {'Q': 14, 'P': 28, 'X0': 14, 'Y0': 28, 'Z0': 1, 'C0': 1, 'R0': 1, 'S0': 1, 'Z1': 1, 'C1': 1, 'R1': 1, 'S1': 1}
  GlobalBuffer: {'Q': 2, 'P': 1, 'X0': 2, 'Y0': 1, 'Z0': 1, 'C0': 1, 'R0': 1, 'S0': 1, 'Z1': 1, 'C1': 1, 'R1': 1, 'S1': 1}
  SACols: {'Q': 1, 'Z1': 16}
  SARows_0: {'S0': 3, 'C0': 64, 'Z0': 1}
  SARows_1: {'S1': 3, 'C1': 64, 'Z1': 1}
Creating architecture: Eyeriss_Constrained_2L_tile2_16x256 with coupling: dims: C0Y0X0R0S0Z0C1R1S1Z1PQ, in_coupling: [C0][Y0+R0][X0+S0], w_coupling: W0: [Z0][C0][R0][S0],W1: [Z1][C1][R1][S1],, out_coupling: [Z1][P][Q]
final_layer_dims: {'C0', 'Z1', 'S0', 'R0', 'Y0', 'X0', 'Q', 'S1', 'R1', 'C1', 'P'}, coupling.dims: ['C0', 'Y0', 'X0', 'R0', 'S0', 'Z0', 'C1', 'R1', 'S1', 'Z1', 'P', 'Q']
INFO: Arch: Eyeriss_Constrained_2L_tile2_16x256: identified intermediate dimensions: {'Z0'}
INFO: Added high constraint for intermediate dimension P in level InRegister
INFO: Added high constraint for intermediate dimension R1 in level InRegister
INFO: Added high constraint for intermediate dimension P in level WRegister
INFO: Added high constraint for intermediate dimension R1 in level WRegister
INFO: Added high constraint for intermediate dimension P in level IntermediateRegister
INFO: Added high constraint for intermediate dimension R1 in level IntermediateRegister
INFO: Added high constraint for intermediate dimension P in level OutRegister
INFO: Added high constraint for intermediate dimension R1 in level OutRegister
WARNING: Arch: Eyeriss_Constrained_2L_tile2_16x256 -> Level: IntermediateRegister: updating constraint (Z0: 512) to (Z0: 32) to fit the computation.
WARNING: Arch: Eyeriss_Constrained_2L_tile2_16x256 -> Level: OutRegister: updating constraint (Z1: 512) to (Z1: 32) to fit the computation.
  OK block4 (2L, tile=2): E=3.873e+04 uJ, L=9.472e+05 cc, EDP=3.68e+04
------ loading Accelergy for Eyeriss ------
[Constrained Eyeriss] Single layer, tile_size=2
  DRAM: {'Q': 14, 'P': 28, 'M': 1, 'C': 1, 'R': 1, 'S': 1}
  GlobalBuffer: {'Q': 2, 'P': 1, 'M': 1, 'C': 1, 'R': 1, 'S': 1}
  SACols: {'Q': 1, 'M': 16}
  SARows: {'S': 3, 'C': 64, 'M': 1}
  WRegister: {'C': 8, 'R': 3, 'M': 1, 'P': 1, 'Q': 1, 'S': 1}
  OutRegister: {'M': 32, 'C': 1, 'P': 1, 'Q': 1, 'R': 1, 'S': 1}
Creating architecture: Eyeriss_Constrained_1L_tile2_16x256 with coupling: dims: MPQCRS, in_coupling: [C][P+R][Q+S], w_coupling: W0: [M][C][R][S],, out_coupling: [M][P][Q]
  OK L9 (1L, tile=2): E=5.800e+02 uJ, L=6.902e+05 cc, EDP=4.18e+02
------ loading Accelergy for Eyeriss ------
[Constrained Eyeriss] 2 layers, tile_size=1
  DRAM: {'Q': 14, 'P': 14, 'X0': 14, 'Y0': 14, 'Z0': 1, 'C0': 1, 'R0': 1, 'S0': 1, 'Z1': 1, 'C1': 1, 'R1': 1, 'S1': 1}
  GlobalBuffer: {'Q': 1, 'P': 1, 'X0': 1, 'Y0': 1, 'Z0': 1, 'C0': 1, 'R0': 1, 'S0': 1, 'Z1': 1, 'C1': 1, 'R1': 1, 'S1': 1}
  SACols: {'Q': 1, 'Z1': 16}
  SARows_0: {'S0': 3, 'C0': 64, 'Z0': 1}
  SARows_1: {'S1': 3, 'C1': 64, 'Z1': 1}
Creating architecture: Eyeriss_Constrained_2L_tile1_16x256 with coupling: dims: C0Y0X0R0S0Z0C1R1S1Z1PQ, in_coupling: [C0][Y0+R0][X0+S0], w_coupling: W0: [Z0][C0][R0][S0],W1: [Z1][C1][R1][S1],, out_coupling: [Z1][P][Q]
final_layer_dims: {'C0', 'Z1', 'S0', 'R0', 'Y0', 'X0', 'Q', 'S1', 'R1', 'C1', 'P'}, coupling.dims: ['C0', 'Y0', 'X0', 'R0', 'S0', 'Z0', 'C1', 'R1', 'S1', 'Z1', 'P', 'Q']
INFO: Arch: Eyeriss_Constrained_2L_tile1_16x256: identified intermediate dimensions: {'Z0'}
INFO: Added high constraint for intermediate dimension P in level InRegister
INFO: Added high constraint for intermediate dimension R1 in level InRegister
INFO: Added high constraint for intermediate dimension P in level WRegister
INFO: Added high constraint for intermediate dimension R1 in level WRegister
INFO: Added high constraint for intermediate dimension P in level IntermediateRegister
INFO: Added high constraint for intermediate dimension R1 in level IntermediateRegister
INFO: Added high constraint for intermediate dimension P in level OutRegister
INFO: Added high constraint for intermediate dimension R1 in level OutRegister
WARNING: Arch: Eyeriss_Constrained_2L_tile1_16x256 -> Level: IntermediateRegister: updating constraint (Z0: 512) to (Z0: 32) to fit the computation.
WARNING: Arch: Eyeriss_Constrained_2L_tile1_16x256 -> Level: OutRegister: updating constraint (Z1: 512) to (Z1: 32) to fit the computation.
  OK block5 (2L, tile=1): E=1.359e+04 uJ, L=1.205e+06 cc, EDP=1.64e+04
------ loading Accelergy for Eyeriss ------
[Constrained Eyeriss] Single layer, tile_size=1
  DRAM: {'Q': 14, 'P': 14, 'M': 1, 'C': 1, 'R': 1, 'S': 1}
  GlobalBuffer: {'Q': 1, 'P': 1, 'M': 1, 'C': 1, 'R': 1, 'S': 1}
  SACols: {'Q': 1, 'M': 16}
  SARows: {'S': 3, 'C': 64, 'M': 1}
  WRegister: {'C': 8, 'R': 3, 'M': 1, 'P': 1, 'Q': 1, 'S': 1}
  OutRegister: {'M': 32, 'C': 1, 'P': 1, 'Q': 1, 'R': 1, 'S': 1}
Creating architecture: Eyeriss_Constrained_1L_tile1_16x256 with coupling: dims: MPQCRS, in_coupling: [C][P+R][Q+S], w_coupling: W0: [M][C][R][S],, out_coupling: [M][P][Q]
  OK L12 (1L, tile=1): E=4.281e+02 uJ, L=6.149e+05 cc, EDP=2.79e+02

--- BASELINE: SINGLE LAYERS ---
------ loading Accelergy for Eyeriss ------
[Constrained Eyeriss] Single layer, tile_size=1
  DRAM: {'Q': 224, 'P': 224, 'M': 1, 'C': 1, 'R': 1, 'S': 1}
  GlobalBuffer: {'Q': 1, 'P': 1, 'M': 1, 'C': 1, 'R': 1, 'S': 1}
  SACols: {'Q': 1, 'M': 16}
  SARows: {'S': 3, 'C': 3, 'M': 4}
  WRegister: {'C': 1, 'R': 3, 'M': 1, 'P': 1, 'Q': 1, 'S': 1}
  OutRegister: {'M': 1, 'C': 1, 'P': 1, 'Q': 1, 'R': 1, 'S': 1}
Creating architecture: Eyeriss_Constrained_1L_tile1_16x256 with coupling: dims: MPQCRS, in_coupling: [C][P+R][Q+S], w_coupling: W0: [M][C][R][S],, out_coupling: [M][P][Q]
  OK L0: E=6.090e+02 uJ, L=8.028e+05 cc, EDP=4.89e+02
------ loading Accelergy for Eyeriss ------
[Constrained Eyeriss] Single layer, tile_size=1
  DRAM: {'Q': 224, 'P': 224, 'M': 1, 'C': 1, 'R': 1, 'S': 1}
  GlobalBuffer: {'Q': 1, 'P': 1, 'M': 1, 'C': 1, 'R': 1, 'S': 1}
  SACols: {'Q': 1, 'M': 16}
  SARows: {'S': 3, 'C': 64, 'M': 1}
  WRegister: {'C': 1, 'R': 3, 'M': 1, 'P': 1, 'Q': 1, 'S': 1}
  OutRegister: {'M': 4, 'C': 1, 'P': 1, 'Q': 1, 'R': 1, 'S': 1}
Creating architecture: Eyeriss_Constrained_1L_tile1_16x256 with coupling: dims: MPQCRS, in_coupling: [C][P+R][Q+S], w_coupling: W0: [M][C][R][S],, out_coupling: [M][P][Q]
  OK L1: E=1.570e+03 uJ, L=8.120e+05 cc, EDP=1.28e+03
------ loading Accelergy for Eyeriss ------
[Constrained Eyeriss] Single layer, tile_size=1
  DRAM: {'Q': 112, 'P': 112, 'M': 1, 'C': 1, 'R': 1, 'S': 1}
  GlobalBuffer: {'Q': 1, 'P': 1, 'M': 1, 'C': 1, 'R': 1, 'S': 1}
  SACols: {'Q': 1, 'M': 16}
  SARows: {'S': 3, 'C': 64, 'M': 1}
  WRegister: {'C': 1, 'R': 3, 'M': 1, 'P': 1, 'Q': 1, 'S': 1}
  OutRegister: {'M': 8, 'C': 1, 'P': 1, 'Q': 1, 'R': 1, 'S': 1}
Creating architecture: Eyeriss_Constrained_1L_tile1_16x256 with coupling: dims: MPQCRS, in_coupling: [C][P+R][Q+S], w_coupling: W0: [M][C][R][S],, out_coupling: [M][P][Q]
  OK L2: E=5.888e+02 uJ, L=4.014e+05 cc, EDP=2.37e+02
------ loading Accelergy for Eyeriss ------
[Constrained Eyeriss] Single layer, tile_size=1
  DRAM: {'Q': 112, 'P': 112, 'M': 1, 'C': 1, 'R': 1, 'S': 1}
  GlobalBuffer: {'Q': 1, 'P': 1, 'M': 1, 'C': 1, 'R': 1, 'S': 1}
  SACols: {'Q': 1, 'M': 16}
  SARows: {'S': 3, 'C': 64, 'M': 1}
  WRegister: {'C': 2, 'R': 3, 'M': 1, 'P': 1, 'Q': 1, 'S': 1}
  OutRegister: {'M': 8, 'C': 1, 'P': 1, 'Q': 1, 'R': 1, 'S': 1}
Creating architecture: Eyeriss_Constrained_1L_tile1_16x256 with coupling: dims: MPQCRS, in_coupling: [C][P+R][Q+S], w_coupling: W0: [M][C][R][S],, out_coupling: [M][P][Q]
  OK L3: E=8.096e+02 uJ, L=6.021e+05 cc, EDP=4.88e+02
------ loading Accelergy for Eyeriss ------
[Constrained Eyeriss] Single layer, tile_size=1
  DRAM: {'Q': 56, 'P': 56, 'M': 1, 'C': 1, 'R': 1, 'S': 1}
  GlobalBuffer: {'Q': 1, 'P': 1, 'M': 1, 'C': 1, 'R': 1, 'S': 1}
  SACols: {'Q': 1, 'M': 16}
  SARows: {'S': 3, 'C': 64, 'M': 1}
  WRegister: {'C': 2, 'R': 3, 'M': 1, 'P': 1, 'Q': 1, 'S': 1}
  OutRegister: {'M': 16, 'C': 1, 'P': 1, 'Q': 1, 'R': 1, 'S': 1}
Creating architecture: Eyeriss_Constrained_1L_tile1_16x256 with coupling: dims: MPQCRS, in_coupling: [C][P+R][Q+S], w_coupling: W0: [M][C][R][S],, out_coupling: [M][P][Q]
  OK L4: E=3.377e+02 uJ, L=3.011e+05 cc, EDP=1.03e+02
------ loading Accelergy for Eyeriss ------
[Constrained Eyeriss] Single layer, tile_size=1
  DRAM: {'Q': 56, 'P': 56, 'M': 1, 'C': 1, 'R': 1, 'S': 1}
  GlobalBuffer: {'Q': 1, 'P': 1, 'M': 1, 'C': 1, 'R': 1, 'S': 1}
  SACols: {'Q': 1, 'M': 16}
  SARows: {'S': 3, 'C': 64, 'M': 1}
  WRegister: {'C': 4, 'R': 3, 'M': 1, 'P': 1, 'Q': 1, 'S': 1}
  OutRegister: {'M': 16, 'C': 1, 'P': 1, 'Q': 1, 'R': 1, 'S': 1}
Creating architecture: Eyeriss_Constrained_1L_tile1_16x256 with coupling: dims: MPQCRS, in_coupling: [C][P+R][Q+S], w_coupling: W0: [M][C][R][S],, out_coupling: [M][P][Q]
  OK L5: E=4.914e+02 uJ, L=6.021e+05 cc, EDP=3.00e+02
------ loading Accelergy for Eyeriss ------
[Constrained Eyeriss] Single layer, tile_size=1
  DRAM: {'Q': 56, 'P': 56, 'M': 1, 'C': 1, 'R': 1, 'S': 1}
  GlobalBuffer: {'Q': 1, 'P': 1, 'M': 1, 'C': 1, 'R': 1, 'S': 1}
  SACols: {'Q': 1, 'M': 16}
  SARows: {'S': 3, 'C': 64, 'M': 1}
  WRegister: {'C': 4, 'R': 3, 'M': 1, 'P': 1, 'Q': 1, 'S': 1}
  OutRegister: {'M': 16, 'C': 1, 'P': 1, 'Q': 1, 'R': 1, 'S': 1}
Creating architecture: Eyeriss_Constrained_1L_tile1_16x256 with coupling: dims: MPQCRS, in_coupling: [C][P+R][Q+S], w_coupling: W0: [M][C][R][S],, out_coupling: [M][P][Q]
  OK L6: E=4.914e+02 uJ, L=6.021e+05 cc, EDP=3.00e+02
------ loading Accelergy for Eyeriss ------
[Constrained Eyeriss] Single layer, tile_size=1
  DRAM: {'Q': 28, 'P': 28, 'M': 1, 'C': 1, 'R': 1, 'S': 1}
  GlobalBuffer: {'Q': 1, 'P': 1, 'M': 1, 'C': 1, 'R': 1, 'S': 1}
  SACols: {'Q': 1, 'M': 16}
  SARows: {'S': 3, 'C': 64, 'M': 1}
  WRegister: {'C': 4, 'R': 3, 'M': 1, 'P': 1, 'Q': 1, 'S': 1}
  OutRegister: {'M': 32, 'C': 1, 'P': 1, 'Q': 1, 'R': 1, 'S': 1}
Creating architecture: Eyeriss_Constrained_1L_tile1_16x256 with coupling: dims: MPQCRS, in_coupling: [C][P+R][Q+S], w_coupling: W0: [M][C][R][S],, out_coupling: [M][P][Q]
  OK L7: E=3.360e+02 uJ, L=3.451e+05 cc, EDP=1.20e+02
------ loading Accelergy for Eyeriss ------
[Constrained Eyeriss] Single layer, tile_size=1
  DRAM: {'Q': 28, 'P': 28, 'M': 1, 'C': 1, 'R': 1, 'S': 1}
  GlobalBuffer: {'Q': 1, 'P': 1, 'M': 1, 'C': 1, 'R': 1, 'S': 1}
  SACols: {'Q': 1, 'M': 16}
  SARows: {'S': 3, 'C': 64, 'M': 1}
  WRegister: {'C': 8, 'R': 3, 'M': 1, 'P': 1, 'Q': 1, 'S': 1}
  OutRegister: {'M': 32, 'C': 1, 'P': 1, 'Q': 1, 'R': 1, 'S': 1}
Creating architecture: Eyeriss_Constrained_1L_tile1_16x256 with coupling: dims: MPQCRS, in_coupling: [C][P+R][Q+S], w_coupling: W0: [M][C][R][S],, out_coupling: [M][P][Q]
  OK L8: E=5.800e+02 uJ, L=6.902e+05 cc, EDP=4.18e+02
------ loading Accelergy for Eyeriss ------
[Constrained Eyeriss] Single layer, tile_size=1
  DRAM: {'Q': 28, 'P': 28, 'M': 1, 'C': 1, 'R': 1, 'S': 1}
  GlobalBuffer: {'Q': 1, 'P': 1, 'M': 1, 'C': 1, 'R': 1, 'S': 1}
  SACols: {'Q': 1, 'M': 16}
  SARows: {'S': 3, 'C': 64, 'M': 1}
  WRegister: {'C': 8, 'R': 3, 'M': 1, 'P': 1, 'Q': 1, 'S': 1}
  OutRegister: {'M': 32, 'C': 1, 'P': 1, 'Q': 1, 'R': 1, 'S': 1}
Creating architecture: Eyeriss_Constrained_1L_tile1_16x256 with coupling: dims: MPQCRS, in_coupling: [C][P+R][Q+S], w_coupling: W0: [M][C][R][S],, out_coupling: [M][P][Q]
  OK L9: E=5.800e+02 uJ, L=6.902e+05 cc, EDP=4.18e+02
------ loading Accelergy for Eyeriss ------
[Constrained Eyeriss] Single layer, tile_size=1
  DRAM: {'Q': 14, 'P': 14, 'M': 1, 'C': 1, 'R': 1, 'S': 1}
  GlobalBuffer: {'Q': 1, 'P': 1, 'M': 1, 'C': 1, 'R': 1, 'S': 1}
  SACols: {'Q': 1, 'M': 16}
  SARows: {'S': 3, 'C': 64, 'M': 1}
  WRegister: {'C': 8, 'R': 3, 'M': 1, 'P': 1, 'Q': 1, 'S': 1}
  OutRegister: {'M': 32, 'C': 1, 'P': 1, 'Q': 1, 'R': 1, 'S': 1}
Creating architecture: Eyeriss_Constrained_1L_tile1_16x256 with coupling: dims: MPQCRS, in_coupling: [C][P+R][Q+S], w_coupling: W0: [M][C][R][S],, out_coupling: [M][P][Q]
  OK L10: E=4.281e+02 uJ, L=6.149e+05 cc, EDP=2.79e+02
------ loading Accelergy for Eyeriss ------
[Constrained Eyeriss] Single layer, tile_size=1
  DRAM: {'Q': 14, 'P': 14, 'M': 1, 'C': 1, 'R': 1, 'S': 1}
  GlobalBuffer: {'Q': 1, 'P': 1, 'M': 1, 'C': 1, 'R': 1, 'S': 1}
  SACols: {'Q': 1, 'M': 16}
  SARows: {'S': 3, 'C': 64, 'M': 1}
  WRegister: {'C': 8, 'R': 3, 'M': 1, 'P': 1, 'Q': 1, 'S': 1}
  OutRegister: {'M': 32, 'C': 1, 'P': 1, 'Q': 1, 'R': 1, 'S': 1}
Creating architecture: Eyeriss_Constrained_1L_tile1_16x256 with coupling: dims: MPQCRS, in_coupling: [C][P+R][Q+S], w_coupling: W0: [M][C][R][S],, out_coupling: [M][P][Q]
  OK L11: E=4.281e+02 uJ, L=6.149e+05 cc, EDP=2.79e+02
------ loading Accelergy for Eyeriss ------
[Constrained Eyeriss] Single layer, tile_size=1
  DRAM: {'Q': 14, 'P': 14, 'M': 1, 'C': 1, 'R': 1, 'S': 1}
  GlobalBuffer: {'Q': 1, 'P': 1, 'M': 1, 'C': 1, 'R': 1, 'S': 1}
  SACols: {'Q': 1, 'M': 16}
  SARows: {'S': 3, 'C': 64, 'M': 1}
  WRegister: {'C': 8, 'R': 3, 'M': 1, 'P': 1, 'Q': 1, 'S': 1}
  OutRegister: {'M': 32, 'C': 1, 'P': 1, 'Q': 1, 'R': 1, 'S': 1}
Creating architecture: Eyeriss_Constrained_1L_tile1_16x256 with coupling: dims: MPQCRS, in_coupling: [C][P+R][Q+S], w_coupling: W0: [M][C][R][S],, out_coupling: [M][P][Q]
  OK L12: E=4.281e+02 uJ, L=6.149e+05 cc, EDP=2.79e+02
  [skip] L13 (not in fusion)
  [skip] L14 (not in fusion)
  [skip] L15 (not in fusion)

====================================================================================================
COMPARISON RESULTS: VGG16 -- Sum PARTIAL FUSION vs Sum SINGLES
====================================================================================================
  Architecture: Eyeriss 256x16, GB=128KB, WReg=2200, InReg=400, IntReg=350, OutReg=64
====================================================================================================
Level                        Energy (uJ)   Latency (cc)            EDP       DRAM Reads      DRAM Writes
----------------------------------------------------------------------------------------------------
Sum Partial Fusion (8 ok)      1.588e+05      6.897e+06       1.10e+06       17,670,848        7,426,048
Sum Singles (13 ok)            7.678e+03      7.694e+06       5.91e+04       23,792,320       13,547,520

----------------------------------------------------------------------------------------------------
RATIOS (Sum Partial Fusion / Sum Singles) -- values < 1.0 mean fusion wins
----------------------------------------------------------------------------------------------------
Metric                    Ratio      Savings
---------------------------------------------
Energy                  20.6886     -1968.9%
Latency                  0.8965       +10.4%
EDP                     18.5465     -1754.6%
DRAM Reads               0.7427       +25.7%
DRAM Writes              0.5481       +45.2%

----------------------------------------------------------------------------------------------------
BASELINE DETAIL (Sum Singles):
----------------------------------------------------------------------------------------------------
Layer/Segment                     Energy (uJ)   Latency (cc)            EDP     Status
-------------------------------------------------------------------------------------
L0                                  6.090e+02      8.028e+05       4.89e+02         OK
L1                                  1.570e+03      8.120e+05       1.28e+03         OK
L2                                  5.888e+02      4.014e+05       2.37e+02         OK
L3                                  8.096e+02      6.021e+05       4.88e+02         OK
L4                                  3.377e+02      3.011e+05       1.03e+02         OK
L5                                  4.914e+02      6.021e+05       3.00e+02         OK
L6                                  4.914e+02      6.021e+05       3.00e+02         OK
L7                                  3.360e+02      3.451e+05       1.20e+02         OK
L8                                  5.800e+02      6.902e+05       4.18e+02         OK
L9                                  5.800e+02      6.902e+05       4.18e+02         OK
L10                                 4.281e+02      6.149e+05       2.79e+02         OK
L11                                 4.281e+02      6.149e+05       2.79e+02         OK
L12                                 4.281e+02      6.149e+05       2.79e+02         OK

----------------------------------------------------------------------------------------------------
FUSED-SIDE SEGMENT DETAIL (Sum Partial Fusion):
----------------------------------------------------------------------------------------------------
Segment                           Energy (uJ)   Latency (cc)            EDP     Status
-------------------------------------------------------------------------------------
block/block1                        2.677e+04      1.032e+06       2.79e+04         OK
block/block2                        3.952e+04      9.032e+05       3.58e+04         OK
block/block3                        3.874e+04      9.032e+05       3.51e+04         OK
block/L6                            4.914e+02      6.021e+05       3.00e+02         OK
block/block4                        3.873e+04      9.472e+05       3.68e+04         OK
block/L9                            5.800e+02      6.902e+05       4.18e+02         OK
block/block5                        1.359e+04      1.205e+06       1.64e+04         OK
block/L12                           4.281e+02      6.149e+05       2.79e+02         OK

====================================================================================================

Results exported to: results/results_20260226_132144.csv

================================================================================
EXPERIMENT SUMMARY
================================================================================

Total experiments: 21
Successful: 21
Failed: 0

────────────────────────────────────────────────────────────────────────────────
Results by workload:
────────────────────────────────────────────────────────────────────────────────

VGG16:
  block/block1, fmem_size: 1056kB, wmem_size: 524kB, pe_rows: 256, pe_cols: 16 -> E=2.68e+04μJ, L=1.03e+06cc, EDP=2.79e+04
  block/block2, fmem_size: 1056kB, wmem_size: 524kB, pe_rows: 256, pe_cols: 16 -> E=3.95e+04μJ, L=9.03e+05cc, EDP=3.58e+04
  block/block3, fmem_size: 1056kB, wmem_size: 524kB, pe_rows: 256, pe_cols: 16 -> E=3.87e+04μJ, L=9.03e+05cc, EDP=3.51e+04
  block/L6, fmem_size: 1056kB, wmem_size: 524kB, pe_rows: 256, pe_cols: 16 -> E=4.91e+02μJ, L=6.02e+05cc, EDP=3.00e+02
  block/block4, fmem_size: 1056kB, wmem_size: 524kB, pe_rows: 256, pe_cols: 16 -> E=3.87e+04μJ, L=9.47e+05cc, EDP=3.68e+04
  block/L9, fmem_size: 1056kB, wmem_size: 524kB, pe_rows: 256, pe_cols: 16 -> E=5.80e+02μJ, L=6.90e+05cc, EDP=4.18e+02
  block/block5, fmem_size: 1056kB, wmem_size: 524kB, pe_rows: 256, pe_cols: 16 -> E=1.36e+04μJ, L=1.20e+06cc, EDP=1.64e+04
  block/L12, fmem_size: 1056kB, wmem_size: 524kB, pe_rows: 256, pe_cols: 16 -> E=4.28e+02μJ, L=6.15e+05cc, EDP=2.79e+02
  single/L0, fmem_size: 1056kB, wmem_size: 524kB, pe_rows: 256, pe_cols: 16 -> E=6.09e+02μJ, L=8.03e+05cc, EDP=4.89e+02
  single/L1, fmem_size: 1056kB, wmem_size: 524kB, pe_rows: 256, pe_cols: 16 -> E=1.57e+03μJ, L=8.12e+05cc, EDP=1.28e+03
  single/L2, fmem_size: 1056kB, wmem_size: 524kB, pe_rows: 256, pe_cols: 16 -> E=5.89e+02μJ, L=4.01e+05cc, EDP=2.37e+02
  single/L3, fmem_size: 1056kB, wmem_size: 524kB, pe_rows: 256, pe_cols: 16 -> E=8.10e+02μJ, L=6.02e+05cc, EDP=4.88e+02
  single/L4, fmem_size: 1056kB, wmem_size: 524kB, pe_rows: 256, pe_cols: 16 -> E=3.38e+02μJ, L=3.01e+05cc, EDP=1.03e+02
  single/L5, fmem_size: 1056kB, wmem_size: 524kB, pe_rows: 256, pe_cols: 16 -> E=4.91e+02μJ, L=6.02e+05cc, EDP=3.00e+02
  single/L6, fmem_size: 1056kB, wmem_size: 524kB, pe_rows: 256, pe_cols: 16 -> E=4.91e+02μJ, L=6.02e+05cc, EDP=3.00e+02
  single/L7, fmem_size: 1056kB, wmem_size: 524kB, pe_rows: 256, pe_cols: 16 -> E=3.36e+02μJ, L=3.45e+05cc, EDP=1.20e+02
  single/L8, fmem_size: 1056kB, wmem_size: 524kB, pe_rows: 256, pe_cols: 16 -> E=5.80e+02μJ, L=6.90e+05cc, EDP=4.18e+02
  single/L9, fmem_size: 1056kB, wmem_size: 524kB, pe_rows: 256, pe_cols: 16 -> E=5.80e+02μJ, L=6.90e+05cc, EDP=4.18e+02
  single/L10, fmem_size: 1056kB, wmem_size: 524kB, pe_rows: 256, pe_cols: 16 -> E=4.28e+02μJ, L=6.15e+05cc, EDP=2.79e+02
  single/L11, fmem_size: 1056kB, wmem_size: 524kB, pe_rows: 256, pe_cols: 16 -> E=4.28e+02μJ, L=6.15e+05cc, EDP=2.79e+02
  single/L12, fmem_size: 1056kB, wmem_size: 524kB, pe_rows: 256, pe_cols: 16 -> E=4.28e+02μJ, L=6.15e+05cc, EDP=2.79e+02
